<html>
<body>
<pre>
<h1>礦ision Build Log</h1>
<h2>Project:</h2>
E:\遥控器\fly_controller\1APP修改串口数据格式4fanxiang\1APP修改串口数据格式\1AAP\controller\Project\STM32_uCOS_BSP_LIB.uvproj
Project File Date:  10/21/2015

<h2>Output:</h2>
Build target 'STM32_uCOS_BSP_LIB'
linking...
Program Size: Code=22516 RO-data=768 RW-data=444 ZI-data=13268  
FromELF: creating hex file...
"..\Output\STM32_uCOS_BSP_LIB.axf" - 0 Errors, 0 Warning(s).
Load "..\\Output\\STM32_uCOS_BSP_LIB.axf" 
Set JLink Project File to "E:\遥控器\fly_controller\1APP修改串口数据格式4fanxiang\1APP修改串口数据格式\1AAP\controller\Project\JLinkSettings.ini"
* JLink Info: Device "STM32F103CB" selected (128 KB flash, 20 KB RAM).
 
JLink info:
------------
DLL: V4.68a, compiled Apr 12 2013 13:26:50
Firmware: J-Link V9 compiled Jun 23 2015 10:00:59
Hardware: V9.20
Feature(s) : GDB, RDI, FlashBP, FlashDL, JFlash 
 
* JLink Info: Found SWD-DP with ID 0x1BA01477
* JLink Info: Found SWD-DP with ID 0x1BA01477
* JLink Info: TPIU fitted.
* JLink Info: FPUnit: 6 code (BP) slots and 2 literal slots
* JLink Info: Found Cortex-M3 r1p1, Little endian.
ROMTableAddr = 0xE00FF003
 
Target info:
------------
Device: STM32F103CB
VTarget = 3.277V
State of Pins: 
TCK: 0, TDI: 1, TDO: 0, TMS: 1, TRES: 1, TRST: 1
Hardware-Breakpoints: 6
Software-Breakpoints: 8192
Watchpoints:          4
JTAG speed: 2000 kHz
 
Erase Done.
Programming Done.
Verify OK.
Build target 'STM32_uCOS_BSP_LIB'
compiling main.c...
..\App\main.c(163): warning:  #177-D: variable "testtime" was declared but never referenced
..\App\main.c(246): warning:  #223-D: function "average_filter" declared implicitly
..\App\main.c(266): warning:  #188-D: enumerated type mixed with another type
..\App\main.c(270): warning:  #188-D: enumerated type mixed with another type
..\App\main.c(274): warning:  #188-D: enumerated type mixed with another type
..\App\main.c(329): warning:  #188-D: enumerated type mixed with another type
..\App\main.c(333): warning:  #188-D: enumerated type mixed with another type
..\App\main.c(337): warning:  #188-D: enumerated type mixed with another type
..\App\main.c(347): warning:  #177-D: variable "test" was declared but never referenced
..\App\main.c(347): warning:  #177-D: variable "len" was declared but never referenced
..\App\main.c(368): warning:  #177-D: variable "InBuffer" was declared but never referenced
..\App\main.c(451): warning:  #174-D: expression has no effect
..\App\main.c(78): warning:  #177-D: function "GPIO_DeIntConfiguration" was declared but never referenced
linking...
Program Size: Code=22516 RO-data=768 RW-data=444 ZI-data=13268  
FromELF: creating hex file...
"..\Output\STM32_uCOS_BSP_LIB.axf" - 0 Errors, 13 Warning(s).
Load "..\\Output\\STM32_uCOS_BSP_LIB.axf" 
Set JLink Project File to "E:\遥控器\fly_controller\1APP修改串口数据格式4fanxiang\1APP修改串口数据格式\1AAP\controller\Project\JLinkSettings.ini"
* JLink Info: Device "STM32F103CB" selected (128 KB flash, 20 KB RAM).
 
JLink info:
------------
DLL: V4.68a, compiled Apr 12 2013 13:26:50
Firmware: J-Link V9 compiled Jun 23 2015 10:00:59
Hardware: V9.20
Feature(s) : GDB, RDI, FlashBP, FlashDL, JFlash 
 
* JLink Info: Found SWD-DP with ID 0x1BA01477
* JLink Info: Found SWD-DP with ID 0x1BA01477
* JLink Info: TPIU fitted.
* JLink Info: FPUnit: 6 code (BP) slots and 2 literal slots
* JLink Info: Found Cortex-M3 r1p1, Little endian.
ROMTableAddr = 0xE00FF003
 
Target info:
------------
Device: STM32F103CB
VTarget = 3.275V
State of Pins: 
TCK: 0, TDI: 1, TDO: 0, TMS: 1, TRES: 1, TRST: 1
Hardware-Breakpoints: 6
Software-Breakpoints: 8192
Watchpoints:          4
JTAG speed: 2000 kHz
 
Erase Done.
Programming Done.
Verify OK.
Build target 'STM32_uCOS_BSP_LIB'
compiling main.c...
..\App\main.c(165): error:  #268: declaration may not appear after executable statement in block
..\App\main.c(165): warning:  #177-D: variable "testtime" was declared but never referenced
..\App\main.c(252): warning:  #223-D: function "average_filter" declared implicitly
..\App\main.c(272): warning:  #188-D: enumerated type mixed with another type
..\App\main.c(276): warning:  #188-D: enumerated type mixed with another type
..\App\main.c(280): warning:  #188-D: enumerated type mixed with another type
..\App\main.c(335): warning:  #188-D: enumerated type mixed with another type
..\App\main.c(339): warning:  #188-D: enumerated type mixed with another type
..\App\main.c(343): warning:  #188-D: enumerated type mixed with another type
..\App\main.c(353): warning:  #177-D: variable "test" was declared but never referenced
..\App\main.c(353): warning:  #177-D: variable "len" was declared but never referenced
..\App\main.c(374): warning:  #177-D: variable "InBuffer" was declared but never referenced
..\App\main.c(457): warning:  #174-D: expression has no effect
..\App\main.c(78): warning:  #177-D: function "GPIO_DeIntConfiguration" was declared but never referenced
"..\Output\STM32_uCOS_BSP_LIB.axf" - 1 Errors, 13 Warning(s).
Target not created
Load "..\\Output\\STM32_uCOS_BSP_LIB.axf" 
Set JLink Project File to "E:\遥控器\fly_controller\1APP修改串口数据格式4fanxiang\1APP修改串口数据格式\1AAP\controller\Project\JLinkSettings.ini"
* JLink Info: Device "STM32F103CB" selected (128 KB flash, 20 KB RAM).
 
JLink info:
------------
DLL: V4.68a, compiled Apr 12 2013 13:26:50
Firmware: J-Link V9 compiled Jun 23 2015 10:00:59
Hardware: V9.20
Feature(s) : GDB, RDI, FlashBP, FlashDL, JFlash 
 
* JLink Info: Found SWD-DP with ID 0x1BA01477
* JLink Info: Found SWD-DP with ID 0x1BA01477
* JLink Info: TPIU fitted.
* JLink Info: FPUnit: 6 code (BP) slots and 2 literal slots
* JLink Info: Found Cortex-M3 r1p1, Little endian.
ROMTableAddr = 0xE00FF003
 
Target info:
------------
Device: STM32F103CB
VTarget = 3.275V
State of Pins: 
TCK: 0, TDI: 1, TDO: 0, TMS: 1, TRES: 1, TRST: 1
Hardware-Breakpoints: 6
Software-Breakpoints: 8192
Watchpoints:          4
JTAG speed: 2000 kHz
 
Erase Done.
Programming Done.
Verify OK.
compiling main.c...
..\App\main.c(165): error:  #268: declaration may not appear after executable statement in block
..\App\main.c(165): warning:  #177-D: variable "testtime" was declared but never referenced
..\App\main.c(252): warning:  #223-D: function "average_filter" declared implicitly
..\App\main.c(272): warning:  #188-D: enumerated type mixed with another type
..\App\main.c(276): warning:  #188-D: enumerated type mixed with another type
..\App\main.c(280): warning:  #188-D: enumerated type mixed with another type
..\App\main.c(335): warning:  #188-D: enumerated type mixed with another type
..\App\main.c(339): warning:  #188-D: enumerated type mixed with another type
..\App\main.c(343): warning:  #188-D: enumerated type mixed with another type
..\App\main.c(353): warning:  #177-D: variable "test" was declared but never referenced
..\App\main.c(353): warning:  #177-D: variable "len" was declared but never referenced
..\App\main.c(374): warning:  #177-D: variable "InBuffer" was declared but never referenced
..\App\main.c(457): warning:  #174-D: expression has no effect
..\App\main.c(78): warning:  #177-D: function "GPIO_DeIntConfiguration" was declared but never referenced
"..\App\main.c" - 1 Errors, 13 Warning(s).
Build target 'STM32_uCOS_BSP_LIB'
compiling main.c...
..\App\main.c(162): warning:  #177-D: variable "testtime" was declared but never referenced
..\App\main.c(253): warning:  #223-D: function "average_filter" declared implicitly
..\App\main.c(273): warning:  #188-D: enumerated type mixed with another type
..\App\main.c(277): warning:  #188-D: enumerated type mixed with another type
..\App\main.c(281): warning:  #188-D: enumerated type mixed with another type
..\App\main.c(336): warning:  #188-D: enumerated type mixed with another type
..\App\main.c(340): warning:  #188-D: enumerated type mixed with another type
..\App\main.c(344): warning:  #188-D: enumerated type mixed with another type
..\App\main.c(354): warning:  #177-D: variable "test" was declared but never referenced
..\App\main.c(354): warning:  #177-D: variable "len" was declared but never referenced
..\App\main.c(375): warning:  #177-D: variable "InBuffer" was declared but never referenced
..\App\main.c(458): warning:  #174-D: expression has no effect
..\App\main.c(78): warning:  #177-D: function "GPIO_DeIntConfiguration" was declared but never referenced
linking...
Program Size: Code=22520 RO-data=768 RW-data=444 ZI-data=13268  
FromELF: creating hex file...
"..\Output\STM32_uCOS_BSP_LIB.axf" - 0 Errors, 13 Warning(s).
Load "..\\Output\\STM32_uCOS_BSP_LIB.axf" 
Set JLink Project File to "E:\遥控器\fly_controller\1APP修改串口数据格式4fanxiang\1APP修改串口数据格式\1AAP\controller\Project\JLinkSettings.ini"
* JLink Info: Device "STM32F103CB" selected (128 KB flash, 20 KB RAM).
 
JLink info:
------------
DLL: V4.68a, compiled Apr 12 2013 13:26:50
Firmware: J-Link V9 compiled Jun 23 2015 10:00:59
Hardware: V9.20
Feature(s) : GDB, RDI, FlashBP, FlashDL, JFlash 
 
* JLink Info: Found SWD-DP with ID 0x1BA01477
* JLink Info: Found SWD-DP with ID 0x1BA01477
* JLink Info: TPIU fitted.
* JLink Info: FPUnit: 6 code (BP) slots and 2 literal slots
* JLink Info: Found Cortex-M3 r1p1, Little endian.
ROMTableAddr = 0xE00FF003
 
Target info:
------------
Device: STM32F103CB
VTarget = 3.275V
State of Pins: 
TCK: 0, TDI: 1, TDO: 0, TMS: 1, TRES: 1, TRST: 1
Hardware-Breakpoints: 6
Software-Breakpoints: 8192
Watchpoints:          4
JTAG speed: 2000 kHz
 
Erase Done.
Programming Done.
Verify OK.
Build target 'STM32_uCOS_BSP_LIB'
compiling main.c...
..\App\main.c(162): warning:  #177-D: variable "testtime" was declared but never referenced
..\App\main.c(253): warning:  #223-D: function "average_filter" declared implicitly
..\App\main.c(273): warning:  #188-D: enumerated type mixed with another type
..\App\main.c(277): warning:  #188-D: enumerated type mixed with another type
..\App\main.c(281): warning:  #188-D: enumerated type mixed with another type
..\App\main.c(336): warning:  #188-D: enumerated type mixed with another type
..\App\main.c(340): warning:  #188-D: enumerated type mixed with another type
..\App\main.c(344): warning:  #188-D: enumerated type mixed with another type
..\App\main.c(354): warning:  #177-D: variable "test" was declared but never referenced
..\App\main.c(354): warning:  #177-D: variable "len" was declared but never referenced
..\App\main.c(375): warning:  #177-D: variable "InBuffer" was declared but never referenced
..\App\main.c(459): warning:  #174-D: expression has no effect
..\App\main.c(78): warning:  #177-D: function "GPIO_DeIntConfiguration" was declared but never referenced
compiling system_stm32f10x.c...
linking...
Program Size: Code=22504 RO-data=768 RW-data=444 ZI-data=13268  
FromELF: creating hex file...
"..\Output\STM32_uCOS_BSP_LIB.axf" - 0 Errors, 13 Warning(s).
Load "..\\Output\\STM32_uCOS_BSP_LIB.axf" 
Set JLink Project File to "E:\遥控器\fly_controller\1APP修改串口数据格式4fanxiang\1APP修改串口数据格式\1AAP\controller\Project\JLinkSettings.ini"
* JLink Info: Device "STM32F103CB" selected (128 KB flash, 20 KB RAM).
 
JLink info:
------------
DLL: V4.68a, compiled Apr 12 2013 13:26:50
Firmware: J-Link V9 compiled Jun 23 2015 10:00:59
Hardware: V9.20
Feature(s) : GDB, RDI, FlashBP, FlashDL, JFlash 
 
* JLink Info: Found SWD-DP with ID 0x1BA01477
* JLink Info: Found SWD-DP with ID 0x1BA01477
* JLink Info: TPIU fitted.
* JLink Info: FPUnit: 6 code (BP) slots and 2 literal slots
* JLink Info: Found Cortex-M3 r1p1, Little endian.
ROMTableAddr = 0xE00FF003
 
Target info:
------------
Device: STM32F103CB
VTarget = 3.274V
State of Pins: 
TCK: 0, TDI: 1, TDO: 0, TMS: 1, TRES: 1, TRST: 1
Hardware-Breakpoints: 6
Software-Breakpoints: 8192
Watchpoints:          4
JTAG speed: 2000 kHz
 
Erase Done.
Programming Done.
Verify OK.
Build target 'STM32_uCOS_BSP_LIB'
compiling main.c...
..\App\main.c(162): warning:  #177-D: variable "testtime" was declared but never referenced
..\App\main.c(253): warning:  #223-D: function "average_filter" declared implicitly
..\App\main.c(273): warning:  #188-D: enumerated type mixed with another type
..\App\main.c(277): warning:  #188-D: enumerated type mixed with another type
..\App\main.c(281): warning:  #188-D: enumerated type mixed with another type
..\App\main.c(336): warning:  #188-D: enumerated type mixed with another type
..\App\main.c(340): warning:  #188-D: enumerated type mixed with another type
..\App\main.c(344): warning:  #188-D: enumerated type mixed with another type
..\App\main.c(354): warning:  #177-D: variable "test" was declared but never referenced
..\App\main.c(354): warning:  #177-D: variable "len" was declared but never referenced
..\App\main.c(375): warning:  #177-D: variable "InBuffer" was declared but never referenced
..\App\main.c(459): warning:  #174-D: expression has no effect
..\App\main.c(78): warning:  #177-D: function "GPIO_DeIntConfiguration" was declared but never referenced
linking...
Program Size: Code=22504 RO-data=768 RW-data=444 ZI-data=13268  
FromELF: creating hex file...
"..\Output\STM32_uCOS_BSP_LIB.axf" - 0 Errors, 13 Warning(s).
Load "..\\Output\\STM32_uCOS_BSP_LIB.axf" 
Set JLink Project File to "E:\遥控器\fly_controller\1APP修改串口数据格式4fanxiang\1APP修改串口数据格式\1AAP\controller\Project\JLinkSettings.ini"
* JLink Info: Device "STM32F103CB" selected (128 KB flash, 20 KB RAM).
 
JLink info:
------------
DLL: V4.68a, compiled Apr 12 2013 13:26:50
Firmware: J-Link V9 compiled Jun 23 2015 10:00:59
Hardware: V9.20
Feature(s) : GDB, RDI, FlashBP, FlashDL, JFlash 
 
* JLink Info: Found SWD-DP with ID 0x1BA01477
* JLink Info: Found SWD-DP with ID 0x1BA01477
* JLink Info: TPIU fitted.
* JLink Info: FPUnit: 6 code (BP) slots and 2 literal slots
* JLink Info: Found Cortex-M3 r1p1, Little endian.
ROMTableAddr = 0xE00FF003
 
Target info:
------------
Device: STM32F103CB
VTarget = 3.275V
State of Pins: 
TCK: 0, TDI: 1, TDO: 0, TMS: 1, TRES: 1, TRST: 1
Hardware-Breakpoints: 6
Software-Breakpoints: 8192
Watchpoints:          4
JTAG speed: 2000 kHz
 
Erase Done.
Programming Done.
Verify OK.
compiling main.c...
..\App\main.c(162): warning:  #177-D: variable "testtime" was declared but never referenced
..\App\main.c(253): warning:  #223-D: function "average_filter" declared implicitly
..\App\main.c(273): warning:  #188-D: enumerated type mixed with another type
..\App\main.c(277): warning:  #188-D: enumerated type mixed with another type
..\App\main.c(281): warning:  #188-D: enumerated type mixed with another type
..\App\main.c(336): warning:  #188-D: enumerated type mixed with another type
..\App\main.c(340): warning:  #188-D: enumerated type mixed with another type
..\App\main.c(344): warning:  #188-D: enumerated type mixed with another type
..\App\main.c(354): warning:  #177-D: variable "test" was declared but never referenced
..\App\main.c(354): warning:  #177-D: variable "len" was declared but never referenced
..\App\main.c(381): warning:  #223-D: function "stm32_delay_ms" declared implicitly
..\App\main.c(375): warning:  #177-D: variable "InBuffer" was declared but never referenced
..\App\main.c(453): error:  #159: declaration is incompatible with previous "stm32_delay_ms" (declared at line 381)
..\App\main.c(459): warning:  #174-D: expression has no effect
..\App\main.c(78): warning:  #177-D: function "GPIO_DeIntConfiguration" was declared but never referenced
"..\App\main.c" - 1 Errors, 14 Warning(s).
compiling main.c...
..\App\main.c(162): warning:  #177-D: variable "testtime" was declared but never referenced
..\App\main.c(253): warning:  #223-D: function "average_filter" declared implicitly
..\App\main.c(273): warning:  #188-D: enumerated type mixed with another type
..\App\main.c(277): warning:  #188-D: enumerated type mixed with another type
..\App\main.c(281): warning:  #188-D: enumerated type mixed with another type
..\App\main.c(336): warning:  #188-D: enumerated type mixed with another type
..\App\main.c(340): warning:  #188-D: enumerated type mixed with another type
..\App\main.c(344): warning:  #188-D: enumerated type mixed with another type
..\App\main.c(354): warning:  #177-D: variable "test" was declared but never referenced
..\App\main.c(354): warning:  #177-D: variable "len" was declared but never referenced
..\App\main.c(381): warning:  #223-D: function "stm32_delay_ms" declared implicitly
..\App\main.c(375): warning:  #177-D: variable "InBuffer" was declared but never referenced
..\App\main.c(453): error:  #159: declaration is incompatible with previous "stm32_delay_ms" (declared at line 381)
..\App\main.c(459): warning:  #174-D: expression has no effect
..\App\main.c(78): warning:  #177-D: function "GPIO_DeIntConfiguration" was declared but never referenced
"..\App\main.c" - 1 Errors, 14 Warning(s).
compiling main.c...
..\App\main.c(83): warning:  #174-D: expression has no effect
..\App\main.c(170): warning:  #177-D: variable "testtime" was declared but never referenced
..\App\main.c(261): warning:  #223-D: function "average_filter" declared implicitly
..\App\main.c(281): warning:  #188-D: enumerated type mixed with another type
..\App\main.c(285): warning:  #188-D: enumerated type mixed with another type
..\App\main.c(289): warning:  #188-D: enumerated type mixed with another type
..\App\main.c(344): warning:  #188-D: enumerated type mixed with another type
..\App\main.c(348): warning:  #188-D: enumerated type mixed with another type
..\App\main.c(352): warning:  #188-D: enumerated type mixed with another type
..\App\main.c(362): warning:  #177-D: variable "test" was declared but never referenced
..\App\main.c(362): warning:  #177-D: variable "len" was declared but never referenced
..\App\main.c(383): warning:  #177-D: variable "InBuffer" was declared but never referenced
..\App\main.c(86): warning:  #177-D: function "GPIO_DeIntConfiguration" was declared but never referenced
"..\App\main.c" - 0 Errors, 13 Warning(s).
Build target 'STM32_uCOS_BSP_LIB'
linking...
Program Size: Code=22504 RO-data=768 RW-data=444 ZI-data=13268  
FromELF: creating hex file...
"..\Output\STM32_uCOS_BSP_LIB.axf" - 0 Errors, 0 Warning(s).
Load "..\\Output\\STM32_uCOS_BSP_LIB.axf" 
Set JLink Project File to "E:\遥控器\fly_controller\1APP修改串口数据格式4fanxiang\1APP修改串口数据格式\1AAP\controller\Project\JLinkSettings.ini"
* JLink Info: Device "STM32F103CB" selected (128 KB flash, 20 KB RAM).
 
JLink info:
------------
DLL: V4.68a, compiled Apr 12 2013 13:26:50
Firmware: J-Link V9 compiled Jun 23 2015 10:00:59
Hardware: V9.20
Feature(s) : GDB, RDI, FlashBP, FlashDL, JFlash 
 
* JLink Info: Found SWD-DP with ID 0x1BA01477
* JLink Info: Found SWD-DP with ID 0x1BA01477
* JLink Info: TPIU fitted.
* JLink Info: FPUnit: 6 code (BP) slots and 2 literal slots
* JLink Info: Found Cortex-M3 r1p1, Little endian.
ROMTableAddr = 0xE00FF003
 
Target info:
------------
Device: STM32F103CB
VTarget = 3.277V
State of Pins: 
TCK: 0, TDI: 1, TDO: 0, TMS: 1, TRES: 1, TRST: 1
Hardware-Breakpoints: 6
Software-Breakpoints: 8192
Watchpoints:          4
JTAG speed: 2000 kHz
 
Erase Done.
Programming Done.
Verify OK.
Build target 'STM32_uCOS_BSP_LIB'
compiling main.c...
..\App\main.c(83): warning:  #174-D: expression has no effect
..\App\main.c(170): warning:  #177-D: variable "testtime" was declared but never referenced
..\App\main.c(261): warning:  #223-D: function "average_filter" declared implicitly
..\App\main.c(281): warning:  #188-D: enumerated type mixed with another type
..\App\main.c(285): warning:  #188-D: enumerated type mixed with another type
..\App\main.c(289): warning:  #188-D: enumerated type mixed with another type
..\App\main.c(344): warning:  #188-D: enumerated type mixed with another type
..\App\main.c(348): warning:  #188-D: enumerated type mixed with another type
..\App\main.c(352): warning:  #188-D: enumerated type mixed with another type
..\App\main.c(362): warning:  #177-D: variable "test" was declared but never referenced
..\App\main.c(362): warning:  #177-D: variable "len" was declared but never referenced
..\App\main.c(383): warning:  #177-D: variable "InBuffer" was declared but never referenced
..\App\main.c(86): warning:  #177-D: function "GPIO_DeIntConfiguration" was declared but never referenced
linking...
Program Size: Code=22504 RO-data=768 RW-data=444 ZI-data=13268  
FromELF: creating hex file...
"..\Output\STM32_uCOS_BSP_LIB.axf" - 0 Errors, 13 Warning(s).
Load "..\\Output\\STM32_uCOS_BSP_LIB.axf" 
Set JLink Project File to "E:\遥控器\fly_controller\1APP修改串口数据格式4fanxiang\1APP修改串口数据格式\1AAP\controller\Project\JLinkSettings.ini"
* JLink Info: Device "STM32F103CB" selected (128 KB flash, 20 KB RAM).
 
JLink info:
------------
DLL: V4.68a, compiled Apr 12 2013 13:26:50
Firmware: J-Link V9 compiled Jun 23 2015 10:00:59
Hardware: V9.20
Feature(s) : GDB, RDI, FlashBP, FlashDL, JFlash 
 
* JLink Info: STM32F1xxx: Can not attach to CPU. Trying connect under reset.
Load "..\\Output\\STM32_uCOS_BSP_LIB.axf" 
Set JLink Project File to "E:\遥控器\fly_controller\1APP修改串口数据格式4fanxiang\1APP修改串口数据格式\1AAP\controller\Project\JLinkSettings.ini"
* JLink Info: Device "STM32F103CB" selected (128 KB flash, 20 KB RAM).
 
JLink info:
------------
DLL: V4.68a, compiled Apr 12 2013 13:26:50
Firmware: J-Link V9 compiled Jun 23 2015 10:00:59
Hardware: V9.20
Feature(s) : GDB, RDI, FlashBP, FlashDL, JFlash 
 
* JLink Info: Found SWD-DP with ID 0x1BA01477
* JLink Info: Found SWD-DP with ID 0x1BA01477
* JLink Info: TPIU fitted.
* JLink Info: FPUnit: 6 code (BP) slots and 2 literal slots
* JLink Info: Found Cortex-M3 r1p1, Little endian.
ROMTableAddr = 0xE00FF003
 
Target info:
------------
Device: STM32F103CB
VTarget = 3.275V
State of Pins: 
TCK: 0, TDI: 1, TDO: 0, TMS: 1, TRES: 1, TRST: 1
Hardware-Breakpoints: 6
Software-Breakpoints: 8192
Watchpoints:          4
JTAG speed: 2000 kHz
 
Erase Done.
Programming Done.
Verify OK.
compiling main.c...
..\App\main.c(83): warning:  #174-D: expression has no effect
..\App\main.c(170): warning:  #177-D: variable "testtime" was declared but never referenced
..\App\main.c(261): warning:  #223-D: function "average_filter" declared implicitly
..\App\main.c(281): warning:  #188-D: enumerated type mixed with another type
..\App\main.c(285): warning:  #188-D: enumerated type mixed with another type
..\App\main.c(289): warning:  #188-D: enumerated type mixed with another type
..\App\main.c(344): warning:  #188-D: enumerated type mixed with another type
..\App\main.c(348): warning:  #188-D: enumerated type mixed with another type
..\App\main.c(352): warning:  #188-D: enumerated type mixed with another type
..\App\main.c(362): warning:  #177-D: variable "test" was declared but never referenced
..\App\main.c(362): warning:  #177-D: variable "len" was declared but never referenced
..\App\main.c(383): warning:  #177-D: variable "InBuffer" was declared but never referenced
..\App\main.c(86): warning:  #177-D: function "GPIO_DeIntConfiguration" was declared but never referenced
"..\App\main.c" - 0 Errors, 13 Warning(s).
Build target 'STM32_uCOS_BSP_LIB'
linking...
Program Size: Code=22504 RO-data=768 RW-data=444 ZI-data=13268  
FromELF: creating hex file...
"..\Output\STM32_uCOS_BSP_LIB.axf" - 0 Errors, 0 Warning(s).
Load "..\\Output\\STM32_uCOS_BSP_LIB.axf" 
Set JLink Project File to "E:\遥控器\fly_controller\1APP修改串口数据格式4fanxiang\1APP修改串口数据格式\1AAP\controller\Project\JLinkSettings.ini"
* JLink Info: Device "STM32F103CB" selected (128 KB flash, 20 KB RAM).
 
JLink info:
------------
DLL: V4.68a, compiled Apr 12 2013 13:26:50
Firmware: J-Link V9 compiled Jun 23 2015 10:00:59
Hardware: V9.20
Feature(s) : GDB, RDI, FlashBP, FlashDL, JFlash 
 
* JLink Info: Found SWD-DP with ID 0x1BA01477
* JLink Info: Found SWD-DP with ID 0x1BA01477
* JLink Info: TPIU fitted.
* JLink Info: FPUnit: 6 code (BP) slots and 2 literal slots
* JLink Info: Found Cortex-M3 r1p1, Little endian.
ROMTableAddr = 0xE00FF003
 
Target info:
------------
Device: STM32F103CB
VTarget = 3.277V
State of Pins: 
TCK: 0, TDI: 1, TDO: 0, TMS: 1, TRES: 1, TRST: 1
Hardware-Breakpoints: 6
Software-Breakpoints: 8192
Watchpoints:          4
JTAG speed: 2000 kHz
 
Erase Done.
Programming Done.
Verify OK.
Build target 'STM32_uCOS_BSP_LIB'
compiling system_stm32f10x.c...
linking...
Program Size: Code=22520 RO-data=768 RW-data=444 ZI-data=13268  
FromELF: creating hex file...
"..\Output\STM32_uCOS_BSP_LIB.axf" - 0 Errors, 0 Warning(s).
Load "..\\Output\\STM32_uCOS_BSP_LIB.axf" 
Set JLink Project File to "E:\遥控器\fly_controller\1APP修改串口数据格式4fanxiang\1APP修改串口数据格式\1AAP\controller\Project\JLinkSettings.ini"
* JLink Info: Device "STM32F103CB" selected (128 KB flash, 20 KB RAM).
 
JLink info:
------------
DLL: V4.68a, compiled Apr 12 2013 13:26:50
Firmware: J-Link V9 compiled Jun 23 2015 10:00:59
Hardware: V9.20
Feature(s) : GDB, RDI, FlashBP, FlashDL, JFlash 
 
* JLink Info: Found SWD-DP with ID 0x1BA01477
* JLink Info: Found SWD-DP with ID 0x1BA01477
* JLink Info: TPIU fitted.
* JLink Info: FPUnit: 6 code (BP) slots and 2 literal slots
* JLink Info: Found Cortex-M3 r1p1, Little endian.
ROMTableAddr = 0xE00FF003
 
Target info:
------------
Device: STM32F103CB
VTarget = 3.275V
State of Pins: 
TCK: 0, TDI: 1, TDO: 0, TMS: 1, TRES: 1, TRST: 1
Hardware-Breakpoints: 6
Software-Breakpoints: 8192
Watchpoints:          4
JTAG speed: 2000 kHz
 
Erase Done.
Programming Done.
Verify OK.
