<html>
<body>
<pre>
<h1>µVision Build Log</h1>
<h2>Project:</h2>
E:\Ò£¿ØÆ÷\fly_controller\1AAP\controller\Project\STM32_uCOS_BSP_LIB.uvproj
Project File Date:  10/15/2015

<h2>Output:</h2>
Build target 'STM32_uCOS_BSP_LIB'
compiling main.c...
..\App\main.c(163): warning:  #177-D: variable "testtime" was declared but never referenced
..\App\main.c(246): warning:  #223-D: function "average_filter" declared implicitly
..\App\main.c(305): warning:  #188-D: enumerated type mixed with another type
..\App\main.c(309): warning:  #188-D: enumerated type mixed with another type
..\App\main.c(313): warning:  #188-D: enumerated type mixed with another type
..\App\main.c(323): warning:  #177-D: variable "test" was declared but never referenced
..\App\main.c(323): warning:  #177-D: variable "len" was declared but never referenced
..\App\main.c(344): warning:  #177-D: variable "InBuffer" was declared but never referenced
..\App\main.c(449): error:  #20: identifier "time2_callback" is undefined
compiling stm32f10x_it.c...
compiling RS485.c...
..\Bsp\RS485.c(11): warning:  #177-D: variable "GPIO_InitStructure" was declared but never referenced
compiling Stm32Usart.c...
compiling led.c...
..\Bsp\led.c(38): warning:  #9-D: nested comment is not allowed
..\Bsp\led.c(40): warning:  #9-D: nested comment is not allowed
compiling sbus.c...
compiling adc.c...
..\Bsp\adc.c(5): warning:  #177-D: variable "ADC_Filter" was declared but never referenced
compiling key.c...
compiling usbHID.c...
..\Bsp\usbHID.c(33): warning:  #223-D: function "PowerOff" declared implicitly
..\Bsp\usbHID.c(42): warning:  #1-D: last line of file ends without a newline
compiling flash_in_stm32.c...
compiling os_core.c...
compiling os_flag.c...
compiling os_mbox.c...
compiling os_mem.c...
compiling os_mutex.c...
compiling os_q.c...
compiling os_sem.c...
compiling os_task.c...
compiling os_time.c...
compiling os_tmr.c...
..\uCOS-II\Source\os_tmr.c(156): warning:  #223-D: function "OSSchedLock" declared implicitly
..\uCOS-II\Source\os_tmr.c(159): warning:  #223-D: function "OSSchedUnlock" declared implicitly
..\uCOS-II\Source\os_tmr.c(172): warning:  #223-D: function "OSSchedUnlock" declared implicitly
..\uCOS-II\Source\os_tmr.c(224): warning:  #223-D: function "OSSchedLock" declared implicitly
..\uCOS-II\Source\os_tmr.c(229): warning:  #223-D: function "OSSchedUnlock" declared implicitly
..\uCOS-II\Source\os_tmr.c(309): warning:  #223-D: function "OSSchedLock" declared implicitly
..\uCOS-II\Source\os_tmr.c(316): warning:  #223-D: function "OSSchedUnlock" declared implicitly
..\uCOS-II\Source\os_tmr.c(383): warning:  #223-D: function "OSSchedLock" declared implicitly
..\uCOS-II\Source\os_tmr.c(387): warning:  #223-D: function "OSSchedUnlock" declared implicitly
..\uCOS-II\Source\os_tmr.c(483): warning:  #223-D: function "OSSchedLock" declared implicitly
..\uCOS-II\Source\os_tmr.c(497): warning:  #223-D: function "OSSchedUnlock" declared implicitly
..\uCOS-II\Source\os_tmr.c(548): warning:  #223-D: function "OSSchedLock" declared implicitly
..\uCOS-II\Source\os_tmr.c(553): warning:  #223-D: function "OSSchedUnlock" declared implicitly
..\uCOS-II\Source\os_tmr.c(643): warning:  #223-D: function "OSSchedLock" declared implicitly
..\uCOS-II\Source\os_tmr.c(674): warning:  #223-D: function "OSSchedUnlock" declared implicitly
..\uCOS-II\Source\os_tmr.c(1047): warning:  #223-D: function "OSSchedLock" declared implicitly
..\uCOS-II\Source\os_tmr.c(1069): warning:  #223-D: function "OSSchedUnlock" declared implicitly
compiling os_cpu_c.c...
..\uCOS-II\Ports\os_cpu_c.c(35): warning:  #550-D: variable "OSTmrCtr" was set but never used
compiling os_dbg.c...
"..\Output\STM32_uCOS_BSP_LIB.axf" - 1 Errors, 32 Warning(s).
Target not created
compiling main.c...
..\App\main.c(163): warning:  #177-D: variable "testtime" was declared but never referenced
..\App\main.c(246): warning:  #223-D: function "average_filter" declared implicitly
..\App\main.c(305): warning:  #188-D: enumerated type mixed with another type
..\App\main.c(309): warning:  #188-D: enumerated type mixed with another type
..\App\main.c(313): warning:  #188-D: enumerated type mixed with another type
..\App\main.c(323): warning:  #177-D: variable "test" was declared but never referenced
..\App\main.c(323): warning:  #177-D: variable "len" was declared but never referenced
..\App\main.c(344): warning:  #177-D: variable "InBuffer" was declared but never referenced
..\App\main.c(449): error:  #20: identifier "time2_callback" is undefined
"..\App\main.c" - 1 Errors, 8 Warning(s).
compiling main.c...
..\Bsp\key.h(58): warning:  #1-D: last line of file ends without a newline
..\App\main.c(163): warning:  #177-D: variable "testtime" was declared but never referenced
..\App\main.c(246): warning:  #223-D: function "average_filter" declared implicitly
..\App\main.c(305): warning:  #188-D: enumerated type mixed with another type
..\App\main.c(309): warning:  #188-D: enumerated type mixed with another type
..\App\main.c(313): warning:  #188-D: enumerated type mixed with another type
..\App\main.c(323): warning:  #177-D: variable "test" was declared but never referenced
..\App\main.c(323): warning:  #177-D: variable "len" was declared but never referenced
..\App\main.c(344): warning:  #177-D: variable "InBuffer" was declared but never referenced
"..\App\main.c" - 0 Errors, 9 Warning(s).
Build target 'STM32_uCOS_BSP_LIB'
compiling main.c...
..\Bsp\key.h(58): warning:  #1-D: last line of file ends without a newline
..\App\main.c(163): warning:  #177-D: variable "testtime" was declared but never referenced
..\App\main.c(246): warning:  #223-D: function "average_filter" declared implicitly
..\App\main.c(305): warning:  #188-D: enumerated type mixed with another type
..\App\main.c(309): warning:  #188-D: enumerated type mixed with another type
..\App\main.c(313): warning:  #188-D: enumerated type mixed with another type
..\App\main.c(323): warning:  #177-D: variable "test" was declared but never referenced
..\App\main.c(323): warning:  #177-D: variable "len" was declared but never referenced
..\App\main.c(344): warning:  #177-D: variable "InBuffer" was declared but never referenced
compiling stm32f10x_it.c...
..\Bsp\key.h(58): warning:  #1-D: last line of file ends without a newline
..\Bsp\stm32f10x_it.c(440): error:  #20: identifier "err" is undefined
compiling RS485.c...
..\Bsp\key.h(58): warning:  #1-D: last line of file ends without a newline
..\Bsp\RS485.c(11): warning:  #177-D: variable "GPIO_InitStructure" was declared but never referenced
compiling Stm32Usart.c...
..\Bsp\key.h(58): warning:  #1-D: last line of file ends without a newline
compiling led.c...
..\Bsp\key.h(58): warning:  #1-D: last line of file ends without a newline
..\Bsp\led.c(38): warning:  #9-D: nested comment is not allowed
..\Bsp\led.c(40): warning:  #9-D: nested comment is not allowed
compiling sbus.c...
..\Bsp\key.h(58): warning:  #1-D: last line of file ends without a newline
compiling adc.c...
..\Bsp\key.h(58): warning:  #1-D: last line of file ends without a newline
..\Bsp\adc.c(5): warning:  #177-D: variable "ADC_Filter" was declared but never referenced
compiling key.c...
..\Bsp\key.h(58): warning:  #1-D: last line of file ends without a newline
..\Bsp\key.c(264): warning:  #1-D: last line of file ends without a newline
compiling usbHID.c...
..\Bsp\key.h(58): warning:  #1-D: last line of file ends without a newline
..\Bsp\usbHID.c(33): warning:  #223-D: function "PowerOff" declared implicitly
..\Bsp\usbHID.c(42): warning:  #1-D: last line of file ends without a newline
compiling flash_in_stm32.c...
..\Bsp\key.h(58): warning:  #1-D: last line of file ends without a newline
"..\Output\STM32_uCOS_BSP_LIB.axf" - 1 Errors, 25 Warning(s).
Target not created
compiling main.c...
..\Bsp\key.h(58): warning:  #1-D: last line of file ends without a newline
..\App\main.c(163): warning:  #177-D: variable "testtime" was declared but never referenced
..\App\main.c(246): warning:  #223-D: function "average_filter" declared implicitly
..\App\main.c(305): warning:  #188-D: enumerated type mixed with another type
..\App\main.c(309): warning:  #188-D: enumerated type mixed with another type
..\App\main.c(313): warning:  #188-D: enumerated type mixed with another type
..\App\main.c(323): warning:  #177-D: variable "test" was declared but never referenced
..\App\main.c(323): warning:  #177-D: variable "len" was declared but never referenced
..\App\main.c(344): warning:  #177-D: variable "InBuffer" was declared but never referenced
"..\App\main.c" - 0 Errors, 9 Warning(s).
Build target 'STM32_uCOS_BSP_LIB'
compiling stm32f10x_it.c...
..\Bsp\key.h(58): warning:  #1-D: last line of file ends without a newline
..\Bsp\stm32f10x_it.c(454): warning:  #63-D: shift count is too large
..\Bsp\stm32f10x_it.c(455): warning:  #188-D: enumerated type mixed with another type
..\Bsp\stm32f10x_it.c(455): error:  #65: expected a ";"
compiling RS485.c...
..\Bsp\key.h(58): warning:  #1-D: last line of file ends without a newline
..\Bsp\RS485.c(11): warning:  #177-D: variable "GPIO_InitStructure" was declared but never referenced
compiling Stm32Usart.c...
..\Bsp\key.h(58): warning:  #1-D: last line of file ends without a newline
compiling led.c...
..\Bsp\key.h(58): warning:  #1-D: last line of file ends without a newline
..\Bsp\led.c(38): warning:  #9-D: nested comment is not allowed
..\Bsp\led.c(40): warning:  #9-D: nested comment is not allowed
compiling sbus.c...
..\Bsp\key.h(58): warning:  #1-D: last line of file ends without a newline
compiling adc.c...
..\Bsp\key.h(58): warning:  #1-D: last line of file ends without a newline
..\Bsp\adc.c(5): warning:  #177-D: variable "ADC_Filter" was declared but never referenced
compiling key.c...
..\Bsp\key.h(58): warning:  #1-D: last line of file ends without a newline
..\Bsp\key.c(264): warning:  #1-D: last line of file ends without a newline
compiling usbHID.c...
..\Bsp\key.h(58): warning:  #1-D: last line of file ends without a newline
..\Bsp\usbHID.c(33): warning:  #223-D: function "PowerOff" declared implicitly
..\Bsp\usbHID.c(42): warning:  #1-D: last line of file ends without a newline
compiling flash_in_stm32.c...
..\Bsp\key.h(58): warning:  #1-D: last line of file ends without a newline
"..\Output\STM32_uCOS_BSP_LIB.axf" - 1 Errors, 18 Warning(s).
Target not created
compiling stm32f10x_it.c...
..\Bsp\stm32f10x_it.c(455): warning:  #188-D: enumerated type mixed with another type
..\Bsp\stm32f10x_it.c(457): warning:  #188-D: enumerated type mixed with another type
"..\Bsp\stm32f10x_it.c" - 0 Errors, 2 Warning(s).
compiling stm32f10x_it.c...
..\Bsp\stm32f10x_it.c(455): warning:  #188-D: enumerated type mixed with another type
..\Bsp\stm32f10x_it.c(457): warning:  #188-D: enumerated type mixed with another type
..\Bsp\stm32f10x_it.c(459): warning:  #188-D: enumerated type mixed with another type
"..\Bsp\stm32f10x_it.c" - 0 Errors, 3 Warning(s).
Build target 'STM32_uCOS_BSP_LIB'
compiling main.c...
..\App\main.c(163): warning:  #177-D: variable "testtime" was declared but never referenced
..\App\main.c(246): warning:  #223-D: function "average_filter" declared implicitly
..\App\main.c(305): warning:  #188-D: enumerated type mixed with another type
..\App\main.c(309): warning:  #188-D: enumerated type mixed with another type
..\App\main.c(313): warning:  #188-D: enumerated type mixed with another type
..\App\main.c(323): warning:  #177-D: variable "test" was declared but never referenced
..\App\main.c(323): warning:  #177-D: variable "len" was declared but never referenced
..\App\main.c(344): warning:  #177-D: variable "InBuffer" was declared but never referenced
compiling stm32f10x_it.c...
..\Bsp\stm32f10x_it.c(455): warning:  #188-D: enumerated type mixed with another type
..\Bsp\stm32f10x_it.c(457): warning:  #188-D: enumerated type mixed with another type
..\Bsp\stm32f10x_it.c(459): warning:  #188-D: enumerated type mixed with another type
compiling RS485.c...
..\Bsp\RS485.c(11): warning:  #177-D: variable "GPIO_InitStructure" was declared but never referenced
compiling Stm32Usart.c...
compiling led.c...
..\Bsp\led.c(38): warning:  #9-D: nested comment is not allowed
..\Bsp\led.c(40): warning:  #9-D: nested comment is not allowed
compiling sbus.c...
compiling adc.c...
..\Bsp\adc.c(5): warning:  #177-D: variable "ADC_Filter" was declared but never referenced
compiling key.c...
..\Bsp\key.c(264): warning:  #1-D: last line of file ends without a newline
compiling usbHID.c...
..\Bsp\usbHID.c(33): warning:  #223-D: function "PowerOff" declared implicitly
..\Bsp\usbHID.c(42): warning:  #1-D: last line of file ends without a newline
compiling flash_in_stm32.c...
linking...
..\Output\STM32_uCOS_BSP_LIB.axf: Error: L6218E: Undefined symbol OSSchedLock (referred from os_tmr.o).
..\Output\STM32_uCOS_BSP_LIB.axf: Error: L6218E: Undefined symbol OSSchedUnlock (referred from os_tmr.o).
"..\Output\STM32_uCOS_BSP_LIB.axf" - 2 Errors, 18 Warning(s).
Target not created
compiling os_tmr.c...
..\uCOS-II\Source\os_tmr.c(156): warning:  #223-D: function "OSSchedLock" declared implicitly
..\uCOS-II\Source\os_tmr.c(159): warning:  #223-D: function "OSSchedUnlock" declared implicitly
..\uCOS-II\Source\os_tmr.c(172): warning:  #223-D: function "OSSchedUnlock" declared implicitly
..\uCOS-II\Source\os_tmr.c(224): warning:  #223-D: function "OSSchedLock" declared implicitly
..\uCOS-II\Source\os_tmr.c(229): warning:  #223-D: function "OSSchedUnlock" declared implicitly
..\uCOS-II\Source\os_tmr.c(309): warning:  #223-D: function "OSSchedLock" declared implicitly
..\uCOS-II\Source\os_tmr.c(316): warning:  #223-D: function "OSSchedUnlock" declared implicitly
..\uCOS-II\Source\os_tmr.c(383): warning:  #223-D: function "OSSchedLock" declared implicitly
..\uCOS-II\Source\os_tmr.c(387): warning:  #223-D: function "OSSchedUnlock" declared implicitly
..\uCOS-II\Source\os_tmr.c(483): warning:  #223-D: function "OSSchedLock" declared implicitly
..\uCOS-II\Source\os_tmr.c(497): warning:  #223-D: function "OSSchedUnlock" declared implicitly
..\uCOS-II\Source\os_tmr.c(548): warning:  #223-D: function "OSSchedLock" declared implicitly
..\uCOS-II\Source\os_tmr.c(553): warning:  #223-D: function "OSSchedUnlock" declared implicitly
..\uCOS-II\Source\os_tmr.c(643): warning:  #223-D: function "OSSchedLock" declared implicitly
..\uCOS-II\Source\os_tmr.c(674): warning:  #223-D: function "OSSchedUnlock" declared implicitly
..\uCOS-II\Source\os_tmr.c(1047): warning:  #223-D: function "OSSchedLock" declared implicitly
..\uCOS-II\Source\os_tmr.c(1069): warning:  #223-D: function "OSSchedUnlock" declared implicitly
"..\uCOS-II\Source\os_tmr.c" - 0 Errors, 17 Warning(s).
compiling stm32f10x_it.c...
..\Bsp\stm32f10x_it.c(455): warning:  #188-D: enumerated type mixed with another type
..\Bsp\stm32f10x_it.c(457): warning:  #188-D: enumerated type mixed with another type
..\Bsp\stm32f10x_it.c(459): warning:  #188-D: enumerated type mixed with another type
"..\Bsp\stm32f10x_it.c" - 0 Errors, 3 Warning(s).
Build target 'STM32_uCOS_BSP_LIB'
linking...
..\Output\STM32_uCOS_BSP_LIB.axf: Error: L6218E: Undefined symbol OSSchedLock (referred from os_tmr.o).
..\Output\STM32_uCOS_BSP_LIB.axf: Error: L6218E: Undefined symbol OSSchedUnlock (referred from os_tmr.o).
"..\Output\STM32_uCOS_BSP_LIB.axf" - 2 Errors, 0 Warning(s).
Target not created
Build target 'STM32_uCOS_BSP_LIB'
compiling main.c...
..\App\main.c(163): warning:  #177-D: variable "testtime" was declared but never referenced
..\App\main.c(246): warning:  #223-D: function "average_filter" declared implicitly
..\App\main.c(305): warning:  #188-D: enumerated type mixed with another type
..\App\main.c(309): warning:  #188-D: enumerated type mixed with another type
..\App\main.c(313): warning:  #188-D: enumerated type mixed with another type
..\App\main.c(323): warning:  #177-D: variable "test" was declared but never referenced
..\App\main.c(323): warning:  #177-D: variable "len" was declared but never referenced
..\App\main.c(344): warning:  #177-D: variable "InBuffer" was declared but never referenced
compiling stm32f10x_it.c...
..\Bsp\stm32f10x_it.c(455): warning:  #188-D: enumerated type mixed with another type
..\Bsp\stm32f10x_it.c(457): warning:  #188-D: enumerated type mixed with another type
..\Bsp\stm32f10x_it.c(459): warning:  #188-D: enumerated type mixed with another type
compiling RS485.c...
..\Bsp\RS485.c(11): warning:  #177-D: variable "GPIO_InitStructure" was declared but never referenced
compiling Stm32Usart.c...
compiling led.c...
..\Bsp\led.c(38): warning:  #9-D: nested comment is not allowed
..\Bsp\led.c(40): warning:  #9-D: nested comment is not allowed
compiling sbus.c...
compiling adc.c...
..\Bsp\adc.c(5): warning:  #177-D: variable "ADC_Filter" was declared but never referenced
compiling key.c...
..\Bsp\key.c(264): warning:  #1-D: last line of file ends without a newline
compiling usbHID.c...
..\Bsp\usbHID.c(33): warning:  #223-D: function "PowerOff" declared implicitly
..\Bsp\usbHID.c(42): warning:  #1-D: last line of file ends without a newline
compiling flash_in_stm32.c...
compiling os_core.c...
compiling os_flag.c...
compiling os_mbox.c...
compiling os_mem.c...
compiling os_mutex.c...
compiling os_q.c...
compiling os_sem.c...
compiling os_task.c...
compiling os_time.c...
compiling os_tmr.c...
compiling os_cpu_c.c...
..\uCOS-II\Ports\os_cpu_c.c(35): warning:  #550-D: variable "OSTmrCtr" was set but never used
compiling os_dbg.c...
linking...
Program Size: Code=20368 RO-data=768 RW-data=492 ZI-data=13268  
FromELF: creating hex file...
"..\Output\STM32_uCOS_BSP_LIB.axf" - 0 Errors, 19 Warning(s).
compiling stm32f10x_it.c...
..\Bsp\stm32f10x_it.c(449): warning:  #188-D: enumerated type mixed with another type
..\Bsp\stm32f10x_it.c(455): warning:  #188-D: enumerated type mixed with another type
..\Bsp\stm32f10x_it.c(457): warning:  #188-D: enumerated type mixed with another type
..\Bsp\stm32f10x_it.c(459): warning:  #188-D: enumerated type mixed with another type
"..\Bsp\stm32f10x_it.c" - 0 Errors, 4 Warning(s).
Build target 'STM32_uCOS_BSP_LIB'
compiling main.c...
..\App\main.c(163): warning:  #177-D: variable "testtime" was declared but never referenced
..\App\main.c(246): warning:  #223-D: function "average_filter" declared implicitly
..\App\main.c(305): warning:  #188-D: enumerated type mixed with another type
..\App\main.c(309): warning:  #188-D: enumerated type mixed with another type
..\App\main.c(313): warning:  #188-D: enumerated type mixed with another type
..\App\main.c(323): warning:  #177-D: variable "test" was declared but never referenced
..\App\main.c(323): warning:  #177-D: variable "len" was declared but never referenced
..\App\main.c(344): warning:  #177-D: variable "InBuffer" was declared but never referenced
compiling key.c...
..\Bsp\key.c(264): warning:  #1-D: last line of file ends without a newline
linking...
Program Size: Code=20360 RO-data=768 RW-data=492 ZI-data=13268  
FromELF: creating hex file...
"..\Output\STM32_uCOS_BSP_LIB.axf" - 0 Errors, 9 Warning(s).
Build target 'STM32_uCOS_BSP_LIB'
compiling key.c...
linking...
Program Size: Code=20360 RO-data=768 RW-data=492 ZI-data=13268  
FromELF: creating hex file...
"..\Output\STM32_uCOS_BSP_LIB.axf" - 0 Errors, 0 Warning(s).
Load "..\\Output\\STM32_uCOS_BSP_LIB.axf" 
Set JLink Project File to "E:\Ò£¿ØÆ÷\fly_controller\1AAP\controller\Project\JLinkSettings.ini"
* JLink Info: Device "STM32F103CB" selected (128 KB flash, 20 KB RAM).
 
JLink info:
------------
DLL: V4.68a, compiled Apr 12 2013 13:26:50
Firmware: J-Link V9 compiled Jun 23 2015 10:00:59
Hardware: V9.20
Feature(s) : GDB, RDI, FlashBP, FlashDL, JFlash 
 
* JLink Info: Found SWD-DP with ID 0x1BA01477
* JLink Info: Found SWD-DP with ID 0x1BA01477
* JLink Info: TPIU fitted.
* JLink Info: FPUnit: 6 code (BP) slots and 2 literal slots
* JLink Info: Found Cortex-M3 r1p1, Little endian.
ROMTableAddr = 0xE00FF003
 
Target info:
------------
Device: STM32F103CB
VTarget = 3.275V
State of Pins: 
TCK: 0, TDI: 1, TDO: 0, TMS: 1, TRES: 1, TRST: 1
Hardware-Breakpoints: 6
Software-Breakpoints: 8192
Watchpoints:          4
JTAG speed: 2000 kHz
 
Erase Done.
Programming Done.
Verify OK.
compiling main.c...
..\App\main.c(163): warning:  #177-D: variable "testtime" was declared but never referenced
..\App\main.c(246): warning:  #223-D: function "average_filter" declared implicitly
..\App\main.c(305): warning:  #188-D: enumerated type mixed with another type
..\App\main.c(309): warning:  #188-D: enumerated type mixed with another type
..\App\main.c(313): warning:  #188-D: enumerated type mixed with another type
..\App\main.c(323): warning:  #177-D: variable "test" was declared but never referenced
..\App\main.c(323): warning:  #177-D: variable "len" was declared but never referenced
..\App\main.c(344): warning:  #177-D: variable "InBuffer" was declared but never referenced
"..\App\main.c" - 0 Errors, 8 Warning(s).
Build target 'STM32_uCOS_BSP_LIB'
linking...
Program Size: Code=20708 RO-data=768 RW-data=444 ZI-data=13268  
FromELF: creating hex file...
"..\Output\STM32_uCOS_BSP_LIB.axf" - 0 Errors, 0 Warning(s).
Load "..\\Output\\STM32_uCOS_BSP_LIB.axf" 
Set JLink Project File to "E:\Ò£¿ØÆ÷\fly_controller\1AAP\controller\Project\JLinkSettings.ini"
* JLink Info: Device "STM32F103CB" selected (128 KB flash, 20 KB RAM).
 
JLink info:
------------
DLL: V4.68a, compiled Apr 12 2013 13:26:50
Firmware: J-Link V9 compiled Jun 23 2015 10:00:59
Hardware: V9.20
Feature(s) : GDB, RDI, FlashBP, FlashDL, JFlash 
 
* JLink Info: Found SWD-DP with ID 0x1BA01477
* JLink Info: Found SWD-DP with ID 0x1BA01477
* JLink Info: TPIU fitted.
* JLink Info: FPUnit: 6 code (BP) slots and 2 literal slots
* JLink Info: Found Cortex-M3 r1p1, Little endian.
ROMTableAddr = 0xE00FF003
 
Target info:
------------
Device: STM32F103CB
VTarget = 3.274V
State of Pins: 
TCK: 0, TDI: 1, TDO: 0, TMS: 1, TRES: 1, TRST: 1
Hardware-Breakpoints: 6
Software-Breakpoints: 8192
Watchpoints:          4
JTAG speed: 2000 kHz
 
Erase Done.
Programming Done.
Verify OK.
Build target 'STM32_uCOS_BSP_LIB'
compiling stm32f10x_it.c...
..\Bsp\stm32f10x_it.c(449): warning:  #188-D: enumerated type mixed with another type
..\Bsp\stm32f10x_it.c(455): warning:  #188-D: enumerated type mixed with another type
..\Bsp\stm32f10x_it.c(457): warning:  #188-D: enumerated type mixed with another type
..\Bsp\stm32f10x_it.c(459): warning:  #188-D: enumerated type mixed with another type
linking...
Program Size: Code=20716 RO-data=768 RW-data=444 ZI-data=13268  
FromELF: creating hex file...
"..\Output\STM32_uCOS_BSP_LIB.axf" - 0 Errors, 4 Warning(s).
Load "..\\Output\\STM32_uCOS_BSP_LIB.axf" 
Set JLink Project File to "E:\Ò£¿ØÆ÷\fly_controller\1AAP\controller\Project\JLinkSettings.ini"
* JLink Info: Device "STM32F103CB" selected (128 KB flash, 20 KB RAM).
 
JLink info:
------------
DLL: V4.68a, compiled Apr 12 2013 13:26:50
Firmware: J-Link V9 compiled Jun 23 2015 10:00:59
Hardware: V9.20
Feature(s) : GDB, RDI, FlashBP, FlashDL, JFlash 
 
* JLink Info: Found SWD-DP with ID 0x1BA01477
* JLink Info: Found SWD-DP with ID 0x1BA01477
* JLink Info: TPIU fitted.
* JLink Info: FPUnit: 6 code (BP) slots and 2 literal slots
* JLink Info: Found Cortex-M3 r1p1, Little endian.
ROMTableAddr = 0xE00FF003
 
Target info:
------------
Device: STM32F103CB
VTarget = 3.275V
State of Pins: 
TCK: 0, TDI: 1, TDO: 0, TMS: 1, TRES: 1, TRST: 1
Hardware-Breakpoints: 6
Software-Breakpoints: 8192
Watchpoints:          4
JTAG speed: 2000 kHz
 
Erase Done.
Programming Done.
Verify OK.
compiling main.c...
..\App\main.c(165): warning:  #177-D: variable "testtime" was declared but never referenced
..\App\main.c(248): warning:  #223-D: function "average_filter" declared implicitly
..\App\main.c(307): warning:  #188-D: enumerated type mixed with another type
..\App\main.c(311): warning:  #188-D: enumerated type mixed with another type
..\App\main.c(315): warning:  #188-D: enumerated type mixed with another type
..\App\main.c(325): warning:  #177-D: variable "test" was declared but never referenced
..\App\main.c(325): warning:  #177-D: variable "len" was declared but never referenced
..\App\main.c(346): warning:  #177-D: variable "InBuffer" was declared but never referenced
"..\App\main.c" - 0 Errors, 8 Warning(s).
Build target 'STM32_uCOS_BSP_LIB'
linking...
Program Size: Code=20716 RO-data=768 RW-data=444 ZI-data=13268  
FromELF: creating hex file...
"..\Output\STM32_uCOS_BSP_LIB.axf" - 0 Errors, 0 Warning(s).
Load "..\\Output\\STM32_uCOS_BSP_LIB.axf" 
Set JLink Project File to "E:\Ò£¿ØÆ÷\fly_controller\1AAP\controller\Project\JLinkSettings.ini"
* JLink Info: Device "STM32F103CB" selected (128 KB flash, 20 KB RAM).
 
JLink info:
------------
DLL: V4.68a, compiled Apr 12 2013 13:26:50
Firmware: J-Link V9 compiled Jun 23 2015 10:00:59
Hardware: V9.20
Feature(s) : GDB, RDI, FlashBP, FlashDL, JFlash 
 
* JLink Info: Found SWD-DP with ID 0x1BA01477
* JLink Info: Found SWD-DP with ID 0x1BA01477
* JLink Info: TPIU fitted.
* JLink Info: FPUnit: 6 code (BP) slots and 2 literal slots
* JLink Info: Found Cortex-M3 r1p1, Little endian.
ROMTableAddr = 0xE00FF003
 
Target info:
------------
Device: STM32F103CB
VTarget = 3.275V
State of Pins: 
TCK: 0, TDI: 1, TDO: 0, TMS: 1, TRES: 1, TRST: 1
Hardware-Breakpoints: 6
Software-Breakpoints: 8192
Watchpoints:          4
JTAG speed: 2000 kHz
 
Erase Done.
Programming Done.
Verify OK.
Build target 'STM32_uCOS_BSP_LIB'
compiling stm32f10x_it.c...
..\Bsp\stm32f10x_it.c(449): warning:  #188-D: enumerated type mixed with another type
..\Bsp\stm32f10x_it.c(455): warning:  #188-D: enumerated type mixed with another type
..\Bsp\stm32f10x_it.c(458): warning:  #188-D: enumerated type mixed with another type
..\Bsp\stm32f10x_it.c(461): warning:  #188-D: enumerated type mixed with another type
linking...
Program Size: Code=20716 RO-data=768 RW-data=444 ZI-data=13268  
FromELF: creating hex file...
"..\Output\STM32_uCOS_BSP_LIB.axf" - 0 Errors, 4 Warning(s).
Load "..\\Output\\STM32_uCOS_BSP_LIB.axf" 
Set JLink Project File to "E:\Ò£¿ØÆ÷\fly_controller\1AAP\controller\Project\JLinkSettings.ini"
* JLink Info: Device "STM32F103CB" selected (128 KB flash, 20 KB RAM).
 
JLink info:
------------
DLL: V4.68a, compiled Apr 12 2013 13:26:50
Firmware: J-Link V9 compiled Jun 23 2015 10:00:59
Hardware: V9.20
Feature(s) : GDB, RDI, FlashBP, FlashDL, JFlash 
 
* JLink Info: Found SWD-DP with ID 0x1BA01477
* JLink Info: Found SWD-DP with ID 0x1BA01477
* JLink Info: TPIU fitted.
* JLink Info: FPUnit: 6 code (BP) slots and 2 literal slots
* JLink Info: Found Cortex-M3 r1p1, Little endian.
ROMTableAddr = 0xE00FF003
 
Target info:
------------
Device: STM32F103CB
VTarget = 3.275V
State of Pins: 
TCK: 0, TDI: 1, TDO: 0, TMS: 1, TRES: 1, TRST: 1
Hardware-Breakpoints: 6
Software-Breakpoints: 8192
Watchpoints:          4
JTAG speed: 2000 kHz
 
Erase Done.
Programming Done.
Verify OK.
Build target 'STM32_uCOS_BSP_LIB'
compiling stm32f10x_it.c...
..\Bsp\stm32f10x_it.c(449): warning:  #188-D: enumerated type mixed with another type
..\Bsp\stm32f10x_it.c(456): warning:  #188-D: enumerated type mixed with another type
..\Bsp\stm32f10x_it.c(459): warning:  #188-D: enumerated type mixed with another type
..\Bsp\stm32f10x_it.c(462): warning:  #188-D: enumerated type mixed with another type
linking...
Program Size: Code=20716 RO-data=768 RW-data=444 ZI-data=13268  
FromELF: creating hex file...
"..\Output\STM32_uCOS_BSP_LIB.axf" - 0 Errors, 4 Warning(s).
Load "..\\Output\\STM32_uCOS_BSP_LIB.axf" 
Set JLink Project File to "E:\Ò£¿ØÆ÷\fly_controller\1AAP\controller\Project\JLinkSettings.ini"
* JLink Info: Device "STM32F103CB" selected (128 KB flash, 20 KB RAM).
 
JLink info:
------------
DLL: V4.68a, compiled Apr 12 2013 13:26:50
Firmware: J-Link V9 compiled Jun 23 2015 10:00:59
Hardware: V9.20
Feature(s) : GDB, RDI, FlashBP, FlashDL, JFlash 
 
* JLink Info: Found SWD-DP with ID 0x1BA01477
* JLink Info: Found SWD-DP with ID 0x1BA01477
* JLink Info: TPIU fitted.
* JLink Info: FPUnit: 6 code (BP) slots and 2 literal slots
* JLink Info: Found Cortex-M3 r1p1, Little endian.
ROMTableAddr = 0xE00FF003
 
Target info:
------------
Device: STM32F103CB
VTarget = 3.275V
State of Pins: 
TCK: 0, TDI: 1, TDO: 0, TMS: 1, TRES: 1, TRST: 1
Hardware-Breakpoints: 6
Software-Breakpoints: 8192
Watchpoints:          4
JTAG speed: 2000 kHz
 
Erase Done.
Programming Done.
Verify OK.
compiling os_tmr.c...
"..\uCOS-II\Source\os_tmr.c" - 0 Errors, 0 Warning(s).
Build target 'STM32_uCOS_BSP_LIB'
compiling main.c...
..\App\main.c(165): warning:  #177-D: variable "testtime" was declared but never referenced
..\App\main.c(248): warning:  #223-D: function "average_filter" declared implicitly
..\App\main.c(307): warning:  #188-D: enumerated type mixed with another type
..\App\main.c(311): warning:  #188-D: enumerated type mixed with another type
..\App\main.c(315): warning:  #188-D: enumerated type mixed with another type
..\App\main.c(325): warning:  #177-D: variable "test" was declared but never referenced
..\App\main.c(325): warning:  #177-D: variable "len" was declared but never referenced
..\App\main.c(346): warning:  #177-D: variable "InBuffer" was declared but never referenced
compiling stm32f10x_it.c...
..\Bsp\stm32f10x_it.c(449): warning:  #188-D: enumerated type mixed with another type
..\Bsp\stm32f10x_it.c(455): warning:  #188-D: enumerated type mixed with another type
..\Bsp\stm32f10x_it.c(458): warning:  #188-D: enumerated type mixed with another type
..\Bsp\stm32f10x_it.c(461): warning:  #188-D: enumerated type mixed with another type
linking...
Program Size: Code=20720 RO-data=768 RW-data=444 ZI-data=13268  
FromELF: creating hex file...
"..\Output\STM32_uCOS_BSP_LIB.axf" - 0 Errors, 12 Warning(s).
Load "..\\Output\\STM32_uCOS_BSP_LIB.axf" 
Set JLink Project File to "E:\Ò£¿ØÆ÷\fly_controller\1AAP\controller\Project\JLinkSettings.ini"
* JLink Info: Device "STM32F103CB" selected (128 KB flash, 20 KB RAM).
 
JLink info:
------------
DLL: V4.68a, compiled Apr 12 2013 13:26:50
Firmware: J-Link V9 compiled Jun 23 2015 10:00:59
Hardware: V9.20
Feature(s) : GDB, RDI, FlashBP, FlashDL, JFlash 
 
* JLink Info: Found SWD-DP with ID 0x1BA01477
* JLink Info: Found SWD-DP with ID 0x1BA01477
* JLink Info: TPIU fitted.
* JLink Info: FPUnit: 6 code (BP) slots and 2 literal slots
* JLink Info: Found Cortex-M3 r1p1, Little endian.
ROMTableAddr = 0xE00FF003
 
Target info:
------------
Device: STM32F103CB
VTarget = 3.275V
State of Pins: 
TCK: 0, TDI: 1, TDO: 0, TMS: 1, TRES: 1, TRST: 1
Hardware-Breakpoints: 6
Software-Breakpoints: 8192
Watchpoints:          4
JTAG speed: 2000 kHz
 
Erase Done.
Programming Done.
Verify OK.
Build target 'STM32_uCOS_BSP_LIB'
compiling main.c...
..\App\main.c(165): warning:  #177-D: variable "testtime" was declared but never referenced
..\App\main.c(248): warning:  #223-D: function "average_filter" declared implicitly
..\App\main.c(307): warning:  #188-D: enumerated type mixed with another type
..\App\main.c(311): warning:  #188-D: enumerated type mixed with another type
..\App\main.c(315): warning:  #188-D: enumerated type mixed with another type
..\App\main.c(325): warning:  #177-D: variable "test" was declared but never referenced
..\App\main.c(325): warning:  #177-D: variable "len" was declared but never referenced
..\App\main.c(346): warning:  #177-D: variable "InBuffer" was declared but never referenced
compiling stm32f10x_it.c...
..\Bsp\stm32f10x_it.c(449): warning:  #188-D: enumerated type mixed with another type
..\Bsp\stm32f10x_it.c(455): warning:  #188-D: enumerated type mixed with another type
..\Bsp\stm32f10x_it.c(458): warning:  #188-D: enumerated type mixed with another type
..\Bsp\stm32f10x_it.c(461): warning:  #188-D: enumerated type mixed with another type
compiling RS485.c...
..\Bsp\RS485.c(11): warning:  #177-D: variable "GPIO_InitStructure" was declared but never referenced
compiling Stm32Usart.c...
compiling led.c...
..\Bsp\led.c(38): warning:  #9-D: nested comment is not allowed
..\Bsp\led.c(40): warning:  #9-D: nested comment is not allowed
compiling sbus.c...
compiling adc.c...
..\Bsp\adc.c(5): warning:  #177-D: variable "ADC_Filter" was declared but never referenced
compiling key.c...
compiling usbHID.c...
..\Bsp\usbHID.c(33): warning:  #223-D: function "PowerOff" declared implicitly
..\Bsp\usbHID.c(42): warning:  #1-D: last line of file ends without a newline
compiling flash_in_stm32.c...
compiling os_core.c...
compiling os_flag.c...
compiling os_mbox.c...
compiling os_mem.c...
compiling os_mutex.c...
compiling os_q.c...
compiling os_sem.c...
compiling os_task.c...
compiling os_time.c...
compiling os_tmr.c...
compiling os_cpu_c.c...
compiling os_dbg.c...
linking...
Program Size: Code=21084 RO-data=768 RW-data=444 ZI-data=13268  
FromELF: creating hex file...
"..\Output\STM32_uCOS_BSP_LIB.axf" - 0 Errors, 18 Warning(s).
Load "..\\Output\\STM32_uCOS_BSP_LIB.axf" 
Set JLink Project File to "E:\Ò£¿ØÆ÷\fly_controller\1AAP\controller\Project\JLinkSettings.ini"
* JLink Info: Device "STM32F103CB" selected (128 KB flash, 20 KB RAM).
 
JLink info:
------------
DLL: V4.68a, compiled Apr 12 2013 13:26:50
Firmware: J-Link V9 compiled Jun 23 2015 10:00:59
Hardware: V9.20
Feature(s) : GDB, RDI, FlashBP, FlashDL, JFlash 
 
* JLink Info: Found SWD-DP with ID 0x1BA01477
* JLink Info: Found SWD-DP with ID 0x1BA01477
* JLink Info: TPIU fitted.
* JLink Info: FPUnit: 6 code (BP) slots and 2 literal slots
* JLink Info: Found Cortex-M3 r1p1, Little endian.
ROMTableAddr = 0xE00FF003
 
Target info:
------------
Device: STM32F103CB
VTarget = 3.274V
State of Pins: 
TCK: 0, TDI: 1, TDO: 0, TMS: 1, TRES: 1, TRST: 1
Hardware-Breakpoints: 6
Software-Breakpoints: 8192
Watchpoints:          4
JTAG speed: 2000 kHz
 
Erase Done.
Programming Done.
Verify OK.
Build target 'STM32_uCOS_BSP_LIB'
compiling stm32f10x_it.c...
..\Bsp\stm32f10x_it.c(449): warning:  #188-D: enumerated type mixed with another type
..\Bsp\stm32f10x_it.c(456): warning:  #188-D: enumerated type mixed with another type
..\Bsp\stm32f10x_it.c(460): warning:  #188-D: enumerated type mixed with another type
..\Bsp\stm32f10x_it.c(463): warning:  #188-D: enumerated type mixed with another type
linking...
Program Size: Code=21076 RO-data=768 RW-data=444 ZI-data=13268  
FromELF: creating hex file...
"..\Output\STM32_uCOS_BSP_LIB.axf" - 0 Errors, 4 Warning(s).
Load "..\\Output\\STM32_uCOS_BSP_LIB.axf" 
Set JLink Project File to "E:\Ò£¿ØÆ÷\fly_controller\1AAP\controller\Project\JLinkSettings.ini"
* JLink Info: Device "STM32F103CB" selected (128 KB flash, 20 KB RAM).
 
JLink info:
------------
DLL: V4.68a, compiled Apr 12 2013 13:26:50
Firmware: J-Link V9 compiled Jun 23 2015 10:00:59
Hardware: V9.20
Feature(s) : GDB, RDI, FlashBP, FlashDL, JFlash 
 
* JLink Info: Found SWD-DP with ID 0x1BA01477
* JLink Info: Found SWD-DP with ID 0x1BA01477
* JLink Info: TPIU fitted.
* JLink Info: FPUnit: 6 code (BP) slots and 2 literal slots
* JLink Info: Found Cortex-M3 r1p1, Little endian.
ROMTableAddr = 0xE00FF003
 
Target info:
------------
Device: STM32F103CB
VTarget = 3.275V
State of Pins: 
TCK: 0, TDI: 1, TDO: 0, TMS: 1, TRES: 1, TRST: 1
Hardware-Breakpoints: 6
Software-Breakpoints: 8192
Watchpoints:          4
JTAG speed: 2000 kHz
 
Erase Done.
Programming Done.
Verify OK.
Build target 'STM32_uCOS_BSP_LIB'
compiling stm32f10x_it.c...
..\Bsp\stm32f10x_it.c(450): warning:  #188-D: enumerated type mixed with another type
..\Bsp\stm32f10x_it.c(457): warning:  #188-D: enumerated type mixed with another type
..\Bsp\stm32f10x_it.c(461): warning:  #188-D: enumerated type mixed with another type
..\Bsp\stm32f10x_it.c(464): warning:  #188-D: enumerated type mixed with another type
linking...
Program Size: Code=21088 RO-data=768 RW-data=444 ZI-data=13268  
FromELF: creating hex file...
"..\Output\STM32_uCOS_BSP_LIB.axf" - 0 Errors, 4 Warning(s).
Load "..\\Output\\STM32_uCOS_BSP_LIB.axf" 
Set JLink Project File to "E:\Ò£¿ØÆ÷\fly_controller\1AAP\controller\Project\JLinkSettings.ini"
* JLink Info: Device "STM32F103CB" selected (128 KB flash, 20 KB RAM).
 
JLink info:
------------
DLL: V4.68a, compiled Apr 12 2013 13:26:50
Firmware: J-Link V9 compiled Jun 23 2015 10:00:59
Hardware: V9.20
Feature(s) : GDB, RDI, FlashBP, FlashDL, JFlash 
 
* JLink Info: Found SWD-DP with ID 0x1BA01477
* JLink Info: Found SWD-DP with ID 0x1BA01477
* JLink Info: TPIU fitted.
* JLink Info: FPUnit: 6 code (BP) slots and 2 literal slots
* JLink Info: Found Cortex-M3 r1p1, Little endian.
ROMTableAddr = 0xE00FF003
 
Target info:
------------
Device: STM32F103CB
VTarget = 3.274V
State of Pins: 
TCK: 0, TDI: 1, TDO: 0, TMS: 1, TRES: 1, TRST: 1
Hardware-Breakpoints: 6
Software-Breakpoints: 8192
Watchpoints:          4
JTAG speed: 2000 kHz
 
Erase Done.
Programming Done.
Verify OK.
Build target 'STM32_uCOS_BSP_LIB'
compiling main.c...
..\App\main.c(165): warning:  #177-D: variable "testtime" was declared but never referenced
..\App\main.c(248): warning:  #223-D: function "average_filter" declared implicitly
..\App\main.c(307): warning:  #188-D: enumerated type mixed with another type
..\App\main.c(311): warning:  #188-D: enumerated type mixed with another type
..\App\main.c(315): warning:  #188-D: enumerated type mixed with another type
..\App\main.c(325): warning:  #177-D: variable "test" was declared but never referenced
..\App\main.c(325): warning:  #177-D: variable "len" was declared but never referenced
..\App\main.c(346): warning:  #177-D: variable "InBuffer" was declared but never referenced
linking...
Program Size: Code=21088 RO-data=768 RW-data=444 ZI-data=13268  
FromELF: creating hex file...
"..\Output\STM32_uCOS_BSP_LIB.axf" - 0 Errors, 8 Warning(s).
Load "..\\Output\\STM32_uCOS_BSP_LIB.axf" 
Set JLink Project File to "E:\Ò£¿ØÆ÷\fly_controller\1AAP\controller\Project\JLinkSettings.ini"
* JLink Info: Device "STM32F103CB" selected (128 KB flash, 20 KB RAM).
 
JLink info:
------------
DLL: V4.68a, compiled Apr 12 2013 13:26:50
Firmware: J-Link V9 compiled Jun 23 2015 10:00:59
Hardware: V9.20
Feature(s) : GDB, RDI, FlashBP, FlashDL, JFlash 
 
* JLink Info: Found SWD-DP with ID 0x1BA01477
* JLink Info: Found SWD-DP with ID 0x1BA01477
* JLink Info: TPIU fitted.
* JLink Info: FPUnit: 6 code (BP) slots and 2 literal slots
* JLink Info: Found Cortex-M3 r1p1, Little endian.
ROMTableAddr = 0xE00FF003
 
Target info:
------------
Device: STM32F103CB
VTarget = 3.275V
State of Pins: 
TCK: 0, TDI: 1, TDO: 0, TMS: 1, TRES: 1, TRST: 1
Hardware-Breakpoints: 6
Software-Breakpoints: 8192
Watchpoints:          4
JTAG speed: 2000 kHz
 
Erase Done.
Programming Done.
Verify OK.
Build target 'STM32_uCOS_BSP_LIB'
compiling main.c...
..\App\main.c(163): warning:  #177-D: variable "testtime" was declared but never referenced
..\App\main.c(246): warning:  #223-D: function "average_filter" declared implicitly
..\App\main.c(305): warning:  #188-D: enumerated type mixed with another type
..\App\main.c(309): warning:  #188-D: enumerated type mixed with another type
..\App\main.c(313): warning:  #188-D: enumerated type mixed with another type
..\App\main.c(323): warning:  #177-D: variable "test" was declared but never referenced
..\App\main.c(323): warning:  #177-D: variable "len" was declared but never referenced
..\App\main.c(344): warning:  #177-D: variable "InBuffer" was declared but never referenced
compiling stm32f10x_it.c...
..\Bsp\stm32f10x_it.c(452): warning:  #188-D: enumerated type mixed with another type
..\Bsp\stm32f10x_it.c(459): warning:  #188-D: enumerated type mixed with another type
..\Bsp\stm32f10x_it.c(463): warning:  #188-D: enumerated type mixed with another type
..\Bsp\stm32f10x_it.c(466): warning:  #188-D: enumerated type mixed with another type
linking...
Program Size: Code=21088 RO-data=768 RW-data=444 ZI-data=13268  
FromELF: creating hex file...
"..\Output\STM32_uCOS_BSP_LIB.axf" - 0 Errors, 12 Warning(s).
Load "..\\Output\\STM32_uCOS_BSP_LIB.axf" 
Set JLink Project File to "E:\Ò£¿ØÆ÷\fly_controller\1AAP\controller\Project\JLinkSettings.ini"
* JLink Info: Device "STM32F103CB" selected (128 KB flash, 20 KB RAM).
 
JLink info:
------------
DLL: V4.68a, compiled Apr 12 2013 13:26:50
Firmware: J-Link V9 compiled Jun 23 2015 10:00:59
Hardware: V9.20
Feature(s) : GDB, RDI, FlashBP, FlashDL, JFlash 
 
* JLink Info: Found SWD-DP with ID 0x1BA01477
* JLink Info: Found SWD-DP with ID 0x1BA01477
* JLink Info: TPIU fitted.
* JLink Info: FPUnit: 6 code (BP) slots and 2 literal slots
* JLink Info: Found Cortex-M3 r1p1, Little endian.
ROMTableAddr = 0xE00FF003
 
Target info:
------------
Device: STM32F103CB
VTarget = 3.275V
State of Pins: 
TCK: 0, TDI: 1, TDO: 0, TMS: 1, TRES: 1, TRST: 1
Hardware-Breakpoints: 6
Software-Breakpoints: 8192
Watchpoints:          4
JTAG speed: 2000 kHz
 
Erase Done.
Programming Done.
Verify OK.
Build target 'STM32_uCOS_BSP_LIB'
compiling stm32f10x_it.c...
..\Bsp\stm32f10x_it.c(452): warning:  #188-D: enumerated type mixed with another type
..\Bsp\stm32f10x_it.c(459): warning:  #188-D: enumerated type mixed with another type
..\Bsp\stm32f10x_it.c(463): warning:  #188-D: enumerated type mixed with another type
..\Bsp\stm32f10x_it.c(466): warning:  #188-D: enumerated type mixed with another type
linking...
Program Size: Code=21088 RO-data=768 RW-data=444 ZI-data=13268  
FromELF: creating hex file...
"..\Output\STM32_uCOS_BSP_LIB.axf" - 0 Errors, 4 Warning(s).
Load "..\\Output\\STM32_uCOS_BSP_LIB.axf" 
Set JLink Project File to "E:\Ò£¿ØÆ÷\fly_controller\1AAP\controller\Project\JLinkSettings.ini"
* JLink Info: Device "STM32F103CB" selected (128 KB flash, 20 KB RAM).
 
JLink info:
------------
DLL: V4.68a, compiled Apr 12 2013 13:26:50
Firmware: J-Link V9 compiled Jun 23 2015 10:00:59
Hardware: V9.20
Feature(s) : GDB, RDI, FlashBP, FlashDL, JFlash 
 
* JLink Info: Found SWD-DP with ID 0x1BA01477
* JLink Info: Found SWD-DP with ID 0x1BA01477
* JLink Info: TPIU fitted.
* JLink Info: FPUnit: 6 code (BP) slots and 2 literal slots
* JLink Info: Found Cortex-M3 r1p1, Little endian.
ROMTableAddr = 0xE00FF003
 
Target info:
------------
Device: STM32F103CB
VTarget = 3.275V
State of Pins: 
TCK: 0, TDI: 1, TDO: 0, TMS: 1, TRES: 1, TRST: 1
Hardware-Breakpoints: 6
Software-Breakpoints: 8192
Watchpoints:          4
JTAG speed: 2000 kHz
 
Erase Done.
Programming Done.
Verify OK.
Build target 'STM32_uCOS_BSP_LIB'
compiling stm32f10x_it.c...
..\Bsp\stm32f10x_it.c(452): warning:  #188-D: enumerated type mixed with another type
..\Bsp\stm32f10x_it.c(459): warning:  #188-D: enumerated type mixed with another type
..\Bsp\stm32f10x_it.c(463): warning:  #188-D: enumerated type mixed with another type
..\Bsp\stm32f10x_it.c(466): warning:  #188-D: enumerated type mixed with another type
linking...
Program Size: Code=21088 RO-data=768 RW-data=444 ZI-data=13268  
FromELF: creating hex file...
"..\Output\STM32_uCOS_BSP_LIB.axf" - 0 Errors, 4 Warning(s).
Load "..\\Output\\STM32_uCOS_BSP_LIB.axf" 
Set JLink Project File to "E:\Ò£¿ØÆ÷\fly_controller\1AAP\controller\Project\JLinkSettings.ini"
* JLink Info: Device "STM32F103CB" selected (128 KB flash, 20 KB RAM).
 
JLink info:
------------
DLL: V4.68a, compiled Apr 12 2013 13:26:50
Firmware: J-Link V9 compiled Jun 23 2015 10:00:59
Hardware: V9.20
Feature(s) : GDB, RDI, FlashBP, FlashDL, JFlash 
 
* JLink Info: Found SWD-DP with ID 0x1BA01477
* JLink Info: Found SWD-DP with ID 0x1BA01477
* JLink Info: TPIU fitted.
* JLink Info: FPUnit: 6 code (BP) slots and 2 literal slots
* JLink Info: Found Cortex-M3 r1p1, Little endian.
ROMTableAddr = 0xE00FF003
 
Target info:
------------
Device: STM32F103CB
VTarget = 3.274V
State of Pins: 
TCK: 0, TDI: 1, TDO: 0, TMS: 1, TRES: 1, TRST: 1
Hardware-Breakpoints: 6
Software-Breakpoints: 8192
Watchpoints:          4
JTAG speed: 2000 kHz
 
Erase Done.
Programming Done.
Verify OK.
Build target 'STM32_uCOS_BSP_LIB'
compiling main.c...
..\App\main.c(163): warning:  #177-D: variable "testtime" was declared but never referenced
..\App\main.c(246): warning:  #223-D: function "average_filter" declared implicitly
..\App\main.c(306): warning:  #188-D: enumerated type mixed with another type
..\App\main.c(310): warning:  #188-D: enumerated type mixed with another type
..\App\main.c(314): warning:  #188-D: enumerated type mixed with another type
..\App\main.c(324): warning:  #177-D: variable "test" was declared but never referenced
..\App\main.c(324): warning:  #177-D: variable "len" was declared but never referenced
..\App\main.c(345): warning:  #177-D: variable "InBuffer" was declared but never referenced
compiling stm32f10x_it.c...
..\Bsp\stm32f10x_it.c(452): warning:  #188-D: enumerated type mixed with another type
..\Bsp\stm32f10x_it.c(459): warning:  #188-D: enumerated type mixed with another type
..\Bsp\stm32f10x_it.c(463): warning:  #188-D: enumerated type mixed with another type
..\Bsp\stm32f10x_it.c(466): warning:  #188-D: enumerated type mixed with another type
linking...
Program Size: Code=21088 RO-data=768 RW-data=444 ZI-data=13268  
FromELF: creating hex file...
"..\Output\STM32_uCOS_BSP_LIB.axf" - 0 Errors, 12 Warning(s).
Build target 'STM32_uCOS_BSP_LIB'
linking...
Program Size: Code=21088 RO-data=768 RW-data=444 ZI-data=13268  
FromELF: creating hex file...
"..\Output\STM32_uCOS_BSP_LIB.axf" - 0 Errors, 0 Warning(s).
Load "..\\Output\\STM32_uCOS_BSP_LIB.axf" 
Set JLink Project File to "E:\Ò£¿ØÆ÷\fly_controller\1AAP\controller\Project\JLinkSettings.ini"
* JLink Info: Device "STM32F103CB" selected (128 KB flash, 20 KB RAM).
 
JLink info:
------------
DLL: V4.68a, compiled Apr 12 2013 13:26:50
Firmware: J-Link V9 compiled Jun 23 2015 10:00:59
Hardware: V9.20
Feature(s) : GDB, RDI, FlashBP, FlashDL, JFlash 
 
* JLink Info: Found SWD-DP with ID 0x1BA01477
* JLink Info: Found SWD-DP with ID 0x1BA01477
* JLink Info: TPIU fitted.
* JLink Info: FPUnit: 6 code (BP) slots and 2 literal slots
* JLink Info: Found Cortex-M3 r1p1, Little endian.
ROMTableAddr = 0xE00FF003
 
Target info:
------------
Device: STM32F103CB
VTarget = 3.275V
State of Pins: 
TCK: 0, TDI: 1, TDO: 0, TMS: 1, TRES: 1, TRST: 1
Hardware-Breakpoints: 6
Software-Breakpoints: 8192
Watchpoints:          4
JTAG speed: 2000 kHz
 
Erase Done.
Programming Done.
Verify OK.
Build target 'STM32_uCOS_BSP_LIB'
compiling main.c...
..\App\main.c(163): warning:  #177-D: variable "testtime" was declared but never referenced
..\App\main.c(246): warning:  #223-D: function "average_filter" declared implicitly
..\App\main.c(308): warning:  #188-D: enumerated type mixed with another type
..\App\main.c(312): warning:  #188-D: enumerated type mixed with another type
..\App\main.c(316): warning:  #188-D: enumerated type mixed with another type
..\App\main.c(326): warning:  #177-D: variable "test" was declared but never referenced
..\App\main.c(326): warning:  #177-D: variable "len" was declared but never referenced
..\App\main.c(347): warning:  #177-D: variable "InBuffer" was declared but never referenced
linking...
Program Size: Code=21092 RO-data=768 RW-data=444 ZI-data=13268  
FromELF: creating hex file...
"..\Output\STM32_uCOS_BSP_LIB.axf" - 0 Errors, 8 Warning(s).
Load "..\\Output\\STM32_uCOS_BSP_LIB.axf" 
Set JLink Project File to "E:\Ò£¿ØÆ÷\fly_controller\1AAP\controller\Project\JLinkSettings.ini"
* JLink Info: Device "STM32F103CB" selected (128 KB flash, 20 KB RAM).
 
JLink info:
------------
DLL: V4.68a, compiled Apr 12 2013 13:26:50
Firmware: J-Link V9 compiled Jun 23 2015 10:00:59
Hardware: V9.20
Feature(s) : GDB, RDI, FlashBP, FlashDL, JFlash 
 
* JLink Info: Found SWD-DP with ID 0x1BA01477
* JLink Info: Found SWD-DP with ID 0x1BA01477
* JLink Info: TPIU fitted.
* JLink Info: FPUnit: 6 code (BP) slots and 2 literal slots
* JLink Info: Found Cortex-M3 r1p1, Little endian.
ROMTableAddr = 0xE00FF003
 
Target info:
------------
Device: STM32F103CB
VTarget = 3.275V
State of Pins: 
TCK: 0, TDI: 1, TDO: 0, TMS: 1, TRES: 1, TRST: 1
Hardware-Breakpoints: 6
Software-Breakpoints: 8192
Watchpoints:          4
JTAG speed: 2000 kHz
 
Erase Done.
Programming Done.
Verify OK.
Build target 'STM32_uCOS_BSP_LIB'
compiling stm32f10x_it.c...
..\Bsp\stm32f10x_it.c(452): warning:  #188-D: enumerated type mixed with another type
..\Bsp\stm32f10x_it.c(459): warning:  #188-D: enumerated type mixed with another type
..\Bsp\stm32f10x_it.c(463): warning:  #188-D: enumerated type mixed with another type
linking...
Program Size: Code=21084 RO-data=768 RW-data=444 ZI-data=13268  
FromELF: creating hex file...
"..\Output\STM32_uCOS_BSP_LIB.axf" - 0 Errors, 3 Warning(s).
Load "..\\Output\\STM32_uCOS_BSP_LIB.axf" 
Set JLink Project File to "E:\Ò£¿ØÆ÷\fly_controller\1AAP\controller\Project\JLinkSettings.ini"
* JLink Info: Device "STM32F103CB" selected (128 KB flash, 20 KB RAM).
 
JLink info:
------------
DLL: V4.68a, compiled Apr 12 2013 13:26:50
Firmware: J-Link V9 compiled Jun 23 2015 10:00:59
Hardware: V9.20
Feature(s) : GDB, RDI, FlashBP, FlashDL, JFlash 
 
* JLink Info: Found SWD-DP with ID 0x1BA01477
* JLink Info: Found SWD-DP with ID 0x1BA01477
* JLink Info: TPIU fitted.
* JLink Info: FPUnit: 6 code (BP) slots and 2 literal slots
* JLink Info: Found Cortex-M3 r1p1, Little endian.
ROMTableAddr = 0xE00FF003
 
Target info:
------------
Device: STM32F103CB
VTarget = 3.277V
State of Pins: 
TCK: 0, TDI: 1, TDO: 0, TMS: 1, TRES: 1, TRST: 1
Hardware-Breakpoints: 6
Software-Breakpoints: 8192
Watchpoints:          4
JTAG speed: 2000 kHz
 
Erase Done.
Programming Done.
Verify OK.
Build target 'STM32_uCOS_BSP_LIB'
compiling main.c...
..\App\main.c(163): warning:  #177-D: variable "testtime" was declared but never referenced
..\App\main.c(246): warning:  #223-D: function "average_filter" declared implicitly
..\App\main.c(308): warning:  #188-D: enumerated type mixed with another type
..\App\main.c(312): warning:  #188-D: enumerated type mixed with another type
..\App\main.c(316): warning:  #188-D: enumerated type mixed with another type
..\App\main.c(326): warning:  #177-D: variable "test" was declared but never referenced
..\App\main.c(326): warning:  #177-D: variable "len" was declared but never referenced
..\App\main.c(347): warning:  #177-D: variable "InBuffer" was declared but never referenced
linking...
Program Size: Code=21088 RO-data=768 RW-data=444 ZI-data=13268  
FromELF: creating hex file...
"..\Output\STM32_uCOS_BSP_LIB.axf" - 0 Errors, 8 Warning(s).
Load "..\\Output\\STM32_uCOS_BSP_LIB.axf" 
Set JLink Project File to "E:\Ò£¿ØÆ÷\fly_controller\1AAP\controller\Project\JLinkSettings.ini"
* JLink Info: Device "STM32F103CB" selected (128 KB flash, 20 KB RAM).
 
JLink info:
------------
DLL: V4.68a, compiled Apr 12 2013 13:26:50
Firmware: J-Link V9 compiled Jun 23 2015 10:00:59
Hardware: V9.20
Feature(s) : GDB, RDI, FlashBP, FlashDL, JFlash 
 
* JLink Info: Found SWD-DP with ID 0x1BA01477
* JLink Info: Found SWD-DP with ID 0x1BA01477
* JLink Info: TPIU fitted.
* JLink Info: FPUnit: 6 code (BP) slots and 2 literal slots
* JLink Info: Found Cortex-M3 r1p1, Little endian.
ROMTableAddr = 0xE00FF003
 
Target info:
------------
Device: STM32F103CB
VTarget = 3.275V
State of Pins: 
TCK: 0, TDI: 1, TDO: 0, TMS: 1, TRES: 1, TRST: 1
Hardware-Breakpoints: 6
Software-Breakpoints: 8192
Watchpoints:          4
JTAG speed: 2000 kHz
 
Erase Done.
Programming Done.
Verify OK.
Build target 'STM32_uCOS_BSP_LIB'
compiling main.c...
..\App\main.c(163): warning:  #177-D: variable "testtime" was declared but never referenced
..\App\main.c(246): warning:  #223-D: function "average_filter" declared implicitly
..\App\main.c(309): warning:  #188-D: enumerated type mixed with another type
..\App\main.c(313): warning:  #188-D: enumerated type mixed with another type
..\App\main.c(317): warning:  #188-D: enumerated type mixed with another type
..\App\main.c(327): warning:  #177-D: variable "test" was declared but never referenced
..\App\main.c(327): warning:  #177-D: variable "len" was declared but never referenced
..\App\main.c(348): warning:  #177-D: variable "InBuffer" was declared but never referenced
linking...
Program Size: Code=21092 RO-data=768 RW-data=444 ZI-data=13268  
FromELF: creating hex file...
"..\Output\STM32_uCOS_BSP_LIB.axf" - 0 Errors, 8 Warning(s).
Load "..\\Output\\STM32_uCOS_BSP_LIB.axf" 
Set JLink Project File to "E:\Ò£¿ØÆ÷\fly_controller\1AAP\controller\Project\JLinkSettings.ini"
* JLink Info: Device "STM32F103CB" selected (128 KB flash, 20 KB RAM).
 
JLink info:
------------
DLL: V4.68a, compiled Apr 12 2013 13:26:50
Firmware: J-Link V9 compiled Jun 23 2015 10:00:59
Hardware: V9.20
Feature(s) : GDB, RDI, FlashBP, FlashDL, JFlash 
 
* JLink Info: Found SWD-DP with ID 0x1BA01477
* JLink Info: Found SWD-DP with ID 0x1BA01477
* JLink Info: TPIU fitted.
* JLink Info: FPUnit: 6 code (BP) slots and 2 literal slots
* JLink Info: Found Cortex-M3 r1p1, Little endian.
ROMTableAddr = 0xE00FF003
 
Target info:
------------
Device: STM32F103CB
VTarget = 3.274V
State of Pins: 
TCK: 0, TDI: 1, TDO: 0, TMS: 1, TRES: 1, TRST: 1
Hardware-Breakpoints: 6
Software-Breakpoints: 8192
Watchpoints:          4
JTAG speed: 2000 kHz
 
Erase Done.
Programming Done.
Verify OK.
Build target 'STM32_uCOS_BSP_LIB'
compiling main.c...
..\App\main.c(163): warning:  #177-D: variable "testtime" was declared but never referenced
..\App\main.c(246): warning:  #223-D: function "average_filter" declared implicitly
..\App\main.c(309): warning:  #188-D: enumerated type mixed with another type
..\App\main.c(313): warning:  #188-D: enumerated type mixed with another type
..\App\main.c(317): warning:  #188-D: enumerated type mixed with another type
..\App\main.c(327): warning:  #177-D: variable "test" was declared but never referenced
..\App\main.c(327): warning:  #177-D: variable "len" was declared but never referenced
..\App\main.c(348): warning:  #177-D: variable "InBuffer" was declared but never referenced
compiling stm32f10x_it.c...
..\Bsp\stm32f10x_it.c(452): warning:  #188-D: enumerated type mixed with another type
..\Bsp\stm32f10x_it.c(459): warning:  #188-D: enumerated type mixed with another type
..\Bsp\stm32f10x_it.c(463): warning:  #188-D: enumerated type mixed with another type
compiling RS485.c...
..\Bsp\RS485.c(11): warning:  #177-D: variable "GPIO_InitStructure" was declared but never referenced
compiling Stm32Usart.c...
compiling led.c...
..\Bsp\led.c(38): warning:  #9-D: nested comment is not allowed
..\Bsp\led.c(40): warning:  #9-D: nested comment is not allowed
compiling sbus.c...
compiling adc.c...
..\Bsp\adc.c(5): warning:  #177-D: variable "ADC_Filter" was declared but never referenced
compiling key.c...
compiling usbHID.c...
..\Bsp\usbHID.c(33): warning:  #223-D: function "PowerOff" declared implicitly
..\Bsp\usbHID.c(42): warning:  #1-D: last line of file ends without a newline
compiling flash_in_stm32.c...
linking...
Program Size: Code=21092 RO-data=768 RW-data=444 ZI-data=13268  
FromELF: creating hex file...
"..\Output\STM32_uCOS_BSP_LIB.axf" - 0 Errors, 17 Warning(s).
compiling stm32f10x_it.c...
..\Bsp\stm32f10x_it.c(452): warning:  #188-D: enumerated type mixed with another type
..\Bsp\stm32f10x_it.c(459): warning:  #188-D: enumerated type mixed with another type
..\Bsp\stm32f10x_it.c(463): warning:  #188-D: enumerated type mixed with another type
"..\Bsp\stm32f10x_it.c" - 0 Errors, 3 Warning(s).
compiling key.c...
"..\Bsp\key.c" - 0 Errors, 0 Warning(s).
Build target 'STM32_uCOS_BSP_LIB'
compiling stm32f10x_it.c...
..\Bsp\stm32f10x_it.c(452): warning:  #188-D: enumerated type mixed with another type
..\Bsp\stm32f10x_it.c(459): warning:  #188-D: enumerated type mixed with another type
..\Bsp\stm32f10x_it.c(463): warning:  #188-D: enumerated type mixed with another type
linking...
Program Size: Code=21100 RO-data=768 RW-data=444 ZI-data=13268  
FromELF: creating hex file...
"..\Output\STM32_uCOS_BSP_LIB.axf" - 0 Errors, 3 Warning(s).
compiling stm32f10x_it.c...
..\Bsp\stm32f10x_it.c(452): warning:  #188-D: enumerated type mixed with another type
..\Bsp\stm32f10x_it.c(463): warning:  #188-D: enumerated type mixed with another type
"..\Bsp\stm32f10x_it.c" - 0 Errors, 2 Warning(s).
Build target 'STM32_uCOS_BSP_LIB'
linking...
Program Size: Code=21084 RO-data=768 RW-data=444 ZI-data=13268  
FromELF: creating hex file...
"..\Output\STM32_uCOS_BSP_LIB.axf" - 0 Errors, 0 Warning(s).
compiling stm32f10x_it.c...
..\Bsp\stm32f10x_it.c(434): warning:  #188-D: enumerated type mixed with another type
..\Bsp\stm32f10x_it.c(441): warning:  #188-D: enumerated type mixed with another type
..\Bsp\stm32f10x_it.c(464): warning:  #188-D: enumerated type mixed with another type
..\Bsp\stm32f10x_it.c(471): warning:  #188-D: enumerated type mixed with another type
..\Bsp\stm32f10x_it.c(494): warning:  #188-D: enumerated type mixed with another type
..\Bsp\stm32f10x_it.c(501): warning:  #188-D: enumerated type mixed with another type
..\Bsp\stm32f10x_it.c(519): warning:  #188-D: enumerated type mixed with another type
..\Bsp\stm32f10x_it.c(526): warning:  #188-D: enumerated type mixed with another type
..\Bsp\stm32f10x_it.c(545): warning:  #188-D: enumerated type mixed with another type
..\Bsp\stm32f10x_it.c(552): warning:  #188-D: enumerated type mixed with another type
"..\Bsp\stm32f10x_it.c" - 0 Errors, 10 Warning(s).
Build target 'STM32_uCOS_BSP_LIB'
linking...
Program Size: Code=21764 RO-data=768 RW-data=444 ZI-data=13268  
FromELF: creating hex file...
"..\Output\STM32_uCOS_BSP_LIB.axf" - 0 Errors, 0 Warning(s).
Load "..\\Output\\STM32_uCOS_BSP_LIB.axf" 
Set JLink Project File to "E:\Ò£¿ØÆ÷\fly_controller\1AAP\controller\Project\JLinkSettings.ini"
* JLink Info: Device "STM32F103CB" selected (128 KB flash, 20 KB RAM).
 
JLink info:
------------
DLL: V4.68a, compiled Apr 12 2013 13:26:50
Firmware: J-Link V9 compiled Jun 23 2015 10:00:59
Hardware: V9.20
Feature(s) : GDB, RDI, FlashBP, FlashDL, JFlash 
 
* JLink Info: STM32F1xxx: Can not attach to CPU. Trying connect under reset.
Load "..\\Output\\STM32_uCOS_BSP_LIB.axf" 
Set JLink Project File to "E:\Ò£¿ØÆ÷\fly_controller\1AAP\controller\Project\JLinkSettings.ini"
* JLink Info: Device "STM32F103CB" selected (128 KB flash, 20 KB RAM).
 
JLink info:
------------
DLL: V4.68a, compiled Apr 12 2013 13:26:50
Firmware: J-Link V9 compiled Jun 23 2015 10:00:59
Hardware: V9.20
Feature(s) : GDB, RDI, FlashBP, FlashDL, JFlash 
 
* JLink Info: Found SWD-DP with ID 0x1BA01477
* JLink Info: Found SWD-DP with ID 0x1BA01477
* JLink Info: TPIU fitted.
* JLink Info: FPUnit: 6 code (BP) slots and 2 literal slots
* JLink Info: Found Cortex-M3 r1p1, Little endian.
ROMTableAddr = 0xE00FF003
 
Target info:
------------
Device: STM32F103CB
VTarget = 3.274V
State of Pins: 
TCK: 0, TDI: 1, TDO: 0, TMS: 1, TRES: 1, TRST: 1
Hardware-Breakpoints: 6
Software-Breakpoints: 8192
Watchpoints:          4
JTAG speed: 2000 kHz
 
Erase Done.
Programming Done.
Verify OK.
Build target 'STM32_uCOS_BSP_LIB'
compiling main.c...
..\App\main.c(163): warning:  #177-D: variable "testtime" was declared but never referenced
..\App\main.c(246): warning:  #223-D: function "average_filter" declared implicitly
..\App\main.c(309): warning:  #188-D: enumerated type mixed with another type
..\App\main.c(313): warning:  #188-D: enumerated type mixed with another type
..\App\main.c(317): warning:  #188-D: enumerated type mixed with another type
..\App\main.c(327): warning:  #177-D: variable "test" was declared but never referenced
..\App\main.c(327): warning:  #177-D: variable "len" was declared but never referenced
..\App\main.c(348): warning:  #177-D: variable "InBuffer" was declared but never referenced
linking...
Program Size: Code=21768 RO-data=768 RW-data=444 ZI-data=13268  
FromELF: creating hex file...
"..\Output\STM32_uCOS_BSP_LIB.axf" - 0 Errors, 8 Warning(s).
compiling main.c...
..\App\main.c(163): warning:  #177-D: variable "testtime" was declared but never referenced
..\App\main.c(246): warning:  #223-D: function "average_filter" declared implicitly
..\App\main.c(310): warning:  #188-D: enumerated type mixed with another type
..\App\main.c(314): warning:  #188-D: enumerated type mixed with another type
..\App\main.c(318): warning:  #188-D: enumerated type mixed with another type
..\App\main.c(328): warning:  #177-D: variable "test" was declared but never referenced
..\App\main.c(328): warning:  #177-D: variable "len" was declared but never referenced
..\App\main.c(349): warning:  #177-D: variable "InBuffer" was declared but never referenced
"..\App\main.c" - 0 Errors, 8 Warning(s).
Build target 'STM32_uCOS_BSP_LIB'
linking...
Program Size: Code=21776 RO-data=768 RW-data=444 ZI-data=13268  
FromELF: creating hex file...
"..\Output\STM32_uCOS_BSP_LIB.axf" - 0 Errors, 0 Warning(s).
Load "..\\Output\\STM32_uCOS_BSP_LIB.axf" 
Set JLink Project File to "E:\Ò£¿ØÆ÷\fly_controller\1AAP\controller\Project\JLinkSettings.ini"
* JLink Info: Device "STM32F103CB" selected (128 KB flash, 20 KB RAM).
 
JLink info:
------------
DLL: V4.68a, compiled Apr 12 2013 13:26:50
Firmware: J-Link V9 compiled Jun 23 2015 10:00:59
Hardware: V9.20
Feature(s) : GDB, RDI, FlashBP, FlashDL, JFlash 
 
* JLink Info: Found SWD-DP with ID 0x1BA01477
* JLink Info: Found SWD-DP with ID 0x1BA01477
* JLink Info: TPIU fitted.
* JLink Info: FPUnit: 6 code (BP) slots and 2 literal slots
* JLink Info: Found Cortex-M3 r1p1, Little endian.
ROMTableAddr = 0xE00FF003
 
Target info:
------------
Device: STM32F103CB
VTarget = 3.275V
State of Pins: 
TCK: 0, TDI: 1, TDO: 0, TMS: 1, TRES: 1, TRST: 1
Hardware-Breakpoints: 6
Software-Breakpoints: 8192
Watchpoints:          4
JTAG speed: 2000 kHz
 
Erase Done.
Programming Done.
Verify OK.
Build target 'STM32_uCOS_BSP_LIB'
compiling stm32f10x_it.c...
..\Bsp\stm32f10x_it.c(434): warning:  #188-D: enumerated type mixed with another type
..\Bsp\stm32f10x_it.c(441): warning:  #188-D: enumerated type mixed with another type
..\Bsp\stm32f10x_it.c(464): warning:  #188-D: enumerated type mixed with another type
..\Bsp\stm32f10x_it.c(471): warning:  #188-D: enumerated type mixed with another type
..\Bsp\stm32f10x_it.c(494): warning:  #188-D: enumerated type mixed with another type
..\Bsp\stm32f10x_it.c(501): warning:  #188-D: enumerated type mixed with another type
..\Bsp\stm32f10x_it.c(519): warning:  #188-D: enumerated type mixed with another type
..\Bsp\stm32f10x_it.c(526): warning:  #188-D: enumerated type mixed with another type
..\Bsp\stm32f10x_it.c(545): warning:  #188-D: enumerated type mixed with another type
..\Bsp\stm32f10x_it.c(552): warning:  #188-D: enumerated type mixed with another type
linking...
Program Size: Code=21776 RO-data=768 RW-data=444 ZI-data=13268  
FromELF: creating hex file...
"..\Output\STM32_uCOS_BSP_LIB.axf" - 0 Errors, 10 Warning(s).
Load "..\\Output\\STM32_uCOS_BSP_LIB.axf" 
Set JLink Project File to "E:\Ò£¿ØÆ÷\fly_controller\1AAP\controller\Project\JLinkSettings.ini"
* JLink Info: Device "STM32F103CB" selected (128 KB flash, 20 KB RAM).
 
JLink info:
------------
DLL: V4.68a, compiled Apr 12 2013 13:26:50
Firmware: J-Link V9 compiled Jun 23 2015 10:00:59
Hardware: V9.20
Feature(s) : GDB, RDI, FlashBP, FlashDL, JFlash 
 
* JLink Info: Found SWD-DP with ID 0x1BA01477
* JLink Info: Found SWD-DP with ID 0x1BA01477
* JLink Info: TPIU fitted.
* JLink Info: FPUnit: 6 code (BP) slots and 2 literal slots
* JLink Info: Found Cortex-M3 r1p1, Little endian.
ROMTableAddr = 0xE00FF003
 
Target info:
------------
Device: STM32F103CB
VTarget = 3.275V
State of Pins: 
TCK: 0, TDI: 1, TDO: 0, TMS: 1, TRES: 1, TRST: 1
Hardware-Breakpoints: 6
Software-Breakpoints: 8192
Watchpoints:          4
JTAG speed: 2000 kHz
 
Erase Done.
Programming Done.
Verify OK.
Build target 'STM32_uCOS_BSP_LIB'
compiling stm32f10x_it.c...
..\Bsp\stm32f10x_it.c(434): warning:  #188-D: enumerated type mixed with another type
..\Bsp\stm32f10x_it.c(441): warning:  #188-D: enumerated type mixed with another type
..\Bsp\stm32f10x_it.c(464): warning:  #188-D: enumerated type mixed with another type
..\Bsp\stm32f10x_it.c(471): warning:  #188-D: enumerated type mixed with another type
..\Bsp\stm32f10x_it.c(494): warning:  #188-D: enumerated type mixed with another type
..\Bsp\stm32f10x_it.c(501): warning:  #188-D: enumerated type mixed with another type
..\Bsp\stm32f10x_it.c(519): warning:  #188-D: enumerated type mixed with another type
..\Bsp\stm32f10x_it.c(526): warning:  #188-D: enumerated type mixed with another type
..\Bsp\stm32f10x_it.c(545): warning:  #188-D: enumerated type mixed with another type
..\Bsp\stm32f10x_it.c(552): warning:  #188-D: enumerated type mixed with another type
linking...
Program Size: Code=21776 RO-data=768 RW-data=444 ZI-data=13268  
FromELF: creating hex file...
"..\Output\STM32_uCOS_BSP_LIB.axf" - 0 Errors, 10 Warning(s).
Load "..\\Output\\STM32_uCOS_BSP_LIB.axf" 
Set JLink Project File to "E:\Ò£¿ØÆ÷\fly_controller\1AAP\controller\Project\JLinkSettings.ini"
* JLink Info: Device "STM32F103CB" selected (128 KB flash, 20 KB RAM).
 
JLink info:
------------
DLL: V4.68a, compiled Apr 12 2013 13:26:50
Firmware: J-Link V9 compiled Jun 23 2015 10:00:59
Hardware: V9.20
Feature(s) : GDB, RDI, FlashBP, FlashDL, JFlash 
 
* JLink Info: Found SWD-DP with ID 0x1BA01477
* JLink Info: Found SWD-DP with ID 0x1BA01477
* JLink Info: TPIU fitted.
* JLink Info: FPUnit: 6 code (BP) slots and 2 literal slots
* JLink Info: Found Cortex-M3 r1p1, Little endian.
ROMTableAddr = 0xE00FF003
 
Target info:
------------
Device: STM32F103CB
VTarget = 3.275V
State of Pins: 
TCK: 0, TDI: 1, TDO: 0, TMS: 1, TRES: 1, TRST: 1
Hardware-Breakpoints: 6
Software-Breakpoints: 8192
Watchpoints:          4
JTAG speed: 2000 kHz
 
Erase Done.
Programming Done.
Verify OK.
compiling main.c...
..\App\main.c(163): warning:  #177-D: variable "testtime" was declared but never referenced
..\App\main.c(246): warning:  #223-D: function "average_filter" declared implicitly
..\App\main.c(310): warning:  #188-D: enumerated type mixed with another type
..\App\main.c(314): warning:  #188-D: enumerated type mixed with another type
..\App\main.c(318): warning:  #188-D: enumerated type mixed with another type
..\App\main.c(328): warning:  #177-D: variable "test" was declared but never referenced
..\App\main.c(328): warning:  #177-D: variable "len" was declared but never referenced
..\App\main.c(349): warning:  #177-D: variable "InBuffer" was declared but never referenced
"..\App\main.c" - 0 Errors, 8 Warning(s).
Build target 'STM32_uCOS_BSP_LIB'
linking...
Program Size: Code=21768 RO-data=768 RW-data=444 ZI-data=13268  
FromELF: creating hex file...
"..\Output\STM32_uCOS_BSP_LIB.axf" - 0 Errors, 0 Warning(s).
Load "..\\Output\\STM32_uCOS_BSP_LIB.axf" 
Set JLink Project File to "E:\Ò£¿ØÆ÷\fly_controller\1AAP\controller\Project\JLinkSettings.ini"
* JLink Info: Device "STM32F103CB" selected (128 KB flash, 20 KB RAM).
 
JLink info:
------------
DLL: V4.68a, compiled Apr 12 2013 13:26:50
Firmware: J-Link V9 compiled Jun 23 2015 10:00:59
Hardware: V9.20
Feature(s) : GDB, RDI, FlashBP, FlashDL, JFlash 
 
* JLink Info: Found SWD-DP with ID 0x1BA01477
* JLink Info: Found SWD-DP with ID 0x1BA01477
* JLink Info: TPIU fitted.
* JLink Info: FPUnit: 6 code (BP) slots and 2 literal slots
* JLink Info: Found Cortex-M3 r1p1, Little endian.
ROMTableAddr = 0xE00FF003
 
Target info:
------------
Device: STM32F103CB
VTarget = 3.275V
State of Pins: 
TCK: 0, TDI: 1, TDO: 0, TMS: 1, TRES: 1, TRST: 1
Hardware-Breakpoints: 6
Software-Breakpoints: 8192
Watchpoints:          4
JTAG speed: 2000 kHz
 
Erase Done.
Programming Done.
Verify OK.
