<html>
<body>
<pre>
<h1>µVision Build Log</h1>
<h2>Project:</h2>
E:\Ò£¿ØÆ÷\1AAP\sbus\Project\STM32_uCOS_BSP_LIB.uvproj
Project File Date:  08/27/2015

<h2>Output:</h2>
compiling main.c...
..\App\main.c(209): warning:  #177-D: variable "i" was declared but never referenced
"..\App\main.c" - 0 Errors, 1 Warning(s).
compiling system_stm32f10x.c...
"..\CMSIS\system_stm32f10x.c" - 0 Errors, 0 Warning(s).
Build target 'STM32_uCOS_BSP_LIB'
compiling main.c...
linking...
Program Size: Code=5120 RO-data=592 RW-data=56 ZI-data=12136  
FromELF: creating hex file...
"..\Output\STM32_uCOS_BSP_LIB.axf" - 0 Errors, 0 Warning(s).
Build target 'STM32_uCOS_BSP_LIB'
compiling main.c...
compiling stm32f10x_it.c...
compiling RS485.c...
compiling Stm32Usart.c...
compiling system_stm32f10x.c...
..\CMSIS\system_stm32f10x.c(203): error:  #20: identifier "FLASH_START" is undefined
"..\Output\STM32_uCOS_BSP_LIB.axf" - 1 Errors, 0 Warning(s).
Target not created
compiling system_stm32f10x.c...
"..\CMSIS\system_stm32f10x.c" - 0 Errors, 0 Warning(s).
Build target 'STM32_uCOS_BSP_LIB'
compiling main.c...
compiling stm32f10x_it.c...
compiling RS485.c...
compiling Stm32Usart.c...
linking...
Program Size: Code=5120 RO-data=592 RW-data=56 ZI-data=12136  
FromELF: creating hex file...
"..\Output\STM32_uCOS_BSP_LIB.axf" - 0 Errors, 0 Warning(s).
