<html>
<body>
<pre>
<h1>礦ision Build Log</h1>
<h2>Project:</h2>
E:\遥控器\fly_controller\USB跳转问题_a-p\1AAP\controller\Project\STM32_uCOS_BSP_LIB.uvproj
Project File Date:  10/22/2015

<h2>Output:</h2>
Build target 'STM32_uCOS_BSP_LIB'
linking...
Program Size: Code=22520 RO-data=768 RW-data=444 ZI-data=13268  
FromELF: creating hex file...
"..\Output\STM32_uCOS_BSP_LIB.axf" - 0 Errors, 0 Warning(s).
Build target 'STM32_uCOS_BSP_LIB'
compiling main.c...
..\App\main.c(83): warning:  #174-D: expression has no effect
..\App\main.c(170): warning:  #177-D: variable "testtime" was declared but never referenced
..\App\main.c(261): warning:  #223-D: function "average_filter" declared implicitly
..\App\main.c(281): warning:  #188-D: enumerated type mixed with another type
..\App\main.c(285): warning:  #188-D: enumerated type mixed with another type
..\App\main.c(289): warning:  #188-D: enumerated type mixed with another type
..\App\main.c(344): warning:  #188-D: enumerated type mixed with another type
..\App\main.c(348): warning:  #188-D: enumerated type mixed with another type
..\App\main.c(352): warning:  #188-D: enumerated type mixed with another type
..\App\main.c(362): warning:  #177-D: variable "test" was declared but never referenced
..\App\main.c(362): warning:  #177-D: variable "len" was declared but never referenced
..\App\main.c(383): warning:  #177-D: variable "InBuffer" was declared but never referenced
..\App\main.c(86): warning:  #177-D: function "GPIO_DeIntConfiguration" was declared but never referenced
compiling usbHID.c...
..\Bsp\usbHID.c(31): warning:  #223-D: function "PowerOff" declared implicitly
compiling usb_pwr.c...
linking...
Program Size: Code=22508 RO-data=768 RW-data=444 ZI-data=13268  
FromELF: creating hex file...
"..\Output\STM32_uCOS_BSP_LIB.axf" - 0 Errors, 14 Warning(s).
Load "..\\Output\\STM32_uCOS_BSP_LIB.axf" 
Set JLink Project File to "E:\遥控器\fly_controller\USB跳转问题_a-p\1AAP\controller\Project\JLinkSettings.ini"
* JLink Info: Device "STM32F103CB" selected (128 KB flash, 20 KB RAM).
 
JLink info:
------------
DLL: V4.68a, compiled Apr 12 2013 13:26:50
Firmware: J-Link V9 compiled Jun 23 2015 10:00:59
Hardware: V9.20
Feature(s) : GDB, RDI, FlashBP, FlashDL, JFlash 
 
* JLink Info: Found SWD-DP with ID 0x1BA01477
* JLink Info: Found SWD-DP with ID 0x1BA01477
* JLink Info: TPIU fitted.
* JLink Info: FPUnit: 6 code (BP) slots and 2 literal slots
* JLink Info: Found Cortex-M3 r1p1, Little endian.
ROMTableAddr = 0xE00FF003
 
Target info:
------------
Device: STM32F103CB
VTarget = 3.274V
State of Pins: 
TCK: 0, TDI: 1, TDO: 0, TMS: 1, TRES: 1, TRST: 1
Hardware-Breakpoints: 6
Software-Breakpoints: 8192
Watchpoints:          4
JTAG speed: 2000 kHz
 
Erase Done.
Programming Done.
Verify OK.
Build target 'STM32_uCOS_BSP_LIB'
compiling main.c...
..\App\main.c(83): warning:  #174-D: expression has no effect
..\App\main.c(170): warning:  #177-D: variable "testtime" was declared but never referenced
..\App\main.c(261): warning:  #223-D: function "average_filter" declared implicitly
..\App\main.c(281): warning:  #188-D: enumerated type mixed with another type
..\App\main.c(285): warning:  #188-D: enumerated type mixed with another type
..\App\main.c(289): warning:  #188-D: enumerated type mixed with another type
..\App\main.c(344): warning:  #188-D: enumerated type mixed with another type
..\App\main.c(348): warning:  #188-D: enumerated type mixed with another type
..\App\main.c(352): warning:  #188-D: enumerated type mixed with another type
..\App\main.c(362): warning:  #177-D: variable "test" was declared but never referenced
..\App\main.c(362): warning:  #177-D: variable "len" was declared but never referenced
..\App\main.c(383): warning:  #177-D: variable "InBuffer" was declared but never referenced
..\App\main.c(86): warning:  #177-D: function "GPIO_DeIntConfiguration" was declared but never referenced
linking...
Program Size: Code=22500 RO-data=768 RW-data=444 ZI-data=13268  
FromELF: creating hex file...
"..\Output\STM32_uCOS_BSP_LIB.axf" - 0 Errors, 13 Warning(s).
Load "..\\Output\\STM32_uCOS_BSP_LIB.axf" 
Set JLink Project File to "E:\遥控器\fly_controller\USB跳转问题_a-p\1AAP\controller\Project\JLinkSettings.ini"
* JLink Info: Device "STM32F103CB" selected (128 KB flash, 20 KB RAM).
 
JLink info:
------------
DLL: V4.68a, compiled Apr 12 2013 13:26:50
Firmware: J-Link V9 compiled Jun 23 2015 10:00:59
Hardware: V9.20
Feature(s) : GDB, RDI, FlashBP, FlashDL, JFlash 
 
* JLink Info: Found SWD-DP with ID 0x1BA01477
* JLink Info: Found SWD-DP with ID 0x1BA01477
* JLink Info: TPIU fitted.
* JLink Info: FPUnit: 6 code (BP) slots and 2 literal slots
* JLink Info: Found Cortex-M3 r1p1, Little endian.
ROMTableAddr = 0xE00FF003
 
Target info:
------------
Device: STM32F103CB
VTarget = 3.275V
State of Pins: 
TCK: 0, TDI: 1, TDO: 0, TMS: 1, TRES: 1, TRST: 1
Hardware-Breakpoints: 6
Software-Breakpoints: 8192
Watchpoints:          4
JTAG speed: 2000 kHz
 
Erase Done.
Programming Done.
Verify OK.
Build target 'STM32_uCOS_BSP_LIB'
linking...
Program Size: Code=22500 RO-data=768 RW-data=444 ZI-data=13268  
FromELF: creating hex file...
"..\Output\STM32_uCOS_BSP_LIB.axf" - 0 Errors, 0 Warning(s).
compiling main.c...
..\App\main.c(83): warning:  #174-D: expression has no effect
..\App\main.c(170): warning:  #177-D: variable "testtime" was declared but never referenced
..\App\main.c(261): warning:  #223-D: function "average_filter" declared implicitly
..\App\main.c(281): warning:  #188-D: enumerated type mixed with another type
..\App\main.c(285): warning:  #188-D: enumerated type mixed with another type
..\App\main.c(289): warning:  #188-D: enumerated type mixed with another type
..\App\main.c(344): warning:  #188-D: enumerated type mixed with another type
..\App\main.c(348): warning:  #188-D: enumerated type mixed with another type
..\App\main.c(352): warning:  #188-D: enumerated type mixed with another type
..\App\main.c(362): warning:  #177-D: variable "test" was declared but never referenced
..\App\main.c(362): warning:  #177-D: variable "len" was declared but never referenced
..\App\main.c(383): warning:  #177-D: variable "InBuffer" was declared but never referenced
..\App\main.c(86): warning:  #177-D: function "GPIO_DeIntConfiguration" was declared but never referenced
"..\App\main.c" - 0 Errors, 13 Warning(s).
Build target 'STM32_uCOS_BSP_LIB'
linking...
Program Size: Code=22516 RO-data=768 RW-data=444 ZI-data=13268  
FromELF: creating hex file...
"..\Output\STM32_uCOS_BSP_LIB.axf" - 0 Errors, 0 Warning(s).
Build target 'STM32_uCOS_BSP_LIB'
linking...
Program Size: Code=22516 RO-data=768 RW-data=444 ZI-data=13268  
FromELF: creating hex file...
"..\Output\STM32_uCOS_BSP_LIB.axf" - 0 Errors, 0 Warning(s).
Load "..\\Output\\STM32_uCOS_BSP_LIB.axf" 
Set JLink Project File to "E:\遥控器\fly_controller\USB跳转问题_a-p\1AAP\controller\Project\JLinkSettings.ini"
* JLink Info: Device "STM32F103CB" selected (128 KB flash, 20 KB RAM).
 
JLink info:
------------
DLL: V4.68a, compiled Apr 12 2013 13:26:50
Firmware: J-Link V9 compiled Jun 23 2015 10:00:59
Hardware: V9.20
Feature(s) : GDB, RDI, FlashBP, FlashDL, JFlash 
 
* JLink Info: Found SWD-DP with ID 0x1BA01477
* JLink Info: Found SWD-DP with ID 0x1BA01477
* JLink Info: TPIU fitted.
* JLink Info: FPUnit: 6 code (BP) slots and 2 literal slots
* JLink Info: Found Cortex-M3 r1p1, Little endian.
ROMTableAddr = 0xE00FF003
 
Target info:
------------
Device: STM32F103CB
VTarget = 3.277V
State of Pins: 
TCK: 0, TDI: 1, TDO: 0, TMS: 1, TRES: 1, TRST: 1
Hardware-Breakpoints: 6
Software-Breakpoints: 8192
Watchpoints:          4
JTAG speed: 2000 kHz
 
Erase Done.
Programming Done.
Verify OK.
Build target 'STM32_uCOS_BSP_LIB'
compiling main.c...
..\App\main.c(83): warning:  #174-D: expression has no effect
..\App\main.c(170): warning:  #177-D: variable "testtime" was declared but never referenced
..\App\main.c(261): warning:  #223-D: function "average_filter" declared implicitly
..\App\main.c(281): warning:  #188-D: enumerated type mixed with another type
..\App\main.c(285): warning:  #188-D: enumerated type mixed with another type
..\App\main.c(289): warning:  #188-D: enumerated type mixed with another type
..\App\main.c(344): warning:  #188-D: enumerated type mixed with another type
..\App\main.c(348): warning:  #188-D: enumerated type mixed with another type
..\App\main.c(352): warning:  #188-D: enumerated type mixed with another type
..\App\main.c(362): warning:  #177-D: variable "test" was declared but never referenced
..\App\main.c(362): warning:  #177-D: variable "len" was declared but never referenced
..\App\main.c(383): warning:  #177-D: variable "InBuffer" was declared but never referenced
..\App\main.c(86): warning:  #177-D: function "GPIO_DeIntConfiguration" was declared but never referenced
linking...
Program Size: Code=22552 RO-data=768 RW-data=444 ZI-data=13268  
FromELF: creating hex file...
"..\Output\STM32_uCOS_BSP_LIB.axf" - 0 Errors, 13 Warning(s).
Load "..\\Output\\STM32_uCOS_BSP_LIB.axf" 
Set JLink Project File to "E:\遥控器\fly_controller\USB跳转问题_a-p\1AAP\controller\Project\JLinkSettings.ini"
* JLink Info: Device "STM32F103CB" selected (128 KB flash, 20 KB RAM).
 
JLink info:
------------
DLL: V4.68a, compiled Apr 12 2013 13:26:50
Firmware: J-Link V9 compiled Jun 23 2015 10:00:59
Hardware: V9.20
Feature(s) : GDB, RDI, FlashBP, FlashDL, JFlash 
 
* JLink Info: Found SWD-DP with ID 0x1BA01477
* JLink Info: Found SWD-DP with ID 0x1BA01477
* JLink Info: TPIU fitted.
* JLink Info: FPUnit: 6 code (BP) slots and 2 literal slots
* JLink Info: Found Cortex-M3 r1p1, Little endian.
ROMTableAddr = 0xE00FF003
 
Target info:
------------
Device: STM32F103CB
VTarget = 3.277V
State of Pins: 
TCK: 0, TDI: 1, TDO: 0, TMS: 1, TRES: 1, TRST: 1
Hardware-Breakpoints: 6
Software-Breakpoints: 8192
Watchpoints:          4
JTAG speed: 2000 kHz
 
Erase Done.
Programming Done.
Verify OK.
Build target 'STM32_uCOS_BSP_LIB'
compiling main.c...
..\App\main.c(83): warning:  #174-D: expression has no effect
..\App\main.c(170): warning:  #177-D: variable "testtime" was declared but never referenced
..\App\main.c(261): warning:  #223-D: function "average_filter" declared implicitly
..\App\main.c(281): warning:  #188-D: enumerated type mixed with another type
..\App\main.c(285): warning:  #188-D: enumerated type mixed with another type
..\App\main.c(289): warning:  #188-D: enumerated type mixed with another type
..\App\main.c(344): warning:  #188-D: enumerated type mixed with another type
..\App\main.c(348): warning:  #188-D: enumerated type mixed with another type
..\App\main.c(352): warning:  #188-D: enumerated type mixed with another type
..\App\main.c(362): warning:  #177-D: variable "test" was declared but never referenced
..\App\main.c(362): warning:  #177-D: variable "len" was declared but never referenced
..\App\main.c(383): warning:  #177-D: variable "InBuffer" was declared but never referenced
..\App\main.c(86): warning:  #177-D: function "GPIO_DeIntConfiguration" was declared but never referenced
linking...
Program Size: Code=22356 RO-data=768 RW-data=444 ZI-data=13268  
FromELF: creating hex file...
"..\Output\STM32_uCOS_BSP_LIB.axf" - 0 Errors, 13 Warning(s).
