ARM Linker, 5.03 [Build 76] [MDK-ARM Lite]

==============================================================================

Section Cross References

    main.o(i.GPIO_DeIntConfiguration) refers to stm32f10x_rcc.o(i.RCC_APB2PeriphClockCmd) for RCC_APB2PeriphClockCmd
    main.o(i.GPIO_DeIntConfiguration) refers to stm32f10x_gpio.o(i.GPIO_Init) for GPIO_Init
    main.o(i.NVIC_Configuration) refers to misc.o(i.NVIC_PriorityGroupConfig) for NVIC_PriorityGroupConfig
    main.o(i.TaskADC) refers to adc.o(i.average_filter) for average_filter
    main.o(i.TaskADC) refers to rs485.o(i.checksum8) for checksum8
    main.o(i.TaskADC) refers to os_time.o(i.OSTimeDly) for OSTimeDly
    main.o(i.TaskADC) refers to adc.o(.bss) for AD_Value
    main.o(i.TaskADC) refers to main.o(.data) for sbusData
    main.o(i.TaskADC) refers to led.o(.data) for ledCHstate
    main.o(i.TaskKey) refers to key.o(i.ReadKeyStatus) for ReadKeyStatus
    main.o(i.TaskKey) refers to rs485.o(i.checksum8) for checksum8
    main.o(i.TaskKey) refers to rs485.o(i.RS485Send) for RS485Send
    main.o(i.TaskKey) refers to stm32f10x_gpio.o(i.GPIO_ReadInputDataBit) for GPIO_ReadInputDataBit
    main.o(i.TaskKey) refers to os_time.o(i.OSTimeDly) for OSTimeDly
    main.o(i.TaskKey) refers to key.o(.data) for keyAst
    main.o(i.TaskKey) refers to main.o(.data) for sbusData
    main.o(i.TaskKey) refers to led.o(.data) for keythreeSt2
    main.o(i.TaskLedBeep) refers to stm32f10x_tim.o(i.TIM_CCxCmd) for TIM_CCxCmd
    main.o(i.TaskLedBeep) refers to stm32f10x_gpio.o(i.GPIO_ResetBits) for GPIO_ResetBits
    main.o(i.TaskLedBeep) refers to stm32f10x_gpio.o(i.GPIO_SetBits) for GPIO_SetBits
    main.o(i.TaskLedBeep) refers to stm32f10x_gpio.o(i.GPIO_ReadInputDataBit) for GPIO_ReadInputDataBit
    main.o(i.TaskLedBeep) refers to os_time.o(i.OSTimeDly) for OSTimeDly
    main.o(i.TaskLedBeep) refers to led.o(.data) for motostate
    main.o(i.TaskStart) refers to os_task.o(i.OSTaskCreateExt) for OSTaskCreateExt
    main.o(i.TaskStart) refers to os_time.o(i.OSTimeDly) for OSTimeDly
    main.o(i.TaskStart) refers to main.o(.bss) for Task_LedBeep_Stk
    main.o(i.TaskStart) refers to main.o(i.TaskLedBeep) for TaskLedBeep
    main.o(i.TaskStart) refers to main.o(i.TaskADC) for TaskADC
    main.o(i.TaskStart) refers to main.o(i.TaskKey) for TaskKey
    main.o(i.TaskStart) refers to main.o(i.TaskUart) for TaskUart
    main.o(i.TaskStart) refers to main.o(i.TaskUSBHID) for TaskUSBHID
    main.o(i.TaskUSBHID) refers to flash_in_stm32.o(i.WriteFlashNBtye) for WriteFlashNBtye
    main.o(i.TaskUSBHID) refers to flash_in_stm32.o(i.ReadFlashNBtye) for ReadFlashNBtye
    main.o(i.TaskUSBHID) refers to usbhid.o(i.usbDisable) for usbDisable
    main.o(i.TaskUSBHID) refers to core_cm3.o(.emb_text) for __set_MSP
    main.o(i.TaskUSBHID) refers to os_time.o(i.OSTimeDly) for OSTimeDly
    main.o(i.TaskUSBHID) refers to usb_endp.o(.bss) for HIDReceive_Buffer
    main.o(i.TaskUSBHID) refers to main.o(.data) for JumpAddress
    main.o(i.TaskUart) refers to os_time.o(i.OSTimeDly) for OSTimeDly
    main.o(i.TaskUart) refers to stm32usart.o(.bss) for nCom1
    main.o(i.TaskUart) refers to led.o(.data) for ledXstate
    main.o(i.main) refers to main.o(i.NVIC_Configuration) for NVIC_Configuration
    main.o(i.main) refers to main.o(i.GPIO_DeIntConfiguration) for GPIO_DeIntConfiguration
    main.o(i.main) refers to os_core.o(i.OSInit) for OSInit
    main.o(i.main) refers to led.o(i.ledInit) for ledInit
    main.o(i.main) refers to led.o(i.motoInit) for motoInit
    main.o(i.main) refers to key.o(i.key_IO_Init) for key_IO_Init
    main.o(i.main) refers to rs485.o(i.rs485_1_Init) for rs485_1_Init
    main.o(i.main) refers to adc.o(i.stm32_adc1_init) for stm32_adc1_init
    main.o(i.main) refers to usbhid.o(i.usbHIDInit) for usbHIDInit
    main.o(i.main) refers to os_task.o(i.OSTaskCreateExt) for OSTaskCreateExt
    main.o(i.main) refers to os_core.o(i.OSStart) for OSStart
    main.o(i.main) refers to main.o(.bss) for Task_Start
    main.o(i.main) refers to main.o(i.TaskStart) for TaskStart
    main.o(i.main) refers to system_stm32f10x.o(.data) for SystemCoreClock
    stm32f10x_it.o(i.DMA1_Channel2_IRQHandler) refers to stm32f10x_dma.o(i.DMA_GetITStatus) for DMA_GetITStatus
    stm32f10x_it.o(i.DMA1_Channel2_IRQHandler) refers to stm32f10x_dma.o(i.DMA_Cmd) for DMA_Cmd
    stm32f10x_it.o(i.DMA1_Channel2_IRQHandler) refers to stm32f10x_dma.o(i.DMA_ClearFlag) for DMA_ClearFlag
    stm32f10x_it.o(i.DMA1_Channel2_IRQHandler) refers to stm32usart.o(.bss) for nCom3
    stm32f10x_it.o(i.DMA1_Channel3_IRQHandler) refers to stm32f10x_dma.o(i.DMA_GetITStatus) for DMA_GetITStatus
    stm32f10x_it.o(i.DMA1_Channel3_IRQHandler) refers to stm32f10x_dma.o(i.DMA_Cmd) for DMA_Cmd
    stm32f10x_it.o(i.DMA1_Channel3_IRQHandler) refers to stm32f10x_dma.o(i.DMA_ClearFlag) for DMA_ClearFlag
    stm32f10x_it.o(i.DMA1_Channel4_IRQHandler) refers to stm32f10x_dma.o(i.DMA_GetITStatus) for DMA_GetITStatus
[...]
    i.Resume_Init                            0x080129c0   Section        0  usb_pwr.o(i.Resume_Init)
    i.SVC_Handler                            0x080129e4   Section        0  stm32f10x_it.o(i.SVC_Handler)
    i.SetBTABLE                              0x080129e8   Section        0  usb_regs.o(i.SetBTABLE)
    i.SetDeviceAddress                       0x080129f8   Section        0  usb_core.o(i.SetDeviceAddress)
    i.SetEPRxAddr                            0x08012a40   Section        0  usb_regs.o(i.SetEPRxAddr)
    i.SetEPRxCount                           0x08012a64   Section        0  usb_regs.o(i.SetEPRxCount)
    i.SetEPRxStatus                          0x08012ab0   Section        0  usb_regs.o(i.SetEPRxStatus)
    i.SetEPRxValid                           0x08012ae8   Section        0  usb_regs.o(i.SetEPRxValid)
    i.SetEPTxAddr                            0x08012b14   Section        0  usb_regs.o(i.SetEPTxAddr)
    i.SetEPTxCount                           0x08012b34   Section        0  usb_regs.o(i.SetEPTxCount)
    i.SetEPTxStatus                          0x08012b50   Section        0  usb_regs.o(i.SetEPTxStatus)
    i.SetEPType                              0x08012b88   Section        0  usb_regs.o(i.SetEPType)
    i.SetSysClock                            0x08012ba4   Section        0  system_stm32f10x.o(i.SetSysClock)
    SetSysClock                              0x08012ba5   Thumb Code     8  system_stm32f10x.o(i.SetSysClock)
    i.SetSysClockTo72                        0x08012bac   Section        0  system_stm32f10x.o(i.SetSysClockTo72)
    SetSysClockTo72                          0x08012bad   Thumb Code   220  system_stm32f10x.o(i.SetSysClockTo72)
    i.Set_System                             0x08012c90   Section        0  hw_config.o(i.Set_System)
    i.Set_USBClock                           0x08012c92   Section        0  hw_config.o(i.Set_USBClock)
    i.Setup0_Process                         0x08012ca4   Section        0  usb_core.o(i.Setup0_Process)
    i.Standard_ClearFeature                  0x08012d5c   Section        0  usb_core.o(i.Standard_ClearFeature)
    i.Standard_GetConfiguration              0x08012ea4   Section        0  usb_core.o(i.Standard_GetConfiguration)
    i.Standard_GetDescriptorData             0x08012ed0   Section        0  usb_core.o(i.Standard_GetDescriptorData)
    i.Standard_GetInterface                  0x08012ef4   Section        0  usb_core.o(i.Standard_GetInterface)
    i.Standard_GetStatus                     0x08012f20   Section        0  usb_core.o(i.Standard_GetStatus)
    i.Standard_SetConfiguration              0x08013018   Section        0  usb_core.o(i.Standard_SetConfiguration)
    i.Standard_SetDeviceFeature              0x08013060   Section        0  usb_core.o(i.Standard_SetDeviceFeature)
    i.Standard_SetEndPointFeature            0x08013088   Section        0  usb_core.o(i.Standard_SetEndPointFeature)
    i.Standard_SetInterface                  0x08013140   Section        0  usb_core.o(i.Standard_SetInterface)
    i.StartUsartDMARx                        0x080131ac   Section        0  stm32usart.o(i.StartUsartDMARx)
    i.StartUsartDMATx                        0x080131c8   Section        0  stm32usart.o(i.StartUsartDMATx)
    i.Suspend                                0x080131f4   Section        0  usb_pwr.o(i.Suspend)
    i.SysTick_Handler                        0x0801321c   Section        0  stm32f10x_it.o(i.SysTick_Handler)
    i.SystemInit                             0x08013244   Section        0  system_stm32f10x.o(i.SystemInit)
    i.TIM_ARRPreloadConfig                   0x080132a4   Section        0  stm32f10x_tim.o(i.TIM_ARRPreloadConfig)
    i.TIM_CCxCmd                             0x080132bc   Section        0  stm32f10x_tim.o(i.TIM_CCxCmd)
    i.TIM_Cmd                                0x080132da   Section        0  stm32f10x_tim.o(i.TIM_Cmd)
    i.TIM_DeInit                             0x080132f4   Section        0  stm32f10x_tim.o(i.TIM_DeInit)
    i.TIM_OC2Init                            0x080134dc   Section        0  stm32f10x_tim.o(i.TIM_OC2Init)
    i.TIM_OC2PreloadConfig                   0x08013580   Section        0  stm32f10x_tim.o(i.TIM_OC2PreloadConfig)
    i.TIM_SetCompare2                        0x0801359a   Section        0  stm32f10x_tim.o(i.TIM_SetCompare2)
    i.TIM_TimeBaseInit                       0x080135a0   Section        0  stm32f10x_tim.o(i.TIM_TimeBaseInit)
    i.TaskADC                                0x08013644   Section        0  main.o(i.TaskADC)
    i.TaskKey                                0x08013710   Section        0  main.o(i.TaskKey)
    i.TaskLedBeep                            0x080139ac   Section        0  main.o(i.TaskLedBeep)
    i.TaskStart                              0x08013aac   Section        0  main.o(i.TaskStart)
    i.TaskUSBHID                             0x08013b8c   Section        0  main.o(i.TaskUSBHID)
    i.TaskUart                               0x08013c50   Section        0  main.o(i.TaskUart)
    i.USART1_IRQHandler                      0x08013c94   Section        0  stm32f10x_it.o(i.USART1_IRQHandler)
    i.USART2_IRQHandler                      0x08013cec   Section        0  stm32f10x_it.o(i.USART2_IRQHandler)
    i.USART3_IRQHandler                      0x08013d44   Section        0  stm32f10x_it.o(i.USART3_IRQHandler)
    i.USART_Cmd                              0x08013d9c   Section        0  stm32f10x_usart.o(i.USART_Cmd)
    i.USART_DMACmd                           0x08013db4   Section        0  stm32f10x_usart.o(i.USART_DMACmd)
    i.USART_DeInit                           0x08013dc8   Section        0  stm32f10x_usart.o(i.USART_DeInit)
    i.USART_GetFlagStatus                    0x08013e64   Section        0  stm32f10x_usart.o(i.USART_GetFlagStatus)
    i.USART_GetITStatus                      0x08013e7e   Section        0  stm32f10x_usart.o(i.USART_GetITStatus)
    i.USART_ITConfig                         0x08013ed2   Section        0  stm32f10x_usart.o(i.USART_ITConfig)
    i.USART_Init                             0x08013f1c   Section        0  stm32f10x_usart.o(i.USART_Init)
    i.USB_Cable_Config                       0x08013ff4   Section        0  hw_config.o(i.USB_Cable_Config)
    i.USB_Init                               0x08013ff8   Section        0  usb_init.o(i.USB_Init)
    i.USB_Interrupts_Config                  0x08014034   Section        0  hw_config.o(i.USB_Interrupts_Config)
    i.USB_Istr                               0x08014060   Section        0  usb_istr.o(i.USB_Istr)
    i.USB_LP_CAN1_RX0_IRQHandler             0x08014158   Section        0  stm32f10x_it.o(i.USB_LP_CAN1_RX0_IRQHandler)
    i.USB_SIL_Init                           0x08014160   Section        0  usb_sil.o(i.USB_SIL_Init)
    i.USB_SIL_Read                           0x08014184   Section        0  usb_sil.o(i.USB_SIL_Read)
    i.UsageFault_Handler                     0x080141b2   Section        0  stm32f10x_it.o(i.UsageFault_Handler)
    i.UsartDMARx                             0x080141b6   Section        0  stm32usart.o(i.UsartDMARx)
    i.UsartInitDMA                           0x0801423c   Section        0  stm32usart.o(i.UsartInitDMA)
    i.UserToPMABufferCopy                    0x08014428   Section        0  usb_mem.o(i.UserToPMABufferCopy)
    i.WriteFlashNBtye                        0x08014460   Section        0  flash_in_stm32.o(i.WriteFlashNBtye)
    i.average_filter                         0x080144d0   Section        0  adc.o(i.average_filter)
    i.checksum8                              0x0801452c   Section        0  rs485.o(i.checksum8)
    i.key_IO_Init                            0x08014550   Section        0  key.o(i.key_IO_Init)
    i.ledInit                                0x08014628   Section        0  led.o(i.ledInit)
    i.main                                   0x08014678   Section        0  main.o(i.main)
    i.motoInit                               0x0801473c   Section        0  led.o(i.motoInit)
    i.rs485_1_Init                           0x080147f0   Section        0  rs485.o(i.rs485_1_Init)
    i.stm32_adc1_init                        0x08014810   Section        0  adc.o(i.stm32_adc1_init)
    i.usbDisable                             0x0801496c   Section        0  usbhid.o(i.usbDisable)
    i.usbHIDInit                             0x080149ac   Section        0  usbhid.o(i.usbHIDInit)
    .constdata                               0x080149c0   Section      173  usb_desc.o(.constdata)
    .constdata                               0x08014a6d   Section      256  os_core.o(.constdata)
    .data                                    0x20000000   Section       28  main.o(.data)
    .data                                    0x2000001c   Section        6  stm32f10x_it.o(.data)
    .data                                    0x20000022   Section        2  stm32usart.o(.data)
    mUsart1TxBuff                            0x20000022   Data           1  stm32usart.o(.data)
    mUsart2TxBuff                            0x20000023   Data           1  stm32usart.o(.data)
    .data                                    0x20000024   Section        6  led.o(.data)
    .data                                    0x2000002c   Section       48  key.o(.data)
    .data                                    0x2000005c   Section       26  usb_desc.o(.data)
    .data                                    0x20000076   Section        1  usb_endp.o(.data)
    .data                                    0x20000078   Section       62  usb_istr.o(.data)
    .data                                    0x200000b8   Section      157  usb_prop.o(.data)
    .data                                    0x20000158   Section        7  usb_pwr.o(.data)
    .data                                    0x2000015f   Section        1  flash_in_stm32.o(.data)
    .data                                    0x20000160   Section       20  stm32f10x_rcc.o(.data)
    APBAHBPrescTable                         0x20000160   Data          16  stm32f10x_rcc.o(.data)
    ADCPrescTable                            0x20000170   Data           4  stm32f10x_rcc.o(.data)
    .data                                    0x20000174   Section        4  system_stm32f10x.o(.data)
    .data                                    0x20000178   Section       52  os_core.o(.data)
    .data                                    0x200001ac   Section        4  usb_core.o(.data)
    .data                                    0x200001b0   Section       20  usb_init.o(.data)
    .data                                    0x200001c4   Section        4  usb_int.o(.data)
    .bss                                     0x200001c8   Section     3816  main.o(.bss)
    ctrl_sticks_degree                       0x200001c8   Data          14  main.o(.bss)
    .bss                                     0x200010b0   Section     2248  stm32usart.o(.bss)
    ctrl_sticks_degree                       0x200010b0   Data          14  stm32usart.o(.bss)
    mUsart1DMARxBuff                         0x200010be   Data         128  stm32usart.o(.bss)
    mUsart1DMATxBuff                         0x2000113e   Data         128  stm32usart.o(.bss)
    mUsart1RxBuff                            0x200011be   Data          64  stm32usart.o(.bss)
    mUsart2DMARxBuff                         0x200011fe   Data         256  stm32usart.o(.bss)
    mUsart2DMATxBuff                         0x200012fe   Data         254  stm32usart.o(.bss)
    mUsart2RxBuff                            0x200013fc   Data         256  stm32usart.o(.bss)
    mUsart3DMARxBuff                         0x200014fc   Data         256  stm32usart.o(.bss)
    mUsart3DMATxBuff                         0x200015fc   Data         254  stm32usart.o(.bss)
    mUsart3RxBuff                            0x200016fa   Data         256  stm32usart.o(.bss)
    mUsart3TxBuff                            0x200017fa   Data         128  stm32usart.o(.bss)
    .bss                                     0x20001978   Section      366  adc.o(.bss)
    ctrl_sticks_degree                       0x20001978   Data          14  adc.o(.bss)
    ADC_Filter                               0x20001a14   Data         196  adc.o(.bss)
    .bss                                     0x20001ae6   Section       64  usb_endp.o(.bss)
    .bss                                     0x20001b28   Section     3896  os_core.o(.bss)
    .bss                                     0x20002a60   Section       28  usb_init.o(.bss)
    .bss                                     0x20002a7c   Section       96  libspace.o(.bss)
    HEAP                                     0x20002ae0   Section      512  startup_stm32f10x_hd.o(HEAP)
    Heap_Mem                                 0x20002ae0   Data         512  startup_stm32f10x_hd.o(HEAP)
    STACK                                    0x20002ce0   Section     1024  startup_stm32f10x_hd.o(STACK)
    Stack_Mem                                0x20002ce0   Data        1024  startup_stm32f10x_hd.o(STACK)

    Global Symbols

    Symbol Name                              Value     Ov Type        Size  Object(Section)

    BuildAttributes$$THM_ISAv4$P$D$K$B$S$PE$A:L22UL41UL21$X:L11$S22US41US21$IEEE1$IW$USESV6$~STKCKD$USESV7$~SHL$OSPACE$ROPI$EBA8$UX$STANDARDLIB$REQ8$PRES8$EABIv2 0x00000000   Number         0  anon$$obj.o ABSOLUTE
    __ARM_use_no_argv                        0x00000000   Number         0  main.o ABSOLUTE
    __ARM_exceptions_init                     - Undefined Weak Reference
    __alloca_initialize                       - Undefined Weak Reference
    __cpp_initialize__aeabi_                  - Undefined Weak Reference
    __cxa_finalize                            - Undefined Weak Reference
    __rt_locale                               - Undefined Weak Reference
    __sigvec_lookup                           - Undefined Weak Reference
    _atexit_init                              - Undefined Weak Reference
    _call_atexit_fns                          - Undefined Weak Reference
    _clock_init                               - Undefined Weak Reference
    _fp_trap_init                             - Undefined Weak Reference
    _fp_trap_shutdown                         - Undefined Weak Reference
    _get_lc_collate                           - Undefined Weak Reference
    _get_lc_ctype                             - Undefined Weak Reference
    _get_lc_monetary                          - Undefined Weak Reference
    _get_lc_numeric                           - Undefined Weak Reference
    _get_lc_time                              - Undefined Weak Reference
    _getenv_init                              - Undefined Weak Reference
    _handle_redirection                       - Undefined Weak Reference
    _init_alloc                               - Undefined Weak Reference
    _init_user_alloc                          - Undefined Weak Reference
    _initio                                   - Undefined Weak Reference
    _rand_init                                - Undefined Weak Reference
    _signal_finish                            - Undefined Weak Reference
    _signal_init                              - Undefined Weak Reference
    _terminate_alloc                          - Undefined Weak Reference
    _terminate_user_alloc                     - Undefined Weak Reference
    _terminateio                              - Undefined Weak Reference
    __Vectors_Size                           0x00000130   Number         0  startup_stm32f10x_hd.o ABSOLUTE
    __Vectors                                0x08010000   Data           4  startup_stm32f10x_hd.o(RESET)
    __Vectors_End                            0x08010130   Data           0  startup_stm32f10x_hd.o(RESET)
    __main                                   0x08010131   Thumb Code     8  __main.o(!!!main)
    __scatterload                            0x08010139   Thumb Code     0  __scatter.o(!!!scatter)
    __scatterload_rt2                        0x08010139   Thumb Code    44  __scatter.o(!!!scatter)
    __scatterload_rt2_thumb_only             0x08010139   Thumb Code     0  __scatter.o(!!!scatter)
    __scatterload_null                       0x08010147   Thumb Code     0  __scatter.o(!!!scatter)
    __decompress                             0x0801016d   Thumb Code    90  __dczerorl2.o(!!dczerorl2)
    __decompress1                            0x0801016d   Thumb Code     0  __dczerorl2.o(!!dczerorl2)
    __scatterload_zeroinit                   0x080101c9   Thumb Code    28  __scatter_zi.o(!!handler_zi)
    __rt_lib_init                            0x080101e5   Thumb Code     0  libinit.o(.ARM.Collect$$libinit$$00000000)
    __rt_lib_init_alloca_1                   0x080101e7   Thumb Code     0  libinit2.o(.ARM.Collect$$libinit$$0000002C)
    __rt_lib_init_argv_1                     0x080101e7   Thumb Code     0  libinit2.o(.ARM.Collect$$libinit$$0000002A)
    __rt_lib_init_atexit_1                   0x080101e7   Thumb Code     0  libinit2.o(.ARM.Collect$$libinit$$00000019)
    __rt_lib_init_clock_1                    0x080101e7   Thumb Code     0  libinit2.o(.ARM.Collect$$libinit$$0000001F)
    __rt_lib_init_cpp_1                      0x080101e7   Thumb Code     0  libinit2.o(.ARM.Collect$$libinit$$00000030)
    __rt_lib_init_exceptions_1               0x080101e7   Thumb Code     0  libinit2.o(.ARM.Collect$$libinit$$0000002E)
    __rt_lib_init_fp_1                       0x080101e7   Thumb Code     0  libinit2.o(.ARM.Collect$$libinit$$00000002)
    __rt_lib_init_fp_trap_1                  0x080101e7   Thumb Code     0  libinit2.o(.ARM.Collect$$libinit$$0000001D)
    __rt_lib_init_getenv_1                   0x080101e7   Thumb Code     0  libinit2.o(.ARM.Collect$$libinit$$00000021)
    __rt_lib_init_heap_1                     0x080101e7   Thumb Code     0  libinit2.o(.ARM.Collect$$libinit$$00000008)
    __rt_lib_init_lc_collate_1               0x080101e7   Thumb Code     0  libinit2.o(.ARM.Collect$$libinit$$0000000F)
    __rt_lib_init_lc_ctype_1                 0x080101e7   Thumb Code     0  libinit2.o(.ARM.Collect$$libinit$$00000011)
    __rt_lib_init_lc_monetary_1              0x080101e7   Thumb Code     0  libinit2.o(.ARM.Collect$$libinit$$00000013)
    __rt_lib_init_lc_numeric_1               0x080101e7   Thumb Code     0  libinit2.o(.ARM.Collect$$libinit$$00000015)
    __rt_lib_init_lc_time_1                  0x080101e7   Thumb Code     0  libinit2.o(.ARM.Collect$$libinit$$00000017)
    __rt_lib_init_rand_1                     0x080101e7   Thumb Code     0  libinit2.o(.ARM.Collect$$libinit$$0000000C)
    __rt_lib_init_return                     0x080101e7   Thumb Code     0  libinit2.o(.ARM.Collect$$libinit$$00000031)
    __rt_lib_init_signal_1                   0x080101e7   Thumb Code     0  libinit2.o(.ARM.Collect$$libinit$$0000001B)
    __rt_lib_init_stdio_1                    0x080101e7   Thumb Code     0  libinit2.o(.ARM.Collect$$libinit$$00000023)
    __rt_lib_init_user_alloc_1               0x080101e7   Thumb Code     0  libinit2.o(.ARM.Collect$$libinit$$0000000A)
    __rt_lib_shutdown                        0x080101e9   Thumb Code     0  libshutdown.o(.ARM.Collect$$libshutdown$$00000000)
    __rt_lib_shutdown_fp_trap_1              0x080101eb   Thumb Code     0  libshutdown2.o(.ARM.Collect$$libshutdown$$00000006)
    __rt_lib_shutdown_heap_1                 0x080101eb   Thumb Code     0  libshutdown2.o(.ARM.Collect$$libshutdown$$0000000E)
    __rt_lib_shutdown_return                 0x080101eb   Thumb Code     0  libshutdown2.o(.ARM.Collect$$libshutdown$$0000000F)
    __rt_lib_shutdown_signal_1               0x080101eb   Thumb Code     0  libshutdown2.o(.ARM.Collect$$libshutdown$$00000009)
    __rt_lib_shutdown_stdio_1                0x080101eb   Thumb Code     0  libshutdown2.o(.ARM.Collect$$libshutdown$$00000003)
    __rt_lib_shutdown_user_alloc_1           0x080101eb   Thumb Code     0  libshutdown2.o(.ARM.Collect$$libshutdown$$0000000B)
    __rt_entry                               0x080101ed   Thumb Code     0  rtentry.o(.ARM.Collect$$rtentry$$00000000)
    __rt_entry_presh_1                       0x080101ed   Thumb Code     0  rtentry2.o(.ARM.Collect$$rtentry$$00000002)
    __rt_entry_sh                            0x080101ed   Thumb Code     0  rtentry4.o(.ARM.Collect$$rtentry$$00000004)
    __rt_entry_li                            0x080101f3   Thumb Code     0  rtentry2.o(.ARM.Collect$$rtentry$$0000000A)
    __rt_entry_postsh_1                      0x080101f3   Thumb Code     0  rtentry2.o(.ARM.Collect$$rtentry$$00000009)
    __rt_entry_main                          0x080101f7   Thumb Code     0  rtentry2.o(.ARM.Collect$$rtentry$$0000000D)
    __rt_entry_postli_1                      0x080101f7   Thumb Code     0  rtentry2.o(.ARM.Collect$$rtentry$$0000000C)
    __rt_exit                                0x080101ff   Thumb Code     0  rtexit.o(.ARM.Collect$$rtexit$$00000000)
    __rt_exit_ls                             0x08010201   Thumb Code     0  rtexit2.o(.ARM.Collect$$rtexit$$00000003)
    __rt_exit_prels_1                        0x08010201   Thumb Code     0  rtexit2.o(.ARM.Collect$$rtexit$$00000002)
    __rt_exit_exit                           0x08010205   Thumb Code     0  rtexit2.o(.ARM.Collect$$rtexit$$00000004)
    __get_PSP                                0x0801020d   Thumb Code     6  core_cm3.o(.emb_text)
    __set_PSP                                0x08010213   Thumb Code     6  core_cm3.o(.emb_text)
    __get_MSP                                0x08010219   Thumb Code     6  core_cm3.o(.emb_text)
    __set_MSP                                0x0801021f   Thumb Code     6  core_cm3.o(.emb_text)
    __REV16                                  0x08010225   Thumb Code     4  core_cm3.o(.emb_text)
    __REVSH                                  0x08010229   Thumb Code     4  core_cm3.o(.emb_text)
    SystemInit_ExtMemCtl                     0x0801022d   Thumb Code     2  startup_stm32f10x_hd.o(.text)
    Reset_Handler                            0x0801022f   Thumb Code     8  startup_stm32f10x_hd.o(.text)
    ADC1_2_IRQHandler                        0x08010249   Thumb Code     0  startup_stm32f10x_hd.o(.text)
    ADC3_IRQHandler                          0x08010249   Thumb Code     0  startup_stm32f10x_hd.o(.text)
    CAN1_RX1_IRQHandler                      0x08010249   Thumb Code     0  startup_stm32f10x_hd.o(.text)
    CAN1_SCE_IRQHandler                      0x08010249   Thumb Code     0  startup_stm32f10x_hd.o(.text)
    DMA1_Channel1_IRQHandler                 0x08010249   Thumb Code     0  startup_stm32f10x_hd.o(.text)
    DMA2_Channel1_IRQHandler                 0x08010249   Thumb Code     0  startup_stm32f10x_hd.o(.text)
    DMA2_Channel2_IRQHandler                 0x08010249   Thumb Code     0  startup_stm32f10x_hd.o(.text)
    DMA2_Channel3_IRQHandler                 0x08010249   Thumb Code     0  startup_stm32f10x_hd.o(.text)
    DMA2_Channel4_5_IRQHandler               0x08010249   Thumb Code     0  startup_stm32f10x_hd.o(.text)
    EXTI0_IRQHandler                         0x08010249   Thumb Code     0  startup_stm32f10x_hd.o(.text)
    EXTI15_10_IRQHandler                     0x08010249   Thumb Code     0  startup_stm32f10x_hd.o(.text)
    EXTI1_IRQHandler                         0x08010249   Thumb Code     0  startup_stm32f10x_hd.o(.text)
    EXTI3_IRQHandler                         0x08010249   Thumb Code     0  startup_stm32f10x_hd.o(.text)
    EXTI4_IRQHandler                         0x08010249   Thumb Code     0  startup_stm32f10x_hd.o(.text)
    EXTI9_5_IRQHandler                       0x08010249   Thumb Code     0  startup_stm32f10x_hd.o(.text)
    FLASH_IRQHandler                         0x08010249   Thumb Code     0  startup_stm32f10x_hd.o(.text)
    FSMC_IRQHandler                          0x08010249   Thumb Code     0  startup_stm32f10x_hd.o(.text)
    I2C1_ER_IRQHandler                       0x08010249   Thumb Code     0  startup_stm32f10x_hd.o(.text)
    I2C1_EV_IRQHandler                       0x08010249   Thumb Code     0  startup_stm32f10x_hd.o(.text)
    I2C2_ER_IRQHandler                       0x08010249   Thumb Code     0  startup_stm32f10x_hd.o(.text)
    I2C2_EV_IRQHandler                       0x08010249   Thumb Code     0  startup_stm32f10x_hd.o(.text)
    PVD_IRQHandler                           0x08010249   Thumb Code     0  startup_stm32f10x_hd.o(.text)
    RCC_IRQHandler                           0x08010249   Thumb Code     0  startup_stm32f10x_hd.o(.text)
    RTCAlarm_IRQHandler                      0x08010249   Thumb Code     0  startup_stm32f10x_hd.o(.text)
    RTC_IRQHandler                           0x08010249   Thumb Code     0  startup_stm32f10x_hd.o(.text)
    SDIO_IRQHandler                          0x08010249   Thumb Code     0  startup_stm32f10x_hd.o(.text)
    SPI1_IRQHandler                          0x08010249   Thumb Code     0  startup_stm32f10x_hd.o(.text)
    SPI2_IRQHandler                          0x08010249   Thumb Code     0  startup_stm32f10x_hd.o(.text)
    SPI3_IRQHandler                          0x08010249   Thumb Code     0  startup_stm32f10x_hd.o(.text)
    TAMPER_IRQHandler                        0x08010249   Thumb Code     0  startup_stm32f10x_hd.o(.text)
    TIM1_BRK_IRQHandler                      0x08010249   Thumb Code     0  startup_stm32f10x_hd.o(.text)
    TIM1_CC_IRQHandler                       0x08010249   Thumb Code     0  startup_stm32f10x_hd.o(.text)
    TIM1_TRG_COM_IRQHandler                  0x08010249   Thumb Code     0  startup_stm32f10x_hd.o(.text)
    TIM1_UP_IRQHandler                       0x08010249   Thumb Code     0  startup_stm32f10x_hd.o(.text)
    TIM2_IRQHandler                          0x08010249   Thumb Code     0  startup_stm32f10x_hd.o(.text)
    TIM3_IRQHandler                          0x08010249   Thumb Code     0  startup_stm32f10x_hd.o(.text)
    TIM4_IRQHandler                          0x08010249   Thumb Code     0  startup_stm32f10x_hd.o(.text)
    TIM5_IRQHandler                          0x08010249   Thumb Code     0  startup_stm32f10x_hd.o(.text)
    TIM6_IRQHandler                          0x08010249   Thumb Code     0  startup_stm32f10x_hd.o(.text)
    TIM7_IRQHandler                          0x08010249   Thumb Code     0  startup_stm32f10x_hd.o(.text)
    TIM8_BRK_IRQHandler                      0x08010249   Thumb Code     0  startup_stm32f10x_hd.o(.text)
    TIM8_CC_IRQHandler                       0x08010249   Thumb Code     0  startup_stm32f10x_hd.o(.text)
    TIM8_TRG_COM_IRQHandler                  0x08010249   Thumb Code     0  startup_stm32f10x_hd.o(.text)
    TIM8_UP_IRQHandler                       0x08010249   Thumb Code     0  startup_stm32f10x_hd.o(.text)
    UART4_IRQHandler                         0x08010249   Thumb Code     0  startup_stm32f10x_hd.o(.text)
    UART5_IRQHandler                         0x08010249   Thumb Code     0  startup_stm32f10x_hd.o(.text)
    USBWakeUp_IRQHandler                     0x08010249   Thumb Code     0  startup_stm32f10x_hd.o(.text)
    USB_HP_CAN1_TX_IRQHandler                0x08010249   Thumb Code     0  startup_stm32f10x_hd.o(.text)
    WWDG_IRQHandler                          0x08010249   Thumb Code     0  startup_stm32f10x_hd.o(.text)
    __user_initial_stackheap                 0x0801024d   Thumb Code     0  startup_stm32f10x_hd.o(.text)
    OS_CPU_SR_Save                           0x08010271   Thumb Code     0  os_cpu_a.o(.text)
    OS_CPU_SR_Restore                        0x08010279   Thumb Code     0  os_cpu_a.o(.text)
    OSStartHighRdy                           0x0801027f   Thumb Code     0  os_cpu_a.o(.text)
    OSCtxSw                                  0x0801029f   Thumb Code     0  os_cpu_a.o(.text)
    OSIntCtxSw                               0x080102a9   Thumb Code     0  os_cpu_a.o(.text)
    PendSV_Handler                           0x080102b3   Thumb Code     0  os_cpu_a.o(.text)
    __aeabi_memcpy                           0x08010315   Thumb Code     0  rt_memcpy_v6.o(.text)
    __rt_memcpy                              0x08010315   Thumb Code   138  rt_memcpy_v6.o(.text)
    _memcpy_lastbytes                        0x0801037b   Thumb Code     0  rt_memcpy_v6.o(.text)
    __use_two_region_memory                  0x0801039f   Thumb Code     2  heapauxi.o(.text)
    __rt_heap_escrow$2region                 0x080103a1   Thumb Code     2  heapauxi.o(.text)
    __rt_heap_expand$2region                 0x080103a3   Thumb Code     2  heapauxi.o(.text)
    __aeabi_memcpy4                          0x080103a5   Thumb Code     0  rt_memcpy_w.o(.text)
    __aeabi_memcpy8                          0x080103a5   Thumb Code     0  rt_memcpy_w.o(.text)
    __rt_memcpy_w                            0x080103a5   Thumb Code   100  rt_memcpy_w.o(.text)
    _memcpy_lastbytes_aligned                0x080103ed   Thumb Code     0  rt_memcpy_w.o(.text)
    __user_setup_stackheap                   0x08010409   Thumb Code    74  sys_stackheap_outer.o(.text)
    exit                                     0x08010453   Thumb Code    12  exit.o(.text)
    __user_libspace                          0x08010461   Thumb Code     8  libspace.o(.text)
    __user_perproc_libspace                  0x08010461   Thumb Code     0  libspace.o(.text)
    __user_perthread_libspace                0x08010461   Thumb Code     0  libspace.o(.text)
    _sys_exit                                0x08010469   Thumb Code     8  sys_exit.o(.text)
    __I$use$semihosting                      0x08010475   Thumb Code     0  use_no_semi.o(.text)
    __use_no_semihosting_swi                 0x08010475   Thumb Code     2  use_no_semi.o(.text)
    ADC_Cmd                                  0x08010477   Thumb Code    22  stm32f10x_adc.o(i.ADC_Cmd)
    __semihosting_library_function           0x08010477   Thumb Code     0  indicate_semi.o(.text)
    ADC_DMACmd                               0x0801048d   Thumb Code    22  stm32f10x_adc.o(i.ADC_DMACmd)
    ADC_DeInit                               0x080104a5   Thumb Code    78  stm32f10x_adc.o(i.ADC_DeInit)
    ADC_GetCalibrationStatus                 0x08010501   Thumb Code    20  stm32f10x_adc.o(i.ADC_GetCalibrationStatus)
    ADC_GetResetCalibrationStatus            0x08010515   Thumb Code    20  stm32f10x_adc.o(i.ADC_GetResetCalibrationStatus)
    ADC_Init                                 0x08010529   Thumb Code    70  stm32f10x_adc.o(i.ADC_Init)
    ADC_RegularChannelConfig                 0x08010579   Thumb Code   184  stm32f10x_adc.o(i.ADC_RegularChannelConfig)
    ADC_ResetCalibration                     0x08010631   Thumb Code    10  stm32f10x_adc.o(i.ADC_ResetCalibration)
    ADC_SoftwareStartConvCmd                 0x0801063b   Thumb Code    22  stm32f10x_adc.o(i.ADC_SoftwareStartConvCmd)
    ADC_StartCalibration                     0x08010651   Thumb Code    10  stm32f10x_adc.o(i.ADC_StartCalibration)
    BusFault_Handler                         0x0801065b   Thumb Code     4  stm32f10x_it.o(i.BusFault_Handler)
    ByteSwap                                 0x0801065f   Thumb Code    12  usb_regs.o(i.ByteSwap)
    CTR_LP                                   0x0801066d   Thumb Code   588  usb_int.o(i.CTR_LP)
    ClearDTOG_RX                             0x080108d5   Thumb Code    38  usb_regs.o(i.ClearDTOG_RX)
    ClearDTOG_TX                             0x08010901   Thumb Code    38  usb_regs.o(i.ClearDTOG_TX)
    Clear_Status_Out                         0x0801092d   Thumb Code    26  usb_regs.o(i.Clear_Status_Out)
    ComPort1Init                             0x0801094d   Thumb Code   216  stm32usart.o(i.ComPort1Init)
    ComPortWaitTxEnd                         0x08010a45   Thumb Code    44  stm32usart.o(i.ComPortWaitTxEnd)
    ComPortWrite                             0x08010a71   Thumb Code    66  stm32usart.o(i.ComPortWrite)
    CustomHID_Data_Setup                     0x08010ac5   Thumb Code   108  usb_prop.o(i.CustomHID_Data_Setup)
    CustomHID_GetConfigDescriptor            0x08010b41   Thumb Code    14  usb_prop.o(i.CustomHID_GetConfigDescriptor)
    CustomHID_GetDeviceDescriptor            0x08010b55   Thumb Code    14  usb_prop.o(i.CustomHID_GetDeviceDescriptor)
    CustomHID_GetHIDDescriptor               0x08010b69   Thumb Code    14  usb_prop.o(i.CustomHID_GetHIDDescriptor)
    CustomHID_GetProtocolValue               0x08010b7d   Thumb Code    20  usb_prop.o(i.CustomHID_GetProtocolValue)
    CustomHID_GetReportDescriptor            0x08010b99   Thumb Code    14  usb_prop.o(i.CustomHID_GetReportDescriptor)
    CustomHID_GetStringDescriptor            0x08010bad   Thumb Code    32  usb_prop.o(i.CustomHID_GetStringDescriptor)
    CustomHID_Get_Interface_Setting          0x08010bd5   Thumb Code    22  usb_prop.o(i.CustomHID_Get_Interface_Setting)
    CustomHID_NoData_Setup                   0x08010bed   Thumb Code    32  usb_prop.o(i.CustomHID_NoData_Setup)
    CustomHID_Reset                          0x08010c11   Thumb Code   168  usb_prop.o(i.CustomHID_Reset)
    CustomHID_SetConfiguration               0x08010cc9   Thumb Code    16  usb_prop.o(i.CustomHID_SetConfiguration)
    CustomHID_SetDeviceAddress               0x08010ce1   Thumb Code     8  usb_prop.o(i.CustomHID_SetDeviceAddress)
    CustomHID_SetProtocol                    0x08010ced   Thumb Code    14  usb_prop.o(i.CustomHID_SetProtocol)
    CustomHID_Status_In                      0x08010d05   Thumb Code     2  usb_prop.o(i.CustomHID_Status_In)
    CustomHID_Status_Out                     0x08010d07   Thumb Code     2  usb_prop.o(i.CustomHID_Status_Out)
    CustomHID_init                           0x08010d09   Thumb Code    30  usb_prop.o(i.CustomHID_init)
    DMA1_Channel2_IRQHandler                 0x08010d31   Thumb Code    34  stm32f10x_it.o(i.DMA1_Channel2_IRQHandler)
    DMA1_Channel3_IRQHandler                 0x08010d5d   Thumb Code   120  stm32f10x_it.o(i.DMA1_Channel3_IRQHandler)
    DMA1_Channel4_IRQHandler                 0x08010ddd   Thumb Code    38  stm32f10x_it.o(i.DMA1_Channel4_IRQHandler)
    DMA1_Channel5_IRQHandler                 0x08010e0d   Thumb Code   120  stm32f10x_it.o(i.DMA1_Channel5_IRQHandler)
    DMA1_Channel6_IRQHandler                 0x08010e8d   Thumb Code   120  stm32f10x_it.o(i.DMA1_Channel6_IRQHandler)
    DMA1_Channel7_IRQHandler                 0x08010f0d   Thumb Code    38  stm32f10x_it.o(i.DMA1_Channel7_IRQHandler)
    DMA_ClearFlag                            0x08010f3d   Thumb Code    18  stm32f10x_dma.o(i.DMA_ClearFlag)
    DMA_Cmd                                  0x08010f59   Thumb Code    24  stm32f10x_dma.o(i.DMA_Cmd)
    DMA_DeInit                               0x08010f71   Thumb Code   324  stm32f10x_dma.o(i.DMA_DeInit)
    DMA_GetCurrDataCounter                   0x080110bd   Thumb Code     8  stm32f10x_dma.o(i.DMA_GetCurrDataCounter)
    DMA_GetITStatus                          0x080110c5   Thumb Code    34  stm32f10x_dma.o(i.DMA_GetITStatus)
    DMA_ITConfig                             0x080110f1   Thumb Code    18  stm32f10x_dma.o(i.DMA_ITConfig)
    DMA_Init                                 0x08011103   Thumb Code    60  stm32f10x_dma.o(i.DMA_Init)
    DMA_SetCurrDataCounter                   0x0801113f   Thumb Code     4  stm32f10x_dma.o(i.DMA_SetCurrDataCounter)
    DebugMon_Handler                         0x0801154d   Thumb Code     2  stm32f10x_it.o(i.DebugMon_Handler)
    EP1_OUT_Callback                         0x08011551   Thumb Code    16  usb_endp.o(i.EP1_OUT_Callback)
    EXTI2_IRQHandler                         0x08011569   Thumb Code    34  stm32f10x_it.o(i.EXTI2_IRQHandler)
    EXTI_ClearITPendingBit                   0x08011591   Thumb Code     6  stm32f10x_exti.o(i.EXTI_ClearITPendingBit)
    EXTI_GetITStatus                         0x0801159d   Thumb Code    34  stm32f10x_exti.o(i.EXTI_GetITStatus)
    Enter_LowPowerMode                       0x080115c5   Thumb Code     8  hw_config.o(i.Enter_LowPowerMode)
    FLASH_ClearFlag                          0x080115d1   Thumb Code     6  stm32f10x_flash.o(i.FLASH_ClearFlag)
    FLASH_ErasePage                          0x080115dd   Thumb Code    72  stm32f10x_flash.o(i.FLASH_ErasePage)
    FLASH_GetBank1Status                     0x08011629   Thumb Code    48  stm32f10x_flash.o(i.FLASH_GetBank1Status)
    FLASH_Lock                               0x0801165d   Thumb Code    14  stm32f10x_flash.o(i.FLASH_Lock)
    FLASH_ProgramWord                        0x08011671   Thumb Code   102  stm32f10x_flash.o(i.FLASH_ProgramWord)
    FLASH_Unlock                             0x080116dd   Thumb Code    12  stm32f10x_flash.o(i.FLASH_Unlock)
    FLASH_WaitForLastOperation               0x080116f5   Thumb Code    38  stm32f10x_flash.o(i.FLASH_WaitForLastOperation)
    GPIO_Init                                0x0801177d   Thumb Code   274  stm32f10x_gpio.o(i.GPIO_Init)
    GPIO_PinRemapConfig                      0x08011891   Thumb Code   138  stm32f10x_gpio.o(i.GPIO_PinRemapConfig)
    GPIO_ReadInputDataBit                    0x08011921   Thumb Code    18  stm32f10x_gpio.o(i.GPIO_ReadInputDataBit)
    GPIO_ResetBits                           0x08011933   Thumb Code     4  stm32f10x_gpio.o(i.GPIO_ResetBits)
    GPIO_SetBits                             0x08011937   Thumb Code     4  stm32f10x_gpio.o(i.GPIO_SetBits)
    GetEPRxAddr                              0x0801193d   Thumb Code    24  usb_regs.o(i.GetEPRxAddr)
    GetEPRxCount                             0x0801195d   Thumb Code    26  usb_regs.o(i.GetEPRxCount)
    GetEPTxAddr                              0x08011981   Thumb Code    22  usb_regs.o(i.GetEPTxAddr)
    Get_SerialNum                            0x080119a1   Thumb Code    42  hw_config.o(i.Get_SerialNum)
    HardFault_Handler                        0x080119d5   Thumb Code     4  stm32f10x_it.o(i.HardFault_Handler)
    In0_Process                              0x080119d9   Thumb Code    98  usb_core.o(i.In0_Process)
    Leave_LowPowerMode                       0x08011a89   Thumb Code    28  hw_config.o(i.Leave_LowPowerMode)
    MemManage_Handler                        0x08011aad   Thumb Code     4  stm32f10x_it.o(i.MemManage_Handler)
    NMI_Handler                              0x08011ab1   Thumb Code     4  stm32f10x_it.o(i.NMI_Handler)
    NOP_Process                              0x08011ab5   Thumb Code     2  usb_core.o(i.NOP_Process)
    NVIC_Init                                0x08011add   Thumb Code   102  misc.o(i.NVIC_Init)
    NVIC_PriorityGroupConfig                 0x08011b51   Thumb Code    10  misc.o(i.NVIC_PriorityGroupConfig)
    OSInit                                   0x08011ccd   Thumb Code    36  os_core.o(i.OSInit)
    OSInitHookBegin                          0x08011cf1   Thumb Code     2  os_cpu_c.o(i.OSInitHookBegin)
    OSInitHookEnd                            0x08011cf3   Thumb Code     2  os_cpu_c.o(i.OSInitHookEnd)
    OSIntExit                                0x08011cf5   Thumb Code   112  os_core.o(i.OSIntExit)
    OSStart                                  0x08011d85   Thumb Code    48  os_core.o(i.OSStart)
    OSTCBInitHook                            0x08011dcd   Thumb Code     2  os_cpu_c.o(i.OSTCBInitHook)
    OSTaskCreateExt                          0x08011dd1   Thumb Code   178  os_task.o(i.OSTaskCreateExt)
    OSTaskCreateHook                         0x08011e91   Thumb Code     2  os_cpu_c.o(i.OSTaskCreateHook)
    OSTaskIdleHook                           0x08011e93   Thumb Code     2  os_cpu_c.o(i.OSTaskIdleHook)
    OSTaskNameSet                            0x08011e95   Thumb Code   120  os_task.o(i.OSTaskNameSet)
    OSTaskStkInit                            0x08011f19   Thumb Code   154  os_cpu_c.o(i.OSTaskStkInit)
    OSTaskSwHook                             0x08011fb3   Thumb Code     2  os_cpu_c.o(i.OSTaskSwHook)
    OSTimeDly                                0x08011fb5   Thumb Code   100  os_time.o(i.OSTimeDly)
    OSTimeTick                               0x0801202d   Thumb Code   162  os_core.o(i.OSTimeTick)
    OS_FlagInit                              0x080120e5   Thumb Code    76  os_flag.o(i.OS_FlagInit)
    OS_MemClr                                0x080122ed   Thumb Code    18  os_core.o(i.OS_MemClr)
    OS_Sched                                 0x08012301   Thumb Code    88  os_core.o(i.OS_Sched)
    OS_TCBInit                               0x080123a1   Thumb Code   294  os_core.o(i.OS_TCBInit)
    OS_TaskIdle                              0x080124e5   Thumb Code    34  os_core.o(i.OS_TaskIdle)
    OS_TaskStkClr                            0x0801250d   Thumb Code    26  os_task.o(i.OS_TaskStkClr)
    Out0_Process                             0x08012529   Thumb Code    70  usb_core.o(i.Out0_Process)
    PMAToUserBufferCopy                      0x08012579   Thumb Code    34  usb_mem.o(i.PMAToUserBufferCopy)
    Post0_Process                            0x080125a1   Thumb Code    54  usb_core.o(i.Post0_Process)
    PowerOff                                 0x080125e9   Thumb Code    28  usb_pwr.o(i.PowerOff)
    PowerOn                                  0x08012609   Thumb Code    54  usb_pwr.o(i.PowerOn)
    RCC_ADCCLKConfig                         0x08012649   Thumb Code    18  stm32f10x_rcc.o(i.RCC_ADCCLKConfig)
    RCC_AHBPeriphClockCmd                    0x08012661   Thumb Code    26  stm32f10x_rcc.o(i.RCC_AHBPeriphClockCmd)
    RCC_APB1PeriphClockCmd                   0x08012681   Thumb Code    26  stm32f10x_rcc.o(i.RCC_APB1PeriphClockCmd)
    RCC_APB1PeriphResetCmd                   0x080126a1   Thumb Code    26  stm32f10x_rcc.o(i.RCC_APB1PeriphResetCmd)
    RCC_APB2PeriphClockCmd                   0x080126c1   Thumb Code    26  stm32f10x_rcc.o(i.RCC_APB2PeriphClockCmd)
    RCC_APB2PeriphResetCmd                   0x080126e1   Thumb Code    26  stm32f10x_rcc.o(i.RCC_APB2PeriphResetCmd)
    RCC_GetClocksFreq                        0x08012701   Thumb Code   192  stm32f10x_rcc.o(i.RCC_GetClocksFreq)
    RCC_USBCLKConfig                         0x080127d5   Thumb Code     6  stm32f10x_rcc.o(i.RCC_USBCLKConfig)
    RS485Send                                0x080127e1   Thumb Code    98  rs485.o(i.RS485Send)
    ReadFlashNBtye                           0x08012851   Thumb Code    26  flash_in_stm32.o(i.ReadFlashNBtye)
    ReadKeyStatus                            0x08012871   Thumb Code   154  key.o(i.ReadKeyStatus)
    Resume                                   0x08012911   Thumb Code   168  usb_pwr.o(i.Resume)
    Resume_Init                              0x080129c1   Thumb Code    30  usb_pwr.o(i.Resume_Init)
    SVC_Handler                              0x080129e5   Thumb Code     2  stm32f10x_it.o(i.SVC_Handler)
    SetBTABLE                                0x080129e9   Thumb Code    12  usb_regs.o(i.SetBTABLE)
    SetDeviceAddress                         0x080129f9   Thumb Code    62  usb_core.o(i.SetDeviceAddress)
    SetEPRxAddr                              0x08012a41   Thumb Code    26  usb_regs.o(i.SetEPRxAddr)
    SetEPRxCount                             0x08012a65   Thumb Code    68  usb_regs.o(i.SetEPRxCount)
    SetEPRxStatus                            0x08012ab1   Thumb Code    52  usb_regs.o(i.SetEPRxStatus)
    SetEPRxValid                             0x08012ae9   Thumb Code    38  usb_regs.o(i.SetEPRxValid)
    SetEPTxAddr                              0x08012b15   Thumb Code    24  usb_regs.o(i.SetEPTxAddr)
    SetEPTxCount                             0x08012b35   Thumb Code    20  usb_regs.o(i.SetEPTxCount)
    SetEPTxStatus                            0x08012b51   Thumb Code    52  usb_regs.o(i.SetEPTxStatus)
    SetEPType                                0x08012b89   Thumb Code    22  usb_regs.o(i.SetEPType)
    Set_System                               0x08012c91   Thumb Code     2  hw_config.o(i.Set_System)
    Set_USBClock                             0x08012c93   Thumb Code    18  hw_config.o(i.Set_USBClock)
    Setup0_Process                           0x08012ca5   Thumb Code   170  usb_core.o(i.Setup0_Process)
    Standard_ClearFeature                    0x08012d5d   Thumb Code   308  usb_core.o(i.Standard_ClearFeature)
    Standard_GetConfiguration                0x08012ea5   Thumb Code    34  usb_core.o(i.Standard_GetConfiguration)
    Standard_GetDescriptorData               0x08012ed1   Thumb Code    32  usb_core.o(i.Standard_GetDescriptorData)
    Standard_GetInterface                    0x08012ef5   Thumb Code    34  usb_core.o(i.Standard_GetInterface)
    Standard_GetStatus                       0x08012f21   Thumb Code   230  usb_core.o(i.Standard_GetStatus)
    Standard_SetConfiguration                0x08013019   Thumb Code    60  usb_core.o(i.Standard_SetConfiguration)
    Standard_SetDeviceFeature                0x08013061   Thumb Code    30  usb_core.o(i.Standard_SetDeviceFeature)
    Standard_SetEndPointFeature              0x08013089   Thumb Code   168  usb_core.o(i.Standard_SetEndPointFeature)
    Standard_SetInterface                    0x08013141   Thumb Code    96  usb_core.o(i.Standard_SetInterface)
    StartUsartDMARx                          0x080131ad   Thumb Code    28  stm32usart.o(i.StartUsartDMARx)
    StartUsartDMATx                          0x080131c9   Thumb Code    44  stm32usart.o(i.StartUsartDMATx)
    Suspend                                  0x080131f5   Thumb Code    34  usb_pwr.o(i.Suspend)
    SysTick_Handler                          0x0801321d   Thumb Code    34  stm32f10x_it.o(i.SysTick_Handler)
    SystemInit                               0x08013245   Thumb Code    74  system_stm32f10x.o(i.SystemInit)
    TIM_ARRPreloadConfig                     0x080132a5   Thumb Code    24  stm32f10x_tim.o(i.TIM_ARRPreloadConfig)
    TIM_CCxCmd                               0x080132bd   Thumb Code    30  stm32f10x_tim.o(i.TIM_CCxCmd)
    TIM_Cmd                                  0x080132db   Thumb Code    24  stm32f10x_tim.o(i.TIM_Cmd)
    TIM_DeInit                               0x080132f5   Thumb Code   424  stm32f10x_tim.o(i.TIM_DeInit)
    TIM_OC2Init                              0x080134dd   Thumb Code   154  stm32f10x_tim.o(i.TIM_OC2Init)
    TIM_OC2PreloadConfig                     0x08013581   Thumb Code    26  stm32f10x_tim.o(i.TIM_OC2PreloadConfig)
    TIM_SetCompare2                          0x0801359b   Thumb Code     4  stm32f10x_tim.o(i.TIM_SetCompare2)
    TIM_TimeBaseInit                         0x080135a1   Thumb Code   122  stm32f10x_tim.o(i.TIM_TimeBaseInit)
    TaskADC                                  0x08013645   Thumb Code   186  main.o(i.TaskADC)
    TaskKey                                  0x08013711   Thumb Code   618  main.o(i.TaskKey)
    TaskLedBeep                              0x080139ad   Thumb Code   232  main.o(i.TaskLedBeep)
    TaskStart                                0x08013aad   Thumb Code   166  main.o(i.TaskStart)
    TaskUSBHID                               0x08013b8d   Thumb Code   174  main.o(i.TaskUSBHID)
    TaskUart                                 0x08013c51   Thumb Code    58  main.o(i.TaskUart)
    USART1_IRQHandler                        0x08013c95   Thumb Code    76  stm32f10x_it.o(i.USART1_IRQHandler)
    USART2_IRQHandler                        0x08013ced   Thumb Code    76  stm32f10x_it.o(i.USART2_IRQHandler)
    USART3_IRQHandler                        0x08013d45   Thumb Code    76  stm32f10x_it.o(i.USART3_IRQHandler)
    USART_Cmd                                0x08013d9d   Thumb Code    24  stm32f10x_usart.o(i.USART_Cmd)
    USART_DMACmd                             0x08013db5   Thumb Code    18  stm32f10x_usart.o(i.USART_DMACmd)
    USART_DeInit                             0x08013dc9   Thumb Code   134  stm32f10x_usart.o(i.USART_DeInit)
    USART_GetFlagStatus                      0x08013e65   Thumb Code    26  stm32f10x_usart.o(i.USART_GetFlagStatus)
    USART_GetITStatus                        0x08013e7f   Thumb Code    84  stm32f10x_usart.o(i.USART_GetITStatus)
    USART_ITConfig                           0x08013ed3   Thumb Code    74  stm32f10x_usart.o(i.USART_ITConfig)
    USART_Init                               0x08013f1d   Thumb Code   210  stm32f10x_usart.o(i.USART_Init)
    USB_Cable_Config                         0x08013ff5   Thumb Code     2  hw_config.o(i.USB_Cable_Config)
    USB_Init                                 0x08013ff9   Thumb Code    36  usb_init.o(i.USB_Init)
    USB_Interrupts_Config                    0x08014035   Thumb Code    42  hw_config.o(i.USB_Interrupts_Config)
    USB_Istr                                 0x08014061   Thumb Code   222  usb_istr.o(i.USB_Istr)
    USB_LP_CAN1_RX0_IRQHandler               0x08014159   Thumb Code     8  stm32f10x_it.o(i.USB_LP_CAN1_RX0_IRQHandler)
    USB_SIL_Init                             0x08014161   Thumb Code    28  usb_sil.o(i.USB_SIL_Init)
    USB_SIL_Read                             0x08014185   Thumb Code    46  usb_sil.o(i.USB_SIL_Read)
    UsageFault_Handler                       0x080141b3   Thumb Code     4  stm32f10x_it.o(i.UsageFault_Handler)
    UsartDMARx                               0x080141b7   Thumb Code   134  stm32usart.o(i.UsartDMARx)
    UsartInitDMA                             0x0801423d   Thumb Code   476  stm32usart.o(i.UsartInitDMA)
    UserToPMABufferCopy                      0x08014429   Thumb Code    52  usb_mem.o(i.UserToPMABufferCopy)
    WriteFlashNBtye                          0x08014461   Thumb Code   102  flash_in_stm32.o(i.WriteFlashNBtye)
    average_filter                           0x080144d1   Thumb Code    92  adc.o(i.average_filter)
    checksum8                                0x0801452d   Thumb Code    34  rs485.o(i.checksum8)
    key_IO_Init                              0x08014551   Thumb Code   176  key.o(i.key_IO_Init)
    ledInit                                  0x08014629   Thumb Code    74  led.o(i.ledInit)
    main                                     0x08014679   Thumb Code   172  main.o(i.main)
    motoInit                                 0x0801473d   Thumb Code   170  led.o(i.motoInit)
    rs485_1_Init                             0x080147f1   Thumb Code    26  rs485.o(i.rs485_1_Init)
    stm32_adc1_init                          0x08014811   Thumb Code   330  adc.o(i.stm32_adc1_init)
    usbDisable                               0x0801496d   Thumb Code    60  usbhid.o(i.usbDisable)
    usbHIDInit                               0x080149ad   Thumb Code    20  usbhid.o(i.usbHIDInit)
    CustomHID_DeviceDescriptor               0x080149c0   Data          18  usb_desc.o(.constdata)
    CustomHID_ConfigDescriptor               0x080149d2   Data          41  usb_desc.o(.constdata)
    CustomHID_ReportDescriptor               0x080149fb   Data          40  usb_desc.o(.constdata)
    CustomHID_StringLangID                   0x08014a23   Data           4  usb_desc.o(.constdata)
    CustomHID_StringVendor                   0x08014a27   Data          38  usb_desc.o(.constdata)
    CustomHID_StringProduct                  0x08014a4d   Data          32  usb_desc.o(.constdata)
    OSUnMapTbl                               0x08014a6d   Data         256  os_core.o(.constdata)
    Region$$Table$$Base                      0x08014b70   Number         0  anon$$obj.o(Region$$Table)
    Region$$Table$$Limit                     0x08014b90   Number         0  anon$$obj.o(Region$$Table)
    sbusData                                 0x20000000   Data          17  main.o(.data)
    BatteryVoltage                           0x20000012   Data           2  main.o(.data)
    Jump_To_Application                      0x20000014   Data           4  main.o(.data)
    JumpAddress                              0x20000018   Data           4  main.o(.data)
    sbusData2                                0x2000001c   Data           6  stm32f10x_it.o(.data)
    ledXstate                                0x20000024   Data           1  led.o(.data)
    ledGPSstate                              0x20000025   Data           1  led.o(.data)
    ledCHstate                               0x20000026   Data           1  led.o(.data)
    motostate                                0x20000027   Data           1  led.o(.data)
    keythreeSt1                              0x20000028   Data           1  led.o(.data)
    keythreeSt2                              0x20000029   Data           1  led.o(.data)
    keyAst                                   0x2000002c   Data           8  key.o(.data)
    keyBst                                   0x20000034   Data           8  key.o(.data)
    keyOKFst                                 0x2000003c   Data           8  key.o(.data)
    keyHOMEst                                0x20000044   Data           8  key.o(.data)
    keyPHOTOst                               0x2000004c   Data           8  key.o(.data)
    keyVIDEOst                               0x20000054   Data           8  key.o(.data)
    CustomHID_StringSerial                   0x2000005c   Data          26  usb_desc.o(.data)
    HIDReceive_Buffer_len                    0x20000076   Data           1  usb_endp.o(.data)
    bIntPackSOF                              0x20000078   Data           1  usb_istr.o(.data)
    pEpInt_IN                                0x2000007c   Data          28  usb_istr.o(.data)
    pEpInt_OUT                               0x20000098   Data          28  usb_istr.o(.data)
    wIstr                                    0x200000b4   Data           2  usb_istr.o(.data)
    Device_Table                             0x200000b8   Data           2  usb_prop.o(.data)
    Device_Property                          0x200000bc   Data          48  usb_prop.o(.data)
    User_Standard_Requests                   0x200000ec   Data          36  usb_prop.o(.data)
    Device_Descriptor                        0x20000110   Data           8  usb_prop.o(.data)
    Config_Descriptor                        0x20000118   Data           8  usb_prop.o(.data)
    CustomHID_Report_Descriptor              0x20000120   Data           8  usb_prop.o(.data)
    CustomHID_Hid_Descriptor                 0x20000128   Data           8  usb_prop.o(.data)
    String_Descriptor                        0x20000130   Data          32  usb_prop.o(.data)
    ProtocolValue                            0x20000150   Data           4  usb_prop.o(.data)
    EXTI_Enable                              0x20000154   Data           1  usb_prop.o(.data)
    bDeviceState                             0x20000158   Data           4  usb_pwr.o(.data)
    fSuspendEnabled                          0x2000015c   Data           1  usb_pwr.o(.data)
    ResumeS                                  0x2000015d   Data           2  usb_pwr.o(.data)
    FLASHStatus                              0x2000015f   Data           1  flash_in_stm32.o(.data)
    SystemCoreClock                          0x20000174   Data           4  system_stm32f10x.o(.data)
    OSCtxSwCtr                               0x20000178   Data           4  os_core.o(.data)
    OSEventFreeList                          0x2000017c   Data           4  os_core.o(.data)
    OSFlagFreeList                           0x20000180   Data           4  os_core.o(.data)
    OSIntNesting                             0x20000184   Data           1  os_core.o(.data)
    OSLockNesting                            0x20000185   Data           1  os_core.o(.data)
    OSPrioCur                                0x20000186   Data           1  os_core.o(.data)
    OSPrioHighRdy                            0x20000187   Data           1  os_core.o(.data)
    OSRdyGrp                                 0x20000188   Data           1  os_core.o(.data)
    OSRdyTbl                                 0x20000189   Data           8  os_core.o(.data)
    OSRunning                                0x20000191   Data           1  os_core.o(.data)
    OSTaskCtr                                0x20000192   Data           1  os_core.o(.data)
    OSIdleCtr                                0x20000194   Data           4  os_core.o(.data)
    OSTCBCur                                 0x20000198   Data           4  os_core.o(.data)
    OSTCBFreeList                            0x2000019c   Data           4  os_core.o(.data)
    OSTCBHighRdy                             0x200001a0   Data           4  os_core.o(.data)
    OSTCBList                                0x200001a4   Data           4  os_core.o(.data)
    OSTime                                   0x200001a8   Data           4  os_core.o(.data)
    Data_Mul_MaxPacketSize                   0x200001ac   Data           1  usb_core.o(.data)
    StatusInfo                               0x200001ae   Data           2  usb_core.o(.data)
    EPindex                                  0x200001b0   Data           1  usb_init.o(.data)
    pInformation                             0x200001b4   Data           4  usb_init.o(.data)
    pProperty                                0x200001b8   Data           4  usb_init.o(.data)
    SaveState                                0x200001bc   Data           2  usb_init.o(.data)
    wInterrupt_Mask                          0x200001be   Data           2  usb_init.o(.data)
    pUser_Standard_Requests                  0x200001c0   Data           4  usb_init.o(.data)
    SaveRState                               0x200001c4   Data           2  usb_int.o(.data)
    SaveTState                               0x200001c6   Data           2  usb_int.o(.data)
    Task_Start                               0x200001d8   Data         400  main.o(.bss)
    Task_LedBeep_Stk                         0x20000368   Data         200  main.o(.bss)
    Task_ADC_Stk                             0x20000430   Data         400  main.o(.bss)
    Task_Key_Stk                             0x200005c0   Data         400  main.o(.bss)
    Task_Uart_Stk                            0x20000750   Data         400  main.o(.bss)
    Task_USBHID_Stk                          0x200008e0   Data        2000  main.o(.bss)
    nCom1                                    0x2000187c   Data          84  stm32usart.o(.bss)
    nCom2                                    0x200018d0   Data          84  stm32usart.o(.bss)
    nCom3                                    0x20001924   Data          84  stm32usart.o(.bss)
    AD_Value                                 0x20001986   Data         140  adc.o(.bss)
    CtrlSticksLevel                          0x20001ad8   Data          14  adc.o(.bss)
    HIDReceive_Buffer                        0x20001ae6   Data          64  usb_endp.o(.bss)
    OSEventTbl                               0x20001b28   Data         768  os_core.o(.bss)
    OSFlagTbl                                0x20001e28   Data         512  os_core.o(.bss)
    OSTaskIdleStk                            0x20002028   Data         512  os_core.o(.bss)
    OSTCBPrioTbl                             0x20002228   Data         256  os_core.o(.bss)
    OSTCBTbl                                 0x20002328   Data        1848  os_core.o(.bss)
    Device_Info                              0x20002a60   Data          28  usb_init.o(.bss)
    __libspace_start                         0x20002a7c   Data          96  libspace.o(.bss)
    __temporary_stack_top$libspace           0x20002adc   Data           0  libspace.o(.bss)



==============================================================================

Memory Map of the image

  Image Entry point : 0x08010131

  Load Region LR_IROM1 (Base: 0x08010000, Size: 0x00004d58, Max: 0x0000c000, ABSOLUTE, COMPRESSED[0x00004c30])

    Execution Region ER_IROM1 (Base: 0x08010000, Size: 0x00004b90, Max: 0x0000c000, ABSOLUTE)

    Base Addr    Size         Type   Attr      Idx    E Section Name        Object

    0x08010000   0x00000130   Data   RO         3998    RESET               startup_stm32f10x_hd.o
    0x08010130   0x00000008   Code   RO         5274  * !!!main             c_w.l(__main.o)
    0x08010138   0x00000034   Code   RO         5447    !!!scatter          c_w.l(__scatter.o)
    0x0801016c   0x0000005a   Code   RO         5445    !!dczerorl2         c_w.l(__dczerorl2.o)
    0x080101c6   0x00000002   PAD
    0x080101c8   0x0000001c   Code   RO         5449    !!handler_zi        c_w.l(__scatter_zi.o)
    0x080101e4   0x00000002   Code   RO         5318    .ARM.Collect$$libinit$$00000000  c_w.l(libinit.o)
    0x080101e6   0x00000000   Code   RO         5325    .ARM.Collect$$libinit$$00000002  c_w.l(libinit2.o)
    0x080101e6   0x00000000   Code   RO         5328    .ARM.Collect$$libinit$$00000008  c_w.l(libinit2.o)
    0x080101e6   0x00000000   Code   RO         5330    .ARM.Collect$$libinit$$0000000A  c_w.l(libinit2.o)
    0x080101e6   0x00000000   Code   RO         5332    .ARM.Collect$$libinit$$0000000C  c_w.l(libinit2.o)
    0x080101e6   0x00000000   Code   RO         5335    .ARM.Collect$$libinit$$0000000F  c_w.l(libinit2.o)
    0x080101e6   0x00000000   Code   RO         5337    .ARM.Collect$$libinit$$00000011  c_w.l(libinit2.o)
    0x080101e6   0x00000000   Code   RO         5339    .ARM.Collect$$libinit$$00000013  c_w.l(libinit2.o)
    0x080101e6   0x00000000   Code   RO         5341    .ARM.Collect$$libinit$$00000015  c_w.l(libinit2.o)
    0x080101e6   0x00000000   Code   RO         5343    .ARM.Collect$$libinit$$00000017  c_w.l(libinit2.o)
    0x080101e6   0x00000000   Code   RO         5345    .ARM.Collect$$libinit$$00000019  c_w.l(libinit2.o)
    0x080101e6   0x00000000   Code   RO         5347    .ARM.Collect$$libinit$$0000001B  c_w.l(libinit2.o)
    0x080101e6   0x00000000   Code   RO         5349    .ARM.Collect$$libinit$$0000001D  c_w.l(libinit2.o)
    0x080101e6   0x00000000   Code   RO         5351    .ARM.Collect$$libinit$$0000001F  c_w.l(libinit2.o)
    0x080101e6   0x00000000   Code   RO         5353    .ARM.Collect$$libinit$$00000021  c_w.l(libinit2.o)
    0x080101e6   0x00000000   Code   RO         5355    .ARM.Collect$$libinit$$00000023  c_w.l(libinit2.o)
    0x080101e6   0x00000000   Code   RO         5359    .ARM.Collect$$libinit$$0000002A  c_w.l(libinit2.o)
    0x080101e6   0x00000000   Code   RO         5361    .ARM.Collect$$libinit$$0000002C  c_w.l(libinit2.o)
    0x080101e6   0x00000000   Code   RO         5363    .ARM.Collect$$libinit$$0000002E  c_w.l(libinit2.o)
    0x080101e6   0x00000000   Code   RO         5365    .ARM.Collect$$libinit$$00000030  c_w.l(libinit2.o)
    0x080101e6   0x00000002   Code   RO         5366    .ARM.Collect$$libinit$$00000031  c_w.l(libinit2.o)
    0x080101e8   0x00000002   Code   RO         5386    .ARM.Collect$$libshutdown$$00000000  c_w.l(libshutdown.o)
    0x080101ea   0x00000000   Code   RO         5400    .ARM.Collect$$libshutdown$$00000003  c_w.l(libshutdown2.o)
    0x080101ea   0x00000000   Code   RO         5403    .ARM.Collect$$libshutdown$$00000006  c_w.l(libshutdown2.o)
    0x080101ea   0x00000000   Code   RO         5406    .ARM.Collect$$libshutdown$$00000009  c_w.l(libshutdown2.o)
    0x080101ea   0x00000000   Code   RO         5408    .ARM.Collect$$libshutdown$$0000000B  c_w.l(libshutdown2.o)
    0x080101ea   0x00000000   Code   RO         5411    .ARM.Collect$$libshutdown$$0000000E  c_w.l(libshutdown2.o)
    0x080101ea   0x00000002   Code   RO         5412    .ARM.Collect$$libshutdown$$0000000F  c_w.l(libshutdown2.o)
    0x080101ec   0x00000000   Code   RO         5284    .ARM.Collect$$rtentry$$00000000  c_w.l(rtentry.o)
    0x080101ec   0x00000000   Code   RO         5295    .ARM.Collect$$rtentry$$00000002  c_w.l(rtentry2.o)
    0x080101ec   0x00000006   Code   RO         5307    .ARM.Collect$$rtentry$$00000004  c_w.l(rtentry4.o)
    0x080101f2   0x00000000   Code   RO         5297    .ARM.Collect$$rtentry$$00000009  c_w.l(rtentry2.o)
    0x080101f2   0x00000004   Code   RO         5298    .ARM.Collect$$rtentry$$0000000A  c_w.l(rtentry2.o)
    0x080101f6   0x00000000   Code   RO         5300    .ARM.Collect$$rtentry$$0000000C  c_w.l(rtentry2.o)
    0x080101f6   0x00000008   Code   RO         5301    .ARM.Collect$$rtentry$$0000000D  c_w.l(rtentry2.o)
    0x080101fe   0x00000002   Code   RO         5322    .ARM.Collect$$rtexit$$00000000  c_w.l(rtexit.o)
    0x08010200   0x00000000   Code   RO         5368    .ARM.Collect$$rtexit$$00000002  c_w.l(rtexit2.o)
    0x08010200   0x00000004   Code   RO         5369    .ARM.Collect$$rtexit$$00000003  c_w.l(rtexit2.o)
    0x08010204   0x00000006   Code   RO         5370    .ARM.Collect$$rtexit$$00000004  c_w.l(rtexit2.o)
    0x0801020a   0x00000002   PAD
    0x0801020c   0x00000020   Code   RO         3956    .emb_text           core_cm3.o
    0x0801022c   0x00000044   Code   RO         3999    .text               startup_stm32f10x_hd.o
    0x08010270   0x000000a4   Code   RO         4677    .text               os_cpu_a.o
    0x08010314   0x0000008a   Code   RO         5268    .text               c_w.l(rt_memcpy_v6.o)
    0x0801039e   0x00000006   Code   RO         5272    .text               c_w.l(heapauxi.o)
    0x080103a4   0x00000064   Code   RO         5285    .text               c_w.l(rt_memcpy_w.o)
    0x08010408   0x0000004a   Code   RO         5309    .text               c_w.l(sys_stackheap_outer.o)
    0x08010452   0x0000000c   Code   RO         5311    .text               c_w.l(exit.o)
    0x0801045e   0x00000002   PAD
    0x08010460   0x00000008   Code   RO         5319    .text               c_w.l(libspace.o)
    0x08010468   0x0000000c   Code   RO         5378    .text               c_w.l(sys_exit.o)
    0x08010474   0x00000002   Code   RO         5389    .text               c_w.l(use_no_semi.o)
    0x08010476   0x00000000   Code   RO         5391    .text               c_w.l(indicate_semi.o)
    0x08010476   0x00000016   Code   RO         1010    i.ADC_Cmd           stm32f10x_adc.o
    0x0801048c   0x00000016   Code   RO         1011    i.ADC_DMACmd        stm32f10x_adc.o
    0x080104a2   0x00000002   PAD
    0x080104a4   0x0000005c   Code   RO         1012    i.ADC_DeInit        stm32f10x_adc.o
    0x08010500   0x00000014   Code   RO         1018    i.ADC_GetCalibrationStatus  stm32f10x_adc.o
    0x08010514   0x00000014   Code   RO         1024    i.ADC_GetResetCalibrationStatus  stm32f10x_adc.o
    0x08010528   0x00000050   Code   RO         1028    i.ADC_Init          stm32f10x_adc.o
    0x08010578   0x000000b8   Code   RO         1032    i.ADC_RegularChannelConfig  stm32f10x_adc.o
    0x08010630   0x0000000a   Code   RO         1033    i.ADC_ResetCalibration  stm32f10x_adc.o
    0x0801063a   0x00000016   Code   RO         1035    i.ADC_SoftwareStartConvCmd  stm32f10x_adc.o
    0x08010650   0x0000000a   Code   RO         1037    i.ADC_StartCalibration  stm32f10x_adc.o
    0x0801065a   0x00000004   Code   RO          208    i.BusFault_Handler  stm32f10x_it.o
    0x0801065e   0x0000000c   Code   RO         4882    i.ByteSwap          usb_regs.o
    0x0801066a   0x00000002   PAD
    0x0801066c   0x00000268   Code   RO         4835    i.CTR_LP            usb_int.o
    0x080108d4   0x0000002c   Code   RO         4883    i.ClearDTOG_RX      usb_regs.o
    0x08010900   0x0000002c   Code   RO         4884    i.ClearDTOG_TX      usb_regs.o
    0x0801092c   0x00000020   Code   RO         4889    i.Clear_Status_Out  usb_regs.o
    0x0801094c   0x000000f8   Code   RO          379    i.ComPort1Init      stm32usart.o
    0x08010a44   0x0000002c   Code   RO          383    i.ComPortWaitTxEnd  stm32usart.o
    0x08010a70   0x00000054   Code   RO          384    i.ComPortWrite      stm32usart.o
    0x08010ac4   0x0000007c   Code   RO          713    i.CustomHID_Data_Setup  usb_prop.o
    0x08010b40   0x00000014   Code   RO          714    i.CustomHID_GetConfigDescriptor  usb_prop.o
    0x08010b54   0x00000014   Code   RO          715    i.CustomHID_GetDeviceDescriptor  usb_prop.o
    0x08010b68   0x00000014   Code   RO          716    i.CustomHID_GetHIDDescriptor  usb_prop.o
    0x08010b7c   0x0000001c   Code   RO          717    i.CustomHID_GetProtocolValue  usb_prop.o
    0x08010b98   0x00000014   Code   RO          718    i.CustomHID_GetReportDescriptor  usb_prop.o
    0x08010bac   0x00000028   Code   RO          719    i.CustomHID_GetStringDescriptor  usb_prop.o
    0x08010bd4   0x00000016   Code   RO          720    i.CustomHID_Get_Interface_Setting  usb_prop.o
    0x08010bea   0x00000002   PAD
    0x08010bec   0x00000024   Code   RO          721    i.CustomHID_NoData_Setup  usb_prop.o
    0x08010c10   0x000000b8   Code   RO          722    i.CustomHID_Reset   usb_prop.o
    0x08010cc8   0x00000018   Code   RO          723    i.CustomHID_SetConfiguration  usb_prop.o
    0x08010ce0   0x0000000c   Code   RO          724    i.CustomHID_SetDeviceAddress  usb_prop.o
    0x08010cec   0x00000018   Code   RO          725    i.CustomHID_SetProtocol  usb_prop.o
    0x08010d04   0x00000002   Code   RO          726    i.CustomHID_Status_In  usb_prop.o
    0x08010d06   0x00000002   Code   RO          727    i.CustomHID_Status_Out  usb_prop.o
    0x08010d08   0x00000028   Code   RO          728    i.CustomHID_init    usb_prop.o
    0x08010d30   0x0000002c   Code   RO          209    i.DMA1_Channel2_IRQHandler  stm32f10x_it.o
    0x08010d5c   0x00000080   Code   RO          210    i.DMA1_Channel3_IRQHandler  stm32f10x_it.o
    0x08010ddc   0x00000030   Code   RO          211    i.DMA1_Channel4_IRQHandler  stm32f10x_it.o
    0x08010e0c   0x00000080   Code   RO          212    i.DMA1_Channel5_IRQHandler  stm32f10x_it.o
    0x08010e8c   0x00000080   Code   RO          213    i.DMA1_Channel6_IRQHandler  stm32f10x_it.o
    0x08010f0c   0x00000030   Code   RO          214    i.DMA1_Channel7_IRQHandler  stm32f10x_it.o
    0x08010f3c   0x0000001c   Code   RO         1708    i.DMA_ClearFlag     stm32f10x_dma.o
    0x08010f58   0x00000018   Code   RO         1710    i.DMA_Cmd           stm32f10x_dma.o
    0x08010f70   0x0000014c   Code   RO         1711    i.DMA_DeInit        stm32f10x_dma.o
    0x080110bc   0x00000008   Code   RO         1712    i.DMA_GetCurrDataCounter  stm32f10x_dma.o
    0x080110c4   0x0000002c   Code   RO         1714    i.DMA_GetITStatus   stm32f10x_dma.o
    0x080110f0   0x00000012   Code   RO         1715    i.DMA_ITConfig      stm32f10x_dma.o
    0x08011102   0x0000003c   Code   RO         1716    i.DMA_Init          stm32f10x_dma.o
    0x0801113e   0x00000004   Code   RO         1717    i.DMA_SetCurrDataCounter  stm32f10x_dma.o
    0x08011142   0x00000002   PAD
    0x08011144   0x000000c0   Code   RO         4692    i.DataStageIn       usb_core.o
    0x08011204   0x000000bc   Code   RO         4693    i.DataStageOut      usb_core.o
    0x080112c0   0x0000028c   Code   RO         4694    i.Data_Setup0       usb_core.o
    0x0801154c   0x00000002   Code   RO          215    i.DebugMon_Handler  stm32f10x_it.o
    0x0801154e   0x00000002   PAD
    0x08011550   0x00000018   Code   RO          665    i.EP1_OUT_Callback  usb_endp.o
    0x08011568   0x00000028   Code   RO          216    i.EXTI2_IRQHandler  stm32f10x_it.o
    0x08011590   0x0000000c   Code   RO         1781    i.EXTI_ClearITPendingBit  stm32f10x_exti.o
    0x0801159c   0x00000028   Code   RO         1785    i.EXTI_GetITStatus  stm32f10x_exti.o
    0x080115c4   0x0000000c   Code   RO          874    i.Enter_LowPowerMode  hw_config.o
    0x080115d0   0x0000000c   Code   RO         1834    i.FLASH_ClearFlag   stm32f10x_flash.o
    0x080115dc   0x0000004c   Code   RO         1839    i.FLASH_ErasePage   stm32f10x_flash.o
    0x08011628   0x00000034   Code   RO         1840    i.FLASH_GetBank1Status  stm32f10x_flash.o
    0x0801165c   0x00000014   Code   RO         1849    i.FLASH_Lock        stm32f10x_flash.o
    0x08011670   0x0000006c   Code   RO         1854    i.FLASH_ProgramWord  stm32f10x_flash.o
    0x080116dc   0x00000018   Code   RO         1857    i.FLASH_Unlock      stm32f10x_flash.o
    0x080116f4   0x00000026   Code   RO         1861    i.FLASH_WaitForLastOperation  stm32f10x_flash.o
    0x0801171a   0x00000002   PAD
    0x0801171c   0x00000060   Code   RO            1    i.GPIO_DeIntConfiguration  main.o
    0x0801177c   0x00000112   Code   RO         2134    i.GPIO_Init         stm32f10x_gpio.o
    0x0801188e   0x00000002   PAD
    0x08011890   0x00000090   Code   RO         2136    i.GPIO_PinRemapConfig  stm32f10x_gpio.o
    0x08011920   0x00000012   Code   RO         2138    i.GPIO_ReadInputDataBit  stm32f10x_gpio.o
    0x08011932   0x00000004   Code   RO         2141    i.GPIO_ResetBits    stm32f10x_gpio.o
    0x08011936   0x00000004   Code   RO         2142    i.GPIO_SetBits      stm32f10x_gpio.o
    0x0801193a   0x00000002   PAD
    0x0801193c   0x00000020   Code   RO         4901    i.GetEPRxAddr       usb_regs.o
    0x0801195c   0x00000024   Code   RO         4902    i.GetEPRxCount      usb_regs.o
    0x08011980   0x00000020   Code   RO         4904    i.GetEPTxAddr       usb_regs.o
    0x080119a0   0x00000034   Code   RO          876    i.Get_SerialNum     hw_config.o
    0x080119d4   0x00000004   Code   RO          217    i.HardFault_Handler  stm32f10x_it.o
    0x080119d8   0x00000070   Code   RO         4695    i.In0_Process       usb_core.o
    0x08011a48   0x0000003e   Code   RO          877    i.IntToUnicode      hw_config.o
    0x08011a86   0x00000002   PAD
    0x08011a88   0x00000024   Code   RO          878    i.Leave_LowPowerMode  hw_config.o
    0x08011aac   0x00000004   Code   RO          218    i.MemManage_Handler  stm32f10x_it.o
    0x08011ab0   0x00000004   Code   RO          219    i.NMI_Handler       stm32f10x_it.o
    0x08011ab4   0x00000002   Code   RO         4696    i.NOP_Process       usb_core.o
    0x08011ab6   0x0000000c   Code   RO            2    i.NVIC_Configuration  main.o
    0x08011ac2   0x00000018   Code   RO          385    i.NVIC_EnableIRQ    stm32usart.o
    0x08011ada   0x00000002   PAD
    0x08011adc   0x00000074   Code   RO          968    i.NVIC_Init         misc.o
    0x08011b50   0x00000014   Code   RO          969    i.NVIC_PriorityGroupConfig  misc.o
    0x08011b64   0x00000028   Code   RO          386    i.NVIC_SetPriority  stm32usart.o
    0x08011b8c   0x00000140   Code   RO         4697    i.NoData_Setup0     usb_core.o
    0x08011ccc   0x00000024   Code   RO         4006    i.OSInit            os_core.o
    0x08011cf0   0x00000002   Code   RO         4582    i.OSInitHookBegin   os_cpu_c.o
    0x08011cf2   0x00000002   Code   RO         4583    i.OSInitHookEnd     os_cpu_c.o
    0x08011cf4   0x00000090   Code   RO         4008    i.OSIntExit         os_core.o
    0x08011d84   0x00000048   Code   RO         4009    i.OSStart           os_core.o
    0x08011dcc   0x00000002   Code   RO         4584    i.OSTCBInitHook     os_cpu_c.o
    0x08011dce   0x00000002   PAD
    0x08011dd0   0x000000c0   Code   RO         4446    i.OSTaskCreateExt   os_task.o
    0x08011e90   0x00000002   Code   RO         4585    i.OSTaskCreateHook  os_cpu_c.o
    0x08011e92   0x00000002   Code   RO         4587    i.OSTaskIdleHook    os_cpu_c.o
    0x08011e94   0x00000084   Code   RO         4450    i.OSTaskNameSet     os_task.o
    0x08011f18   0x0000009a   Code   RO         4590    i.OSTaskStkInit     os_cpu_c.o
    0x08011fb2   0x00000002   Code   RO         4591    i.OSTaskSwHook      os_cpu_c.o
    0x08011fb4   0x00000078   Code   RO         4540    i.OSTimeDly         os_time.o
    0x0801202c   0x000000b8   Code   RO         4010    i.OSTimeTick        os_core.o
    0x080120e4   0x00000058   Code   RO         4201    i.OS_FlagInit       os_flag.o
    0x0801213c   0x00000060   Code   RO         4019    i.OS_InitEventList  os_core.o
    0x0801219c   0x0000003c   Code   RO         4020    i.OS_InitMisc       os_core.o
    0x080121d8   0x00000044   Code   RO         4021    i.OS_InitRdyList    os_core.o
    0x0801221c   0x00000080   Code   RO         4022    i.OS_InitTCBList    os_core.o
    0x0801229c   0x00000050   Code   RO         4023    i.OS_InitTaskIdle   os_core.o
    0x080122ec   0x00000012   Code   RO         4024    i.OS_MemClr         os_core.o
    0x080122fe   0x00000002   PAD
    0x08012300   0x00000074   Code   RO         4026    i.OS_Sched          os_core.o
    0x08012374   0x0000002c   Code   RO         4027    i.OS_SchedNew       os_core.o
    0x080123a0   0x00000144   Code   RO         4029    i.OS_TCBInit        os_core.o
    0x080124e4   0x00000028   Code   RO         4030    i.OS_TaskIdle       os_core.o
    0x0801250c   0x0000001a   Code   RO         4458    i.OS_TaskStkClr     os_task.o
    0x08012526   0x00000002   PAD
    0x08012528   0x00000050   Code   RO         4698    i.Out0_Process      usb_core.o
    0x08012578   0x00000028   Code   RO         4864    i.PMAToUserBufferCopy  usb_mem.o
    0x080125a0   0x00000048   Code   RO         4699    i.Post0_Process     usb_core.o
    0x080125e8   0x00000020   Code   RO          830    i.PowerOff          usb_pwr.o
    0x08012608   0x00000040   Code   RO          831    i.PowerOn           usb_pwr.o
    0x08012648   0x00000018   Code   RO         2548    i.RCC_ADCCLKConfig  stm32f10x_rcc.o
    0x08012660   0x00000020   Code   RO         2549    i.RCC_AHBPeriphClockCmd  stm32f10x_rcc.o
    0x08012680   0x00000020   Code   RO         2550    i.RCC_APB1PeriphClockCmd  stm32f10x_rcc.o
    0x080126a0   0x00000020   Code   RO         2551    i.RCC_APB1PeriphResetCmd  stm32f10x_rcc.o
    0x080126c0   0x00000020   Code   RO         2552    i.RCC_APB2PeriphClockCmd  stm32f10x_rcc.o
    0x080126e0   0x00000020   Code   RO         2553    i.RCC_APB2PeriphResetCmd  stm32f10x_rcc.o
    0x08012700   0x000000d4   Code   RO         2560    i.RCC_GetClocksFreq  stm32f10x_rcc.o
    0x080127d4   0x0000000c   Code   RO         2578    i.RCC_USBCLKConfig  stm32f10x_rcc.o
    0x080127e0   0x00000070   Code   RO          342    i.RS485Send         rs485.o
    0x08012850   0x00000020   Code   RO          946    i.ReadFlashNBtye    flash_in_stm32.o
    0x08012870   0x000000a0   Code   RO          595    i.ReadKeyStatus     key.o
    0x08012910   0x000000b0   Code   RO          832    i.Resume            usb_pwr.o
    0x080129c0   0x00000024   Code   RO          833    i.Resume_Init       usb_pwr.o
    0x080129e4   0x00000002   Code   RO          220    i.SVC_Handler       stm32f10x_it.o
    0x080129e6   0x00000002   PAD
    0x080129e8   0x00000010   Code   RO         4912    i.SetBTABLE         usb_regs.o
    0x080129f8   0x00000048   Code   RO         4700    i.SetDeviceAddress  usb_core.o
    0x08012a40   0x00000024   Code   RO         4926    i.SetEPRxAddr       usb_regs.o
    0x08012a64   0x0000004c   Code   RO         4927    i.SetEPRxCount      usb_regs.o
    0x08012ab0   0x00000038   Code   RO         4928    i.SetEPRxStatus     usb_regs.o
    0x08012ae8   0x0000002c   Code   RO         4929    i.SetEPRxValid      usb_regs.o
    0x08012b14   0x00000020   Code   RO         4930    i.SetEPTxAddr       usb_regs.o
    0x08012b34   0x0000001c   Code   RO         4931    i.SetEPTxCount      usb_regs.o
    0x08012b50   0x00000038   Code   RO         4932    i.SetEPTxStatus     usb_regs.o
    0x08012b88   0x0000001c   Code   RO         4934    i.SetEPType         usb_regs.o
    0x08012ba4   0x00000008   Code   RO         3967    i.SetSysClock       system_stm32f10x.o
    0x08012bac   0x000000e4   Code   RO         3968    i.SetSysClockTo72   system_stm32f10x.o
    0x08012c90   0x00000002   Code   RO          879    i.Set_System        hw_config.o
    0x08012c92   0x00000012   Code   RO          880    i.Set_USBClock      hw_config.o
    0x08012ca4   0x000000b8   Code   RO         4701    i.Setup0_Process    usb_core.o
    0x08012d5c   0x00000148   Code   RO         4702    i.Standard_ClearFeature  usb_core.o
    0x08012ea4   0x0000002c   Code   RO         4703    i.Standard_GetConfiguration  usb_core.o
    0x08012ed0   0x00000024   Code   RO         4704    i.Standard_GetDescriptorData  usb_core.o
    0x08012ef4   0x0000002c   Code   RO         4705    i.Standard_GetInterface  usb_core.o
    0x08012f20   0x000000f8   Code   RO         4706    i.Standard_GetStatus  usb_core.o
    0x08013018   0x00000048   Code   RO         4707    i.Standard_SetConfiguration  usb_core.o
    0x08013060   0x00000028   Code   RO         4708    i.Standard_SetDeviceFeature  usb_core.o
    0x08013088   0x000000b8   Code   RO         4709    i.Standard_SetEndPointFeature  usb_core.o
    0x08013140   0x0000006c   Code   RO         4710    i.Standard_SetInterface  usb_core.o
    0x080131ac   0x0000001c   Code   RO          387    i.StartUsartDMARx   stm32usart.o
    0x080131c8   0x0000002c   Code   RO          388    i.StartUsartDMATx   stm32usart.o
    0x080131f4   0x00000028   Code   RO          834    i.Suspend           usb_pwr.o
    0x0801321c   0x00000028   Code   RO          221    i.SysTick_Handler   stm32f10x_it.o
    0x08013244   0x00000060   Code   RO         3969    i.SystemInit        system_stm32f10x.o
    0x080132a4   0x00000018   Code   RO         3175    i.TIM_ARRPreloadConfig  stm32f10x_tim.o
    0x080132bc   0x0000001e   Code   RO         3179    i.TIM_CCxCmd        stm32f10x_tim.o
    0x080132da   0x00000018   Code   RO         3187    i.TIM_Cmd           stm32f10x_tim.o
    0x080132f2   0x00000002   PAD
    0x080132f4   0x000001e8   Code   RO         3192    i.TIM_DeInit        stm32f10x_tim.o
    0x080134dc   0x000000a4   Code   RO         3221    i.TIM_OC2Init       stm32f10x_tim.o
    0x08013580   0x0000001a   Code   RO         3224    i.TIM_OC2PreloadConfig  stm32f10x_tim.o
    0x0801359a   0x00000004   Code   RO         3249    i.TIM_SetCompare2   stm32f10x_tim.o
    0x0801359e   0x00000002   PAD
    0x080135a0   0x000000a4   Code   RO         3258    i.TIM_TimeBaseInit  stm32f10x_tim.o
    0x08013644   0x000000cc   Code   RO            3    i.TaskADC           main.o
    0x08013710   0x0000029c   Code   RO            4    i.TaskKey           main.o
    0x080139ac   0x00000100   Code   RO            5    i.TaskLedBeep       main.o
    0x08013aac   0x000000e0   Code   RO            6    i.TaskStart         main.o
    0x08013b8c   0x000000c4   Code   RO            7    i.TaskUSBHID        main.o
    0x08013c50   0x00000044   Code   RO            8    i.TaskUart          main.o
    0x08013c94   0x00000058   Code   RO          222    i.USART1_IRQHandler  stm32f10x_it.o
    0x08013cec   0x00000058   Code   RO          223    i.USART2_IRQHandler  stm32f10x_it.o
    0x08013d44   0x00000058   Code   RO          224    i.USART3_IRQHandler  stm32f10x_it.o
    0x08013d9c   0x00000018   Code   RO         3723    i.USART_Cmd         stm32f10x_usart.o
    0x08013db4   0x00000012   Code   RO         3724    i.USART_DMACmd      stm32f10x_usart.o
    0x08013dc6   0x00000002   PAD
    0x08013dc8   0x0000009c   Code   RO         3725    i.USART_DeInit      stm32f10x_usart.o
    0x08013e64   0x0000001a   Code   RO         3726    i.USART_GetFlagStatus  stm32f10x_usart.o
    0x08013e7e   0x00000054   Code   RO         3727    i.USART_GetITStatus  stm32f10x_usart.o
    0x08013ed2   0x0000004a   Code   RO         3729    i.USART_ITConfig    stm32f10x_usart.o
    0x08013f1c   0x000000d8   Code   RO         3730    i.USART_Init        stm32f10x_usart.o
    0x08013ff4   0x00000002   Code   RO          881    i.USB_Cable_Config  hw_config.o
    0x08013ff6   0x00000002   PAD
    0x08013ff8   0x0000003c   Code   RO         4811    i.USB_Init          usb_init.o
    0x08014034   0x0000002a   Code   RO          882    i.USB_Interrupts_Config  hw_config.o
    0x0801405e   0x00000002   PAD
    0x08014060   0x000000f8   Code   RO          688    i.USB_Istr          usb_istr.o
    0x08014158   0x00000008   Code   RO          225    i.USB_LP_CAN1_RX0_IRQHandler  stm32f10x_it.o
    0x08014160   0x00000024   Code   RO         5242    i.USB_SIL_Init      usb_sil.o
    0x08014184   0x0000002e   Code   RO         5243    i.USB_SIL_Read      usb_sil.o
    0x080141b2   0x00000004   Code   RO          226    i.UsageFault_Handler  stm32f10x_it.o
    0x080141b6   0x00000086   Code   RO          390    i.UsartDMARx        stm32usart.o
    0x0801423c   0x000001ec   Code   RO          391    i.UsartInitDMA      stm32usart.o
    0x08014428   0x00000038   Code   RO         4865    i.UserToPMABufferCopy  usb_mem.o
    0x08014460   0x00000070   Code   RO          947    i.WriteFlashNBtye   flash_in_stm32.o
    0x080144d0   0x0000005c   Code   RO          566    i.average_filter    adc.o
    0x0801452c   0x00000022   Code   RO          343    i.checksum8         rs485.o
    0x0801454e   0x00000002   PAD
    0x08014550   0x000000d8   Code   RO          596    i.key_IO_Init       key.o
    0x08014628   0x00000050   Code   RO          520    i.ledInit           led.o
    0x08014678   0x000000c4   Code   RO            9    i.main              main.o
    0x0801473c   0x000000b4   Code   RO          521    i.motoInit          led.o
    0x080147f0   0x00000020   Code   RO          344    i.rs485_1_Init      rs485.o
    0x08014810   0x0000015c   Code   RO          567    i.stm32_adc1_init   adc.o
    0x0801496c   0x00000040   Code   RO          620    i.usbDisable        usbhid.o
    0x080149ac   0x00000014   Code   RO          621    i.usbHIDInit        usbhid.o
    0x080149c0   0x000000ad   Data   RO          646    .constdata          usb_desc.o
    0x08014a6d   0x00000100   Data   RO         4033    .constdata          os_core.o
    0x08014b6d   0x00000003   PAD
    0x08014b70   0x00000020   Data   RO         5443    Region$$Table       anon$$obj.o


    Execution Region RW_IRAM1 (Base: 0x20000000, Size: 0x000030e0, Max: 0x00005000, ABSOLUTE, COMPRESSED[0x000000a0])

    Base Addr    Size         Type   Attr      Idx    E Section Name        Object

    0x20000000   0x0000001c   Data   RW           11    .data               main.o
    0x2000001c   0x00000006   Data   RW          228    .data               stm32f10x_it.o
    0x20000022   0x00000002   Data   RW          394    .data               stm32usart.o
    0x20000024   0x00000006   Data   RW          523    .data               led.o
    0x2000002a   0x00000002   PAD
    0x2000002c   0x00000030   Data   RW          598    .data               key.o
    0x2000005c   0x0000001a   Data   RW          647    .data               usb_desc.o
    0x20000076   0x00000001   Data   RW          667    .data               usb_endp.o
    0x20000077   0x00000001   PAD
    0x20000078   0x0000003e   Data   RW          689    .data               usb_istr.o
    0x200000b6   0x00000002   PAD
    0x200000b8   0x0000009d   Data   RW          729    .data               usb_prop.o
    0x20000155   0x00000003   PAD
    0x20000158   0x00000007   Data   RW          835    .data               usb_pwr.o
    0x2000015f   0x00000001   Data   RW          949    .data               flash_in_stm32.o
    0x20000160   0x00000014   Data   RW         2580    .data               stm32f10x_rcc.o
    0x20000174   0x00000004   Data   RW         3971    .data               system_stm32f10x.o
    0x20000178   0x00000034   Data   RW         4034    .data               os_core.o
    0x200001ac   0x00000004   Data   RW         4711    .data               usb_core.o
    0x200001b0   0x00000014   Data   RW         4813    .data               usb_init.o
    0x200001c4   0x00000004   Data   RW         4836    .data               usb_int.o
    0x200001c8   0x00000ee8   Zero   RW           10    .bss                main.o
    0x200010b0   0x000008c8   Zero   RW          393    .bss                stm32usart.o
    0x20001978   0x0000016e   Zero   RW          568    .bss                adc.o
    0x20001ae6   0x00000040   Zero   RW          666    .bss                usb_endp.o
    0x20001b26   0x00000002   PAD
    0x20001b28   0x00000f38   Zero   RW         4032    .bss                os_core.o
    0x20002a60   0x0000001c   Zero   RW         4812    .bss                usb_init.o
    0x20002a7c   0x00000060   Zero   RW         5320    .bss                c_w.l(libspace.o)
    0x20002adc   0x00000004   PAD
    0x20002ae0   0x00000200   Zero   RW         3997    HEAP                startup_stm32f10x_hd.o
    0x20002ce0   0x00000400   Zero   RW         3996    STACK               startup_stm32f10x_hd.o


==============================================================================

Image component sizes


      Code (inc. data)   RO Data    RW Data    ZI Data      Debug   Object Name

       440         18          0          0        366       2570   adc.o
        32          0          0          0          0        512   core_cm3.o
       144         16          0          1          0       1677   flash_in_stm32.o
       226         22          0          0          0       4013   hw_config.o
       376         46          0         48          0       2719   key.o
       260         16          0          6          0       1514   led.o
      1920        228          0         28       3816     293011   main.o
       136         24          0          0          0       1331   misc.o
      1410        276        256         52       3896      15298   os_core.o
       164         32          0          0          0        276   os_cpu_a.o
       166          0          0          0          0      11373   os_cpu_c.o
        88         12          0          0          0       7422   os_flag.o
       350         26          0          0          0       2602   os_task.o
       120         20          0          0          0        580   os_time.o
       178         20          0          0          0       1835   rs485.o
        68         28        304          0       1536        828   startup_stm32f10x_hd.o
       482         24          0          0          0       7170   stm32f10x_adc.o
       518         28          0          0          0       5621   stm32f10x_dma.o
        52         12          0          0          0        988   stm32f10x_exti.o
       330         38          0          0          0       4784   stm32f10x_flash.o
       444          6          0          0          0       4050   stm32f10x_gpio.o
       900        102          0          6          0       8883   stm32f10x_it.o
       408         62          0         20          0       6542   stm32f10x_rcc.o
       924        116          0          0          0       4933   stm32f10x_tim.o
       598         28          0          0          0       5682   stm32f10x_usart.o
      1138         74          0          2       2248      12281   stm32usart.o
       332         30          0          4          0       2185   system_stm32f10x.o
      2978        282          0          4          0      13743   usb_core.o
         0          0        173         26          0        956   usb_desc.o
        24          8          0          1         64       1017   usb_endp.o
        60         24          0         20         28       3974   usb_init.o
       616         28          0          4          0       1604   usb_int.o
       248         26          0         62          0       1160   usb_istr.o
        96         10          0          0          0       1672   usb_mem.o
       618        108          0        157          0      11397   usb_prop.o
       348         42          0          7          0       3457   usb_pwr.o
       604        104          0          0          0       8556   usb_regs.o
        82          8          0          0          0       1358   usb_sil.o
        84          4          0          0          0        870   usbhid.o

    ----------------------------------------------------------------------
     18002       1948        768        456      11956     460444   Object Totals
         0          0         32          0          0          0   (incl. Generated)
        40          0          3          8          2          0   (incl. Padding)

    ----------------------------------------------------------------------

      Code (inc. data)   RO Data    RW Data    ZI Data      Debug   Library Member Name

        90          0          0          0          0          0   __dczerorl2.o
         8          0          0          0          0         68   __main.o
        52          8          0          0          0          0   __scatter.o
        28          0          0          0          0          0   __scatter_zi.o
        12          0          0          0          0         72   exit.o
         6          0          0          0          0        152   heapauxi.o
         0          0          0          0          0          0   indicate_semi.o
         2          0          0          0          0          0   libinit.o
         2          0          0          0          0          0   libinit2.o
         2          0          0          0          0          0   libshutdown.o
         2          0          0          0          0          0   libshutdown2.o
         8          4          0          0         96         68   libspace.o
       138          0          0          0          0         68   rt_memcpy_v6.o
       100          0          0          0          0         80   rt_memcpy_w.o
         0          0          0          0          0          0   rtentry.o
        12          0          0          0          0          0   rtentry2.o
         6          0          0          0          0          0   rtentry4.o
         2          0          0          0          0          0   rtexit.o
        10          0          0          0          0          0   rtexit2.o
        12          4          0          0          0         68   sys_exit.o
        74          0          0          0          0         80   sys_stackheap_outer.o
         2          0          0          0          0         68   use_no_semi.o

    ----------------------------------------------------------------------
       574         16          0          0        100        724   Library Totals
         6          0          0          0          4          0   (incl. Padding)

    ----------------------------------------------------------------------

      Code (inc. data)   RO Data    RW Data    ZI Data      Debug   Library Name

       568         16          0          0         96        724   c_w.l

    ----------------------------------------------------------------------
       574         16          0          0        100        724   Library Totals

    ----------------------------------------------------------------------

==============================================================================


      Code (inc. data)   RO Data    RW Data    ZI Data      Debug   

     18576       1964        768        456      12056     450092   Grand Totals
     18576       1964        768        160      12056     450092   ELF Image Totals (compressed)
     18576       1964        768        160          0          0   ROM Totals

==============================================================================

    Total RO  Size (Code + RO Data)                19344 (  18.89kB)
    Total RW  Size (RW Data + ZI Data)             12512 (  12.22kB)
    Total ROM Size (Code + RO Data + RW Data)      19504 (  19.05kB)

==============================================================================

