ARM Linker, 5.03 [Build 76] [MDK-ARM Lite]

==============================================================================

Section Cross References

    main.o(i.GPIO_DeIntConfiguration) refers to stm32f10x_rcc.o(i.RCC_APB2PeriphClockCmd) for RCC_APB2PeriphClockCmd
    main.o(i.GPIO_DeIntConfiguration) refers to stm32f10x_gpio.o(i.GPIO_Init) for GPIO_Init
    main.o(i.NVIC_Configuration) refers to misc.o(i.NVIC_PriorityGroupConfig) for NVIC_PriorityGroupConfig
    main.o(i.TaskADC) refers to adc.o(i.average_filter) for average_filter
    main.o(i.TaskADC) refers to rs485.o(i.checksum8) for checksum8
    main.o(i.TaskADC) refers to os_time.o(i.OSTimeDly) for OSTimeDly
    main.o(i.TaskADC) refers to adc.o(.bss) for AD_Value
    main.o(i.TaskADC) refers to main.o(.data) for sbusData
    main.o(i.TaskADC) refers to led.o(.data) for ledCHstate
    main.o(i.TaskKey) refers to key.o(i.ReadKeyStatus) for ReadKeyStatus
    main.o(i.TaskKey) refers to rs485.o(i.checksum8) for checksum8
    main.o(i.TaskKey) refers to rs485.o(i.RS485Send) for RS485Send
    main.o(i.TaskKey) refers to stm32f10x_gpio.o(i.GPIO_ReadInputDataBit) for GPIO_ReadInputDataBit
    main.o(i.TaskKey) refers to os_time.o(i.OSTimeDly) for OSTimeDly
    main.o(i.TaskKey) refers to key.o(.data) for keyAst
    main.o(i.TaskKey) refers to main.o(.data) for sbusData
    main.o(i.TaskKey) refers to led.o(.data) for keythreeSt2
    main.o(i.TaskLedBeep) refers to stm32f10x_tim.o(i.TIM_CCxCmd) for TIM_CCxCmd
    main.o(i.TaskLedBeep) refers to stm32f10x_gpio.o(i.GPIO_ResetBits) for GPIO_ResetBits
    main.o(i.TaskLedBeep) refers to stm32f10x_gpio.o(i.GPIO_SetBits) for GPIO_SetBits
    main.o(i.TaskLedBeep) refers to stm32f10x_gpio.o(i.GPIO_ReadInputDataBit) for GPIO_ReadInputDataBit
    main.o(i.TaskLedBeep) refers to os_time.o(i.OSTimeDly) for OSTimeDly
    main.o(i.TaskLedBeep) refers to led.o(.data) for motostate
    main.o(i.TaskStart) refers to os_task.o(i.OSTaskCreateExt) for OSTaskCreateExt
    main.o(i.TaskStart) refers to os_time.o(i.OSTimeDly) for OSTimeDly
    main.o(i.TaskStart) refers to main.o(.bss) for Task_LedBeep_Stk
    main.o(i.TaskStart) refers to main.o(i.TaskLedBeep) for TaskLedBeep
    main.o(i.TaskStart) refers to main.o(i.TaskADC) for TaskADC
    main.o(i.TaskStart) refers to main.o(i.TaskKey) for TaskKey
    main.o(i.TaskStart) refers to main.o(i.TaskUart) for TaskUart
    main.o(i.TaskStart) refers to main.o(i.TaskUSBHID) for TaskUSBHID
    main.o(i.TaskUSBHID) refers to os_time.o(i.OSTimeDly) for OSTimeDly
    main.o(i.TaskUart) refers to os_time.o(i.OSTimeDly) for OSTimeDly
    main.o(i.TaskUart) refers to stm32usart.o(.bss) for nCom1
    main.o(i.TaskUart) refers to led.o(.data) for ledXstate
    main.o(i.main) refers to main.o(i.NVIC_Configuration) for NVIC_Configuration
    main.o(i.main) refers to main.o(i.GPIO_DeIntConfiguration) for GPIO_DeIntConfiguration
    main.o(i.main) refers to os_core.o(i.OSInit) for OSInit
    main.o(i.main) refers to led.o(i.ledInit) for ledInit
    main.o(i.main) refers to led.o(i.motoInit) for motoInit
    main.o(i.main) refers to key.o(i.key_IO_Init) for key_IO_Init
    main.o(i.main) refers to rs485.o(i.rs485_1_Init) for rs485_1_Init
    main.o(i.main) refers to adc.o(i.stm32_adc1_init) for stm32_adc1_init
    main.o(i.main) refers to os_task.o(i.OSTaskCreateExt) for OSTaskCreateExt
    main.o(i.main) refers to os_core.o(i.OSStart) for OSStart
    main.o(i.main) refers to main.o(.bss) for Task_Start
    main.o(i.main) refers to main.o(i.TaskStart) for TaskStart
    main.o(i.main) refers to system_stm32f10x.o(.data) for SystemCoreClock
    stm32f10x_it.o(i.DMA1_Channel2_IRQHandler) refers to stm32f10x_dma.o(i.DMA_GetITStatus) for DMA_GetITStatus
    stm32f10x_it.o(i.DMA1_Channel2_IRQHandler) refers to stm32f10x_dma.o(i.DMA_Cmd) for DMA_Cmd
    stm32f10x_it.o(i.DMA1_Channel2_IRQHandler) refers to stm32f10x_dma.o(i.DMA_ClearFlag) for DMA_ClearFlag
    stm32f10x_it.o(i.DMA1_Channel2_IRQHandler) refers to stm32usart.o(.bss) for nCom3
    stm32f10x_it.o(i.DMA1_Channel3_IRQHandler) refers to stm32f10x_dma.o(i.DMA_GetITStatus) for DMA_GetITStatus
    stm32f10x_it.o(i.DMA1_Channel3_IRQHandler) refers to stm32f10x_dma.o(i.DMA_Cmd) for DMA_Cmd
    stm32f10x_it.o(i.DMA1_Channel3_IRQHandler) refers to stm32f10x_dma.o(i.DMA_ClearFlag) for DMA_ClearFlag
    stm32f10x_it.o(i.DMA1_Channel4_IRQHandler) refers to stm32f10x_dma.o(i.DMA_GetITStatus) for DMA_GetITStatus
    stm32f10x_it.o(i.DMA1_Channel4_IRQHandler) refers to stm32f10x_dma.o(i.DMA_Cmd) for DMA_Cmd
    stm32f10x_it.o(i.DMA1_Channel4_IRQHandler) refers to stm32f10x_dma.o(i.DMA_ClearFlag) for DMA_ClearFlag
    stm32f10x_it.o(i.DMA1_Channel4_IRQHandler) refers to stm32usart.o(.bss) for nCom1
    stm32f10x_it.o(i.DMA1_Channel5_IRQHandler) refers to stm32f10x_dma.o(i.DMA_GetITStatus) for DMA_GetITStatus
    stm32f10x_it.o(i.DMA1_Channel5_IRQHandler) refers to stm32f10x_dma.o(i.DMA_Cmd) for DMA_Cmd
[...]
    Removing os_mbox.o(i.OSMboxCreate), (84 bytes).
    Removing os_mbox.o(i.OSMboxDel), (232 bytes).
    Removing os_mbox.o(i.OSMboxPend), (276 bytes).
    Removing os_mbox.o(i.OSMboxPendAbort), (138 bytes).
    Removing os_mbox.o(i.OSMboxPost), (92 bytes).
    Removing os_mbox.o(i.OSMboxPostOpt), (132 bytes).
    Removing os_mbox.o(i.OSMboxQuery), (88 bytes).
    Removing os_mutex.o(i.OSMutexAccept), (156 bytes).
    Removing os_mutex.o(i.OSMutexCreate), (168 bytes).
    Removing os_mutex.o(i.OSMutexDel), (300 bytes).
    Removing os_mutex.o(i.OSMutexPend), (600 bytes).
    Removing os_mutex.o(i.OSMutexPost), (204 bytes).
    Removing os_mutex.o(i.OSMutexQuery), (124 bytes).
    Removing os_mutex.o(i.OSMutex_RdyAtPrio), (132 bytes).
    Removing os_sem.o(i.OSSemAccept), (48 bytes).
    Removing os_sem.o(i.OSSemCreate), (84 bytes).
    Removing os_sem.o(i.OSSemDel), (232 bytes).
    Removing os_sem.o(i.OSSemPend), (248 bytes).
    Removing os_sem.o(i.OSSemPendAbort), (138 bytes).
    Removing os_sem.o(i.OSSemPost), (94 bytes).
    Removing os_sem.o(i.OSSemQuery), (88 bytes).
    Removing os_sem.o(i.OSSemSet), (74 bytes).
    Removing os_task.o(i.OSTaskChangePrio), (440 bytes).
    Removing os_task.o(i.OSTaskCreate), (168 bytes).
    Removing os_task.o(i.OSTaskDel), (364 bytes).
    Removing os_task.o(i.OSTaskDelReq), (120 bytes).
    Removing os_task.o(i.OSTaskNameGet), (152 bytes).
    Removing os_task.o(i.OSTaskQuery), (108 bytes).
    Removing os_task.o(i.OSTaskRegGet), (96 bytes).
    Removing os_task.o(i.OSTaskRegSet), (92 bytes).
    Removing os_task.o(i.OSTaskResume), (184 bytes).
    Removing os_task.o(i.OSTaskStkChk), (160 bytes).
    Removing os_task.o(i.OSTaskSuspend), (188 bytes).
    Removing os_task.o(i.OS_TaskReturn), (24 bytes).
    Removing os_time.o(i.OSTimeDlyHMSM), (132 bytes).
    Removing os_time.o(i.OSTimeDlyResume), (188 bytes).
    Removing os_time.o(i.OSTimeGet), (28 bytes).
    Removing os_time.o(i.OSTimeSet), (28 bytes).
    Removing os_cpu_c.o(i.OSTaskDelHook), (2 bytes).
    Removing os_cpu_c.o(i.OSTaskReturnHook), (2 bytes).
    Removing os_cpu_c.o(i.OSTaskStatHook), (2 bytes).
    Removing os_dbg.o(.constdata), (2 bytes).

519 unused section(s) (total 27964 bytes) removed from the image.

==============================================================================

Image Symbol Table

    Local Symbols

    Symbol Name                              Value     Ov Type        Size  Object(Section)

    ../clib/angel/boardlib.s                 0x00000000   Number         0  boardinit1.o ABSOLUTE
    ../clib/angel/boardlib.s                 0x00000000   Number         0  boardinit3.o ABSOLUTE
    ../clib/angel/boardlib.s                 0x00000000   Number         0  boardinit2.o ABSOLUTE
    ../clib/angel/boardlib.s                 0x00000000   Number         0  boardshut.o ABSOLUTE
    ../clib/angel/handlers.s                 0x00000000   Number         0  __scatter_zi.o ABSOLUTE
    ../clib/angel/handlers.s                 0x00000000   Number         0  __scatter_copy.o ABSOLUTE
    ../clib/angel/kernel.s                   0x00000000   Number         0  rtexit2.o ABSOLUTE
    ../clib/angel/kernel.s                   0x00000000   Number         0  rtentry4.o ABSOLUTE
    ../clib/angel/kernel.s                   0x00000000   Number         0  rtentry2.o ABSOLUTE
    ../clib/angel/kernel.s                   0x00000000   Number         0  rtentry.o ABSOLUTE
    ../clib/angel/kernel.s                   0x00000000   Number         0  rtexit.o ABSOLUTE
    ../clib/angel/rt.s                       0x00000000   Number         0  rt_raise.o ABSOLUTE
    ../clib/angel/scatter.s                  0x00000000   Number         0  __scatter.o ABSOLUTE
    ../clib/angel/startup.s                  0x00000000   Number         0  __main.o ABSOLUTE
    ../clib/angel/sys.s                      0x00000000   Number         0  sys_stackheap_outer.o ABSOLUTE
    ../clib/angel/sys.s                      0x00000000   Number         0  libspace.o ABSOLUTE
    ../clib/angel/sys.s                      0x00000000   Number         0  use_no_semi.o ABSOLUTE
    ../clib/angel/sys.s                      0x00000000   Number         0  indicate_semi.o ABSOLUTE
    ../clib/angel/sysapp.c                   0x00000000   Number         0  sys_command.o ABSOLUTE
    ../clib/angel/sysapp.c                   0x00000000   Number         0  sys_exit.o ABSOLUTE
    ../clib/angel/sysapp.c                   0x00000000   Number         0  sys_wrch.o ABSOLUTE
    ../clib/armsys.c                         0x00000000   Number         0  argv_veneer.o ABSOLUTE
    ../clib/armsys.c                         0x00000000   Number         0  argv_veneer.o ABSOLUTE
    ../clib/armsys.c                         0x00000000   Number         0  _get_argv_nomalloc.o ABSOLUTE
    ../clib/armsys.c                         0x00000000   Number         0  no_argv.o ABSOLUTE
    ../clib/heapalloc.c                      0x00000000   Number         0  hrguard.o ABSOLUTE
    ../clib/heapaux.c                        0x00000000   Number         0  heapauxi.o ABSOLUTE
    ../clib/libinit.s                        0x00000000   Number         0  libshutdown.o ABSOLUTE
    ../clib/libinit.s                        0x00000000   Number         0  libinit.o ABSOLUTE
    ../clib/libinit.s                        0x00000000   Number         0  libshutdown2.o ABSOLUTE
    ../clib/libinit.s                        0x00000000   Number         0  libinit2.o ABSOLUTE
    ../clib/memcpset.s                       0x00000000   Number         0  rt_memclr_w.o ABSOLUTE
    ../clib/memcpset.s                       0x00000000   Number         0  rt_memclr.o ABSOLUTE
    ../clib/memcpset.s                       0x00000000   Number         0  rt_memcpy_v6.o ABSOLUTE
    ../clib/memcpset.s                       0x00000000   Number         0  rt_memcpy_w.o ABSOLUTE
    ../clib/signal.c                         0x00000000   Number         0  defsig_rtmem_outer.o ABSOLUTE
    ../clib/signal.c                         0x00000000   Number         0  defsig_exit.o ABSOLUTE
    ../clib/signal.c                         0x00000000   Number         0  defsig_rtmem_inner.o ABSOLUTE
    ../clib/signal.c                         0x00000000   Number         0  __raise.o ABSOLUTE
    ../clib/signal.c                         0x00000000   Number         0  defsig_general.o ABSOLUTE
    ../clib/signal.c                         0x00000000   Number         0  defsig_abrt_inner.o ABSOLUTE
    ../clib/signal.c                         0x00000000   Number         0  defsig_fpe_inner.o ABSOLUTE
    ../clib/signal.c                         0x00000000   Number         0  defsig_rtred_inner.o ABSOLUTE
    ../clib/signal.c                         0x00000000   Number         0  defsig_stak_inner.o ABSOLUTE
    ../clib/signal.c                         0x00000000   Number         0  defsig_pvfn_inner.o ABSOLUTE
    ../clib/signal.c                         0x00000000   Number         0  defsig_segv_inner.o ABSOLUTE
    ../clib/signal.c                         0x00000000   Number         0  defsig_other.o ABSOLUTE
    ../clib/signal.c                         0x00000000   Number         0  defsig_rtmem_formal.o ABSOLUTE
    ../clib/signal.c                         0x00000000   Number         0  defsig_cppl_inner.o ABSOLUTE
    ../clib/signal.s                         0x00000000   Number         0  defsig.o ABSOLUTE
    ../clib/stdlib.c                         0x00000000   Number         0  exit.o ABSOLUTE
    ../fplib/fflt.s                          0x00000000   Number         0  fflt_clz.o ABSOLUTE
    ../fplib/fmul.s                          0x00000000   Number         0  fmul.o ABSOLUTE
    ../fplib/fnaninf.s                       0x00000000   Number         0  fnaninf.o ABSOLUTE
    ../fplib/fpinit.s                        0x00000000   Number         0  fpinit.o ABSOLUTE
    ../fplib/fretinf.s                       0x00000000   Number         0  fretinf.o ABSOLUTE
    ../fplib/usenofp.s                       0x00000000   Number         0  usenofp.o ABSOLUTE
    ..\App\main.c                            0x00000000   Number         0  main.o ABSOLUTE
    ..\Bsp\FIFO_App.c                        0x00000000   Number         0  fifo_app.o ABSOLUTE
    ..\Bsp\RS485.c                           0x00000000   Number         0  rs485.o ABSOLUTE
    ..\Bsp\Stm32Usart.c                      0x00000000   Number         0  stm32usart.o ABSOLUTE
    ..\Bsp\adc.c                             0x00000000   Number         0  adc.o ABSOLUTE
    ..\Bsp\key.c                             0x00000000   Number         0  key.o ABSOLUTE
    ..\Bsp\led.c                             0x00000000   Number         0  led.o ABSOLUTE
    ..\Bsp\sbus.c                            0x00000000   Number         0  sbus.o ABSOLUTE
    ..\Bsp\stm32f10x_it.c                    0x00000000   Number         0  stm32f10x_it.o ABSOLUTE
    ..\CMSIS\core_cm3.c                      0x00000000   Number         0  core_cm3.o ABSOLUTE
    ..\CMSIS\startup\startup_stm32f10x_hd.s  0x00000000   Number         0  startup_stm32f10x_hd.o ABSOLUTE
    ..\CMSIS\system_stm32f10x.c              0x00000000   Number         0  system_stm32f10x.o ABSOLUTE
    ..\FWlib\src\misc.c                      0x00000000   Number         0  misc.o ABSOLUTE
    ..\FWlib\src\stm32f10x_adc.c             0x00000000   Number         0  stm32f10x_adc.o ABSOLUTE
    ..\FWlib\src\stm32f10x_bkp.c             0x00000000   Number         0  stm32f10x_bkp.o ABSOLUTE
    ..\FWlib\src\stm32f10x_can.c             0x00000000   Number         0  stm32f10x_can.o ABSOLUTE
    ..\FWlib\src\stm32f10x_cec.c             0x00000000   Number         0  stm32f10x_cec.o ABSOLUTE
    ..\FWlib\src\stm32f10x_crc.c             0x00000000   Number         0  stm32f10x_crc.o ABSOLUTE
    ..\FWlib\src\stm32f10x_dac.c             0x00000000   Number         0  stm32f10x_dac.o ABSOLUTE
    ..\FWlib\src\stm32f10x_dbgmcu.c          0x00000000   Number         0  stm32f10x_dbgmcu.o ABSOLUTE
    ..\FWlib\src\stm32f10x_dma.c             0x00000000   Number         0  stm32f10x_dma.o ABSOLUTE
    ..\FWlib\src\stm32f10x_exti.c            0x00000000   Number         0  stm32f10x_exti.o ABSOLUTE
    ..\FWlib\src\stm32f10x_flash.c           0x00000000   Number         0  stm32f10x_flash.o ABSOLUTE
    ..\FWlib\src\stm32f10x_fsmc.c            0x00000000   Number         0  stm32f10x_fsmc.o ABSOLUTE
    ..\FWlib\src\stm32f10x_gpio.c            0x00000000   Number         0  stm32f10x_gpio.o ABSOLUTE
    ..\FWlib\src\stm32f10x_i2c.c             0x00000000   Number         0  stm32f10x_i2c.o ABSOLUTE
    ..\FWlib\src\stm32f10x_iwdg.c            0x00000000   Number         0  stm32f10x_iwdg.o ABSOLUTE
    ..\FWlib\src\stm32f10x_pwr.c             0x00000000   Number         0  stm32f10x_pwr.o ABSOLUTE
    ..\FWlib\src\stm32f10x_rcc.c             0x00000000   Number         0  stm32f10x_rcc.o ABSOLUTE
    ..\FWlib\src\stm32f10x_rtc.c             0x00000000   Number         0  stm32f10x_rtc.o ABSOLUTE
    ..\FWlib\src\stm32f10x_sdio.c            0x00000000   Number         0  stm32f10x_sdio.o ABSOLUTE
    ..\FWlib\src\stm32f10x_spi.c             0x00000000   Number         0  stm32f10x_spi.o ABSOLUTE
    ..\FWlib\src\stm32f10x_tim.c             0x00000000   Number         0  stm32f10x_tim.o ABSOLUTE
    ..\FWlib\src\stm32f10x_usart.c           0x00000000   Number         0  stm32f10x_usart.o ABSOLUTE
    ..\FWlib\src\stm32f10x_wwdg.c            0x00000000   Number         0  stm32f10x_wwdg.o ABSOLUTE
    ..\\CMSIS\\core_cm3.c                    0x00000000   Number         0  core_cm3.o ABSOLUTE
    ..\uCOS-II\Ports\os_cpu_a.asm            0x00000000   Number         0  os_cpu_a.o ABSOLUTE
    ..\uCOS-II\Ports\os_cpu_c.c              0x00000000   Number         0  os_cpu_c.o ABSOLUTE
    ..\uCOS-II\Ports\os_dbg.c                0x00000000   Number         0  os_dbg.o ABSOLUTE
    ..\uCOS-II\Source\os_core.c              0x00000000   Number         0  os_core.o ABSOLUTE
    ..\uCOS-II\Source\os_flag.c              0x00000000   Number         0  os_flag.o ABSOLUTE
    ..\uCOS-II\Source\os_mbox.c              0x00000000   Number         0  os_mbox.o ABSOLUTE
    ..\uCOS-II\Source\os_mem.c               0x00000000   Number         0  os_mem.o ABSOLUTE
    ..\uCOS-II\Source\os_mutex.c             0x00000000   Number         0  os_mutex.o ABSOLUTE
    ..\uCOS-II\Source\os_q.c                 0x00000000   Number         0  os_q.o ABSOLUTE
    ..\uCOS-II\Source\os_sem.c               0x00000000   Number         0  os_sem.o ABSOLUTE
    ..\uCOS-II\Source\os_task.c              0x00000000   Number         0  os_task.o ABSOLUTE
    ..\uCOS-II\Source\os_time.c              0x00000000   Number         0  os_time.o ABSOLUTE
    ..\uCOS-II\Source\os_tmr.c               0x00000000   Number         0  os_tmr.o ABSOLUTE
    dc.s                                     0x00000000   Number         0  dc.o ABSOLUTE
    RESET                                    0x08000000   Section      304  startup_stm32f10x_hd.o(RESET)
    !!!main                                  0x08000130   Section        8  __main.o(!!!main)
    !!!scatter                               0x08000138   Section       52  __scatter.o(!!!scatter)
    !!handler_copy                           0x0800016c   Section       26  __scatter_copy.o(!!handler_copy)
    !!handler_zi                             0x08000188   Section       28  __scatter_zi.o(!!handler_zi)
    .ARM.Collect$$libinit$$00000000          0x080001a4   Section        2  libinit.o(.ARM.Collect$$libinit$$00000000)
    .ARM.Collect$$libinit$$00000002          0x080001a6   Section        0  libinit2.o(.ARM.Collect$$libinit$$00000002)
    .ARM.Collect$$libinit$$00000008          0x080001a6   Section        0  libinit2.o(.ARM.Collect$$libinit$$00000008)
    .ARM.Collect$$libinit$$0000000A          0x080001a6   Section        0  libinit2.o(.ARM.Collect$$libinit$$0000000A)
    .ARM.Collect$$libinit$$0000000C          0x080001a6   Section        0  libinit2.o(.ARM.Collect$$libinit$$0000000C)
    .ARM.Collect$$libinit$$0000000F          0x080001a6   Section        0  libinit2.o(.ARM.Collect$$libinit$$0000000F)
    .ARM.Collect$$libinit$$00000011          0x080001a6   Section        0  libinit2.o(.ARM.Collect$$libinit$$00000011)
    .ARM.Collect$$libinit$$00000013          0x080001a6   Section        0  libinit2.o(.ARM.Collect$$libinit$$00000013)
    .ARM.Collect$$libinit$$00000015          0x080001a6   Section        0  libinit2.o(.ARM.Collect$$libinit$$00000015)
    .ARM.Collect$$libinit$$00000017          0x080001a6   Section        0  libinit2.o(.ARM.Collect$$libinit$$00000017)
    .ARM.Collect$$libinit$$00000019          0x080001a6   Section        0  libinit2.o(.ARM.Collect$$libinit$$00000019)
    .ARM.Collect$$libinit$$0000001B          0x080001a6   Section        0  libinit2.o(.ARM.Collect$$libinit$$0000001B)
    .ARM.Collect$$libinit$$0000001D          0x080001a6   Section        0  libinit2.o(.ARM.Collect$$libinit$$0000001D)
    .ARM.Collect$$libinit$$0000001F          0x080001a6   Section        0  libinit2.o(.ARM.Collect$$libinit$$0000001F)
    .ARM.Collect$$libinit$$00000021          0x080001a6   Section        0  libinit2.o(.ARM.Collect$$libinit$$00000021)
    .ARM.Collect$$libinit$$00000023          0x080001a6   Section        0  libinit2.o(.ARM.Collect$$libinit$$00000023)
    .ARM.Collect$$libinit$$0000002A          0x080001a6   Section        0  libinit2.o(.ARM.Collect$$libinit$$0000002A)
    .ARM.Collect$$libinit$$0000002C          0x080001a6   Section        0  libinit2.o(.ARM.Collect$$libinit$$0000002C)
    .ARM.Collect$$libinit$$0000002E          0x080001a6   Section        0  libinit2.o(.ARM.Collect$$libinit$$0000002E)
    .ARM.Collect$$libinit$$00000030          0x080001a6   Section        0  libinit2.o(.ARM.Collect$$libinit$$00000030)
    .ARM.Collect$$libinit$$00000031          0x080001a6   Section        2  libinit2.o(.ARM.Collect$$libinit$$00000031)
    .ARM.Collect$$libshutdown$$00000000      0x080001a8   Section        2  libshutdown.o(.ARM.Collect$$libshutdown$$00000000)
    .ARM.Collect$$libshutdown$$00000003      0x080001aa   Section        0  libshutdown2.o(.ARM.Collect$$libshutdown$$00000003)
    .ARM.Collect$$libshutdown$$00000006      0x080001aa   Section        0  libshutdown2.o(.ARM.Collect$$libshutdown$$00000006)
    .ARM.Collect$$libshutdown$$00000009      0x080001aa   Section        0  libshutdown2.o(.ARM.Collect$$libshutdown$$00000009)
    .ARM.Collect$$libshutdown$$0000000B      0x080001aa   Section        0  libshutdown2.o(.ARM.Collect$$libshutdown$$0000000B)
    .ARM.Collect$$libshutdown$$0000000E      0x080001aa   Section        0  libshutdown2.o(.ARM.Collect$$libshutdown$$0000000E)
    .ARM.Collect$$libshutdown$$0000000F      0x080001aa   Section        2  libshutdown2.o(.ARM.Collect$$libshutdown$$0000000F)
    .ARM.Collect$$rtentry$$00000000          0x080001ac   Section        0  rtentry.o(.ARM.Collect$$rtentry$$00000000)
    .ARM.Collect$$rtentry$$00000002          0x080001ac   Section        0  rtentry2.o(.ARM.Collect$$rtentry$$00000002)
    .ARM.Collect$$rtentry$$00000004          0x080001ac   Section        6  rtentry4.o(.ARM.Collect$$rtentry$$00000004)
    .ARM.Collect$$rtentry$$00000009          0x080001b2   Section        0  rtentry2.o(.ARM.Collect$$rtentry$$00000009)
    .ARM.Collect$$rtentry$$0000000A          0x080001b2   Section        4  rtentry2.o(.ARM.Collect$$rtentry$$0000000A)
    .ARM.Collect$$rtentry$$0000000C          0x080001b6   Section        0  rtentry2.o(.ARM.Collect$$rtentry$$0000000C)
    .ARM.Collect$$rtentry$$0000000D          0x080001b6   Section        8  rtentry2.o(.ARM.Collect$$rtentry$$0000000D)
    .ARM.Collect$$rtexit$$00000000           0x080001be   Section        2  rtexit.o(.ARM.Collect$$rtexit$$00000000)
    .ARM.Collect$$rtexit$$00000002           0x080001c0   Section        0  rtexit2.o(.ARM.Collect$$rtexit$$00000002)
    .ARM.Collect$$rtexit$$00000003           0x080001c0   Section        4  rtexit2.o(.ARM.Collect$$rtexit$$00000003)
    .ARM.Collect$$rtexit$$00000004           0x080001c4   Section        6  rtexit2.o(.ARM.Collect$$rtexit$$00000004)
    .text                                    0x080001cc   Section       72  startup_stm32f10x_hd.o(.text)
    .text                                    0x08000214   Section      164  os_cpu_a.o(.text)
    .text                                    0x080002b8   Section      138  rt_memcpy_v6.o(.text)
    .text                                    0x08000342   Section        0  heapauxi.o(.text)
    .text                                    0x08000348   Section      100  rt_memcpy_w.o(.text)
    .text                                    0x080003ac   Section       74  sys_stackheap_outer.o(.text)
    .text                                    0x080003f6   Section        0  exit.o(.text)
    .text                                    0x08000404   Section        8  libspace.o(.text)
    .text                                    0x0800040c   Section        0  sys_exit.o(.text)
    .text                                    0x08000418   Section        2  use_no_semi.o(.text)
    .text                                    0x0800041a   Section        0  indicate_semi.o(.text)
    i.ADC_Cmd                                0x0800041a   Section        0  stm32f10x_adc.o(i.ADC_Cmd)
    i.ADC_DMACmd                             0x08000430   Section        0  stm32f10x_adc.o(i.ADC_DMACmd)
    i.ADC_DeInit                             0x08000448   Section        0  stm32f10x_adc.o(i.ADC_DeInit)
    i.ADC_GetCalibrationStatus               0x080004a4   Section        0  stm32f10x_adc.o(i.ADC_GetCalibrationStatus)
    i.ADC_GetResetCalibrationStatus          0x080004b8   Section        0  stm32f10x_adc.o(i.ADC_GetResetCalibrationStatus)
    i.ADC_Init                               0x080004cc   Section        0  stm32f10x_adc.o(i.ADC_Init)
    i.ADC_RegularChannelConfig               0x0800051c   Section        0  stm32f10x_adc.o(i.ADC_RegularChannelConfig)
    i.ADC_ResetCalibration                   0x080005d4   Section        0  stm32f10x_adc.o(i.ADC_ResetCalibration)
    i.ADC_SoftwareStartConvCmd               0x080005de   Section        0  stm32f10x_adc.o(i.ADC_SoftwareStartConvCmd)
    i.ADC_StartCalibration                   0x080005f4   Section        0  stm32f10x_adc.o(i.ADC_StartCalibration)
    i.BusFault_Handler                       0x080005fe   Section        0  stm32f10x_it.o(i.BusFault_Handler)
    i.ComPort1Init                           0x08000604   Section        0  stm32usart.o(i.ComPort1Init)
    i.ComPortWaitTxEnd                       0x080006fc   Section        0  stm32usart.o(i.ComPortWaitTxEnd)
    i.ComPortWrite                           0x08000728   Section        0  stm32usart.o(i.ComPortWrite)
    i.DMA1_Channel2_IRQHandler               0x0800077c   Section        0  stm32f10x_it.o(i.DMA1_Channel2_IRQHandler)
    i.DMA1_Channel3_IRQHandler               0x080007a8   Section        0  stm32f10x_it.o(i.DMA1_Channel3_IRQHandler)
    i.DMA1_Channel4_IRQHandler               0x08000828   Section        0  stm32f10x_it.o(i.DMA1_Channel4_IRQHandler)
    i.DMA1_Channel5_IRQHandler               0x08000858   Section        0  stm32f10x_it.o(i.DMA1_Channel5_IRQHandler)
    i.DMA1_Channel6_IRQHandler               0x080008d8   Section        0  stm32f10x_it.o(i.DMA1_Channel6_IRQHandler)
    i.DMA1_Channel7_IRQHandler               0x08000958   Section        0  stm32f10x_it.o(i.DMA1_Channel7_IRQHandler)
    i.DMA_ClearFlag                          0x08000988   Section        0  stm32f10x_dma.o(i.DMA_ClearFlag)
    i.DMA_Cmd                                0x080009a4   Section        0  stm32f10x_dma.o(i.DMA_Cmd)
    i.DMA_DeInit                             0x080009bc   Section        0  stm32f10x_dma.o(i.DMA_DeInit)
    i.DMA_GetCurrDataCounter                 0x08000b08   Section        0  stm32f10x_dma.o(i.DMA_GetCurrDataCounter)
    i.DMA_GetITStatus                        0x08000b10   Section        0  stm32f10x_dma.o(i.DMA_GetITStatus)
    i.DMA_ITConfig                           0x08000b3c   Section        0  stm32f10x_dma.o(i.DMA_ITConfig)
    i.DMA_Init                               0x08000b4e   Section        0  stm32f10x_dma.o(i.DMA_Init)
    i.DMA_SetCurrDataCounter                 0x08000b8a   Section        0  stm32f10x_dma.o(i.DMA_SetCurrDataCounter)
    i.DebugMon_Handler                       0x08000b8e   Section        0  stm32f10x_it.o(i.DebugMon_Handler)
    i.EXTI2_IRQHandler                       0x08000b90   Section        0  stm32f10x_it.o(i.EXTI2_IRQHandler)
    i.EXTI_ClearITPendingBit                 0x08000bb8   Section        0  stm32f10x_exti.o(i.EXTI_ClearITPendingBit)
    i.EXTI_GetITStatus                       0x08000bc4   Section        0  stm32f10x_exti.o(i.EXTI_GetITStatus)
    i.GPIO_DeIntConfiguration                0x08000bec   Section        0  main.o(i.GPIO_DeIntConfiguration)
    GPIO_DeIntConfiguration                  0x08000bed   Thumb Code    74  main.o(i.GPIO_DeIntConfiguration)
    i.GPIO_Init                              0x08000c4c   Section        0  stm32f10x_gpio.o(i.GPIO_Init)
    i.GPIO_PinRemapConfig                    0x08000d60   Section        0  stm32f10x_gpio.o(i.GPIO_PinRemapConfig)
    i.GPIO_ReadInputDataBit                  0x08000df0   Section        0  stm32f10x_gpio.o(i.GPIO_ReadInputDataBit)
    i.GPIO_ResetBits                         0x08000e02   Section        0  stm32f10x_gpio.o(i.GPIO_ResetBits)
    i.GPIO_SetBits                           0x08000e06   Section        0  stm32f10x_gpio.o(i.GPIO_SetBits)
    i.HardFault_Handler                      0x08000e0a   Section        0  stm32f10x_it.o(i.HardFault_Handler)
    i.MemManage_Handler                      0x08000e0e   Section        0  stm32f10x_it.o(i.MemManage_Handler)
    i.NMI_Handler                            0x08000e12   Section        0  stm32f10x_it.o(i.NMI_Handler)
    i.NVIC_Configuration                     0x08000e16   Section        0  main.o(i.NVIC_Configuration)
    NVIC_Configuration                       0x08000e17   Thumb Code    12  main.o(i.NVIC_Configuration)
    i.NVIC_EnableIRQ                         0x08000e22   Section        0  stm32usart.o(i.NVIC_EnableIRQ)
    NVIC_EnableIRQ                           0x08000e23   Thumb Code    24  stm32usart.o(i.NVIC_EnableIRQ)
    i.NVIC_Init                              0x08000e3c   Section        0  misc.o(i.NVIC_Init)
    i.NVIC_PriorityGroupConfig               0x08000eb0   Section        0  misc.o(i.NVIC_PriorityGroupConfig)
    i.NVIC_SetPriority                       0x08000ec4   Section        0  stm32usart.o(i.NVIC_SetPriority)
    NVIC_SetPriority                         0x08000ec5   Thumb Code    32  stm32usart.o(i.NVIC_SetPriority)
    i.OSInit                                 0x08000eec   Section        0  os_core.o(i.OSInit)
    i.OSInitHookBegin                        0x08000f10   Section        0  os_cpu_c.o(i.OSInitHookBegin)
    i.OSInitHookEnd                          0x08000f12   Section        0  os_cpu_c.o(i.OSInitHookEnd)
    i.OSIntExit                              0x08000f14   Section        0  os_core.o(i.OSIntExit)
    i.OSStart                                0x08000fa4   Section        0  os_core.o(i.OSStart)
    i.OSTCBInitHook                          0x08000fec   Section        0  os_cpu_c.o(i.OSTCBInitHook)
    i.OSTaskCreateExt                        0x08000ff0   Section        0  os_task.o(i.OSTaskCreateExt)
    i.OSTaskCreateHook                       0x080010b0   Section        0  os_cpu_c.o(i.OSTaskCreateHook)
    i.OSTaskIdleHook                         0x080010b2   Section        0  os_cpu_c.o(i.OSTaskIdleHook)
    i.OSTaskNameSet                          0x080010b4   Section        0  os_task.o(i.OSTaskNameSet)
    i.OSTaskStkInit                          0x08001138   Section        0  os_cpu_c.o(i.OSTaskStkInit)
    i.OSTaskSwHook                           0x080011d2   Section        0  os_cpu_c.o(i.OSTaskSwHook)
    i.OSTimeDly                              0x080011d4   Section        0  os_time.o(i.OSTimeDly)
    i.OSTimeTick                             0x0800124c   Section        0  os_core.o(i.OSTimeTick)
    i.OS_FlagInit                            0x08001304   Section        0  os_flag.o(i.OS_FlagInit)
    i.OS_InitEventList                       0x0800135c   Section        0  os_core.o(i.OS_InitEventList)
    OS_InitEventList                         0x0800135d   Thumb Code    84  os_core.o(i.OS_InitEventList)
    i.OS_InitMisc                            0x080013bc   Section        0  os_core.o(i.OS_InitMisc)
    OS_InitMisc                              0x080013bd   Thumb Code    32  os_core.o(i.OS_InitMisc)
    i.OS_InitRdyList                         0x080013f8   Section        0  os_core.o(i.OS_InitRdyList)
    OS_InitRdyList                           0x080013f9   Thumb Code    44  os_core.o(i.OS_InitRdyList)
    i.OS_InitTCBList                         0x0800143c   Section        0  os_core.o(i.OS_InitTCBList)
    OS_InitTCBList                           0x0800143d   Thumb Code   106  os_core.o(i.OS_InitTCBList)
    i.OS_InitTaskIdle                        0x080014bc   Section        0  os_core.o(i.OS_InitTaskIdle)
    OS_InitTaskIdle                          0x080014bd   Thumb Code    50  os_core.o(i.OS_InitTaskIdle)
    i.OS_MemClr                              0x0800150c   Section        0  os_core.o(i.OS_MemClr)
    i.OS_Sched                               0x08001520   Section        0  os_core.o(i.OS_Sched)
    i.OS_SchedNew                            0x08001594   Section        0  os_core.o(i.OS_SchedNew)
    OS_SchedNew                              0x08001595   Thumb Code    26  os_core.o(i.OS_SchedNew)
    i.OS_TCBInit                             0x080015c0   Section        0  os_core.o(i.OS_TCBInit)
    i.OS_TaskIdle                            0x08001704   Section        0  os_core.o(i.OS_TaskIdle)
    i.OS_TaskStkClr                          0x0800172c   Section        0  os_task.o(i.OS_TaskStkClr)
    i.RCC_ADCCLKConfig                       0x08001748   Section        0  stm32f10x_rcc.o(i.RCC_ADCCLKConfig)
    i.RCC_AHBPeriphClockCmd                  0x08001760   Section        0  stm32f10x_rcc.o(i.RCC_AHBPeriphClockCmd)
    i.RCC_APB1PeriphClockCmd                 0x08001780   Section        0  stm32f10x_rcc.o(i.RCC_APB1PeriphClockCmd)
    i.RCC_APB1PeriphResetCmd                 0x080017a0   Section        0  stm32f10x_rcc.o(i.RCC_APB1PeriphResetCmd)
    i.RCC_APB2PeriphClockCmd                 0x080017c0   Section        0  stm32f10x_rcc.o(i.RCC_APB2PeriphClockCmd)
    i.RCC_APB2PeriphResetCmd                 0x080017e0   Section        0  stm32f10x_rcc.o(i.RCC_APB2PeriphResetCmd)
    i.RCC_GetClocksFreq                      0x08001800   Section        0  stm32f10x_rcc.o(i.RCC_GetClocksFreq)
    i.RS485Send                              0x080018d4   Section        0  rs485.o(i.RS485Send)
    i.ReadKeyStatus                          0x08001944   Section        0  key.o(i.ReadKeyStatus)
    i.SVC_Handler                            0x080019e4   Section        0  stm32f10x_it.o(i.SVC_Handler)
    i.StartUsartDMARx                        0x080019e6   Section        0  stm32usart.o(i.StartUsartDMARx)
    i.StartUsartDMATx                        0x08001a02   Section        0  stm32usart.o(i.StartUsartDMATx)
    i.SysTick_Handler                        0x08001a30   Section        0  stm32f10x_it.o(i.SysTick_Handler)
    i.TIM_ARRPreloadConfig                   0x08001a58   Section        0  stm32f10x_tim.o(i.TIM_ARRPreloadConfig)
    i.TIM_CCxCmd                             0x08001a70   Section        0  stm32f10x_tim.o(i.TIM_CCxCmd)
    i.TIM_Cmd                                0x08001a8e   Section        0  stm32f10x_tim.o(i.TIM_Cmd)
    i.TIM_DeInit                             0x08001aa8   Section        0  stm32f10x_tim.o(i.TIM_DeInit)
    i.TIM_OC2Init                            0x08001c90   Section        0  stm32f10x_tim.o(i.TIM_OC2Init)
    i.TIM_OC2PreloadConfig                   0x08001d34   Section        0  stm32f10x_tim.o(i.TIM_OC2PreloadConfig)
    i.TIM_SetCompare2                        0x08001d4e   Section        0  stm32f10x_tim.o(i.TIM_SetCompare2)
    i.TIM_TimeBaseInit                       0x08001d54   Section        0  stm32f10x_tim.o(i.TIM_TimeBaseInit)
    i.TaskADC                                0x08001df8   Section        0  main.o(i.TaskADC)
    i.TaskKey                                0x08001ec4   Section        0  main.o(i.TaskKey)
    i.TaskLedBeep                            0x08002160   Section        0  main.o(i.TaskLedBeep)
    i.TaskStart                              0x08002260   Section        0  main.o(i.TaskStart)
    i.TaskUSBHID                             0x08002340   Section        0  main.o(i.TaskUSBHID)
    i.TaskUart                               0x0800234c   Section        0  main.o(i.TaskUart)
    i.USART1_IRQHandler                      0x08002390   Section        0  stm32f10x_it.o(i.USART1_IRQHandler)
    i.USART2_IRQHandler                      0x080023e8   Section        0  stm32f10x_it.o(i.USART2_IRQHandler)
    i.USART3_IRQHandler                      0x08002440   Section        0  stm32f10x_it.o(i.USART3_IRQHandler)
    i.USART_Cmd                              0x08002498   Section        0  stm32f10x_usart.o(i.USART_Cmd)
    i.USART_DMACmd                           0x080024b0   Section        0  stm32f10x_usart.o(i.USART_DMACmd)
    i.USART_DeInit                           0x080024c4   Section        0  stm32f10x_usart.o(i.USART_DeInit)
    i.USART_GetFlagStatus                    0x08002560   Section        0  stm32f10x_usart.o(i.USART_GetFlagStatus)
    i.USART_GetITStatus                      0x0800257a   Section        0  stm32f10x_usart.o(i.USART_GetITStatus)
    i.USART_ITConfig                         0x080025ce   Section        0  stm32f10x_usart.o(i.USART_ITConfig)
    i.USART_Init                             0x08002618   Section        0  stm32f10x_usart.o(i.USART_Init)
    i.UsageFault_Handler                     0x080026f0   Section        0  stm32f10x_it.o(i.UsageFault_Handler)
    i.UsartDMARx                             0x080026f4   Section        0  stm32usart.o(i.UsartDMARx)
    i.UsartInitDMA                           0x0800277c   Section        0  stm32usart.o(i.UsartInitDMA)
    i.average_filter                         0x08002968   Section        0  adc.o(i.average_filter)
    i.checksum8                              0x080029c4   Section        0  rs485.o(i.checksum8)
    i.key_IO_Init                            0x080029e8   Section        0  key.o(i.key_IO_Init)
    i.ledInit                                0x08002ac0   Section        0  led.o(i.ledInit)
    i.main                                   0x08002b10   Section        0  main.o(i.main)
    i.motoInit                               0x08002bd0   Section        0  led.o(i.motoInit)
    i.rs485_1_Init                           0x08002c84   Section        0  rs485.o(i.rs485_1_Init)
    i.stm32_adc1_init                        0x08002ca4   Section        0  adc.o(i.stm32_adc1_init)
    .constdata                               0x08002e00   Section      256  os_core.o(.constdata)
    .data                                    0x20000000   Section       20  main.o(.data)
    .data                                    0x20000014   Section        6  stm32f10x_it.o(.data)
    .data                                    0x2000001a   Section        2  stm32usart.o(.data)
    mUsart1TxBuff                            0x2000001a   Data           1  stm32usart.o(.data)
    mUsart2TxBuff                            0x2000001b   Data           1  stm32usart.o(.data)
    .data                                    0x2000001c   Section        6  led.o(.data)
    .data                                    0x20000024   Section       48  key.o(.data)
    .data                                    0x20000054   Section       20  stm32f10x_rcc.o(.data)
    APBAHBPrescTable                         0x20000054   Data          16  stm32f10x_rcc.o(.data)
    ADCPrescTable                            0x20000064   Data           4  stm32f10x_rcc.o(.data)
    .data                                    0x20000068   Section        4  system_stm32f10x.o(.data)
    .data                                    0x2000006c   Section       52  os_core.o(.data)
    .bss                                     0x200000a0   Section     3816  main.o(.bss)
    ctrl_sticks_degree                       0x200000a0   Data          14  main.o(.bss)
    .bss                                     0x20000f88   Section     2248  stm32usart.o(.bss)
    ctrl_sticks_degree                       0x20000f88   Data          14  stm32usart.o(.bss)
    mUsart1DMARxBuff                         0x20000f96   Data         128  stm32usart.o(.bss)
    mUsart1DMATxBuff                         0x20001016   Data         128  stm32usart.o(.bss)
    mUsart1RxBuff                            0x20001096   Data          64  stm32usart.o(.bss)
    mUsart2DMARxBuff                         0x200010d6   Data         256  stm32usart.o(.bss)
    mUsart2DMATxBuff                         0x200011d6   Data         254  stm32usart.o(.bss)
    mUsart2RxBuff                            0x200012d4   Data         256  stm32usart.o(.bss)
    mUsart3DMARxBuff                         0x200013d4   Data         256  stm32usart.o(.bss)
    mUsart3DMATxBuff                         0x200014d4   Data         254  stm32usart.o(.bss)
    mUsart3RxBuff                            0x200015d2   Data         256  stm32usart.o(.bss)
    mUsart3TxBuff                            0x200016d2   Data         128  stm32usart.o(.bss)
    .bss                                     0x20001850   Section      366  adc.o(.bss)
    ctrl_sticks_degree                       0x20001850   Data          14  adc.o(.bss)
    ADC_Filter                               0x200018ec   Data         196  adc.o(.bss)
    .bss                                     0x200019c0   Section     3896  os_core.o(.bss)
    .bss                                     0x200028f8   Section       96  libspace.o(.bss)
    HEAP                                     0x20002958   Section        0  startup_stm32f10x_hd.o(HEAP)
    STACK                                    0x20002958   Section      512  startup_stm32f10x_hd.o(STACK)
    Heap_Mem                                 0x20002958   Data           0  startup_stm32f10x_hd.o(HEAP)
    Stack_Mem                                0x20002958   Data         512  startup_stm32f10x_hd.o(STACK)
    __initial_sp                             0x20002b58   Data           0  startup_stm32f10x_hd.o(STACK)

    Global Symbols

    Symbol Name                              Value     Ov Type        Size  Object(Section)

    BuildAttributes$$THM_ISAv4$P$D$K$B$S$PE$A:L22UL41UL21$X:L11$S22US41US21$IEEE1$IW$USESV6$~STKCKD$USESV7$~SHL$OSPACE$ROPI$EBA8$UX$STANDARDLIB$REQ8$PRES8$EABIv2 0x00000000   Number         0  anon$$obj.o ABSOLUTE
    __ARM_use_no_argv                        0x00000000   Number         0  main.o ABSOLUTE
    __ARM_exceptions_init                     - Undefined Weak Reference
    __alloca_initialize                       - Undefined Weak Reference
    __cpp_initialize__aeabi_                  - Undefined Weak Reference
    __cxa_finalize                            - Undefined Weak Reference
    __rt_locale                               - Undefined Weak Reference
    __sigvec_lookup                           - Undefined Weak Reference
    _atexit_init                              - Undefined Weak Reference
    _call_atexit_fns                          - Undefined Weak Reference
    _clock_init                               - Undefined Weak Reference
    _fp_trap_init                             - Undefined Weak Reference
    _fp_trap_shutdown                         - Undefined Weak Reference
    _get_lc_collate                           - Undefined Weak Reference
    _get_lc_ctype                             - Undefined Weak Reference
    _get_lc_monetary                          - Undefined Weak Reference
    _get_lc_numeric                           - Undefined Weak Reference
    _get_lc_time                              - Undefined Weak Reference
    _getenv_init                              - Undefined Weak Reference
    _handle_redirection                       - Undefined Weak Reference
    _init_alloc                               - Undefined Weak Reference
    _init_user_alloc                          - Undefined Weak Reference
    _initio                                   - Undefined Weak Reference
    _rand_init                                - Undefined Weak Reference
    _signal_finish                            - Undefined Weak Reference
    _signal_init                              - Undefined Weak Reference
    _terminate_alloc                          - Undefined Weak Reference
    _terminate_user_alloc                     - Undefined Weak Reference
    _terminateio                              - Undefined Weak Reference
    __Vectors_Size                           0x00000130   Number         0  startup_stm32f10x_hd.o ABSOLUTE
    __Vectors                                0x08000000   Data           4  startup_stm32f10x_hd.o(RESET)
    __Vectors_End                            0x08000130   Data           0  startup_stm32f10x_hd.o(RESET)
    __main                                   0x08000131   Thumb Code     8  __main.o(!!!main)
    __scatterload                            0x08000139   Thumb Code     0  __scatter.o(!!!scatter)
    __scatterload_rt2                        0x08000139   Thumb Code    44  __scatter.o(!!!scatter)
    __scatterload_rt2_thumb_only             0x08000139   Thumb Code     0  __scatter.o(!!!scatter)
    __scatterload_null                       0x08000147   Thumb Code     0  __scatter.o(!!!scatter)
    __scatterload_copy                       0x0800016d   Thumb Code    26  __scatter_copy.o(!!handler_copy)
    __scatterload_zeroinit                   0x08000189   Thumb Code    28  __scatter_zi.o(!!handler_zi)
    __rt_lib_init                            0x080001a5   Thumb Code     0  libinit.o(.ARM.Collect$$libinit$$00000000)
    __rt_lib_init_alloca_1                   0x080001a7   Thumb Code     0  libinit2.o(.ARM.Collect$$libinit$$0000002C)
    __rt_lib_init_argv_1                     0x080001a7   Thumb Code     0  libinit2.o(.ARM.Collect$$libinit$$0000002A)
    __rt_lib_init_atexit_1                   0x080001a7   Thumb Code     0  libinit2.o(.ARM.Collect$$libinit$$00000019)
    __rt_lib_init_clock_1                    0x080001a7   Thumb Code     0  libinit2.o(.ARM.Collect$$libinit$$0000001F)
    __rt_lib_init_cpp_1                      0x080001a7   Thumb Code     0  libinit2.o(.ARM.Collect$$libinit$$00000030)
    __rt_lib_init_exceptions_1               0x080001a7   Thumb Code     0  libinit2.o(.ARM.Collect$$libinit$$0000002E)
    __rt_lib_init_fp_1                       0x080001a7   Thumb Code     0  libinit2.o(.ARM.Collect$$libinit$$00000002)
    __rt_lib_init_fp_trap_1                  0x080001a7   Thumb Code     0  libinit2.o(.ARM.Collect$$libinit$$0000001D)
    __rt_lib_init_getenv_1                   0x080001a7   Thumb Code     0  libinit2.o(.ARM.Collect$$libinit$$00000021)
    __rt_lib_init_heap_1                     0x080001a7   Thumb Code     0  libinit2.o(.ARM.Collect$$libinit$$00000008)
    __rt_lib_init_lc_collate_1               0x080001a7   Thumb Code     0  libinit2.o(.ARM.Collect$$libinit$$0000000F)
    __rt_lib_init_lc_ctype_1                 0x080001a7   Thumb Code     0  libinit2.o(.ARM.Collect$$libinit$$00000011)
    __rt_lib_init_lc_monetary_1              0x080001a7   Thumb Code     0  libinit2.o(.ARM.Collect$$libinit$$00000013)
    __rt_lib_init_lc_numeric_1               0x080001a7   Thumb Code     0  libinit2.o(.ARM.Collect$$libinit$$00000015)
    __rt_lib_init_lc_time_1                  0x080001a7   Thumb Code     0  libinit2.o(.ARM.Collect$$libinit$$00000017)
    __rt_lib_init_rand_1                     0x080001a7   Thumb Code     0  libinit2.o(.ARM.Collect$$libinit$$0000000C)
    __rt_lib_init_return                     0x080001a7   Thumb Code     0  libinit2.o(.ARM.Collect$$libinit$$00000031)
    __rt_lib_init_signal_1                   0x080001a7   Thumb Code     0  libinit2.o(.ARM.Collect$$libinit$$0000001B)
    __rt_lib_init_stdio_1                    0x080001a7   Thumb Code     0  libinit2.o(.ARM.Collect$$libinit$$00000023)
    __rt_lib_init_user_alloc_1               0x080001a7   Thumb Code     0  libinit2.o(.ARM.Collect$$libinit$$0000000A)
    __rt_lib_shutdown                        0x080001a9   Thumb Code     0  libshutdown.o(.ARM.Collect$$libshutdown$$00000000)
    __rt_lib_shutdown_fp_trap_1              0x080001ab   Thumb Code     0  libshutdown2.o(.ARM.Collect$$libshutdown$$00000006)
    __rt_lib_shutdown_heap_1                 0x080001ab   Thumb Code     0  libshutdown2.o(.ARM.Collect$$libshutdown$$0000000E)
    __rt_lib_shutdown_return                 0x080001ab   Thumb Code     0  libshutdown2.o(.ARM.Collect$$libshutdown$$0000000F)
    __rt_lib_shutdown_signal_1               0x080001ab   Thumb Code     0  libshutdown2.o(.ARM.Collect$$libshutdown$$00000009)
    __rt_lib_shutdown_stdio_1                0x080001ab   Thumb Code     0  libshutdown2.o(.ARM.Collect$$libshutdown$$00000003)
    __rt_lib_shutdown_user_alloc_1           0x080001ab   Thumb Code     0  libshutdown2.o(.ARM.Collect$$libshutdown$$0000000B)
    __rt_entry                               0x080001ad   Thumb Code     0  rtentry.o(.ARM.Collect$$rtentry$$00000000)
    __rt_entry_presh_1                       0x080001ad   Thumb Code     0  rtentry2.o(.ARM.Collect$$rtentry$$00000002)
    __rt_entry_sh                            0x080001ad   Thumb Code     0  rtentry4.o(.ARM.Collect$$rtentry$$00000004)
    __rt_entry_li                            0x080001b3   Thumb Code     0  rtentry2.o(.ARM.Collect$$rtentry$$0000000A)
    __rt_entry_postsh_1                      0x080001b3   Thumb Code     0  rtentry2.o(.ARM.Collect$$rtentry$$00000009)
    __rt_entry_main                          0x080001b7   Thumb Code     0  rtentry2.o(.ARM.Collect$$rtentry$$0000000D)
    __rt_entry_postli_1                      0x080001b7   Thumb Code     0  rtentry2.o(.ARM.Collect$$rtentry$$0000000C)
    __rt_exit                                0x080001bf   Thumb Code     0  rtexit.o(.ARM.Collect$$rtexit$$00000000)
    __rt_exit_ls                             0x080001c1   Thumb Code     0  rtexit2.o(.ARM.Collect$$rtexit$$00000003)
    __rt_exit_prels_1                        0x080001c1   Thumb Code     0  rtexit2.o(.ARM.Collect$$rtexit$$00000002)
    __rt_exit_exit                           0x080001c5   Thumb Code     0  rtexit2.o(.ARM.Collect$$rtexit$$00000004)
    SystemInit_ExtMemCtl                     0x080001cd   Thumb Code     2  startup_stm32f10x_hd.o(.text)
    Reset_Handler                            0x080001cf   Thumb Code    14  startup_stm32f10x_hd.o(.text)
    ADC1_2_IRQHandler                        0x080001ef   Thumb Code     0  startup_stm32f10x_hd.o(.text)
    ADC3_IRQHandler                          0x080001ef   Thumb Code     0  startup_stm32f10x_hd.o(.text)
    CAN1_RX1_IRQHandler                      0x080001ef   Thumb Code     0  startup_stm32f10x_hd.o(.text)
    CAN1_SCE_IRQHandler                      0x080001ef   Thumb Code     0  startup_stm32f10x_hd.o(.text)
    DMA1_Channel1_IRQHandler                 0x080001ef   Thumb Code     0  startup_stm32f10x_hd.o(.text)
    DMA2_Channel1_IRQHandler                 0x080001ef   Thumb Code     0  startup_stm32f10x_hd.o(.text)
    DMA2_Channel2_IRQHandler                 0x080001ef   Thumb Code     0  startup_stm32f10x_hd.o(.text)
    DMA2_Channel3_IRQHandler                 0x080001ef   Thumb Code     0  startup_stm32f10x_hd.o(.text)
    DMA2_Channel4_5_IRQHandler               0x080001ef   Thumb Code     0  startup_stm32f10x_hd.o(.text)
    EXTI0_IRQHandler                         0x080001ef   Thumb Code     0  startup_stm32f10x_hd.o(.text)
    EXTI15_10_IRQHandler                     0x080001ef   Thumb Code     0  startup_stm32f10x_hd.o(.text)
    EXTI1_IRQHandler                         0x080001ef   Thumb Code     0  startup_stm32f10x_hd.o(.text)
    EXTI3_IRQHandler                         0x080001ef   Thumb Code     0  startup_stm32f10x_hd.o(.text)
    EXTI4_IRQHandler                         0x080001ef   Thumb Code     0  startup_stm32f10x_hd.o(.text)
    EXTI9_5_IRQHandler                       0x080001ef   Thumb Code     0  startup_stm32f10x_hd.o(.text)
    FLASH_IRQHandler                         0x080001ef   Thumb Code     0  startup_stm32f10x_hd.o(.text)
    FSMC_IRQHandler                          0x080001ef   Thumb Code     0  startup_stm32f10x_hd.o(.text)
    I2C1_ER_IRQHandler                       0x080001ef   Thumb Code     0  startup_stm32f10x_hd.o(.text)
    I2C1_EV_IRQHandler                       0x080001ef   Thumb Code     0  startup_stm32f10x_hd.o(.text)
    I2C2_ER_IRQHandler                       0x080001ef   Thumb Code     0  startup_stm32f10x_hd.o(.text)
    I2C2_EV_IRQHandler                       0x080001ef   Thumb Code     0  startup_stm32f10x_hd.o(.text)
    PVD_IRQHandler                           0x080001ef   Thumb Code     0  startup_stm32f10x_hd.o(.text)
    RCC_IRQHandler                           0x080001ef   Thumb Code     0  startup_stm32f10x_hd.o(.text)
    RTCAlarm_IRQHandler                      0x080001ef   Thumb Code     0  startup_stm32f10x_hd.o(.text)
    RTC_IRQHandler                           0x080001ef   Thumb Code     0  startup_stm32f10x_hd.o(.text)
    SDIO_IRQHandler                          0x080001ef   Thumb Code     0  startup_stm32f10x_hd.o(.text)
    SPI1_IRQHandler                          0x080001ef   Thumb Code     0  startup_stm32f10x_hd.o(.text)
    SPI2_IRQHandler                          0x080001ef   Thumb Code     0  startup_stm32f10x_hd.o(.text)
    SPI3_IRQHandler                          0x080001ef   Thumb Code     0  startup_stm32f10x_hd.o(.text)
    TAMPER_IRQHandler                        0x080001ef   Thumb Code     0  startup_stm32f10x_hd.o(.text)
    TIM1_BRK_IRQHandler                      0x080001ef   Thumb Code     0  startup_stm32f10x_hd.o(.text)
    TIM1_CC_IRQHandler                       0x080001ef   Thumb Code     0  startup_stm32f10x_hd.o(.text)
    TIM1_TRG_COM_IRQHandler                  0x080001ef   Thumb Code     0  startup_stm32f10x_hd.o(.text)
    TIM1_UP_IRQHandler                       0x080001ef   Thumb Code     0  startup_stm32f10x_hd.o(.text)
    TIM2_IRQHandler                          0x080001ef   Thumb Code     0  startup_stm32f10x_hd.o(.text)
    TIM3_IRQHandler                          0x080001ef   Thumb Code     0  startup_stm32f10x_hd.o(.text)
    TIM4_IRQHandler                          0x080001ef   Thumb Code     0  startup_stm32f10x_hd.o(.text)
    TIM5_IRQHandler                          0x080001ef   Thumb Code     0  startup_stm32f10x_hd.o(.text)
    TIM6_IRQHandler                          0x080001ef   Thumb Code     0  startup_stm32f10x_hd.o(.text)
    TIM7_IRQHandler                          0x080001ef   Thumb Code     0  startup_stm32f10x_hd.o(.text)
    TIM8_BRK_IRQHandler                      0x080001ef   Thumb Code     0  startup_stm32f10x_hd.o(.text)
    TIM8_CC_IRQHandler                       0x080001ef   Thumb Code     0  startup_stm32f10x_hd.o(.text)
    TIM8_TRG_COM_IRQHandler                  0x080001ef   Thumb Code     0  startup_stm32f10x_hd.o(.text)
    TIM8_UP_IRQHandler                       0x080001ef   Thumb Code     0  startup_stm32f10x_hd.o(.text)
    UART4_IRQHandler                         0x080001ef   Thumb Code     0  startup_stm32f10x_hd.o(.text)
    UART5_IRQHandler                         0x080001ef   Thumb Code     0  startup_stm32f10x_hd.o(.text)
    USBWakeUp_IRQHandler                     0x080001ef   Thumb Code     0  startup_stm32f10x_hd.o(.text)
    USB_HP_CAN1_TX_IRQHandler                0x080001ef   Thumb Code     0  startup_stm32f10x_hd.o(.text)
    USB_LP_CAN1_RX0_IRQHandler               0x080001ef   Thumb Code     0  startup_stm32f10x_hd.o(.text)
    WWDG_IRQHandler                          0x080001ef   Thumb Code     0  startup_stm32f10x_hd.o(.text)
    __user_initial_stackheap                 0x080001f1   Thumb Code     0  startup_stm32f10x_hd.o(.text)
    OS_CPU_SR_Save                           0x08000215   Thumb Code     0  os_cpu_a.o(.text)
    OS_CPU_SR_Restore                        0x0800021d   Thumb Code     0  os_cpu_a.o(.text)
    OSStartHighRdy                           0x08000223   Thumb Code     0  os_cpu_a.o(.text)
    OSCtxSw                                  0x08000243   Thumb Code     0  os_cpu_a.o(.text)
    OSIntCtxSw                               0x0800024d   Thumb Code     0  os_cpu_a.o(.text)
    PendSV_Handler                           0x08000257   Thumb Code     0  os_cpu_a.o(.text)
    __aeabi_memcpy                           0x080002b9   Thumb Code     0  rt_memcpy_v6.o(.text)
    __rt_memcpy                              0x080002b9   Thumb Code   138  rt_memcpy_v6.o(.text)
    _memcpy_lastbytes                        0x0800031f   Thumb Code     0  rt_memcpy_v6.o(.text)
    __use_two_region_memory                  0x08000343   Thumb Code     2  heapauxi.o(.text)
    __rt_heap_escrow$2region                 0x08000345   Thumb Code     2  heapauxi.o(.text)
    __rt_heap_expand$2region                 0x08000347   Thumb Code     2  heapauxi.o(.text)
    __aeabi_memcpy4                          0x08000349   Thumb Code     0  rt_memcpy_w.o(.text)
    __aeabi_memcpy8                          0x08000349   Thumb Code     0  rt_memcpy_w.o(.text)
    __rt_memcpy_w                            0x08000349   Thumb Code   100  rt_memcpy_w.o(.text)
    _memcpy_lastbytes_aligned                0x08000391   Thumb Code     0  rt_memcpy_w.o(.text)
    __user_setup_stackheap                   0x080003ad   Thumb Code    74  sys_stackheap_outer.o(.text)
    exit                                     0x080003f7   Thumb Code    12  exit.o(.text)
    __user_libspace                          0x08000405   Thumb Code     8  libspace.o(.text)
    __user_perproc_libspace                  0x08000405   Thumb Code     0  libspace.o(.text)
    __user_perthread_libspace                0x08000405   Thumb Code     0  libspace.o(.text)
    _sys_exit                                0x0800040d   Thumb Code     8  sys_exit.o(.text)
    __I$use$semihosting                      0x08000419   Thumb Code     0  use_no_semi.o(.text)
    __use_no_semihosting_swi                 0x08000419   Thumb Code     2  use_no_semi.o(.text)
    ADC_Cmd                                  0x0800041b   Thumb Code    22  stm32f10x_adc.o(i.ADC_Cmd)
    __semihosting_library_function           0x0800041b   Thumb Code     0  indicate_semi.o(.text)
    ADC_DMACmd                               0x08000431   Thumb Code    22  stm32f10x_adc.o(i.ADC_DMACmd)
    ADC_DeInit                               0x08000449   Thumb Code    78  stm32f10x_adc.o(i.ADC_DeInit)
    ADC_GetCalibrationStatus                 0x080004a5   Thumb Code    20  stm32f10x_adc.o(i.ADC_GetCalibrationStatus)
    ADC_GetResetCalibrationStatus            0x080004b9   Thumb Code    20  stm32f10x_adc.o(i.ADC_GetResetCalibrationStatus)
    ADC_Init                                 0x080004cd   Thumb Code    70  stm32f10x_adc.o(i.ADC_Init)
    ADC_RegularChannelConfig                 0x0800051d   Thumb Code   184  stm32f10x_adc.o(i.ADC_RegularChannelConfig)
    ADC_ResetCalibration                     0x080005d5   Thumb Code    10  stm32f10x_adc.o(i.ADC_ResetCalibration)
    ADC_SoftwareStartConvCmd                 0x080005df   Thumb Code    22  stm32f10x_adc.o(i.ADC_SoftwareStartConvCmd)
    ADC_StartCalibration                     0x080005f5   Thumb Code    10  stm32f10x_adc.o(i.ADC_StartCalibration)
    BusFault_Handler                         0x080005ff   Thumb Code     4  stm32f10x_it.o(i.BusFault_Handler)
    ComPort1Init                             0x08000605   Thumb Code   216  stm32usart.o(i.ComPort1Init)
    ComPortWaitTxEnd                         0x080006fd   Thumb Code    44  stm32usart.o(i.ComPortWaitTxEnd)
    ComPortWrite                             0x08000729   Thumb Code    66  stm32usart.o(i.ComPortWrite)
    DMA1_Channel2_IRQHandler                 0x0800077d   Thumb Code    34  stm32f10x_it.o(i.DMA1_Channel2_IRQHandler)
    DMA1_Channel3_IRQHandler                 0x080007a9   Thumb Code   120  stm32f10x_it.o(i.DMA1_Channel3_IRQHandler)
    DMA1_Channel4_IRQHandler                 0x08000829   Thumb Code    38  stm32f10x_it.o(i.DMA1_Channel4_IRQHandler)
    DMA1_Channel5_IRQHandler                 0x08000859   Thumb Code   120  stm32f10x_it.o(i.DMA1_Channel5_IRQHandler)
    DMA1_Channel6_IRQHandler                 0x080008d9   Thumb Code   120  stm32f10x_it.o(i.DMA1_Channel6_IRQHandler)
    DMA1_Channel7_IRQHandler                 0x08000959   Thumb Code    38  stm32f10x_it.o(i.DMA1_Channel7_IRQHandler)
    DMA_ClearFlag                            0x08000989   Thumb Code    18  stm32f10x_dma.o(i.DMA_ClearFlag)
    DMA_Cmd                                  0x080009a5   Thumb Code    24  stm32f10x_dma.o(i.DMA_Cmd)
    DMA_DeInit                               0x080009bd   Thumb Code   324  stm32f10x_dma.o(i.DMA_DeInit)
    DMA_GetCurrDataCounter                   0x08000b09   Thumb Code     8  stm32f10x_dma.o(i.DMA_GetCurrDataCounter)
    DMA_GetITStatus                          0x08000b11   Thumb Code    34  stm32f10x_dma.o(i.DMA_GetITStatus)
    DMA_ITConfig                             0x08000b3d   Thumb Code    18  stm32f10x_dma.o(i.DMA_ITConfig)
    DMA_Init                                 0x08000b4f   Thumb Code    60  stm32f10x_dma.o(i.DMA_Init)
    DMA_SetCurrDataCounter                   0x08000b8b   Thumb Code     4  stm32f10x_dma.o(i.DMA_SetCurrDataCounter)
    DebugMon_Handler                         0x08000b8f   Thumb Code     2  stm32f10x_it.o(i.DebugMon_Handler)
    EXTI2_IRQHandler                         0x08000b91   Thumb Code    34  stm32f10x_it.o(i.EXTI2_IRQHandler)
    EXTI_ClearITPendingBit                   0x08000bb9   Thumb Code     6  stm32f10x_exti.o(i.EXTI_ClearITPendingBit)
    EXTI_GetITStatus                         0x08000bc5   Thumb Code    34  stm32f10x_exti.o(i.EXTI_GetITStatus)
    GPIO_Init                                0x08000c4d   Thumb Code   274  stm32f10x_gpio.o(i.GPIO_Init)
    GPIO_PinRemapConfig                      0x08000d61   Thumb Code   138  stm32f10x_gpio.o(i.GPIO_PinRemapConfig)
    GPIO_ReadInputDataBit                    0x08000df1   Thumb Code    18  stm32f10x_gpio.o(i.GPIO_ReadInputDataBit)
    GPIO_ResetBits                           0x08000e03   Thumb Code     4  stm32f10x_gpio.o(i.GPIO_ResetBits)
    GPIO_SetBits                             0x08000e07   Thumb Code     4  stm32f10x_gpio.o(i.GPIO_SetBits)
    HardFault_Handler                        0x08000e0b   Thumb Code     4  stm32f10x_it.o(i.HardFault_Handler)
    MemManage_Handler                        0x08000e0f   Thumb Code     4  stm32f10x_it.o(i.MemManage_Handler)
    NMI_Handler                              0x08000e13   Thumb Code     4  stm32f10x_it.o(i.NMI_Handler)
    NVIC_Init                                0x08000e3d   Thumb Code   102  misc.o(i.NVIC_Init)
    NVIC_PriorityGroupConfig                 0x08000eb1   Thumb Code    10  misc.o(i.NVIC_PriorityGroupConfig)
    OSInit                                   0x08000eed   Thumb Code    36  os_core.o(i.OSInit)
    OSInitHookBegin                          0x08000f11   Thumb Code     2  os_cpu_c.o(i.OSInitHookBegin)
    OSInitHookEnd                            0x08000f13   Thumb Code     2  os_cpu_c.o(i.OSInitHookEnd)
    OSIntExit                                0x08000f15   Thumb Code   112  os_core.o(i.OSIntExit)
    OSStart                                  0x08000fa5   Thumb Code    48  os_core.o(i.OSStart)
    OSTCBInitHook                            0x08000fed   Thumb Code     2  os_cpu_c.o(i.OSTCBInitHook)
    OSTaskCreateExt                          0x08000ff1   Thumb Code   178  os_task.o(i.OSTaskCreateExt)
    OSTaskCreateHook                         0x080010b1   Thumb Code     2  os_cpu_c.o(i.OSTaskCreateHook)
    OSTaskIdleHook                           0x080010b3   Thumb Code     2  os_cpu_c.o(i.OSTaskIdleHook)
    OSTaskNameSet                            0x080010b5   Thumb Code   120  os_task.o(i.OSTaskNameSet)
    OSTaskStkInit                            0x08001139   Thumb Code   154  os_cpu_c.o(i.OSTaskStkInit)
    OSTaskSwHook                             0x080011d3   Thumb Code     2  os_cpu_c.o(i.OSTaskSwHook)
    OSTimeDly                                0x080011d5   Thumb Code   100  os_time.o(i.OSTimeDly)
    OSTimeTick                               0x0800124d   Thumb Code   162  os_core.o(i.OSTimeTick)
    OS_FlagInit                              0x08001305   Thumb Code    76  os_flag.o(i.OS_FlagInit)
    OS_MemClr                                0x0800150d   Thumb Code    18  os_core.o(i.OS_MemClr)
    OS_Sched                                 0x08001521   Thumb Code    88  os_core.o(i.OS_Sched)
    OS_TCBInit                               0x080015c1   Thumb Code   294  os_core.o(i.OS_TCBInit)
    OS_TaskIdle                              0x08001705   Thumb Code    34  os_core.o(i.OS_TaskIdle)
    OS_TaskStkClr                            0x0800172d   Thumb Code    26  os_task.o(i.OS_TaskStkClr)
    RCC_ADCCLKConfig                         0x08001749   Thumb Code    18  stm32f10x_rcc.o(i.RCC_ADCCLKConfig)
    RCC_AHBPeriphClockCmd                    0x08001761   Thumb Code    26  stm32f10x_rcc.o(i.RCC_AHBPeriphClockCmd)
    RCC_APB1PeriphClockCmd                   0x08001781   Thumb Code    26  stm32f10x_rcc.o(i.RCC_APB1PeriphClockCmd)
    RCC_APB1PeriphResetCmd                   0x080017a1   Thumb Code    26  stm32f10x_rcc.o(i.RCC_APB1PeriphResetCmd)
    RCC_APB2PeriphClockCmd                   0x080017c1   Thumb Code    26  stm32f10x_rcc.o(i.RCC_APB2PeriphClockCmd)
    RCC_APB2PeriphResetCmd                   0x080017e1   Thumb Code    26  stm32f10x_rcc.o(i.RCC_APB2PeriphResetCmd)
    RCC_GetClocksFreq                        0x08001801   Thumb Code   192  stm32f10x_rcc.o(i.RCC_GetClocksFreq)
    RS485Send                                0x080018d5   Thumb Code    98  rs485.o(i.RS485Send)
    ReadKeyStatus                            0x08001945   Thumb Code   154  key.o(i.ReadKeyStatus)
    SVC_Handler                              0x080019e5   Thumb Code     2  stm32f10x_it.o(i.SVC_Handler)
    StartUsartDMARx                          0x080019e7   Thumb Code    28  stm32usart.o(i.StartUsartDMARx)
    StartUsartDMATx                          0x08001a03   Thumb Code    44  stm32usart.o(i.StartUsartDMATx)
    SysTick_Handler                          0x08001a31   Thumb Code    34  stm32f10x_it.o(i.SysTick_Handler)
    TIM_ARRPreloadConfig                     0x08001a59   Thumb Code    24  stm32f10x_tim.o(i.TIM_ARRPreloadConfig)
    TIM_CCxCmd                               0x08001a71   Thumb Code    30  stm32f10x_tim.o(i.TIM_CCxCmd)
    TIM_Cmd                                  0x08001a8f   Thumb Code    24  stm32f10x_tim.o(i.TIM_Cmd)
    TIM_DeInit                               0x08001aa9   Thumb Code   424  stm32f10x_tim.o(i.TIM_DeInit)
    TIM_OC2Init                              0x08001c91   Thumb Code   154  stm32f10x_tim.o(i.TIM_OC2Init)
    TIM_OC2PreloadConfig                     0x08001d35   Thumb Code    26  stm32f10x_tim.o(i.TIM_OC2PreloadConfig)
    TIM_SetCompare2                          0x08001d4f   Thumb Code     4  stm32f10x_tim.o(i.TIM_SetCompare2)
    TIM_TimeBaseInit                         0x08001d55   Thumb Code   122  stm32f10x_tim.o(i.TIM_TimeBaseInit)
    TaskADC                                  0x08001df9   Thumb Code   188  main.o(i.TaskADC)
    TaskKey                                  0x08001ec5   Thumb Code   618  main.o(i.TaskKey)
    TaskLedBeep                              0x08002161   Thumb Code   232  main.o(i.TaskLedBeep)
    TaskStart                                0x08002261   Thumb Code   166  main.o(i.TaskStart)
    TaskUSBHID                               0x08002341   Thumb Code    12  main.o(i.TaskUSBHID)
    TaskUart                                 0x0800234d   Thumb Code    58  main.o(i.TaskUart)
    USART1_IRQHandler                        0x08002391   Thumb Code    76  stm32f10x_it.o(i.USART1_IRQHandler)
    USART2_IRQHandler                        0x080023e9   Thumb Code    76  stm32f10x_it.o(i.USART2_IRQHandler)
    USART3_IRQHandler                        0x08002441   Thumb Code    76  stm32f10x_it.o(i.USART3_IRQHandler)
    USART_Cmd                                0x08002499   Thumb Code    24  stm32f10x_usart.o(i.USART_Cmd)
    USART_DMACmd                             0x080024b1   Thumb Code    18  stm32f10x_usart.o(i.USART_DMACmd)
    USART_DeInit                             0x080024c5   Thumb Code   134  stm32f10x_usart.o(i.USART_DeInit)
    USART_GetFlagStatus                      0x08002561   Thumb Code    26  stm32f10x_usart.o(i.USART_GetFlagStatus)
    USART_GetITStatus                        0x0800257b   Thumb Code    84  stm32f10x_usart.o(i.USART_GetITStatus)
    USART_ITConfig                           0x080025cf   Thumb Code    74  stm32f10x_usart.o(i.USART_ITConfig)
    USART_Init                               0x08002619   Thumb Code   210  stm32f10x_usart.o(i.USART_Init)
    UsageFault_Handler                       0x080026f1   Thumb Code     4  stm32f10x_it.o(i.UsageFault_Handler)
    UsartDMARx                               0x080026f5   Thumb Code   134  stm32usart.o(i.UsartDMARx)
    UsartInitDMA                             0x0800277d   Thumb Code   476  stm32usart.o(i.UsartInitDMA)
    average_filter                           0x08002969   Thumb Code    92  adc.o(i.average_filter)
    checksum8                                0x080029c5   Thumb Code    34  rs485.o(i.checksum8)
    key_IO_Init                              0x080029e9   Thumb Code   176  key.o(i.key_IO_Init)
    ledInit                                  0x08002ac1   Thumb Code    74  led.o(i.ledInit)
    main                                     0x08002b11   Thumb Code   168  main.o(i.main)
    motoInit                                 0x08002bd1   Thumb Code   170  led.o(i.motoInit)
    rs485_1_Init                             0x08002c85   Thumb Code    26  rs485.o(i.rs485_1_Init)
    stm32_adc1_init                          0x08002ca5   Thumb Code   330  adc.o(i.stm32_adc1_init)
    OSUnMapTbl                               0x08002e00   Data         256  os_core.o(.constdata)
    Region$$Table$$Base                      0x08002f00   Number         0  anon$$obj.o(Region$$Table)
    Region$$Table$$Limit                     0x08002f20   Number         0  anon$$obj.o(Region$$Table)
    sbusData                                 0x20000000   Data          17  main.o(.data)
    BatteryVoltage                           0x20000012   Data           2  main.o(.data)
    sbusData2                                0x20000014   Data           6  stm32f10x_it.o(.data)
    ledXstate                                0x2000001c   Data           1  led.o(.data)
    ledGPSstate                              0x2000001d   Data           1  led.o(.data)
    ledCHstate                               0x2000001e   Data           1  led.o(.data)
    motostate                                0x2000001f   Data           1  led.o(.data)
    keythreeSt1                              0x20000020   Data           1  led.o(.data)
    keythreeSt2                              0x20000021   Data           1  led.o(.data)
    keyAst                                   0x20000024   Data           8  key.o(.data)
    keyBst                                   0x2000002c   Data           8  key.o(.data)
    keyOKFst                                 0x20000034   Data           8  key.o(.data)
    keyHOMEst                                0x2000003c   Data           8  key.o(.data)
    keyPHOTOst                               0x20000044   Data           8  key.o(.data)
    keyVIDEOst                               0x2000004c   Data           8  key.o(.data)
    SystemCoreClock                          0x20000068   Data           4  system_stm32f10x.o(.data)
    OSCtxSwCtr                               0x2000006c   Data           4  os_core.o(.data)
    OSEventFreeList                          0x20000070   Data           4  os_core.o(.data)
    OSFlagFreeList                           0x20000074   Data           4  os_core.o(.data)
    OSIntNesting                             0x20000078   Data           1  os_core.o(.data)
    OSLockNesting                            0x20000079   Data           1  os_core.o(.data)
    OSPrioCur                                0x2000007a   Data           1  os_core.o(.data)
    OSPrioHighRdy                            0x2000007b   Data           1  os_core.o(.data)
    OSRdyGrp                                 0x2000007c   Data           1  os_core.o(.data)
    OSRdyTbl                                 0x2000007d   Data           8  os_core.o(.data)
    OSRunning                                0x20000085   Data           1  os_core.o(.data)
    OSTaskCtr                                0x20000086   Data           1  os_core.o(.data)
    OSIdleCtr                                0x20000088   Data           4  os_core.o(.data)
    OSTCBCur                                 0x2000008c   Data           4  os_core.o(.data)
    OSTCBFreeList                            0x20000090   Data           4  os_core.o(.data)
    OSTCBHighRdy                             0x20000094   Data           4  os_core.o(.data)
    OSTCBList                                0x20000098   Data           4  os_core.o(.data)
    OSTime                                   0x2000009c   Data           4  os_core.o(.data)
    Task_Start                               0x200000b0   Data         400  main.o(.bss)
    Task_LedBeep_Stk                         0x20000240   Data         200  main.o(.bss)
    Task_ADC_Stk                             0x20000308   Data         400  main.o(.bss)
    Task_Key_Stk                             0x20000498   Data         400  main.o(.bss)
    Task_Uart_Stk                            0x20000628   Data         400  main.o(.bss)
    Task_USBHID_Stk                          0x200007b8   Data        2000  main.o(.bss)
    nCom1                                    0x20001754   Data          84  stm32usart.o(.bss)
    nCom2                                    0x200017a8   Data          84  stm32usart.o(.bss)
    nCom3                                    0x200017fc   Data          84  stm32usart.o(.bss)
    AD_Value                                 0x2000185e   Data         140  adc.o(.bss)
    CtrlSticksLevel                          0x200019b0   Data          14  adc.o(.bss)
    OSEventTbl                               0x200019c0   Data         768  os_core.o(.bss)
    OSFlagTbl                                0x20001cc0   Data         512  os_core.o(.bss)
    OSTaskIdleStk                            0x20001ec0   Data         512  os_core.o(.bss)
    OSTCBPrioTbl                             0x200020c0   Data         256  os_core.o(.bss)
    OSTCBTbl                                 0x200021c0   Data        1848  os_core.o(.bss)
    __libspace_start                         0x200028f8   Data          96  libspace.o(.bss)
    __temporary_stack_top$libspace           0x20002958   Data           0  libspace.o(.bss)



==============================================================================

Memory Map of the image

  Image Entry point : 0x08000131

  Load Region LR_IROM1 (Base: 0x08000000, Size: 0x00002fc0, Max: 0x00010000, ABSOLUTE)

    Execution Region ER_IROM1 (Base: 0x08000000, Size: 0x00002f20, Max: 0x00010000, ABSOLUTE)

    Base Addr    Size         Type   Attr      Idx    E Section Name        Object

    0x08000000   0x00000130   Data   RO         3604    RESET               startup_stm32f10x_hd.o
    0x08000130   0x00000008   Code   RO         4294  * !!!main             c_w.l(__main.o)
    0x08000138   0x00000034   Code   RO         4465    !!!scatter          c_w.l(__scatter.o)
    0x0800016c   0x0000001a   Code   RO         4467    !!handler_copy      c_w.l(__scatter_copy.o)
    0x08000186   0x00000002   PAD
    0x08000188   0x0000001c   Code   RO         4469    !!handler_zi        c_w.l(__scatter_zi.o)
    0x080001a4   0x00000002   Code   RO         4338    .ARM.Collect$$libinit$$00000000  c_w.l(libinit.o)
    0x080001a6   0x00000000   Code   RO         4345    .ARM.Collect$$libinit$$00000002  c_w.l(libinit2.o)
    0x080001a6   0x00000000   Code   RO         4348    .ARM.Collect$$libinit$$00000008  c_w.l(libinit2.o)
    0x080001a6   0x00000000   Code   RO         4350    .ARM.Collect$$libinit$$0000000A  c_w.l(libinit2.o)
    0x080001a6   0x00000000   Code   RO         4352    .ARM.Collect$$libinit$$0000000C  c_w.l(libinit2.o)
    0x080001a6   0x00000000   Code   RO         4355    .ARM.Collect$$libinit$$0000000F  c_w.l(libinit2.o)
    0x080001a6   0x00000000   Code   RO         4357    .ARM.Collect$$libinit$$00000011  c_w.l(libinit2.o)
    0x080001a6   0x00000000   Code   RO         4359    .ARM.Collect$$libinit$$00000013  c_w.l(libinit2.o)
    0x080001a6   0x00000000   Code   RO         4361    .ARM.Collect$$libinit$$00000015  c_w.l(libinit2.o)
    0x080001a6   0x00000000   Code   RO         4363    .ARM.Collect$$libinit$$00000017  c_w.l(libinit2.o)
    0x080001a6   0x00000000   Code   RO         4365    .ARM.Collect$$libinit$$00000019  c_w.l(libinit2.o)
    0x080001a6   0x00000000   Code   RO         4367    .ARM.Collect$$libinit$$0000001B  c_w.l(libinit2.o)
    0x080001a6   0x00000000   Code   RO         4369    .ARM.Collect$$libinit$$0000001D  c_w.l(libinit2.o)
    0x080001a6   0x00000000   Code   RO         4371    .ARM.Collect$$libinit$$0000001F  c_w.l(libinit2.o)
    0x080001a6   0x00000000   Code   RO         4373    .ARM.Collect$$libinit$$00000021  c_w.l(libinit2.o)
    0x080001a6   0x00000000   Code   RO         4375    .ARM.Collect$$libinit$$00000023  c_w.l(libinit2.o)
    0x080001a6   0x00000000   Code   RO         4379    .ARM.Collect$$libinit$$0000002A  c_w.l(libinit2.o)
    0x080001a6   0x00000000   Code   RO         4381    .ARM.Collect$$libinit$$0000002C  c_w.l(libinit2.o)
    0x080001a6   0x00000000   Code   RO         4383    .ARM.Collect$$libinit$$0000002E  c_w.l(libinit2.o)
    0x080001a6   0x00000000   Code   RO         4385    .ARM.Collect$$libinit$$00000030  c_w.l(libinit2.o)
    0x080001a6   0x00000002   Code   RO         4386    .ARM.Collect$$libinit$$00000031  c_w.l(libinit2.o)
    0x080001a8   0x00000002   Code   RO         4406    .ARM.Collect$$libshutdown$$00000000  c_w.l(libshutdown.o)
    0x080001aa   0x00000000   Code   RO         4420    .ARM.Collect$$libshutdown$$00000003  c_w.l(libshutdown2.o)
    0x080001aa   0x00000000   Code   RO         4423    .ARM.Collect$$libshutdown$$00000006  c_w.l(libshutdown2.o)
    0x080001aa   0x00000000   Code   RO         4426    .ARM.Collect$$libshutdown$$00000009  c_w.l(libshutdown2.o)
    0x080001aa   0x00000000   Code   RO         4428    .ARM.Collect$$libshutdown$$0000000B  c_w.l(libshutdown2.o)
    0x080001aa   0x00000000   Code   RO         4431    .ARM.Collect$$libshutdown$$0000000E  c_w.l(libshutdown2.o)
    0x080001aa   0x00000002   Code   RO         4432    .ARM.Collect$$libshutdown$$0000000F  c_w.l(libshutdown2.o)
    0x080001ac   0x00000000   Code   RO         4304    .ARM.Collect$$rtentry$$00000000  c_w.l(rtentry.o)
    0x080001ac   0x00000000   Code   RO         4315    .ARM.Collect$$rtentry$$00000002  c_w.l(rtentry2.o)
    0x080001ac   0x00000006   Code   RO         4327    .ARM.Collect$$rtentry$$00000004  c_w.l(rtentry4.o)
    0x080001b2   0x00000000   Code   RO         4317    .ARM.Collect$$rtentry$$00000009  c_w.l(rtentry2.o)
    0x080001b2   0x00000004   Code   RO         4318    .ARM.Collect$$rtentry$$0000000A  c_w.l(rtentry2.o)
    0x080001b6   0x00000000   Code   RO         4320    .ARM.Collect$$rtentry$$0000000C  c_w.l(rtentry2.o)
    0x080001b6   0x00000008   Code   RO         4321    .ARM.Collect$$rtentry$$0000000D  c_w.l(rtentry2.o)
    0x080001be   0x00000002   Code   RO         4342    .ARM.Collect$$rtexit$$00000000  c_w.l(rtexit.o)
    0x080001c0   0x00000000   Code   RO         4388    .ARM.Collect$$rtexit$$00000002  c_w.l(rtexit2.o)
    0x080001c0   0x00000004   Code   RO         4389    .ARM.Collect$$rtexit$$00000003  c_w.l(rtexit2.o)
    0x080001c4   0x00000006   Code   RO         4390    .ARM.Collect$$rtexit$$00000004  c_w.l(rtexit2.o)
    0x080001ca   0x00000002   PAD
    0x080001cc   0x00000048   Code   RO         3605    .text               startup_stm32f10x_hd.o
    0x08000214   0x000000a4   Code   RO         4283    .text               os_cpu_a.o
    0x080002b8   0x0000008a   Code   RO         4288    .text               c_w.l(rt_memcpy_v6.o)
    0x08000342   0x00000006   Code   RO         4292    .text               c_w.l(heapauxi.o)
    0x08000348   0x00000064   Code   RO         4305    .text               c_w.l(rt_memcpy_w.o)
    0x080003ac   0x0000004a   Code   RO         4329    .text               c_w.l(sys_stackheap_outer.o)
    0x080003f6   0x0000000c   Code   RO         4331    .text               c_w.l(exit.o)
    0x08000402   0x00000002   PAD
    0x08000404   0x00000008   Code   RO         4339    .text               c_w.l(libspace.o)
    0x0800040c   0x0000000c   Code   RO         4398    .text               c_w.l(sys_exit.o)
    0x08000418   0x00000002   Code   RO         4409    .text               c_w.l(use_no_semi.o)
    0x0800041a   0x00000000   Code   RO         4411    .text               c_w.l(indicate_semi.o)
    0x0800041a   0x00000016   Code   RO          616    i.ADC_Cmd           stm32f10x_adc.o
    0x08000430   0x00000016   Code   RO          617    i.ADC_DMACmd        stm32f10x_adc.o
    0x08000446   0x00000002   PAD
    0x08000448   0x0000005c   Code   RO          618    i.ADC_DeInit        stm32f10x_adc.o
    0x080004a4   0x00000014   Code   RO          624    i.ADC_GetCalibrationStatus  stm32f10x_adc.o
    0x080004b8   0x00000014   Code   RO          630    i.ADC_GetResetCalibrationStatus  stm32f10x_adc.o
    0x080004cc   0x00000050   Code   RO          634    i.ADC_Init          stm32f10x_adc.o
    0x0800051c   0x000000b8   Code   RO          638    i.ADC_RegularChannelConfig  stm32f10x_adc.o
    0x080005d4   0x0000000a   Code   RO          639    i.ADC_ResetCalibration  stm32f10x_adc.o
    0x080005de   0x00000016   Code   RO          641    i.ADC_SoftwareStartConvCmd  stm32f10x_adc.o
    0x080005f4   0x0000000a   Code   RO          643    i.ADC_StartCalibration  stm32f10x_adc.o
    0x080005fe   0x00000004   Code   RO          168    i.BusFault_Handler  stm32f10x_it.o
    0x08000602   0x00000002   PAD
    0x08000604   0x000000f8   Code   RO          330    i.ComPort1Init      stm32usart.o
    0x080006fc   0x0000002c   Code   RO          334    i.ComPortWaitTxEnd  stm32usart.o
    0x08000728   0x00000054   Code   RO          335    i.ComPortWrite      stm32usart.o
    0x0800077c   0x0000002c   Code   RO          169    i.DMA1_Channel2_IRQHandler  stm32f10x_it.o
    0x080007a8   0x00000080   Code   RO          170    i.DMA1_Channel3_IRQHandler  stm32f10x_it.o
    0x08000828   0x00000030   Code   RO          171    i.DMA1_Channel4_IRQHandler  stm32f10x_it.o
    0x08000858   0x00000080   Code   RO          172    i.DMA1_Channel5_IRQHandler  stm32f10x_it.o
    0x080008d8   0x00000080   Code   RO          173    i.DMA1_Channel6_IRQHandler  stm32f10x_it.o
    0x08000958   0x00000030   Code   RO          174    i.DMA1_Channel7_IRQHandler  stm32f10x_it.o
    0x08000988   0x0000001c   Code   RO         1314    i.DMA_ClearFlag     stm32f10x_dma.o
    0x080009a4   0x00000018   Code   RO         1316    i.DMA_Cmd           stm32f10x_dma.o
    0x080009bc   0x0000014c   Code   RO         1317    i.DMA_DeInit        stm32f10x_dma.o
    0x08000b08   0x00000008   Code   RO         1318    i.DMA_GetCurrDataCounter  stm32f10x_dma.o
    0x08000b10   0x0000002c   Code   RO         1320    i.DMA_GetITStatus   stm32f10x_dma.o
    0x08000b3c   0x00000012   Code   RO         1321    i.DMA_ITConfig      stm32f10x_dma.o
    0x08000b4e   0x0000003c   Code   RO         1322    i.DMA_Init          stm32f10x_dma.o
    0x08000b8a   0x00000004   Code   RO         1323    i.DMA_SetCurrDataCounter  stm32f10x_dma.o
    0x08000b8e   0x00000002   Code   RO          175    i.DebugMon_Handler  stm32f10x_it.o
    0x08000b90   0x00000028   Code   RO          176    i.EXTI2_IRQHandler  stm32f10x_it.o
    0x08000bb8   0x0000000c   Code   RO         1387    i.EXTI_ClearITPendingBit  stm32f10x_exti.o
    0x08000bc4   0x00000028   Code   RO         1391    i.EXTI_GetITStatus  stm32f10x_exti.o
    0x08000bec   0x00000060   Code   RO            1    i.GPIO_DeIntConfiguration  main.o
    0x08000c4c   0x00000112   Code   RO         1740    i.GPIO_Init         stm32f10x_gpio.o
    0x08000d5e   0x00000002   PAD
    0x08000d60   0x00000090   Code   RO         1742    i.GPIO_PinRemapConfig  stm32f10x_gpio.o
    0x08000df0   0x00000012   Code   RO         1744    i.GPIO_ReadInputDataBit  stm32f10x_gpio.o
    0x08000e02   0x00000004   Code   RO         1747    i.GPIO_ResetBits    stm32f10x_gpio.o
    0x08000e06   0x00000004   Code   RO         1748    i.GPIO_SetBits      stm32f10x_gpio.o
    0x08000e0a   0x00000004   Code   RO          177    i.HardFault_Handler  stm32f10x_it.o
    0x08000e0e   0x00000004   Code   RO          178    i.MemManage_Handler  stm32f10x_it.o
    0x08000e12   0x00000004   Code   RO          179    i.NMI_Handler       stm32f10x_it.o
    0x08000e16   0x0000000c   Code   RO            2    i.NVIC_Configuration  main.o
    0x08000e22   0x00000018   Code   RO          336    i.NVIC_EnableIRQ    stm32usart.o
    0x08000e3a   0x00000002   PAD
    0x08000e3c   0x00000074   Code   RO          571    i.NVIC_Init         misc.o
    0x08000eb0   0x00000014   Code   RO          572    i.NVIC_PriorityGroupConfig  misc.o
    0x08000ec4   0x00000028   Code   RO          337    i.NVIC_SetPriority  stm32usart.o
    0x08000eec   0x00000024   Code   RO         3612    i.OSInit            os_core.o
    0x08000f10   0x00000002   Code   RO         4188    i.OSInitHookBegin   os_cpu_c.o
    0x08000f12   0x00000002   Code   RO         4189    i.OSInitHookEnd     os_cpu_c.o
    0x08000f14   0x00000090   Code   RO         3614    i.OSIntExit         os_core.o
    0x08000fa4   0x00000048   Code   RO         3615    i.OSStart           os_core.o
    0x08000fec   0x00000002   Code   RO         4190    i.OSTCBInitHook     os_cpu_c.o
    0x08000fee   0x00000002   PAD
    0x08000ff0   0x000000c0   Code   RO         4052    i.OSTaskCreateExt   os_task.o
    0x080010b0   0x00000002   Code   RO         4191    i.OSTaskCreateHook  os_cpu_c.o
    0x080010b2   0x00000002   Code   RO         4193    i.OSTaskIdleHook    os_cpu_c.o
    0x080010b4   0x00000084   Code   RO         4056    i.OSTaskNameSet     os_task.o
    0x08001138   0x0000009a   Code   RO         4196    i.OSTaskStkInit     os_cpu_c.o
    0x080011d2   0x00000002   Code   RO         4197    i.OSTaskSwHook      os_cpu_c.o
    0x080011d4   0x00000078   Code   RO         4146    i.OSTimeDly         os_time.o
    0x0800124c   0x000000b8   Code   RO         3616    i.OSTimeTick        os_core.o
    0x08001304   0x00000058   Code   RO         3807    i.OS_FlagInit       os_flag.o
    0x0800135c   0x00000060   Code   RO         3625    i.OS_InitEventList  os_core.o
    0x080013bc   0x0000003c   Code   RO         3626    i.OS_InitMisc       os_core.o
    0x080013f8   0x00000044   Code   RO         3627    i.OS_InitRdyList    os_core.o
    0x0800143c   0x00000080   Code   RO         3628    i.OS_InitTCBList    os_core.o
    0x080014bc   0x00000050   Code   RO         3629    i.OS_InitTaskIdle   os_core.o
    0x0800150c   0x00000012   Code   RO         3630    i.OS_MemClr         os_core.o
    0x0800151e   0x00000002   PAD
    0x08001520   0x00000074   Code   RO         3632    i.OS_Sched          os_core.o
    0x08001594   0x0000002c   Code   RO         3633    i.OS_SchedNew       os_core.o
    0x080015c0   0x00000144   Code   RO         3635    i.OS_TCBInit        os_core.o
    0x08001704   0x00000028   Code   RO         3636    i.OS_TaskIdle       os_core.o
    0x0800172c   0x0000001a   Code   RO         4064    i.OS_TaskStkClr     os_task.o
    0x08001746   0x00000002   PAD
    0x08001748   0x00000018   Code   RO         2154    i.RCC_ADCCLKConfig  stm32f10x_rcc.o
    0x08001760   0x00000020   Code   RO         2155    i.RCC_AHBPeriphClockCmd  stm32f10x_rcc.o
    0x08001780   0x00000020   Code   RO         2156    i.RCC_APB1PeriphClockCmd  stm32f10x_rcc.o
    0x080017a0   0x00000020   Code   RO         2157    i.RCC_APB1PeriphResetCmd  stm32f10x_rcc.o
    0x080017c0   0x00000020   Code   RO         2158    i.RCC_APB2PeriphClockCmd  stm32f10x_rcc.o
    0x080017e0   0x00000020   Code   RO         2159    i.RCC_APB2PeriphResetCmd  stm32f10x_rcc.o
    0x08001800   0x000000d4   Code   RO         2166    i.RCC_GetClocksFreq  stm32f10x_rcc.o
    0x080018d4   0x00000070   Code   RO          293    i.RS485Send         rs485.o
    0x08001944   0x000000a0   Code   RO          546    i.ReadKeyStatus     key.o
    0x080019e4   0x00000002   Code   RO          180    i.SVC_Handler       stm32f10x_it.o
    0x080019e6   0x0000001c   Code   RO          338    i.StartUsartDMARx   stm32usart.o
    0x08001a02   0x0000002c   Code   RO          339    i.StartUsartDMATx   stm32usart.o
    0x08001a2e   0x00000002   PAD
    0x08001a30   0x00000028   Code   RO          181    i.SysTick_Handler   stm32f10x_it.o
    0x08001a58   0x00000018   Code   RO         2781    i.TIM_ARRPreloadConfig  stm32f10x_tim.o
    0x08001a70   0x0000001e   Code   RO         2785    i.TIM_CCxCmd        stm32f10x_tim.o
    0x08001a8e   0x00000018   Code   RO         2793    i.TIM_Cmd           stm32f10x_tim.o
    0x08001aa6   0x00000002   PAD
    0x08001aa8   0x000001e8   Code   RO         2798    i.TIM_DeInit        stm32f10x_tim.o
    0x08001c90   0x000000a4   Code   RO         2827    i.TIM_OC2Init       stm32f10x_tim.o
    0x08001d34   0x0000001a   Code   RO         2830    i.TIM_OC2PreloadConfig  stm32f10x_tim.o
    0x08001d4e   0x00000004   Code   RO         2855    i.TIM_SetCompare2   stm32f10x_tim.o
    0x08001d52   0x00000002   PAD
    0x08001d54   0x000000a4   Code   RO         2864    i.TIM_TimeBaseInit  stm32f10x_tim.o
    0x08001df8   0x000000cc   Code   RO            3    i.TaskADC           main.o
    0x08001ec4   0x0000029c   Code   RO            4    i.TaskKey           main.o
    0x08002160   0x00000100   Code   RO            5    i.TaskLedBeep       main.o
    0x08002260   0x000000e0   Code   RO            6    i.TaskStart         main.o
    0x08002340   0x0000000c   Code   RO            7    i.TaskUSBHID        main.o
    0x0800234c   0x00000044   Code   RO            8    i.TaskUart          main.o
    0x08002390   0x00000058   Code   RO          182    i.USART1_IRQHandler  stm32f10x_it.o
    0x080023e8   0x00000058   Code   RO          183    i.USART2_IRQHandler  stm32f10x_it.o
    0x08002440   0x00000058   Code   RO          184    i.USART3_IRQHandler  stm32f10x_it.o
    0x08002498   0x00000018   Code   RO         3329    i.USART_Cmd         stm32f10x_usart.o
    0x080024b0   0x00000012   Code   RO         3330    i.USART_DMACmd      stm32f10x_usart.o
    0x080024c2   0x00000002   PAD
    0x080024c4   0x0000009c   Code   RO         3331    i.USART_DeInit      stm32f10x_usart.o
    0x08002560   0x0000001a   Code   RO         3332    i.USART_GetFlagStatus  stm32f10x_usart.o
    0x0800257a   0x00000054   Code   RO         3333    i.USART_GetITStatus  stm32f10x_usart.o
    0x080025ce   0x0000004a   Code   RO         3335    i.USART_ITConfig    stm32f10x_usart.o
    0x08002618   0x000000d8   Code   RO         3336    i.USART_Init        stm32f10x_usart.o
    0x080026f0   0x00000004   Code   RO          185    i.UsageFault_Handler  stm32f10x_it.o
    0x080026f4   0x00000086   Code   RO          341    i.UsartDMARx        stm32usart.o
    0x0800277a   0x00000002   PAD
    0x0800277c   0x000001ec   Code   RO          342    i.UsartInitDMA      stm32usart.o
    0x08002968   0x0000005c   Code   RO          517    i.average_filter    adc.o
    0x080029c4   0x00000022   Code   RO          294    i.checksum8         rs485.o
    0x080029e6   0x00000002   PAD
    0x080029e8   0x000000d8   Code   RO          547    i.key_IO_Init       key.o
    0x08002ac0   0x00000050   Code   RO          471    i.ledInit           led.o
    0x08002b10   0x000000c0   Code   RO            9    i.main              main.o
    0x08002bd0   0x000000b4   Code   RO          472    i.motoInit          led.o
    0x08002c84   0x00000020   Code   RO          295    i.rs485_1_Init      rs485.o
    0x08002ca4   0x0000015c   Code   RO          518    i.stm32_adc1_init   adc.o
    0x08002e00   0x00000100   Data   RO         3639    .constdata          os_core.o
    0x08002f00   0x00000020   Data   RO         4463    Region$$Table       anon$$obj.o


    Execution Region RW_IRAM1 (Base: 0x20000000, Size: 0x00002b58, Max: 0x00005000, ABSOLUTE)

    Base Addr    Size         Type   Attr      Idx    E Section Name        Object

    0x20000000   0x00000014   Data   RW           11    .data               main.o
    0x20000014   0x00000006   Data   RW          187    .data               stm32f10x_it.o
    0x2000001a   0x00000002   Data   RW          345    .data               stm32usart.o
    0x2000001c   0x00000006   Data   RW          474    .data               led.o
    0x20000022   0x00000002   PAD
    0x20000024   0x00000030   Data   RW          549    .data               key.o
    0x20000054   0x00000014   Data   RW         2186    .data               stm32f10x_rcc.o
    0x20000068   0x00000004   Data   RW         3577    .data               system_stm32f10x.o
    0x2000006c   0x00000034   Data   RW         3640    .data               os_core.o
    0x200000a0   0x00000ee8   Zero   RW           10    .bss                main.o
    0x20000f88   0x000008c8   Zero   RW          344    .bss                stm32usart.o
    0x20001850   0x0000016e   Zero   RW          519    .bss                adc.o
    0x200019be   0x00000002   PAD
    0x200019c0   0x00000f38   Zero   RW         3638    .bss                os_core.o
    0x200028f8   0x00000060   Zero   RW         4340    .bss                c_w.l(libspace.o)
    0x20002958   0x00000000   Zero   RW         3603    HEAP                startup_stm32f10x_hd.o
    0x20002958   0x00000200   Zero   RW         3602    STACK               startup_stm32f10x_hd.o


==============================================================================

Image component sizes


      Code (inc. data)   RO Data    RW Data    ZI Data      Debug   Object Name

       440         18          0          0        366       2570   adc.o
         0          0          0          0          0         32   core_cm3.o
       376         46          0         48          0       2719   key.o
       260         16          0          6          0       1514   led.o
      1732        204          0         20       3816     283491   main.o
       136         24          0          0          0       1331   misc.o
      1410        276        256         52       3896      15298   os_core.o
       164         32          0          0          0        276   os_cpu_a.o
       166          0          0          0          0      11373   os_cpu_c.o
        88         12          0          0          0       7422   os_flag.o
       350         26          0          0          0       2602   os_task.o
       120         20          0          0          0        580   os_time.o
       178         20          0          0          0       1835   rs485.o
        72         26        304          0        512        816   startup_stm32f10x_hd.o
       482         24          0          0          0       7170   stm32f10x_adc.o
       518         28          0          0          0       5621   stm32f10x_dma.o
        52         12          0          0          0        988   stm32f10x_exti.o
       444          6          0          0          0       4050   stm32f10x_gpio.o
       892        102          0          6          0       8434   stm32f10x_it.o
       396         56          0         20          0       6091   stm32f10x_rcc.o
       924        116          0          0          0       4933   stm32f10x_tim.o
       598         28          0          0          0       5682   stm32f10x_usart.o
      1138         74          0          2       2248      12281   stm32usart.o
         0          0          0          4          0        792   system_stm32f10x.o

    ----------------------------------------------------------------------
     10962       1166        592        160      10840     387901   Object Totals
         0          0         32          0          0          0   (incl. Generated)
        26          0          0          2          2          0   (incl. Padding)

    ----------------------------------------------------------------------

      Code (inc. data)   RO Data    RW Data    ZI Data      Debug   Library Member Name

         8          0          0          0          0         68   __main.o
        52          8          0          0          0          0   __scatter.o
        26          0          0          0          0          0   __scatter_copy.o
        28          0          0          0          0          0   __scatter_zi.o
        12          0          0          0          0         72   exit.o
         6          0          0          0          0        152   heapauxi.o
         0          0          0          0          0          0   indicate_semi.o
         2          0          0          0          0          0   libinit.o
         2          0          0          0          0          0   libinit2.o
         2          0          0          0          0          0   libshutdown.o
         2          0          0          0          0          0   libshutdown2.o
         8          4          0          0         96         68   libspace.o
       138          0          0          0          0         68   rt_memcpy_v6.o
       100          0          0          0          0         80   rt_memcpy_w.o
         0          0          0          0          0          0   rtentry.o
        12          0          0          0          0          0   rtentry2.o
         6          0          0          0          0          0   rtentry4.o
         2          0          0          0          0          0   rtexit.o
        10          0          0          0          0          0   rtexit2.o
        12          4          0          0          0         68   sys_exit.o
        74          0          0          0          0         80   sys_stackheap_outer.o
         2          0          0          0          0         68   use_no_semi.o

    ----------------------------------------------------------------------
       510         16          0          0         96        724   Library Totals
         6          0          0          0          0          0   (incl. Padding)

    ----------------------------------------------------------------------

      Code (inc. data)   RO Data    RW Data    ZI Data      Debug   Library Name

       504         16          0          0         96        724   c_w.l

    ----------------------------------------------------------------------
       510         16          0          0         96        724   Library Totals

    ----------------------------------------------------------------------

==============================================================================


      Code (inc. data)   RO Data    RW Data    ZI Data      Debug   

     11472       1182        592        160      10936     382177   Grand Totals
     11472       1182        592        160      10936     382177   ELF Image Totals
     11472       1182        592        160          0          0   ROM Totals

==============================================================================

    Total RO  Size (Code + RO Data)                12064 (  11.78kB)
    Total RW  Size (RW Data + ZI Data)             11096 (  10.84kB)
    Total ROM Size (Code + RO Data + RW Data)      12224 (  11.94kB)

==============================================================================

