ARM Linker, 5.03 [Build 76] [MDK-ARM Lite]

==============================================================================

Section Cross References

    main.o(i.GPIO_DeIntConfiguration) refers to stm32f10x_rcc.o(i.RCC_APB2PeriphClockCmd) for RCC_APB2PeriphClockCmd
    main.o(i.GPIO_DeIntConfiguration) refers to stm32f10x_gpio.o(i.GPIO_Init) for GPIO_Init
    main.o(i.NVIC_Configuration) refers to misc.o(i.NVIC_PriorityGroupConfig) for NVIC_PriorityGroupConfig
    main.o(i.TaskADC) refers to adc.o(i.average_filter) for average_filter
    main.o(i.TaskADC) refers to rs485.o(i.checksum8) for checksum8
    main.o(i.TaskADC) refers to rs485.o(i.RS485Send) for RS485Send
    main.o(i.TaskADC) refers to os_time.o(i.OSTimeDly) for OSTimeDly
    main.o(i.TaskADC) refers to adc.o(.bss) for AD_Value
    main.o(i.TaskADC) refers to main.o(.data) for keyst
    main.o(i.TaskADC) refers to led.o(.data) for ledCHstate
    main.o(i.TaskKey) refers to key.o(i.ReadKeyStatus) for ReadKeyStatus
    main.o(i.TaskKey) refers to stm32f10x_gpio.o(i.GPIO_ReadInputDataBit) for GPIO_ReadInputDataBit
    main.o(i.TaskKey) refers to os_time.o(i.OSTimeDly) for OSTimeDly
    main.o(i.TaskKey) refers to key.o(.data) for keyAst
    main.o(i.TaskKey) refers to main.o(.data) for keyst
    main.o(i.TaskLedBeep) refers to stm32f10x_tim.o(i.TIM_CCxCmd) for TIM_CCxCmd
    main.o(i.TaskLedBeep) refers to stm32f10x_gpio.o(i.GPIO_ResetBits) for GPIO_ResetBits
    main.o(i.TaskLedBeep) refers to stm32f10x_gpio.o(i.GPIO_SetBits) for GPIO_SetBits
    main.o(i.TaskLedBeep) refers to stm32f10x_gpio.o(i.GPIO_ReadInputDataBit) for GPIO_ReadInputDataBit
    main.o(i.TaskLedBeep) refers to os_time.o(i.OSTimeDly) for OSTimeDly
    main.o(i.TaskLedBeep) refers to led.o(.data) for motostate
    main.o(i.TaskStart) refers to os_task.o(i.OSTaskCreateExt) for OSTaskCreateExt
    main.o(i.TaskStart) refers to os_time.o(i.OSTimeDly) for OSTimeDly
    main.o(i.TaskStart) refers to main.o(.bss) for Task_LedBeep_Stk
    main.o(i.TaskStart) refers to main.o(i.TaskLedBeep) for TaskLedBeep
    main.o(i.TaskStart) refers to main.o(i.TaskADC) for TaskADC
    main.o(i.TaskStart) refers to main.o(i.TaskUart) for TaskUart
    main.o(i.TaskStart) refers to main.o(i.TaskUSBHID) for TaskUSBHID
    main.o(i.TaskUSBHID) refers to flash_in_stm32.o(i.WriteFlashNBtye) for WriteFlashNBtye
    main.o(i.TaskUSBHID) refers to flash_in_stm32.o(i.ReadFlashNBtye) for ReadFlashNBtye
    main.o(i.TaskUSBHID) refers to usbhid.o(i.usbDisable) for usbDisable
    main.o(i.TaskUSBHID) refers to core_cm3.o(.emb_text) for __set_MSP
    main.o(i.TaskUSBHID) refers to os_time.o(i.OSTimeDly) for OSTimeDly
    main.o(i.TaskUSBHID) refers to usb_endp.o(.bss) for HIDReceive_Buffer
    main.o(i.TaskUSBHID) refers to main.o(.data) for JumpAddress
    main.o(i.TaskUart) refers to os_time.o(i.OSTimeDly) for OSTimeDly
    main.o(i.TaskUart) refers to stm32usart.o(.bss) for nCom1
    main.o(i.TaskUart) refers to led.o(.data) for ledXstate
    main.o(i.main) refers to main.o(i.NVIC_Configuration) for NVIC_Configuration
    main.o(i.main) refers to main.o(i.GPIO_DeIntConfiguration) for GPIO_DeIntConfiguration
    main.o(i.main) refers to os_core.o(i.OSInit) for OSInit
    main.o(i.main) refers to led.o(i.ledInit) for ledInit
    main.o(i.main) refers to led.o(i.motoInit) for motoInit
    main.o(i.main) refers to key.o(i.key_Init) for key_Init
    main.o(i.main) refers to rs485.o(i.rs485_1_Init) for rs485_1_Init
    main.o(i.main) refers to adc.o(i.stm32_adc1_init) for stm32_adc1_init
    main.o(i.main) refers to usbhid.o(i.usbHIDInit) for usbHIDInit
    main.o(i.main) refers to os_task.o(i.OSTaskCreateExt) for OSTaskCreateExt
    main.o(i.main) refers to os_core.o(i.OSStart) for OSStart
    main.o(i.main) refers to main.o(.bss) for Task_Start
    main.o(i.main) refers to main.o(i.TaskStart) for TaskStart
    main.o(i.main) refers to system_stm32f10x.o(.data) for SystemCoreClock
    stm32f10x_it.o(i.DMA1_Channel2_IRQHandler) refers to stm32f10x_dma.o(i.DMA_GetITStatus) for DMA_GetITStatus
    stm32f10x_it.o(i.DMA1_Channel2_IRQHandler) refers to stm32f10x_dma.o(i.DMA_Cmd) for DMA_Cmd
    stm32f10x_it.o(i.DMA1_Channel2_IRQHandler) refers to stm32f10x_dma.o(i.DMA_ClearFlag) for DMA_ClearFlag
    stm32f10x_it.o(i.DMA1_Channel2_IRQHandler) refers to stm32usart.o(.bss) for nCom3
    stm32f10x_it.o(i.DMA1_Channel3_IRQHandler) refers to stm32f10x_dma.o(i.DMA_GetITStatus) for DMA_GetITStatus
    stm32f10x_it.o(i.DMA1_Channel3_IRQHandler) refers to stm32f10x_dma.o(i.DMA_Cmd) for DMA_Cmd
    stm32f10x_it.o(i.DMA1_Channel3_IRQHandler) refers to stm32f10x_dma.o(i.DMA_ClearFlag) for DMA_ClearFlag
    stm32f10x_it.o(i.DMA1_Channel4_IRQHandler) refers to stm32f10x_dma.o(i.DMA_GetITStatus) for DMA_GetITStatus
    stm32f10x_it.o(i.DMA1_Channel4_IRQHandler) refers to stm32f10x_dma.o(i.DMA_Cmd) for DMA_Cmd
    stm32f10x_it.o(i.DMA1_Channel4_IRQHandler) refers to stm32f10x_dma.o(i.DMA_ClearFlag) for DMA_ClearFlag
[...]
    i.USART_GetITStatus                      0x08004a62   Section        0  stm32f10x_usart.o(i.USART_GetITStatus)
    i.USART_ITConfig                         0x08004ab6   Section        0  stm32f10x_usart.o(i.USART_ITConfig)
    i.USART_Init                             0x08004b00   Section        0  stm32f10x_usart.o(i.USART_Init)
    i.USB_Cable_Config                       0x08004bd8   Section        0  hw_config.o(i.USB_Cable_Config)
    i.USB_Init                               0x08004bdc   Section        0  usb_init.o(i.USB_Init)
    i.USB_Interrupts_Config                  0x08004c18   Section        0  hw_config.o(i.USB_Interrupts_Config)
    i.USB_Istr                               0x08004c44   Section        0  usb_istr.o(i.USB_Istr)
    i.USB_LP_CAN1_RX0_IRQHandler             0x08004d3c   Section        0  stm32f10x_it.o(i.USB_LP_CAN1_RX0_IRQHandler)
    i.USB_SIL_Init                           0x08004d44   Section        0  usb_sil.o(i.USB_SIL_Init)
    i.USB_SIL_Read                           0x08004d68   Section        0  usb_sil.o(i.USB_SIL_Read)
    i.UsageFault_Handler                     0x08004d96   Section        0  stm32f10x_it.o(i.UsageFault_Handler)
    i.UsartDMARx                             0x08004d9a   Section        0  stm32usart.o(i.UsartDMARx)
    i.UsartInitDMA                           0x08004e20   Section        0  stm32usart.o(i.UsartInitDMA)
    i.UserToPMABufferCopy                    0x0800500c   Section        0  usb_mem.o(i.UserToPMABufferCopy)
    i.WriteFlashNBtye                        0x08005044   Section        0  flash_in_stm32.o(i.WriteFlashNBtye)
    i.average_filter                         0x080050b4   Section        0  adc.o(i.average_filter)
    i.checksum8                              0x08005110   Section        0  rs485.o(i.checksum8)
    i.key_Init                               0x08005134   Section        0  key.o(i.key_Init)
    i.ledInit                                0x08005294   Section        0  led.o(i.ledInit)
    i.main                                   0x080052e4   Section        0  main.o(i.main)
    i.motoInit                               0x080053a8   Section        0  led.o(i.motoInit)
    i.rs485_1_Init                           0x0800545c   Section        0  rs485.o(i.rs485_1_Init)
    i.stm32_adc1_init                        0x0800547c   Section        0  adc.o(i.stm32_adc1_init)
    i.timekey_callback                       0x080055d8   Section        0  key.o(i.timekey_callback)
    i.usbDisable                             0x080055e4   Section        0  usbhid.o(i.usbDisable)
    i.usbHIDInit                             0x08005624   Section        0  usbhid.o(i.usbHIDInit)
    .constdata                               0x08005638   Section      173  usb_desc.o(.constdata)
    .constdata                               0x080056e5   Section      256  os_core.o(.constdata)
    .data                                    0x20000000   Section       40  main.o(.data)
    .data                                    0x20000028   Section        8  stm32f10x_it.o(.data)
    .data                                    0x20000030   Section        2  stm32usart.o(.data)
    mUsart1TxBuff                            0x20000030   Data           1  stm32usart.o(.data)
    mUsart2TxBuff                            0x20000031   Data           1  stm32usart.o(.data)
    .data                                    0x20000032   Section        4  led.o(.data)
    .data                                    0x20000036   Section       26  usb_desc.o(.data)
    .data                                    0x20000050   Section        1  usb_endp.o(.data)
    .data                                    0x20000054   Section       62  usb_istr.o(.data)
    .data                                    0x20000094   Section      157  usb_prop.o(.data)
    .data                                    0x20000134   Section        7  usb_pwr.o(.data)
    .data                                    0x2000013b   Section        1  flash_in_stm32.o(.data)
    .data                                    0x2000013c   Section       20  stm32f10x_rcc.o(.data)
    APBAHBPrescTable                         0x2000013c   Data          16  stm32f10x_rcc.o(.data)
    ADCPrescTable                            0x2000014c   Data           4  stm32f10x_rcc.o(.data)
    .data                                    0x20000150   Section        4  system_stm32f10x.o(.data)
    .data                                    0x20000154   Section       72  os_core.o(.data)
    .data                                    0x2000019c   Section        2  os_cpu_c.o(.data)
    OSTmrCtr                                 0x2000019c   Data           2  os_cpu_c.o(.data)
    .data                                    0x2000019e   Section        4  usb_core.o(.data)
    .data                                    0x200001a4   Section       20  usb_init.o(.data)
    .data                                    0x200001b8   Section        4  usb_int.o(.data)
    .bss                                     0x200001bc   Section     3816  main.o(.bss)
    ctrl_sticks_degree                       0x200001bc   Data          14  main.o(.bss)
    .bss                                     0x200010a4   Section     2248  stm32usart.o(.bss)
    ctrl_sticks_degree                       0x200010a4   Data          14  stm32usart.o(.bss)
    mUsart1DMARxBuff                         0x200010b2   Data         128  stm32usart.o(.bss)
    mUsart1DMATxBuff                         0x20001132   Data         128  stm32usart.o(.bss)
    mUsart1RxBuff                            0x200011b2   Data          64  stm32usart.o(.bss)
    mUsart2DMARxBuff                         0x200011f2   Data         256  stm32usart.o(.bss)
    mUsart2DMATxBuff                         0x200012f2   Data         254  stm32usart.o(.bss)
    mUsart2RxBuff                            0x200013f0   Data         256  stm32usart.o(.bss)
    mUsart3DMARxBuff                         0x200014f0   Data         256  stm32usart.o(.bss)
    mUsart3DMATxBuff                         0x200015f0   Data         254  stm32usart.o(.bss)
    mUsart3RxBuff                            0x200016ee   Data         256  stm32usart.o(.bss)
    mUsart3TxBuff                            0x200017ee   Data         128  stm32usart.o(.bss)
    .bss                                     0x2000196c   Section      366  adc.o(.bss)
    ctrl_sticks_degree                       0x2000196c   Data          14  adc.o(.bss)
    ADC_Filter                               0x20001a08   Data         196  adc.o(.bss)
    .bss                                     0x20001ada   Section       64  usb_endp.o(.bss)
    .bss                                     0x20001b1c   Section     5112  os_core.o(.bss)
    .bss                                     0x20002f14   Section       28  usb_init.o(.bss)
    .bss                                     0x20002f30   Section       96  libspace.o(.bss)
    HEAP                                     0x20002f90   Section      512  startup_stm32f10x_hd.o(HEAP)
    Heap_Mem                                 0x20002f90   Data         512  startup_stm32f10x_hd.o(HEAP)
    STACK                                    0x20003190   Section     1024  startup_stm32f10x_hd.o(STACK)
    Stack_Mem                                0x20003190   Data        1024  startup_stm32f10x_hd.o(STACK)

    Global Symbols

    Symbol Name                              Value     Ov Type        Size  Object(Section)

    BuildAttributes$$THM_ISAv4$P$D$K$B$S$PE$A:L22UL41UL21$X:L11$S22US41US21$IEEE1$IW$USESV6$~STKCKD$USESV7$~SHL$OSPACE$ROPI$EBA8$UX$STANDARDLIB$REQ8$PRES8$EABIv2 0x00000000   Number         0  anon$$obj.o ABSOLUTE
    __ARM_use_no_argv                        0x00000000   Number         0  main.o ABSOLUTE
    __ARM_exceptions_init                     - Undefined Weak Reference
    __alloca_initialize                       - Undefined Weak Reference
    __cpp_initialize__aeabi_                  - Undefined Weak Reference
    __cxa_finalize                            - Undefined Weak Reference
    __rt_locale                               - Undefined Weak Reference
    __sigvec_lookup                           - Undefined Weak Reference
    _atexit_init                              - Undefined Weak Reference
    _call_atexit_fns                          - Undefined Weak Reference
    _clock_init                               - Undefined Weak Reference
    _fp_trap_init                             - Undefined Weak Reference
    _fp_trap_shutdown                         - Undefined Weak Reference
    _get_lc_collate                           - Undefined Weak Reference
    _get_lc_ctype                             - Undefined Weak Reference
    _get_lc_monetary                          - Undefined Weak Reference
    _get_lc_numeric                           - Undefined Weak Reference
    _get_lc_time                              - Undefined Weak Reference
    _getenv_init                              - Undefined Weak Reference
    _handle_redirection                       - Undefined Weak Reference
    _init_alloc                               - Undefined Weak Reference
    _init_user_alloc                          - Undefined Weak Reference
    _initio                                   - Undefined Weak Reference
    _rand_init                                - Undefined Weak Reference
    _signal_finish                            - Undefined Weak Reference
    _signal_init                              - Undefined Weak Reference
    _terminate_alloc                          - Undefined Weak Reference
    _terminate_user_alloc                     - Undefined Weak Reference
    _terminateio                              - Undefined Weak Reference
    __Vectors_Size                           0x00000130   Number         0  startup_stm32f10x_hd.o ABSOLUTE
    __Vectors                                0x08000000   Data           4  startup_stm32f10x_hd.o(RESET)
    __Vectors_End                            0x08000130   Data           0  startup_stm32f10x_hd.o(RESET)
    __main                                   0x08000131   Thumb Code     8  __main.o(!!!main)
    __scatterload                            0x08000139   Thumb Code     0  __scatter.o(!!!scatter)
    __scatterload_rt2                        0x08000139   Thumb Code    44  __scatter.o(!!!scatter)
    __scatterload_rt2_thumb_only             0x08000139   Thumb Code     0  __scatter.o(!!!scatter)
    __scatterload_null                       0x08000147   Thumb Code     0  __scatter.o(!!!scatter)
    __decompress                             0x0800016d   Thumb Code    90  __dczerorl2.o(!!dczerorl2)
    __decompress1                            0x0800016d   Thumb Code     0  __dczerorl2.o(!!dczerorl2)
    __scatterload_zeroinit                   0x080001c9   Thumb Code    28  __scatter_zi.o(!!handler_zi)
    __rt_lib_init                            0x080001e5   Thumb Code     0  libinit.o(.ARM.Collect$$libinit$$00000000)
    __rt_lib_init_alloca_1                   0x080001e7   Thumb Code     0  libinit2.o(.ARM.Collect$$libinit$$0000002C)
    __rt_lib_init_argv_1                     0x080001e7   Thumb Code     0  libinit2.o(.ARM.Collect$$libinit$$0000002A)
    __rt_lib_init_atexit_1                   0x080001e7   Thumb Code     0  libinit2.o(.ARM.Collect$$libinit$$00000019)
    __rt_lib_init_clock_1                    0x080001e7   Thumb Code     0  libinit2.o(.ARM.Collect$$libinit$$0000001F)
    __rt_lib_init_cpp_1                      0x080001e7   Thumb Code     0  libinit2.o(.ARM.Collect$$libinit$$00000030)
    __rt_lib_init_exceptions_1               0x080001e7   Thumb Code     0  libinit2.o(.ARM.Collect$$libinit$$0000002E)
    __rt_lib_init_fp_1                       0x080001e7   Thumb Code     0  libinit2.o(.ARM.Collect$$libinit$$00000002)
    __rt_lib_init_fp_trap_1                  0x080001e7   Thumb Code     0  libinit2.o(.ARM.Collect$$libinit$$0000001D)
    __rt_lib_init_getenv_1                   0x080001e7   Thumb Code     0  libinit2.o(.ARM.Collect$$libinit$$00000021)
    __rt_lib_init_heap_1                     0x080001e7   Thumb Code     0  libinit2.o(.ARM.Collect$$libinit$$00000008)
    __rt_lib_init_lc_collate_1               0x080001e7   Thumb Code     0  libinit2.o(.ARM.Collect$$libinit$$0000000F)
    __rt_lib_init_lc_ctype_1                 0x080001e7   Thumb Code     0  libinit2.o(.ARM.Collect$$libinit$$00000011)
    __rt_lib_init_lc_monetary_1              0x080001e7   Thumb Code     0  libinit2.o(.ARM.Collect$$libinit$$00000013)
    __rt_lib_init_lc_numeric_1               0x080001e7   Thumb Code     0  libinit2.o(.ARM.Collect$$libinit$$00000015)
    __rt_lib_init_lc_time_1                  0x080001e7   Thumb Code     0  libinit2.o(.ARM.Collect$$libinit$$00000017)
    __rt_lib_init_rand_1                     0x080001e7   Thumb Code     0  libinit2.o(.ARM.Collect$$libinit$$0000000C)
    __rt_lib_init_return                     0x080001e7   Thumb Code     0  libinit2.o(.ARM.Collect$$libinit$$00000031)
    __rt_lib_init_signal_1                   0x080001e7   Thumb Code     0  libinit2.o(.ARM.Collect$$libinit$$0000001B)
    __rt_lib_init_stdio_1                    0x080001e7   Thumb Code     0  libinit2.o(.ARM.Collect$$libinit$$00000023)
    __rt_lib_init_user_alloc_1               0x080001e7   Thumb Code     0  libinit2.o(.ARM.Collect$$libinit$$0000000A)
    __rt_lib_shutdown                        0x080001e9   Thumb Code     0  libshutdown.o(.ARM.Collect$$libshutdown$$00000000)
    __rt_lib_shutdown_fp_trap_1              0x080001eb   Thumb Code     0  libshutdown2.o(.ARM.Collect$$libshutdown$$00000006)
    __rt_lib_shutdown_heap_1                 0x080001eb   Thumb Code     0  libshutdown2.o(.ARM.Collect$$libshutdown$$0000000E)
    __rt_lib_shutdown_return                 0x080001eb   Thumb Code     0  libshutdown2.o(.ARM.Collect$$libshutdown$$0000000F)
    __rt_lib_shutdown_signal_1               0x080001eb   Thumb Code     0  libshutdown2.o(.ARM.Collect$$libshutdown$$00000009)
    __rt_lib_shutdown_stdio_1                0x080001eb   Thumb Code     0  libshutdown2.o(.ARM.Collect$$libshutdown$$00000003)
    __rt_lib_shutdown_user_alloc_1           0x080001eb   Thumb Code     0  libshutdown2.o(.ARM.Collect$$libshutdown$$0000000B)
    __rt_entry                               0x080001ed   Thumb Code     0  rtentry.o(.ARM.Collect$$rtentry$$00000000)
    __rt_entry_presh_1                       0x080001ed   Thumb Code     0  rtentry2.o(.ARM.Collect$$rtentry$$00000002)
    __rt_entry_sh                            0x080001ed   Thumb Code     0  rtentry4.o(.ARM.Collect$$rtentry$$00000004)
    __rt_entry_li                            0x080001f3   Thumb Code     0  rtentry2.o(.ARM.Collect$$rtentry$$0000000A)
    __rt_entry_postsh_1                      0x080001f3   Thumb Code     0  rtentry2.o(.ARM.Collect$$rtentry$$00000009)
    __rt_entry_main                          0x080001f7   Thumb Code     0  rtentry2.o(.ARM.Collect$$rtentry$$0000000D)
    __rt_entry_postli_1                      0x080001f7   Thumb Code     0  rtentry2.o(.ARM.Collect$$rtentry$$0000000C)
    __rt_exit                                0x080001ff   Thumb Code     0  rtexit.o(.ARM.Collect$$rtexit$$00000000)
    __rt_exit_ls                             0x08000201   Thumb Code     0  rtexit2.o(.ARM.Collect$$rtexit$$00000003)
    __rt_exit_prels_1                        0x08000201   Thumb Code     0  rtexit2.o(.ARM.Collect$$rtexit$$00000002)
    __rt_exit_exit                           0x08000205   Thumb Code     0  rtexit2.o(.ARM.Collect$$rtexit$$00000004)
    __get_PSP                                0x0800020d   Thumb Code     6  core_cm3.o(.emb_text)
    __set_PSP                                0x08000213   Thumb Code     6  core_cm3.o(.emb_text)
    __get_MSP                                0x08000219   Thumb Code     6  core_cm3.o(.emb_text)
    __set_MSP                                0x0800021f   Thumb Code     6  core_cm3.o(.emb_text)
    __REV16                                  0x08000225   Thumb Code     4  core_cm3.o(.emb_text)
    __REVSH                                  0x08000229   Thumb Code     4  core_cm3.o(.emb_text)
    SystemInit_ExtMemCtl                     0x0800022d   Thumb Code     2  startup_stm32f10x_hd.o(.text)
    Reset_Handler                            0x0800022f   Thumb Code     8  startup_stm32f10x_hd.o(.text)
    ADC1_2_IRQHandler                        0x08000249   Thumb Code     0  startup_stm32f10x_hd.o(.text)
    ADC3_IRQHandler                          0x08000249   Thumb Code     0  startup_stm32f10x_hd.o(.text)
    CAN1_RX1_IRQHandler                      0x08000249   Thumb Code     0  startup_stm32f10x_hd.o(.text)
    CAN1_SCE_IRQHandler                      0x08000249   Thumb Code     0  startup_stm32f10x_hd.o(.text)
    DMA1_Channel1_IRQHandler                 0x08000249   Thumb Code     0  startup_stm32f10x_hd.o(.text)
    DMA2_Channel1_IRQHandler                 0x08000249   Thumb Code     0  startup_stm32f10x_hd.o(.text)
    DMA2_Channel2_IRQHandler                 0x08000249   Thumb Code     0  startup_stm32f10x_hd.o(.text)
    DMA2_Channel3_IRQHandler                 0x08000249   Thumb Code     0  startup_stm32f10x_hd.o(.text)
    DMA2_Channel4_5_IRQHandler               0x08000249   Thumb Code     0  startup_stm32f10x_hd.o(.text)
    EXTI0_IRQHandler                         0x08000249   Thumb Code     0  startup_stm32f10x_hd.o(.text)
    EXTI1_IRQHandler                         0x08000249   Thumb Code     0  startup_stm32f10x_hd.o(.text)
    EXTI4_IRQHandler                         0x08000249   Thumb Code     0  startup_stm32f10x_hd.o(.text)
    EXTI9_5_IRQHandler                       0x08000249   Thumb Code     0  startup_stm32f10x_hd.o(.text)
    FLASH_IRQHandler                         0x08000249   Thumb Code     0  startup_stm32f10x_hd.o(.text)
    FSMC_IRQHandler                          0x08000249   Thumb Code     0  startup_stm32f10x_hd.o(.text)
    I2C1_ER_IRQHandler                       0x08000249   Thumb Code     0  startup_stm32f10x_hd.o(.text)
    I2C1_EV_IRQHandler                       0x08000249   Thumb Code     0  startup_stm32f10x_hd.o(.text)
    I2C2_ER_IRQHandler                       0x08000249   Thumb Code     0  startup_stm32f10x_hd.o(.text)
    I2C2_EV_IRQHandler                       0x08000249   Thumb Code     0  startup_stm32f10x_hd.o(.text)
    PVD_IRQHandler                           0x08000249   Thumb Code     0  startup_stm32f10x_hd.o(.text)
    RCC_IRQHandler                           0x08000249   Thumb Code     0  startup_stm32f10x_hd.o(.text)
    RTCAlarm_IRQHandler                      0x08000249   Thumb Code     0  startup_stm32f10x_hd.o(.text)
    RTC_IRQHandler                           0x08000249   Thumb Code     0  startup_stm32f10x_hd.o(.text)
    SDIO_IRQHandler                          0x08000249   Thumb Code     0  startup_stm32f10x_hd.o(.text)
    SPI1_IRQHandler                          0x08000249   Thumb Code     0  startup_stm32f10x_hd.o(.text)
    SPI2_IRQHandler                          0x08000249   Thumb Code     0  startup_stm32f10x_hd.o(.text)
    SPI3_IRQHandler                          0x08000249   Thumb Code     0  startup_stm32f10x_hd.o(.text)
    TAMPER_IRQHandler                        0x08000249   Thumb Code     0  startup_stm32f10x_hd.o(.text)
    TIM1_BRK_IRQHandler                      0x08000249   Thumb Code     0  startup_stm32f10x_hd.o(.text)
    TIM1_CC_IRQHandler                       0x08000249   Thumb Code     0  startup_stm32f10x_hd.o(.text)
    TIM1_TRG_COM_IRQHandler                  0x08000249   Thumb Code     0  startup_stm32f10x_hd.o(.text)
    TIM1_UP_IRQHandler                       0x08000249   Thumb Code     0  startup_stm32f10x_hd.o(.text)
    TIM2_IRQHandler                          0x08000249   Thumb Code     0  startup_stm32f10x_hd.o(.text)
    TIM3_IRQHandler                          0x08000249   Thumb Code     0  startup_stm32f10x_hd.o(.text)
    TIM4_IRQHandler                          0x08000249   Thumb Code     0  startup_stm32f10x_hd.o(.text)
    TIM5_IRQHandler                          0x08000249   Thumb Code     0  startup_stm32f10x_hd.o(.text)
    TIM6_IRQHandler                          0x08000249   Thumb Code     0  startup_stm32f10x_hd.o(.text)
    TIM7_IRQHandler                          0x08000249   Thumb Code     0  startup_stm32f10x_hd.o(.text)
    TIM8_BRK_IRQHandler                      0x08000249   Thumb Code     0  startup_stm32f10x_hd.o(.text)
    TIM8_CC_IRQHandler                       0x08000249   Thumb Code     0  startup_stm32f10x_hd.o(.text)
    TIM8_TRG_COM_IRQHandler                  0x08000249   Thumb Code     0  startup_stm32f10x_hd.o(.text)
    TIM8_UP_IRQHandler                       0x08000249   Thumb Code     0  startup_stm32f10x_hd.o(.text)
    UART4_IRQHandler                         0x08000249   Thumb Code     0  startup_stm32f10x_hd.o(.text)
    UART5_IRQHandler                         0x08000249   Thumb Code     0  startup_stm32f10x_hd.o(.text)
    USBWakeUp_IRQHandler                     0x08000249   Thumb Code     0  startup_stm32f10x_hd.o(.text)
    USB_HP_CAN1_TX_IRQHandler                0x08000249   Thumb Code     0  startup_stm32f10x_hd.o(.text)
    WWDG_IRQHandler                          0x08000249   Thumb Code     0  startup_stm32f10x_hd.o(.text)
    __user_initial_stackheap                 0x0800024d   Thumb Code     0  startup_stm32f10x_hd.o(.text)
    OS_CPU_SR_Save                           0x08000271   Thumb Code     0  os_cpu_a.o(.text)
    OS_CPU_SR_Restore                        0x08000279   Thumb Code     0  os_cpu_a.o(.text)
    OSStartHighRdy                           0x0800027f   Thumb Code     0  os_cpu_a.o(.text)
    OSCtxSw                                  0x0800029f   Thumb Code     0  os_cpu_a.o(.text)
    OSIntCtxSw                               0x080002a9   Thumb Code     0  os_cpu_a.o(.text)
    PendSV_Handler                           0x080002b3   Thumb Code     0  os_cpu_a.o(.text)
    __aeabi_memcpy                           0x08000315   Thumb Code     0  rt_memcpy_v6.o(.text)
    __rt_memcpy                              0x08000315   Thumb Code   138  rt_memcpy_v6.o(.text)
    _memcpy_lastbytes                        0x0800037b   Thumb Code     0  rt_memcpy_v6.o(.text)
    __use_two_region_memory                  0x0800039f   Thumb Code     2  heapauxi.o(.text)
    __rt_heap_escrow$2region                 0x080003a1   Thumb Code     2  heapauxi.o(.text)
    __rt_heap_expand$2region                 0x080003a3   Thumb Code     2  heapauxi.o(.text)
    __aeabi_memcpy4                          0x080003a5   Thumb Code     0  rt_memcpy_w.o(.text)
    __aeabi_memcpy8                          0x080003a5   Thumb Code     0  rt_memcpy_w.o(.text)
    __rt_memcpy_w                            0x080003a5   Thumb Code   100  rt_memcpy_w.o(.text)
    _memcpy_lastbytes_aligned                0x080003ed   Thumb Code     0  rt_memcpy_w.o(.text)
    __user_setup_stackheap                   0x08000409   Thumb Code    74  sys_stackheap_outer.o(.text)
    exit                                     0x08000453   Thumb Code    12  exit.o(.text)
    __user_libspace                          0x08000461   Thumb Code     8  libspace.o(.text)
    __user_perproc_libspace                  0x08000461   Thumb Code     0  libspace.o(.text)
    __user_perthread_libspace                0x08000461   Thumb Code     0  libspace.o(.text)
    _sys_exit                                0x08000469   Thumb Code     8  sys_exit.o(.text)
    __I$use$semihosting                      0x08000475   Thumb Code     0  use_no_semi.o(.text)
    __use_no_semihosting_swi                 0x08000475   Thumb Code     2  use_no_semi.o(.text)
    ADC_Cmd                                  0x08000477   Thumb Code    22  stm32f10x_adc.o(i.ADC_Cmd)
    __semihosting_library_function           0x08000477   Thumb Code     0  indicate_semi.o(.text)
    ADC_DMACmd                               0x0800048d   Thumb Code    22  stm32f10x_adc.o(i.ADC_DMACmd)
    ADC_DeInit                               0x080004a5   Thumb Code    78  stm32f10x_adc.o(i.ADC_DeInit)
    ADC_GetCalibrationStatus                 0x08000501   Thumb Code    20  stm32f10x_adc.o(i.ADC_GetCalibrationStatus)
    ADC_GetResetCalibrationStatus            0x08000515   Thumb Code    20  stm32f10x_adc.o(i.ADC_GetResetCalibrationStatus)
    ADC_Init                                 0x08000529   Thumb Code    70  stm32f10x_adc.o(i.ADC_Init)
    ADC_RegularChannelConfig                 0x08000579   Thumb Code   184  stm32f10x_adc.o(i.ADC_RegularChannelConfig)
    ADC_ResetCalibration                     0x08000631   Thumb Code    10  stm32f10x_adc.o(i.ADC_ResetCalibration)
    ADC_SoftwareStartConvCmd                 0x0800063b   Thumb Code    22  stm32f10x_adc.o(i.ADC_SoftwareStartConvCmd)
    ADC_StartCalibration                     0x08000651   Thumb Code    10  stm32f10x_adc.o(i.ADC_StartCalibration)
    BusFault_Handler                         0x0800065b   Thumb Code     4  stm32f10x_it.o(i.BusFault_Handler)
    ByteSwap                                 0x0800065f   Thumb Code    12  usb_regs.o(i.ByteSwap)
    CTR_LP                                   0x0800066d   Thumb Code   588  usb_int.o(i.CTR_LP)
    ClearDTOG_RX                             0x080008d5   Thumb Code    38  usb_regs.o(i.ClearDTOG_RX)
    ClearDTOG_TX                             0x08000901   Thumb Code    38  usb_regs.o(i.ClearDTOG_TX)
    Clear_Status_Out                         0x0800092d   Thumb Code    26  usb_regs.o(i.Clear_Status_Out)
    ComPort1Init                             0x0800094d   Thumb Code   216  stm32usart.o(i.ComPort1Init)
    ComPortWaitTxEnd                         0x08000a45   Thumb Code    44  stm32usart.o(i.ComPortWaitTxEnd)
    ComPortWrite                             0x08000a71   Thumb Code    66  stm32usart.o(i.ComPortWrite)
    CustomHID_Data_Setup                     0x08000ac5   Thumb Code   108  usb_prop.o(i.CustomHID_Data_Setup)
    CustomHID_GetConfigDescriptor            0x08000b41   Thumb Code    14  usb_prop.o(i.CustomHID_GetConfigDescriptor)
    CustomHID_GetDeviceDescriptor            0x08000b55   Thumb Code    14  usb_prop.o(i.CustomHID_GetDeviceDescriptor)
    CustomHID_GetHIDDescriptor               0x08000b69   Thumb Code    14  usb_prop.o(i.CustomHID_GetHIDDescriptor)
    CustomHID_GetProtocolValue               0x08000b7d   Thumb Code    20  usb_prop.o(i.CustomHID_GetProtocolValue)
    CustomHID_GetReportDescriptor            0x08000b99   Thumb Code    14  usb_prop.o(i.CustomHID_GetReportDescriptor)
    CustomHID_GetStringDescriptor            0x08000bad   Thumb Code    32  usb_prop.o(i.CustomHID_GetStringDescriptor)
    CustomHID_Get_Interface_Setting          0x08000bd5   Thumb Code    22  usb_prop.o(i.CustomHID_Get_Interface_Setting)
    CustomHID_NoData_Setup                   0x08000bed   Thumb Code    32  usb_prop.o(i.CustomHID_NoData_Setup)
    CustomHID_Reset                          0x08000c11   Thumb Code   168  usb_prop.o(i.CustomHID_Reset)
    CustomHID_SetConfiguration               0x08000cc9   Thumb Code    16  usb_prop.o(i.CustomHID_SetConfiguration)
    CustomHID_SetDeviceAddress               0x08000ce1   Thumb Code     8  usb_prop.o(i.CustomHID_SetDeviceAddress)
    CustomHID_SetProtocol                    0x08000ced   Thumb Code    14  usb_prop.o(i.CustomHID_SetProtocol)
    CustomHID_Status_In                      0x08000d05   Thumb Code     2  usb_prop.o(i.CustomHID_Status_In)
    CustomHID_Status_Out                     0x08000d07   Thumb Code     2  usb_prop.o(i.CustomHID_Status_Out)
    CustomHID_init                           0x08000d09   Thumb Code    30  usb_prop.o(i.CustomHID_init)
    DMA1_Channel2_IRQHandler                 0x08000d31   Thumb Code    34  stm32f10x_it.o(i.DMA1_Channel2_IRQHandler)
    DMA1_Channel3_IRQHandler                 0x08000d5d   Thumb Code   120  stm32f10x_it.o(i.DMA1_Channel3_IRQHandler)
    DMA1_Channel4_IRQHandler                 0x08000ddd   Thumb Code    38  stm32f10x_it.o(i.DMA1_Channel4_IRQHandler)
    DMA1_Channel5_IRQHandler                 0x08000e0d   Thumb Code   120  stm32f10x_it.o(i.DMA1_Channel5_IRQHandler)
    DMA1_Channel6_IRQHandler                 0x08000e8d   Thumb Code   120  stm32f10x_it.o(i.DMA1_Channel6_IRQHandler)
    DMA1_Channel7_IRQHandler                 0x08000f0d   Thumb Code    38  stm32f10x_it.o(i.DMA1_Channel7_IRQHandler)
    DMA_ClearFlag                            0x08000f3d   Thumb Code    18  stm32f10x_dma.o(i.DMA_ClearFlag)
    DMA_Cmd                                  0x08000f59   Thumb Code    24  stm32f10x_dma.o(i.DMA_Cmd)
    DMA_DeInit                               0x08000f71   Thumb Code   324  stm32f10x_dma.o(i.DMA_DeInit)
    DMA_GetCurrDataCounter                   0x080010bd   Thumb Code     8  stm32f10x_dma.o(i.DMA_GetCurrDataCounter)
    DMA_GetITStatus                          0x080010c5   Thumb Code    34  stm32f10x_dma.o(i.DMA_GetITStatus)
    DMA_ITConfig                             0x080010f1   Thumb Code    18  stm32f10x_dma.o(i.DMA_ITConfig)
    DMA_Init                                 0x08001103   Thumb Code    60  stm32f10x_dma.o(i.DMA_Init)
    DMA_SetCurrDataCounter                   0x0800113f   Thumb Code     4  stm32f10x_dma.o(i.DMA_SetCurrDataCounter)
    DebugMon_Handler                         0x0800154d   Thumb Code     2  stm32f10x_it.o(i.DebugMon_Handler)
    EP1_OUT_Callback                         0x08001551   Thumb Code    16  usb_endp.o(i.EP1_OUT_Callback)
    EXTI15_10_IRQHandler                     0x08001569   Thumb Code   488  stm32f10x_it.o(i.EXTI15_10_IRQHandler)
    EXTI2_IRQHandler                         0x08001799   Thumb Code   166  stm32f10x_it.o(i.EXTI2_IRQHandler)
    EXTI3_IRQHandler                         0x08001865   Thumb Code   166  stm32f10x_it.o(i.EXTI3_IRQHandler)
    EXTI_ClearITPendingBit                   0x08001931   Thumb Code     6  stm32f10x_exti.o(i.EXTI_ClearITPendingBit)
    EXTI_GetITStatus                         0x0800193d   Thumb Code    34  stm32f10x_exti.o(i.EXTI_GetITStatus)
    EXTI_Init                                0x08001965   Thumb Code   142  stm32f10x_exti.o(i.EXTI_Init)
    Enter_LowPowerMode                       0x080019f9   Thumb Code     8  hw_config.o(i.Enter_LowPowerMode)
    FLASH_ClearFlag                          0x08001a05   Thumb Code     6  stm32f10x_flash.o(i.FLASH_ClearFlag)
    FLASH_ErasePage                          0x08001a11   Thumb Code    72  stm32f10x_flash.o(i.FLASH_ErasePage)
    FLASH_GetBank1Status                     0x08001a5d   Thumb Code    48  stm32f10x_flash.o(i.FLASH_GetBank1Status)
    FLASH_Lock                               0x08001a91   Thumb Code    14  stm32f10x_flash.o(i.FLASH_Lock)
    FLASH_ProgramWord                        0x08001aa5   Thumb Code   102  stm32f10x_flash.o(i.FLASH_ProgramWord)
    FLASH_Unlock                             0x08001b11   Thumb Code    12  stm32f10x_flash.o(i.FLASH_Unlock)
    FLASH_WaitForLastOperation               0x08001b29   Thumb Code    38  stm32f10x_flash.o(i.FLASH_WaitForLastOperation)
    GPIO_EXTILineConfig                      0x08001bb1   Thumb Code    60  stm32f10x_gpio.o(i.GPIO_EXTILineConfig)
    GPIO_Init                                0x08001bf1   Thumb Code   274  stm32f10x_gpio.o(i.GPIO_Init)
    GPIO_PinRemapConfig                      0x08001d05   Thumb Code   138  stm32f10x_gpio.o(i.GPIO_PinRemapConfig)
    GPIO_ReadInputDataBit                    0x08001d95   Thumb Code    18  stm32f10x_gpio.o(i.GPIO_ReadInputDataBit)
    GPIO_ResetBits                           0x08001da7   Thumb Code     4  stm32f10x_gpio.o(i.GPIO_ResetBits)
    GPIO_SetBits                             0x08001dab   Thumb Code     4  stm32f10x_gpio.o(i.GPIO_SetBits)
    GetEPRxAddr                              0x08001db1   Thumb Code    24  usb_regs.o(i.GetEPRxAddr)
    GetEPRxCount                             0x08001dd1   Thumb Code    26  usb_regs.o(i.GetEPRxCount)
    GetEPTxAddr                              0x08001df5   Thumb Code    22  usb_regs.o(i.GetEPTxAddr)
    Get_SerialNum                            0x08001e15   Thumb Code    42  hw_config.o(i.Get_SerialNum)
    HardFault_Handler                        0x08001e49   Thumb Code     4  stm32f10x_it.o(i.HardFault_Handler)
    In0_Process                              0x08001e4d   Thumb Code    98  usb_core.o(i.In0_Process)
    Leave_LowPowerMode                       0x08001efd   Thumb Code    28  hw_config.o(i.Leave_LowPowerMode)
    MemManage_Handler                        0x08001f21   Thumb Code     4  stm32f10x_it.o(i.MemManage_Handler)
    NMI_Handler                              0x08001f25   Thumb Code     4  stm32f10x_it.o(i.NMI_Handler)
    NOP_Process                              0x08001f29   Thumb Code     2  usb_core.o(i.NOP_Process)
    NVIC_Init                                0x08001f51   Thumb Code   102  misc.o(i.NVIC_Init)
    NVIC_PriorityGroupConfig                 0x08001fc5   Thumb Code    10  misc.o(i.NVIC_PriorityGroupConfig)
    OSEventNameSet                           0x08002141   Thumb Code   100  os_core.o(i.OSEventNameSet)
    OSInit                                   0x080021a9   Thumb Code    40  os_core.o(i.OSInit)
    OSInitHookBegin                          0x080021d1   Thumb Code     8  os_cpu_c.o(i.OSInitHookBegin)
    OSInitHookEnd                            0x080021dd   Thumb Code     2  os_cpu_c.o(i.OSInitHookEnd)
    OSIntExit                                0x080021e1   Thumb Code   112  os_core.o(i.OSIntExit)
    OSSchedLock                              0x08002271   Thumb Code    50  os_core.o(i.OSSchedLock)
    OSSchedUnlock                            0x080022b1   Thumb Code    82  os_core.o(i.OSSchedUnlock)
    OSSemCreate                              0x08002311   Thumb Code    72  os_sem.o(i.OSSemCreate)
    OSSemPend                                0x08002365   Thumb Code   236  os_sem.o(i.OSSemPend)
    OSSemPost                                0x0800245d   Thumb Code    94  os_sem.o(i.OSSemPost)
    OSStart                                  0x080024bd   Thumb Code    48  os_core.o(i.OSStart)
    OSTCBInitHook                            0x08002505   Thumb Code     2  os_cpu_c.o(i.OSTCBInitHook)
    OSTaskCreateExt                          0x08002509   Thumb Code   178  os_task.o(i.OSTaskCreateExt)
    OSTaskCreateHook                         0x080025c9   Thumb Code     2  os_cpu_c.o(i.OSTaskCreateHook)
    OSTaskIdleHook                           0x080025cb   Thumb Code     2  os_cpu_c.o(i.OSTaskIdleHook)
    OSTaskNameSet                            0x080025cd   Thumb Code   120  os_task.o(i.OSTaskNameSet)
    OSTaskStkInit                            0x08002651   Thumb Code   154  os_cpu_c.o(i.OSTaskStkInit)
    OSTaskSwHook                             0x080026eb   Thumb Code     2  os_cpu_c.o(i.OSTaskSwHook)
    OSTimeDly                                0x080026ed   Thumb Code   100  os_time.o(i.OSTimeDly)
    OSTimeTick                               0x08002765   Thumb Code   166  os_core.o(i.OSTimeTick)
    OSTimeTickHook                           0x08002821   Thumb Code    30  os_cpu_c.o(i.OSTimeTickHook)
    OSTmrCreate                              0x08002845   Thumb Code   142  os_tmr.o(i.OSTmrCreate)
    OSTmrDel                                 0x080028d9   Thumb Code   134  os_tmr.o(i.OSTmrDel)
    OSTmrRemainGet                           0x08002965   Thumb Code   172  os_tmr.o(i.OSTmrRemainGet)
    OSTmrSignal                              0x08002a19   Thumb Code    16  os_tmr.o(i.OSTmrSignal)
    OSTmrStart                               0x08002a2d   Thumb Code   138  os_tmr.o(i.OSTmrStart)
    OSTmrStateGet                            0x08002abd   Thumb Code    96  os_tmr.o(i.OSTmrStateGet)
    OSTmr_Init                               0x08002bad   Thumb Code   168  os_tmr.o(i.OSTmr_Init)
    OS_EventTaskRdy                          0x08002e21   Thumb Code   132  os_core.o(i.OS_EventTaskRdy)
    OS_EventTaskRemove                       0x08002eb5   Thumb Code    42  os_core.o(i.OS_EventTaskRemove)
    OS_EventTaskRemoveMulti                  0x08002edf   Thumb Code    60  os_core.o(i.OS_EventTaskRemoveMulti)
    OS_EventTaskWait                         0x08002f1d   Thumb Code   112  os_core.o(i.OS_EventTaskWait)
    OS_EventWaitListInit                     0x08002f99   Thumb Code    28  os_core.o(i.OS_EventWaitListInit)
    OS_FlagInit                              0x08002fb5   Thumb Code    76  os_flag.o(i.OS_FlagInit)
    OS_MemClr                                0x080031bd   Thumb Code    18  os_core.o(i.OS_MemClr)
    OS_Sched                                 0x080031d1   Thumb Code    88  os_core.o(i.OS_Sched)
    OS_TCBInit                               0x08003271   Thumb Code   294  os_core.o(i.OS_TCBInit)
    OS_TaskIdle                              0x080033b5   Thumb Code    34  os_core.o(i.OS_TaskIdle)
    OS_TaskStkClr                            0x080033dd   Thumb Code    26  os_task.o(i.OS_TaskStkClr)
    Out0_Process                             0x080033f9   Thumb Code    70  usb_core.o(i.Out0_Process)
    PMAToUserBufferCopy                      0x08003449   Thumb Code    34  usb_mem.o(i.PMAToUserBufferCopy)
    Post0_Process                            0x08003471   Thumb Code    54  usb_core.o(i.Post0_Process)
    PowerOff                                 0x080034b9   Thumb Code    28  usb_pwr.o(i.PowerOff)
    PowerOn                                  0x080034d9   Thumb Code    54  usb_pwr.o(i.PowerOn)
    RCC_ADCCLKConfig                         0x08003519   Thumb Code    18  stm32f10x_rcc.o(i.RCC_ADCCLKConfig)
    RCC_AHBPeriphClockCmd                    0x08003531   Thumb Code    26  stm32f10x_rcc.o(i.RCC_AHBPeriphClockCmd)
    RCC_APB1PeriphClockCmd                   0x08003551   Thumb Code    26  stm32f10x_rcc.o(i.RCC_APB1PeriphClockCmd)
    RCC_APB1PeriphResetCmd                   0x08003571   Thumb Code    26  stm32f10x_rcc.o(i.RCC_APB1PeriphResetCmd)
    RCC_APB2PeriphClockCmd                   0x08003591   Thumb Code    26  stm32f10x_rcc.o(i.RCC_APB2PeriphClockCmd)
    RCC_APB2PeriphResetCmd                   0x080035b1   Thumb Code    26  stm32f10x_rcc.o(i.RCC_APB2PeriphResetCmd)
    RCC_GetClocksFreq                        0x080035d1   Thumb Code   192  stm32f10x_rcc.o(i.RCC_GetClocksFreq)
    RCC_USBCLKConfig                         0x080036a5   Thumb Code     6  stm32f10x_rcc.o(i.RCC_USBCLKConfig)
    RS485Send                                0x080036b1   Thumb Code    98  rs485.o(i.RS485Send)
    ReadFlashNBtye                           0x08003721   Thumb Code    26  flash_in_stm32.o(i.ReadFlashNBtye)
    Resume                                   0x08003741   Thumb Code   168  usb_pwr.o(i.Resume)
    Resume_Init                              0x080037f1   Thumb Code    30  usb_pwr.o(i.Resume_Init)
    SVC_Handler                              0x08003815   Thumb Code     2  stm32f10x_it.o(i.SVC_Handler)
    SetBTABLE                                0x08003819   Thumb Code    12  usb_regs.o(i.SetBTABLE)
    SetDeviceAddress                         0x08003829   Thumb Code    62  usb_core.o(i.SetDeviceAddress)
    SetEPRxAddr                              0x08003871   Thumb Code    26  usb_regs.o(i.SetEPRxAddr)
    SetEPRxCount                             0x08003895   Thumb Code    68  usb_regs.o(i.SetEPRxCount)
    SetEPRxStatus                            0x080038e1   Thumb Code    52  usb_regs.o(i.SetEPRxStatus)
    SetEPRxValid                             0x08003919   Thumb Code    38  usb_regs.o(i.SetEPRxValid)
    SetEPTxAddr                              0x08003945   Thumb Code    24  usb_regs.o(i.SetEPTxAddr)
    SetEPTxCount                             0x08003965   Thumb Code    20  usb_regs.o(i.SetEPTxCount)
    SetEPTxStatus                            0x08003981   Thumb Code    52  usb_regs.o(i.SetEPTxStatus)
    SetEPType                                0x080039b9   Thumb Code    22  usb_regs.o(i.SetEPType)
    Set_System                               0x08003ac1   Thumb Code     2  hw_config.o(i.Set_System)
    Set_USBClock                             0x08003ac3   Thumb Code    18  hw_config.o(i.Set_USBClock)
    Setup0_Process                           0x08003ad5   Thumb Code   170  usb_core.o(i.Setup0_Process)
    Standard_ClearFeature                    0x08003b8d   Thumb Code   308  usb_core.o(i.Standard_ClearFeature)
    Standard_GetConfiguration                0x08003cd5   Thumb Code    34  usb_core.o(i.Standard_GetConfiguration)
    Standard_GetDescriptorData               0x08003d01   Thumb Code    32  usb_core.o(i.Standard_GetDescriptorData)
    Standard_GetInterface                    0x08003d25   Thumb Code    34  usb_core.o(i.Standard_GetInterface)
    Standard_GetStatus                       0x08003d51   Thumb Code   230  usb_core.o(i.Standard_GetStatus)
    Standard_SetConfiguration                0x08003e49   Thumb Code    60  usb_core.o(i.Standard_SetConfiguration)
    Standard_SetDeviceFeature                0x08003e91   Thumb Code    30  usb_core.o(i.Standard_SetDeviceFeature)
    Standard_SetEndPointFeature              0x08003eb9   Thumb Code   168  usb_core.o(i.Standard_SetEndPointFeature)
    Standard_SetInterface                    0x08003f71   Thumb Code    96  usb_core.o(i.Standard_SetInterface)
    StartUsartDMARx                          0x08003fdd   Thumb Code    28  stm32usart.o(i.StartUsartDMARx)
    StartUsartDMATx                          0x08003ff9   Thumb Code    44  stm32usart.o(i.StartUsartDMATx)
    Suspend                                  0x08004025   Thumb Code    34  usb_pwr.o(i.Suspend)
    SysTick_Handler                          0x0800404d   Thumb Code    34  stm32f10x_it.o(i.SysTick_Handler)
    SystemInit                               0x08004075   Thumb Code    68  system_stm32f10x.o(i.SystemInit)
    TIM_ARRPreloadConfig                     0x080040c5   Thumb Code    24  stm32f10x_tim.o(i.TIM_ARRPreloadConfig)
    TIM_CCxCmd                               0x080040dd   Thumb Code    30  stm32f10x_tim.o(i.TIM_CCxCmd)
    TIM_Cmd                                  0x080040fb   Thumb Code    24  stm32f10x_tim.o(i.TIM_Cmd)
    TIM_DeInit                               0x08004115   Thumb Code   424  stm32f10x_tim.o(i.TIM_DeInit)
    TIM_OC2Init                              0x080042fd   Thumb Code   154  stm32f10x_tim.o(i.TIM_OC2Init)
    TIM_OC2PreloadConfig                     0x080043a1   Thumb Code    26  stm32f10x_tim.o(i.TIM_OC2PreloadConfig)
    TIM_SetCompare2                          0x080043bb   Thumb Code     4  stm32f10x_tim.o(i.TIM_SetCompare2)
    TIM_TimeBaseInit                         0x080043c1   Thumb Code   122  stm32f10x_tim.o(i.TIM_TimeBaseInit)
    TaskADC                                  0x08004465   Thumb Code   322  main.o(i.TaskADC)
    TaskLedBeep                              0x080045b9   Thumb Code   232  main.o(i.TaskLedBeep)
    TaskStart                                0x080046b9   Thumb Code   138  main.o(i.TaskStart)
    TaskUSBHID                               0x08004771   Thumb Code   174  main.o(i.TaskUSBHID)
    TaskUart                                 0x08004835   Thumb Code    58  main.o(i.TaskUart)
    USART1_IRQHandler                        0x08004879   Thumb Code    76  stm32f10x_it.o(i.USART1_IRQHandler)
    USART2_IRQHandler                        0x080048d1   Thumb Code    76  stm32f10x_it.o(i.USART2_IRQHandler)
    USART3_IRQHandler                        0x08004929   Thumb Code    76  stm32f10x_it.o(i.USART3_IRQHandler)
    USART_Cmd                                0x08004981   Thumb Code    24  stm32f10x_usart.o(i.USART_Cmd)
    USART_DMACmd                             0x08004999   Thumb Code    18  stm32f10x_usart.o(i.USART_DMACmd)
    USART_DeInit                             0x080049ad   Thumb Code   134  stm32f10x_usart.o(i.USART_DeInit)
    USART_GetFlagStatus                      0x08004a49   Thumb Code    26  stm32f10x_usart.o(i.USART_GetFlagStatus)
    USART_GetITStatus                        0x08004a63   Thumb Code    84  stm32f10x_usart.o(i.USART_GetITStatus)
    USART_ITConfig                           0x08004ab7   Thumb Code    74  stm32f10x_usart.o(i.USART_ITConfig)
    USART_Init                               0x08004b01   Thumb Code   210  stm32f10x_usart.o(i.USART_Init)
    USB_Cable_Config                         0x08004bd9   Thumb Code     2  hw_config.o(i.USB_Cable_Config)
    USB_Init                                 0x08004bdd   Thumb Code    36  usb_init.o(i.USB_Init)
    USB_Interrupts_Config                    0x08004c19   Thumb Code    42  hw_config.o(i.USB_Interrupts_Config)
    USB_Istr                                 0x08004c45   Thumb Code   222  usb_istr.o(i.USB_Istr)
    USB_LP_CAN1_RX0_IRQHandler               0x08004d3d   Thumb Code     8  stm32f10x_it.o(i.USB_LP_CAN1_RX0_IRQHandler)
    USB_SIL_Init                             0x08004d45   Thumb Code    28  usb_sil.o(i.USB_SIL_Init)
    USB_SIL_Read                             0x08004d69   Thumb Code    46  usb_sil.o(i.USB_SIL_Read)
    UsageFault_Handler                       0x08004d97   Thumb Code     4  stm32f10x_it.o(i.UsageFault_Handler)
    UsartDMARx                               0x08004d9b   Thumb Code   134  stm32usart.o(i.UsartDMARx)
    UsartInitDMA                             0x08004e21   Thumb Code   476  stm32usart.o(i.UsartInitDMA)
    UserToPMABufferCopy                      0x0800500d   Thumb Code    52  usb_mem.o(i.UserToPMABufferCopy)
    WriteFlashNBtye                          0x08005045   Thumb Code   102  flash_in_stm32.o(i.WriteFlashNBtye)
    average_filter                           0x080050b5   Thumb Code    92  adc.o(i.average_filter)
    checksum8                                0x08005111   Thumb Code    34  rs485.o(i.checksum8)
    key_Init                                 0x08005135   Thumb Code   336  key.o(i.key_Init)
    ledInit                                  0x08005295   Thumb Code    74  led.o(i.ledInit)
    main                                     0x080052e5   Thumb Code   172  main.o(i.main)
    motoInit                                 0x080053a9   Thumb Code   170  led.o(i.motoInit)
    rs485_1_Init                             0x0800545d   Thumb Code    26  rs485.o(i.rs485_1_Init)
    stm32_adc1_init                          0x0800547d   Thumb Code   330  adc.o(i.stm32_adc1_init)
    timekey_callback                         0x080055d9   Thumb Code     8  key.o(i.timekey_callback)
    usbDisable                               0x080055e5   Thumb Code    60  usbhid.o(i.usbDisable)
    usbHIDInit                               0x08005625   Thumb Code    20  usbhid.o(i.usbHIDInit)
    CustomHID_DeviceDescriptor               0x08005638   Data          18  usb_desc.o(.constdata)
    CustomHID_ConfigDescriptor               0x0800564a   Data          41  usb_desc.o(.constdata)
    CustomHID_ReportDescriptor               0x08005673   Data          40  usb_desc.o(.constdata)
    CustomHID_StringLangID                   0x0800569b   Data           4  usb_desc.o(.constdata)
    CustomHID_StringVendor                   0x0800569f   Data          38  usb_desc.o(.constdata)
    CustomHID_StringProduct                  0x080056c5   Data          32  usb_desc.o(.constdata)
    OSUnMapTbl                               0x080056e5   Data         256  os_core.o(.constdata)
    Region$$Table$$Base                      0x080057e8   Number         0  anon$$obj.o(Region$$Table)
    Region$$Table$$Limit                     0x08005808   Number         0  anon$$obj.o(Region$$Table)
    BatteryVoltage                           0x20000000   Data           2  main.o(.data)
    keyst                                    0x20000002   Data           6  main.o(.data)
    err_timer                                0x20000008   Data           1  main.o(.data)
    timekeyHome                              0x2000000c   Data           4  main.o(.data)
    timekeyOkf                               0x20000010   Data           4  main.o(.data)
    timekeyPhoto                             0x20000014   Data           4  main.o(.data)
    timekeyA                                 0x20000018   Data           4  main.o(.data)
    timekeyB                                 0x2000001c   Data           4  main.o(.data)
    Jump_To_Application                      0x20000020   Data           4  main.o(.data)
    JumpAddress                              0x20000024   Data           4  main.o(.data)
    state                                    0x20000028   Data           1  stm32f10x_it.o(.data)
    time_left                                0x2000002c   Data           4  stm32f10x_it.o(.data)
    ledXstate                                0x20000032   Data           1  led.o(.data)
    ledGPSstate                              0x20000033   Data           1  led.o(.data)
    ledCHstate                               0x20000034   Data           1  led.o(.data)
    motostate                                0x20000035   Data           1  led.o(.data)
    CustomHID_StringSerial                   0x20000036   Data          26  usb_desc.o(.data)
    HIDReceive_Buffer_len                    0x20000050   Data           1  usb_endp.o(.data)
    bIntPackSOF                              0x20000054   Data           1  usb_istr.o(.data)
    pEpInt_IN                                0x20000058   Data          28  usb_istr.o(.data)
    pEpInt_OUT                               0x20000074   Data          28  usb_istr.o(.data)
    wIstr                                    0x20000090   Data           2  usb_istr.o(.data)
    Device_Table                             0x20000094   Data           2  usb_prop.o(.data)
    Device_Property                          0x20000098   Data          48  usb_prop.o(.data)
    User_Standard_Requests                   0x200000c8   Data          36  usb_prop.o(.data)
    Device_Descriptor                        0x200000ec   Data           8  usb_prop.o(.data)
    Config_Descriptor                        0x200000f4   Data           8  usb_prop.o(.data)
    CustomHID_Report_Descriptor              0x200000fc   Data           8  usb_prop.o(.data)
    CustomHID_Hid_Descriptor                 0x20000104   Data           8  usb_prop.o(.data)
    String_Descriptor                        0x2000010c   Data          32  usb_prop.o(.data)
    ProtocolValue                            0x2000012c   Data           4  usb_prop.o(.data)
    EXTI_Enable                              0x20000130   Data           1  usb_prop.o(.data)
    bDeviceState                             0x20000134   Data           4  usb_pwr.o(.data)
    fSuspendEnabled                          0x20000138   Data           1  usb_pwr.o(.data)
    ResumeS                                  0x20000139   Data           2  usb_pwr.o(.data)
    FLASHStatus                              0x2000013b   Data           1  flash_in_stm32.o(.data)
    SystemCoreClock                          0x20000150   Data           4  system_stm32f10x.o(.data)
    OSCtxSwCtr                               0x20000154   Data           4  os_core.o(.data)
    OSEventFreeList                          0x20000158   Data           4  os_core.o(.data)
    OSFlagFreeList                           0x2000015c   Data           4  os_core.o(.data)
    OSIntNesting                             0x20000160   Data           1  os_core.o(.data)
    OSLockNesting                            0x20000161   Data           1  os_core.o(.data)
    OSPrioCur                                0x20000162   Data           1  os_core.o(.data)
    OSPrioHighRdy                            0x20000163   Data           1  os_core.o(.data)
    OSRdyGrp                                 0x20000164   Data           1  os_core.o(.data)
    OSRdyTbl                                 0x20000165   Data           8  os_core.o(.data)
    OSRunning                                0x2000016d   Data           1  os_core.o(.data)
    OSTaskCtr                                0x2000016e   Data           1  os_core.o(.data)
    OSIdleCtr                                0x20000170   Data           4  os_core.o(.data)
    OSTCBCur                                 0x20000174   Data           4  os_core.o(.data)
    OSTCBFreeList                            0x20000178   Data           4  os_core.o(.data)
    OSTCBHighRdy                             0x2000017c   Data           4  os_core.o(.data)
    OSTCBList                                0x20000180   Data           4  os_core.o(.data)
    OSTime                                   0x20000184   Data           4  os_core.o(.data)
    OSTmrFree                                0x20000188   Data           2  os_core.o(.data)
    OSTmrUsed                                0x2000018a   Data           2  os_core.o(.data)
    OSTmrTime                                0x2000018c   Data           4  os_core.o(.data)
    OSTmrSem                                 0x20000190   Data           4  os_core.o(.data)
    OSTmrSemSignal                           0x20000194   Data           4  os_core.o(.data)
    OSTmrFreeList                            0x20000198   Data           4  os_core.o(.data)
    Data_Mul_MaxPacketSize                   0x2000019e   Data           1  usb_core.o(.data)
    StatusInfo                               0x200001a0   Data           2  usb_core.o(.data)
    EPindex                                  0x200001a4   Data           1  usb_init.o(.data)
    pInformation                             0x200001a8   Data           4  usb_init.o(.data)
    pProperty                                0x200001ac   Data           4  usb_init.o(.data)
    SaveState                                0x200001b0   Data           2  usb_init.o(.data)
    wInterrupt_Mask                          0x200001b2   Data           2  usb_init.o(.data)
    pUser_Standard_Requests                  0x200001b4   Data           4  usb_init.o(.data)
    SaveRState                               0x200001b8   Data           2  usb_int.o(.data)
    SaveTState                               0x200001ba   Data           2  usb_int.o(.data)
    Task_Start                               0x200001cc   Data         400  main.o(.bss)
    Task_LedBeep_Stk                         0x2000035c   Data         200  main.o(.bss)
    Task_ADC_Stk                             0x20000424   Data         400  main.o(.bss)
    Task_Key_Stk                             0x200005b4   Data         400  main.o(.bss)
    Task_Uart_Stk                            0x20000744   Data         400  main.o(.bss)
    Task_USBHID_Stk                          0x200008d4   Data        2000  main.o(.bss)
    nCom1                                    0x20001870   Data          84  stm32usart.o(.bss)
    nCom2                                    0x200018c4   Data          84  stm32usart.o(.bss)
    nCom3                                    0x20001918   Data          84  stm32usart.o(.bss)
    AD_Value                                 0x2000197a   Data         140  adc.o(.bss)
    CtrlSticksLevel                          0x20001acc   Data          14  adc.o(.bss)
    HIDReceive_Buffer                        0x20001ada   Data          64  usb_endp.o(.bss)
    OSEventTbl                               0x20001b1c   Data         768  os_core.o(.bss)
    OSFlagTbl                                0x20001e1c   Data         512  os_core.o(.bss)
    OSTaskIdleStk                            0x2000201c   Data         512  os_core.o(.bss)
    OSTCBPrioTbl                             0x2000221c   Data         256  os_core.o(.bss)
    OSTCBTbl                                 0x2000231c   Data        1848  os_core.o(.bss)
    OSTmrTbl                                 0x20002a54   Data         640  os_core.o(.bss)
    OSTmrTaskStk                             0x20002cd4   Data         512  os_core.o(.bss)
    OSTmrWheelTbl                            0x20002ed4   Data          64  os_core.o(.bss)
    Device_Info                              0x20002f14   Data          28  usb_init.o(.bss)
    __libspace_start                         0x20002f30   Data          96  libspace.o(.bss)
    __temporary_stack_top$libspace           0x20002f90   Data           0  libspace.o(.bss)



==============================================================================

Memory Map of the image

  Image Entry point : 0x08000131

  Load Region LR_IROM1 (Base: 0x08000000, Size: 0x000059c4, Max: 0x0000c000, ABSOLUTE, COMPRESSED[0x000058a0])

    Execution Region ER_IROM1 (Base: 0x08000000, Size: 0x00005808, Max: 0x0000c000, ABSOLUTE)

    Base Addr    Size         Type   Attr      Idx    E Section Name        Object

    0x08000000   0x00000130   Data   RO         4031    RESET               startup_stm32f10x_hd.o
    0x08000130   0x00000008   Code   RO         5411  * !!!main             c_w.l(__main.o)
    0x08000138   0x00000034   Code   RO         5584    !!!scatter          c_w.l(__scatter.o)
    0x0800016c   0x0000005a   Code   RO         5582    !!dczerorl2         c_w.l(__dczerorl2.o)
    0x080001c6   0x00000002   PAD
    0x080001c8   0x0000001c   Code   RO         5586    !!handler_zi        c_w.l(__scatter_zi.o)
    0x080001e4   0x00000002   Code   RO         5455    .ARM.Collect$$libinit$$00000000  c_w.l(libinit.o)
    0x080001e6   0x00000000   Code   RO         5462    .ARM.Collect$$libinit$$00000002  c_w.l(libinit2.o)
    0x080001e6   0x00000000   Code   RO         5465    .ARM.Collect$$libinit$$00000008  c_w.l(libinit2.o)
    0x080001e6   0x00000000   Code   RO         5467    .ARM.Collect$$libinit$$0000000A  c_w.l(libinit2.o)
    0x080001e6   0x00000000   Code   RO         5469    .ARM.Collect$$libinit$$0000000C  c_w.l(libinit2.o)
    0x080001e6   0x00000000   Code   RO         5472    .ARM.Collect$$libinit$$0000000F  c_w.l(libinit2.o)
    0x080001e6   0x00000000   Code   RO         5474    .ARM.Collect$$libinit$$00000011  c_w.l(libinit2.o)
    0x080001e6   0x00000000   Code   RO         5476    .ARM.Collect$$libinit$$00000013  c_w.l(libinit2.o)
    0x080001e6   0x00000000   Code   RO         5478    .ARM.Collect$$libinit$$00000015  c_w.l(libinit2.o)
    0x080001e6   0x00000000   Code   RO         5480    .ARM.Collect$$libinit$$00000017  c_w.l(libinit2.o)
    0x080001e6   0x00000000   Code   RO         5482    .ARM.Collect$$libinit$$00000019  c_w.l(libinit2.o)
    0x080001e6   0x00000000   Code   RO         5484    .ARM.Collect$$libinit$$0000001B  c_w.l(libinit2.o)
    0x080001e6   0x00000000   Code   RO         5486    .ARM.Collect$$libinit$$0000001D  c_w.l(libinit2.o)
    0x080001e6   0x00000000   Code   RO         5488    .ARM.Collect$$libinit$$0000001F  c_w.l(libinit2.o)
    0x080001e6   0x00000000   Code   RO         5490    .ARM.Collect$$libinit$$00000021  c_w.l(libinit2.o)
    0x080001e6   0x00000000   Code   RO         5492    .ARM.Collect$$libinit$$00000023  c_w.l(libinit2.o)
    0x080001e6   0x00000000   Code   RO         5496    .ARM.Collect$$libinit$$0000002A  c_w.l(libinit2.o)
    0x080001e6   0x00000000   Code   RO         5498    .ARM.Collect$$libinit$$0000002C  c_w.l(libinit2.o)
    0x080001e6   0x00000000   Code   RO         5500    .ARM.Collect$$libinit$$0000002E  c_w.l(libinit2.o)
    0x080001e6   0x00000000   Code   RO         5502    .ARM.Collect$$libinit$$00000030  c_w.l(libinit2.o)
    0x080001e6   0x00000002   Code   RO         5503    .ARM.Collect$$libinit$$00000031  c_w.l(libinit2.o)
    0x080001e8   0x00000002   Code   RO         5523    .ARM.Collect$$libshutdown$$00000000  c_w.l(libshutdown.o)
    0x080001ea   0x00000000   Code   RO         5537    .ARM.Collect$$libshutdown$$00000003  c_w.l(libshutdown2.o)
    0x080001ea   0x00000000   Code   RO         5540    .ARM.Collect$$libshutdown$$00000006  c_w.l(libshutdown2.o)
    0x080001ea   0x00000000   Code   RO         5543    .ARM.Collect$$libshutdown$$00000009  c_w.l(libshutdown2.o)
    0x080001ea   0x00000000   Code   RO         5545    .ARM.Collect$$libshutdown$$0000000B  c_w.l(libshutdown2.o)
    0x080001ea   0x00000000   Code   RO         5548    .ARM.Collect$$libshutdown$$0000000E  c_w.l(libshutdown2.o)
    0x080001ea   0x00000002   Code   RO         5549    .ARM.Collect$$libshutdown$$0000000F  c_w.l(libshutdown2.o)
    0x080001ec   0x00000000   Code   RO         5421    .ARM.Collect$$rtentry$$00000000  c_w.l(rtentry.o)
    0x080001ec   0x00000000   Code   RO         5432    .ARM.Collect$$rtentry$$00000002  c_w.l(rtentry2.o)
    0x080001ec   0x00000006   Code   RO         5444    .ARM.Collect$$rtentry$$00000004  c_w.l(rtentry4.o)
    0x080001f2   0x00000000   Code   RO         5434    .ARM.Collect$$rtentry$$00000009  c_w.l(rtentry2.o)
    0x080001f2   0x00000004   Code   RO         5435    .ARM.Collect$$rtentry$$0000000A  c_w.l(rtentry2.o)
    0x080001f6   0x00000000   Code   RO         5437    .ARM.Collect$$rtentry$$0000000C  c_w.l(rtentry2.o)
    0x080001f6   0x00000008   Code   RO         5438    .ARM.Collect$$rtentry$$0000000D  c_w.l(rtentry2.o)
    0x080001fe   0x00000002   Code   RO         5459    .ARM.Collect$$rtexit$$00000000  c_w.l(rtexit.o)
    0x08000200   0x00000000   Code   RO         5505    .ARM.Collect$$rtexit$$00000002  c_w.l(rtexit2.o)
    0x08000200   0x00000004   Code   RO         5506    .ARM.Collect$$rtexit$$00000003  c_w.l(rtexit2.o)
    0x08000204   0x00000006   Code   RO         5507    .ARM.Collect$$rtexit$$00000004  c_w.l(rtexit2.o)
    0x0800020a   0x00000002   PAD
    0x0800020c   0x00000020   Code   RO         3989    .emb_text           core_cm3.o
    0x0800022c   0x00000044   Code   RO         4032    .text               startup_stm32f10x_hd.o
    0x08000270   0x000000a4   Code   RO         4814    .text               os_cpu_a.o
    0x08000314   0x0000008a   Code   RO         5405    .text               c_w.l(rt_memcpy_v6.o)
    0x0800039e   0x00000006   Code   RO         5409    .text               c_w.l(heapauxi.o)
    0x080003a4   0x00000064   Code   RO         5422    .text               c_w.l(rt_memcpy_w.o)
    0x08000408   0x0000004a   Code   RO         5446    .text               c_w.l(sys_stackheap_outer.o)
    0x08000452   0x0000000c   Code   RO         5448    .text               c_w.l(exit.o)
    0x0800045e   0x00000002   PAD
    0x08000460   0x00000008   Code   RO         5456    .text               c_w.l(libspace.o)
    0x08000468   0x0000000c   Code   RO         5515    .text               c_w.l(sys_exit.o)
    0x08000474   0x00000002   Code   RO         5526    .text               c_w.l(use_no_semi.o)
    0x08000476   0x00000000   Code   RO         5528    .text               c_w.l(indicate_semi.o)
    0x08000476   0x00000016   Code   RO         1043    i.ADC_Cmd           stm32f10x_adc.o
    0x0800048c   0x00000016   Code   RO         1044    i.ADC_DMACmd        stm32f10x_adc.o
    0x080004a2   0x00000002   PAD
    0x080004a4   0x0000005c   Code   RO         1045    i.ADC_DeInit        stm32f10x_adc.o
    0x08000500   0x00000014   Code   RO         1051    i.ADC_GetCalibrationStatus  stm32f10x_adc.o
    0x08000514   0x00000014   Code   RO         1057    i.ADC_GetResetCalibrationStatus  stm32f10x_adc.o
    0x08000528   0x00000050   Code   RO         1061    i.ADC_Init          stm32f10x_adc.o
    0x08000578   0x000000b8   Code   RO         1065    i.ADC_RegularChannelConfig  stm32f10x_adc.o
    0x08000630   0x0000000a   Code   RO         1066    i.ADC_ResetCalibration  stm32f10x_adc.o
    0x0800063a   0x00000016   Code   RO         1068    i.ADC_SoftwareStartConvCmd  stm32f10x_adc.o
    0x08000650   0x0000000a   Code   RO         1070    i.ADC_StartCalibration  stm32f10x_adc.o
    0x0800065a   0x00000004   Code   RO          208    i.BusFault_Handler  stm32f10x_it.o
    0x0800065e   0x0000000c   Code   RO         5019    i.ByteSwap          usb_regs.o
    0x0800066a   0x00000002   PAD
    0x0800066c   0x00000268   Code   RO         4972    i.CTR_LP            usb_int.o
    0x080008d4   0x0000002c   Code   RO         5020    i.ClearDTOG_RX      usb_regs.o
    0x08000900   0x0000002c   Code   RO         5021    i.ClearDTOG_TX      usb_regs.o
    0x0800092c   0x00000020   Code   RO         5026    i.Clear_Status_Out  usb_regs.o
    0x0800094c   0x000000f8   Code   RO          395    i.ComPort1Init      stm32usart.o
    0x08000a44   0x0000002c   Code   RO          399    i.ComPortWaitTxEnd  stm32usart.o
    0x08000a70   0x00000054   Code   RO          400    i.ComPortWrite      stm32usart.o
    0x08000ac4   0x0000007c   Code   RO          746    i.CustomHID_Data_Setup  usb_prop.o
    0x08000b40   0x00000014   Code   RO          747    i.CustomHID_GetConfigDescriptor  usb_prop.o
    0x08000b54   0x00000014   Code   RO          748    i.CustomHID_GetDeviceDescriptor  usb_prop.o
    0x08000b68   0x00000014   Code   RO          749    i.CustomHID_GetHIDDescriptor  usb_prop.o
    0x08000b7c   0x0000001c   Code   RO          750    i.CustomHID_GetProtocolValue  usb_prop.o
    0x08000b98   0x00000014   Code   RO          751    i.CustomHID_GetReportDescriptor  usb_prop.o
    0x08000bac   0x00000028   Code   RO          752    i.CustomHID_GetStringDescriptor  usb_prop.o
    0x08000bd4   0x00000016   Code   RO          753    i.CustomHID_Get_Interface_Setting  usb_prop.o
    0x08000bea   0x00000002   PAD
    0x08000bec   0x00000024   Code   RO          754    i.CustomHID_NoData_Setup  usb_prop.o
    0x08000c10   0x000000b8   Code   RO          755    i.CustomHID_Reset   usb_prop.o
    0x08000cc8   0x00000018   Code   RO          756    i.CustomHID_SetConfiguration  usb_prop.o
    0x08000ce0   0x0000000c   Code   RO          757    i.CustomHID_SetDeviceAddress  usb_prop.o
    0x08000cec   0x00000018   Code   RO          758    i.CustomHID_SetProtocol  usb_prop.o
    0x08000d04   0x00000002   Code   RO          759    i.CustomHID_Status_In  usb_prop.o
    0x08000d06   0x00000002   Code   RO          760    i.CustomHID_Status_Out  usb_prop.o
    0x08000d08   0x00000028   Code   RO          761    i.CustomHID_init    usb_prop.o
    0x08000d30   0x0000002c   Code   RO          209    i.DMA1_Channel2_IRQHandler  stm32f10x_it.o
    0x08000d5c   0x00000080   Code   RO          210    i.DMA1_Channel3_IRQHandler  stm32f10x_it.o
    0x08000ddc   0x00000030   Code   RO          211    i.DMA1_Channel4_IRQHandler  stm32f10x_it.o
    0x08000e0c   0x00000080   Code   RO          212    i.DMA1_Channel5_IRQHandler  stm32f10x_it.o
    0x08000e8c   0x00000080   Code   RO          213    i.DMA1_Channel6_IRQHandler  stm32f10x_it.o
    0x08000f0c   0x00000030   Code   RO          214    i.DMA1_Channel7_IRQHandler  stm32f10x_it.o
    0x08000f3c   0x0000001c   Code   RO         1741    i.DMA_ClearFlag     stm32f10x_dma.o
    0x08000f58   0x00000018   Code   RO         1743    i.DMA_Cmd           stm32f10x_dma.o
    0x08000f70   0x0000014c   Code   RO         1744    i.DMA_DeInit        stm32f10x_dma.o
    0x080010bc   0x00000008   Code   RO         1745    i.DMA_GetCurrDataCounter  stm32f10x_dma.o
    0x080010c4   0x0000002c   Code   RO         1747    i.DMA_GetITStatus   stm32f10x_dma.o
    0x080010f0   0x00000012   Code   RO         1748    i.DMA_ITConfig      stm32f10x_dma.o
    0x08001102   0x0000003c   Code   RO         1749    i.DMA_Init          stm32f10x_dma.o
    0x0800113e   0x00000004   Code   RO         1750    i.DMA_SetCurrDataCounter  stm32f10x_dma.o
    0x08001142   0x00000002   PAD
    0x08001144   0x000000c0   Code   RO         4829    i.DataStageIn       usb_core.o
    0x08001204   0x000000bc   Code   RO         4830    i.DataStageOut      usb_core.o
    0x080012c0   0x0000028c   Code   RO         4831    i.Data_Setup0       usb_core.o
    0x0800154c   0x00000002   Code   RO          215    i.DebugMon_Handler  stm32f10x_it.o
    0x0800154e   0x00000002   PAD
    0x08001550   0x00000018   Code   RO          698    i.EP1_OUT_Callback  usb_endp.o
    0x08001568   0x00000230   Code   RO          216    i.EXTI15_10_IRQHandler  stm32f10x_it.o
    0x08001798   0x000000cc   Code   RO          217    i.EXTI2_IRQHandler  stm32f10x_it.o
    0x08001864   0x000000cc   Code   RO          218    i.EXTI3_IRQHandler  stm32f10x_it.o
    0x08001930   0x0000000c   Code   RO         1814    i.EXTI_ClearITPendingBit  stm32f10x_exti.o
    0x0800193c   0x00000028   Code   RO         1818    i.EXTI_GetITStatus  stm32f10x_exti.o
    0x08001964   0x00000094   Code   RO         1819    i.EXTI_Init         stm32f10x_exti.o
    0x080019f8   0x0000000c   Code   RO          907    i.Enter_LowPowerMode  hw_config.o
    0x08001a04   0x0000000c   Code   RO         1867    i.FLASH_ClearFlag   stm32f10x_flash.o
    0x08001a10   0x0000004c   Code   RO         1872    i.FLASH_ErasePage   stm32f10x_flash.o
    0x08001a5c   0x00000034   Code   RO         1873    i.FLASH_GetBank1Status  stm32f10x_flash.o
    0x08001a90   0x00000014   Code   RO         1882    i.FLASH_Lock        stm32f10x_flash.o
    0x08001aa4   0x0000006c   Code   RO         1887    i.FLASH_ProgramWord  stm32f10x_flash.o
    0x08001b10   0x00000018   Code   RO         1890    i.FLASH_Unlock      stm32f10x_flash.o
    0x08001b28   0x00000026   Code   RO         1894    i.FLASH_WaitForLastOperation  stm32f10x_flash.o
    0x08001b4e   0x00000002   PAD
    0x08001b50   0x00000060   Code   RO            1    i.GPIO_DeIntConfiguration  main.o
    0x08001bb0   0x00000040   Code   RO         2164    i.GPIO_EXTILineConfig  stm32f10x_gpio.o
    0x08001bf0   0x00000112   Code   RO         2167    i.GPIO_Init         stm32f10x_gpio.o
    0x08001d02   0x00000002   PAD
    0x08001d04   0x00000090   Code   RO         2169    i.GPIO_PinRemapConfig  stm32f10x_gpio.o
    0x08001d94   0x00000012   Code   RO         2171    i.GPIO_ReadInputDataBit  stm32f10x_gpio.o
    0x08001da6   0x00000004   Code   RO         2174    i.GPIO_ResetBits    stm32f10x_gpio.o
    0x08001daa   0x00000004   Code   RO         2175    i.GPIO_SetBits      stm32f10x_gpio.o
    0x08001dae   0x00000002   PAD
    0x08001db0   0x00000020   Code   RO         5038    i.GetEPRxAddr       usb_regs.o
    0x08001dd0   0x00000024   Code   RO         5039    i.GetEPRxCount      usb_regs.o
    0x08001df4   0x00000020   Code   RO         5041    i.GetEPTxAddr       usb_regs.o
    0x08001e14   0x00000034   Code   RO          909    i.Get_SerialNum     hw_config.o
    0x08001e48   0x00000004   Code   RO          219    i.HardFault_Handler  stm32f10x_it.o
    0x08001e4c   0x00000070   Code   RO         4832    i.In0_Process       usb_core.o
    0x08001ebc   0x0000003e   Code   RO          910    i.IntToUnicode      hw_config.o
    0x08001efa   0x00000002   PAD
    0x08001efc   0x00000024   Code   RO          911    i.Leave_LowPowerMode  hw_config.o
    0x08001f20   0x00000004   Code   RO          220    i.MemManage_Handler  stm32f10x_it.o
    0x08001f24   0x00000004   Code   RO          221    i.NMI_Handler       stm32f10x_it.o
    0x08001f28   0x00000002   Code   RO         4833    i.NOP_Process       usb_core.o
    0x08001f2a   0x0000000c   Code   RO            2    i.NVIC_Configuration  main.o
    0x08001f36   0x00000018   Code   RO          401    i.NVIC_EnableIRQ    stm32usart.o
    0x08001f4e   0x00000002   PAD
    0x08001f50   0x00000074   Code   RO         1001    i.NVIC_Init         misc.o
    0x08001fc4   0x00000014   Code   RO         1002    i.NVIC_PriorityGroupConfig  misc.o
    0x08001fd8   0x00000028   Code   RO          402    i.NVIC_SetPriority  stm32usart.o
    0x08002000   0x00000140   Code   RO         4834    i.NoData_Setup0     usb_core.o
    0x08002140   0x00000068   Code   RO         4037    i.OSEventNameSet    os_core.o
    0x080021a8   0x00000028   Code   RO         4039    i.OSInit            os_core.o
    0x080021d0   0x0000000c   Code   RO         4711    i.OSInitHookBegin   os_cpu_c.o
    0x080021dc   0x00000002   Code   RO         4712    i.OSInitHookEnd     os_cpu_c.o
    0x080021de   0x00000002   PAD
    0x080021e0   0x00000090   Code   RO         4041    i.OSIntExit         os_core.o
    0x08002270   0x00000040   Code   RO         4042    i.OSSchedLock       os_core.o
    0x080022b0   0x00000060   Code   RO         4043    i.OSSchedUnlock     os_core.o
    0x08002310   0x00000054   Code   RO         4436    i.OSSemCreate       os_sem.o
    0x08002364   0x000000f8   Code   RO         4438    i.OSSemPend         os_sem.o
    0x0800245c   0x0000005e   Code   RO         4440    i.OSSemPost         os_sem.o
    0x080024ba   0x00000002   PAD
    0x080024bc   0x00000048   Code   RO         4044    i.OSStart           os_core.o
    0x08002504   0x00000002   Code   RO         4713    i.OSTCBInitHook     os_cpu_c.o
    0x08002506   0x00000002   PAD
    0x08002508   0x000000c0   Code   RO         4491    i.OSTaskCreateExt   os_task.o
    0x080025c8   0x00000002   Code   RO         4714    i.OSTaskCreateHook  os_cpu_c.o
    0x080025ca   0x00000002   Code   RO         4716    i.OSTaskIdleHook    os_cpu_c.o
    0x080025cc   0x00000084   Code   RO         4495    i.OSTaskNameSet     os_task.o
    0x08002650   0x0000009a   Code   RO         4719    i.OSTaskStkInit     os_cpu_c.o
    0x080026ea   0x00000002   Code   RO         4720    i.OSTaskSwHook      os_cpu_c.o
    0x080026ec   0x00000078   Code   RO         4585    i.OSTimeDly         os_time.o
    0x08002764   0x000000bc   Code   RO         4045    i.OSTimeTick        os_core.o
    0x08002820   0x00000024   Code   RO         4721    i.OSTimeTickHook    os_cpu_c.o
    0x08002844   0x00000094   Code   RO         4621    i.OSTmrCreate       os_tmr.o
    0x080028d8   0x0000008c   Code   RO         4622    i.OSTmrDel          os_tmr.o
    0x08002964   0x000000b4   Code   RO         4624    i.OSTmrRemainGet    os_tmr.o
    0x08002a18   0x00000014   Code   RO         4625    i.OSTmrSignal       os_tmr.o
    0x08002a2c   0x00000090   Code   RO         4626    i.OSTmrStart        os_tmr.o
    0x08002abc   0x00000064   Code   RO         4627    i.OSTmrStateGet     os_tmr.o
    0x08002b20   0x00000040   Code   RO         4629    i.OSTmr_Alloc       os_tmr.o
    0x08002b60   0x0000004c   Code   RO         4630    i.OSTmr_Free        os_tmr.o
    0x08002bac   0x000000f4   Code   RO         4631    i.OSTmr_Init        os_tmr.o
    0x08002ca0   0x00000050   Code   RO         4632    i.OSTmr_InitTask    os_tmr.o
    0x08002cf0   0x0000006c   Code   RO         4633    i.OSTmr_Link        os_tmr.o
    0x08002d5c   0x00000080   Code   RO         4634    i.OSTmr_Task        os_tmr.o
    0x08002ddc   0x00000044   Code   RO         4635    i.OSTmr_Unlink      os_tmr.o
    0x08002e20   0x00000094   Code   RO         4048    i.OS_EventTaskRdy   os_core.o
    0x08002eb4   0x0000002a   Code   RO         4049    i.OS_EventTaskRemove  os_core.o
    0x08002ede   0x0000003c   Code   RO         4050    i.OS_EventTaskRemoveMulti  os_core.o
    0x08002f1a   0x00000002   PAD
    0x08002f1c   0x0000007c   Code   RO         4051    i.OS_EventTaskWait  os_core.o
    0x08002f98   0x0000001c   Code   RO         4053    i.OS_EventWaitListInit  os_core.o
    0x08002fb4   0x00000058   Code   RO         4246    i.OS_FlagInit       os_flag.o
    0x0800300c   0x00000060   Code   RO         4054    i.OS_InitEventList  os_core.o
    0x0800306c   0x0000003c   Code   RO         4055    i.OS_InitMisc       os_core.o
    0x080030a8   0x00000044   Code   RO         4056    i.OS_InitRdyList    os_core.o
    0x080030ec   0x00000080   Code   RO         4057    i.OS_InitTCBList    os_core.o
    0x0800316c   0x00000050   Code   RO         4058    i.OS_InitTaskIdle   os_core.o
    0x080031bc   0x00000012   Code   RO         4059    i.OS_MemClr         os_core.o
    0x080031ce   0x00000002   PAD
    0x080031d0   0x00000074   Code   RO         4061    i.OS_Sched          os_core.o
    0x08003244   0x0000002c   Code   RO         4062    i.OS_SchedNew       os_core.o
    0x08003270   0x00000144   Code   RO         4064    i.OS_TCBInit        os_core.o
    0x080033b4   0x00000028   Code   RO         4065    i.OS_TaskIdle       os_core.o
    0x080033dc   0x0000001a   Code   RO         4503    i.OS_TaskStkClr     os_task.o
    0x080033f6   0x00000002   PAD
    0x080033f8   0x00000050   Code   RO         4835    i.Out0_Process      usb_core.o
    0x08003448   0x00000028   Code   RO         5001    i.PMAToUserBufferCopy  usb_mem.o
    0x08003470   0x00000048   Code   RO         4836    i.Post0_Process     usb_core.o
    0x080034b8   0x00000020   Code   RO          863    i.PowerOff          usb_pwr.o
    0x080034d8   0x00000040   Code   RO          864    i.PowerOn           usb_pwr.o
    0x08003518   0x00000018   Code   RO         2581    i.RCC_ADCCLKConfig  stm32f10x_rcc.o
    0x08003530   0x00000020   Code   RO         2582    i.RCC_AHBPeriphClockCmd  stm32f10x_rcc.o
    0x08003550   0x00000020   Code   RO         2583    i.RCC_APB1PeriphClockCmd  stm32f10x_rcc.o
    0x08003570   0x00000020   Code   RO         2584    i.RCC_APB1PeriphResetCmd  stm32f10x_rcc.o
    0x08003590   0x00000020   Code   RO         2585    i.RCC_APB2PeriphClockCmd  stm32f10x_rcc.o
    0x080035b0   0x00000020   Code   RO         2586    i.RCC_APB2PeriphResetCmd  stm32f10x_rcc.o
    0x080035d0   0x000000d4   Code   RO         2593    i.RCC_GetClocksFreq  stm32f10x_rcc.o
    0x080036a4   0x0000000c   Code   RO         2611    i.RCC_USBCLKConfig  stm32f10x_rcc.o
    0x080036b0   0x00000070   Code   RO          358    i.RS485Send         rs485.o
    0x08003720   0x00000020   Code   RO          979    i.ReadFlashNBtye    flash_in_stm32.o
    0x08003740   0x000000b0   Code   RO          865    i.Resume            usb_pwr.o
    0x080037f0   0x00000024   Code   RO          866    i.Resume_Init       usb_pwr.o
    0x08003814   0x00000002   Code   RO          222    i.SVC_Handler       stm32f10x_it.o
    0x08003816   0x00000002   PAD
    0x08003818   0x00000010   Code   RO         5049    i.SetBTABLE         usb_regs.o
    0x08003828   0x00000048   Code   RO         4837    i.SetDeviceAddress  usb_core.o
    0x08003870   0x00000024   Code   RO         5063    i.SetEPRxAddr       usb_regs.o
    0x08003894   0x0000004c   Code   RO         5064    i.SetEPRxCount      usb_regs.o
    0x080038e0   0x00000038   Code   RO         5065    i.SetEPRxStatus     usb_regs.o
    0x08003918   0x0000002c   Code   RO         5066    i.SetEPRxValid      usb_regs.o
    0x08003944   0x00000020   Code   RO         5067    i.SetEPTxAddr       usb_regs.o
    0x08003964   0x0000001c   Code   RO         5068    i.SetEPTxCount      usb_regs.o
    0x08003980   0x00000038   Code   RO         5069    i.SetEPTxStatus     usb_regs.o
    0x080039b8   0x0000001c   Code   RO         5071    i.SetEPType         usb_regs.o
    0x080039d4   0x00000008   Code   RO         4000    i.SetSysClock       system_stm32f10x.o
    0x080039dc   0x000000e4   Code   RO         4001    i.SetSysClockTo72   system_stm32f10x.o
    0x08003ac0   0x00000002   Code   RO          912    i.Set_System        hw_config.o
    0x08003ac2   0x00000012   Code   RO          913    i.Set_USBClock      hw_config.o
    0x08003ad4   0x000000b8   Code   RO         4838    i.Setup0_Process    usb_core.o
    0x08003b8c   0x00000148   Code   RO         4839    i.Standard_ClearFeature  usb_core.o
    0x08003cd4   0x0000002c   Code   RO         4840    i.Standard_GetConfiguration  usb_core.o
    0x08003d00   0x00000024   Code   RO         4841    i.Standard_GetDescriptorData  usb_core.o
    0x08003d24   0x0000002c   Code   RO         4842    i.Standard_GetInterface  usb_core.o
    0x08003d50   0x000000f8   Code   RO         4843    i.Standard_GetStatus  usb_core.o
    0x08003e48   0x00000048   Code   RO         4844    i.Standard_SetConfiguration  usb_core.o
    0x08003e90   0x00000028   Code   RO         4845    i.Standard_SetDeviceFeature  usb_core.o
    0x08003eb8   0x000000b8   Code   RO         4846    i.Standard_SetEndPointFeature  usb_core.o
    0x08003f70   0x0000006c   Code   RO         4847    i.Standard_SetInterface  usb_core.o
    0x08003fdc   0x0000001c   Code   RO          403    i.StartUsartDMARx   stm32usart.o
    0x08003ff8   0x0000002c   Code   RO          404    i.StartUsartDMATx   stm32usart.o
    0x08004024   0x00000028   Code   RO          867    i.Suspend           usb_pwr.o
    0x0800404c   0x00000028   Code   RO          223    i.SysTick_Handler   stm32f10x_it.o
    0x08004074   0x00000050   Code   RO         4002    i.SystemInit        system_stm32f10x.o
    0x080040c4   0x00000018   Code   RO         3208    i.TIM_ARRPreloadConfig  stm32f10x_tim.o
    0x080040dc   0x0000001e   Code   RO         3212    i.TIM_CCxCmd        stm32f10x_tim.o
    0x080040fa   0x00000018   Code   RO         3220    i.TIM_Cmd           stm32f10x_tim.o
    0x08004112   0x00000002   PAD
    0x08004114   0x000001e8   Code   RO         3225    i.TIM_DeInit        stm32f10x_tim.o
    0x080042fc   0x000000a4   Code   RO         3254    i.TIM_OC2Init       stm32f10x_tim.o
    0x080043a0   0x0000001a   Code   RO         3257    i.TIM_OC2PreloadConfig  stm32f10x_tim.o
    0x080043ba   0x00000004   Code   RO         3282    i.TIM_SetCompare2   stm32f10x_tim.o
    0x080043be   0x00000002   PAD
    0x080043c0   0x000000a4   Code   RO         3291    i.TIM_TimeBaseInit  stm32f10x_tim.o
    0x08004464   0x00000154   Code   RO            3    i.TaskADC           main.o
    0x080045b8   0x00000100   Code   RO            5    i.TaskLedBeep       main.o
    0x080046b8   0x000000b8   Code   RO            6    i.TaskStart         main.o
    0x08004770   0x000000c4   Code   RO            7    i.TaskUSBHID        main.o
    0x08004834   0x00000044   Code   RO            8    i.TaskUart          main.o
    0x08004878   0x00000058   Code   RO          224    i.USART1_IRQHandler  stm32f10x_it.o
    0x080048d0   0x00000058   Code   RO          225    i.USART2_IRQHandler  stm32f10x_it.o
    0x08004928   0x00000058   Code   RO          226    i.USART3_IRQHandler  stm32f10x_it.o
    0x08004980   0x00000018   Code   RO         3756    i.USART_Cmd         stm32f10x_usart.o
    0x08004998   0x00000012   Code   RO         3757    i.USART_DMACmd      stm32f10x_usart.o
    0x080049aa   0x00000002   PAD
    0x080049ac   0x0000009c   Code   RO         3758    i.USART_DeInit      stm32f10x_usart.o
    0x08004a48   0x0000001a   Code   RO         3759    i.USART_GetFlagStatus  stm32f10x_usart.o
    0x08004a62   0x00000054   Code   RO         3760    i.USART_GetITStatus  stm32f10x_usart.o
    0x08004ab6   0x0000004a   Code   RO         3762    i.USART_ITConfig    stm32f10x_usart.o
    0x08004b00   0x000000d8   Code   RO         3763    i.USART_Init        stm32f10x_usart.o
    0x08004bd8   0x00000002   Code   RO          914    i.USB_Cable_Config  hw_config.o
    0x08004bda   0x00000002   PAD
    0x08004bdc   0x0000003c   Code   RO         4948    i.USB_Init          usb_init.o
    0x08004c18   0x0000002a   Code   RO          915    i.USB_Interrupts_Config  hw_config.o
    0x08004c42   0x00000002   PAD
    0x08004c44   0x000000f8   Code   RO          721    i.USB_Istr          usb_istr.o
    0x08004d3c   0x00000008   Code   RO          227    i.USB_LP_CAN1_RX0_IRQHandler  stm32f10x_it.o
    0x08004d44   0x00000024   Code   RO         5379    i.USB_SIL_Init      usb_sil.o
    0x08004d68   0x0000002e   Code   RO         5380    i.USB_SIL_Read      usb_sil.o
    0x08004d96   0x00000004   Code   RO          228    i.UsageFault_Handler  stm32f10x_it.o
    0x08004d9a   0x00000086   Code   RO          406    i.UsartDMARx        stm32usart.o
    0x08004e20   0x000001ec   Code   RO          407    i.UsartInitDMA      stm32usart.o
    0x0800500c   0x00000038   Code   RO         5002    i.UserToPMABufferCopy  usb_mem.o
    0x08005044   0x00000070   Code   RO          980    i.WriteFlashNBtye   flash_in_stm32.o
    0x080050b4   0x0000005c   Code   RO          583    i.average_filter    adc.o
    0x08005110   0x00000022   Code   RO          359    i.checksum8         rs485.o
    0x08005132   0x00000002   PAD
    0x08005134   0x00000160   Code   RO          614    i.key_Init          key.o
    0x08005294   0x00000050   Code   RO          536    i.ledInit           led.o
    0x080052e4   0x000000c4   Code   RO            9    i.main              main.o
    0x080053a8   0x000000b4   Code   RO          537    i.motoInit          led.o
    0x0800545c   0x00000020   Code   RO          360    i.rs485_1_Init      rs485.o
    0x0800547c   0x0000015c   Code   RO          584    i.stm32_adc1_init   adc.o
    0x080055d8   0x0000000c   Code   RO          615    i.timekey_callback  key.o
    0x080055e4   0x00000040   Code   RO          653    i.usbDisable        usbhid.o
    0x08005624   0x00000014   Code   RO          654    i.usbHIDInit        usbhid.o
    0x08005638   0x000000ad   Data   RO          679    .constdata          usb_desc.o
    0x080056e5   0x00000100   Data   RO         4068    .constdata          os_core.o
    0x080057e5   0x00000003   PAD
    0x080057e8   0x00000020   Data   RO         5580    Region$$Table       anon$$obj.o


    Execution Region RW_IRAM1 (Base: 0x20000000, Size: 0x00003590, Max: 0x00005000, ABSOLUTE, COMPRESSED[0x00000098])

    Base Addr    Size         Type   Attr      Idx    E Section Name        Object

    0x20000000   0x00000028   Data   RW           11    .data               main.o
    0x20000028   0x00000008   Data   RW          230    .data               stm32f10x_it.o
    0x20000030   0x00000002   Data   RW          410    .data               stm32usart.o
    0x20000032   0x00000004   Data   RW          539    .data               led.o
    0x20000036   0x0000001a   Data   RW          680    .data               usb_desc.o
    0x20000050   0x00000001   Data   RW          700    .data               usb_endp.o
    0x20000051   0x00000003   PAD
    0x20000054   0x0000003e   Data   RW          722    .data               usb_istr.o
    0x20000092   0x00000002   PAD
    0x20000094   0x0000009d   Data   RW          762    .data               usb_prop.o
    0x20000131   0x00000003   PAD
    0x20000134   0x00000007   Data   RW          868    .data               usb_pwr.o
    0x2000013b   0x00000001   Data   RW          982    .data               flash_in_stm32.o
    0x2000013c   0x00000014   Data   RW         2613    .data               stm32f10x_rcc.o
    0x20000150   0x00000004   Data   RW         4004    .data               system_stm32f10x.o
    0x20000154   0x00000048   Data   RW         4069    .data               os_core.o
    0x2000019c   0x00000002   Data   RW         4722    .data               os_cpu_c.o
    0x2000019e   0x00000004   Data   RW         4848    .data               usb_core.o
    0x200001a2   0x00000002   PAD
    0x200001a4   0x00000014   Data   RW         4950    .data               usb_init.o
    0x200001b8   0x00000004   Data   RW         4973    .data               usb_int.o
    0x200001bc   0x00000ee8   Zero   RW           10    .bss                main.o
    0x200010a4   0x000008c8   Zero   RW          409    .bss                stm32usart.o
    0x2000196c   0x0000016e   Zero   RW          585    .bss                adc.o
    0x20001ada   0x00000040   Zero   RW          699    .bss                usb_endp.o
    0x20001b1a   0x00000002   PAD
    0x20001b1c   0x000013f8   Zero   RW         4067    .bss                os_core.o
    0x20002f14   0x0000001c   Zero   RW         4949    .bss                usb_init.o
    0x20002f30   0x00000060   Zero   RW         5457    .bss                c_w.l(libspace.o)
    0x20002f90   0x00000200   Zero   RW         4030    HEAP                startup_stm32f10x_hd.o
    0x20003190   0x00000400   Zero   RW         4029    STACK               startup_stm32f10x_hd.o


==============================================================================

Image component sizes


      Code (inc. data)   RO Data    RW Data    ZI Data      Debug   Object Name

       440         18          0          0        366       2570   adc.o
        32          0          0          0          0        512   core_cm3.o
       144         16          0          1          0       1677   flash_in_stm32.o
       226         22          0          0          0       4013   hw_config.o
       364         20          0          0          0       1106   key.o
       260         16          0          4          0       1434   led.o
      1348        166          0         40       3816     303866   main.o
       136         24          0          0          0       1331   misc.o
      2084        336        256         72       5112      20620   os_core.o
       164         32          0          0          0        276   os_cpu_a.o
       212         10          0          2          0      12670   os_cpu_c.o
        88         12          0          0          0       8118   os_flag.o
       426         24          0          0          0       2246   os_sem.o
       350         26          0          0          0       2602   os_task.o
       120         20          0          0          0        580   os_time.o
      1500        200          0          0          0       8046   os_tmr.o
       178         20          0          0          0       1835   rs485.o
        68         28        304          0       1536        828   startup_stm32f10x_hd.o
       482         24          0          0          0       7170   stm32f10x_adc.o
       518         28          0          0          0       5621   stm32f10x_dma.o
       200         18          0          0          0       1820   stm32f10x_exti.o
       330         38          0          0          0       4784   stm32f10x_flash.o
       508         10          0          0          0       4604   stm32f10x_gpio.o
      1828        244          0          8          0      10123   stm32f10x_it.o
       408         62          0         20          0       6542   stm32f10x_rcc.o
       924        116          0          0          0       4933   stm32f10x_tim.o
       598         28          0          0          0       5682   stm32f10x_usart.o
      1138         74          0          2       2248      12281   stm32usart.o
       316         20          0          4          0       2161   system_stm32f10x.o
      2978        282          0          4          0      13743   usb_core.o
         0          0        173         26          0        956   usb_desc.o
        24          8          0          1         64       1017   usb_endp.o
        60         24          0         20         28       3974   usb_init.o
       616         28          0          4          0       1604   usb_int.o
       248         26          0         62          0       1160   usb_istr.o
        96         10          0          0          0       1672   usb_mem.o
       618        108          0        157          0      11397   usb_prop.o
       348         42          0          7          0       3457   usb_pwr.o
       604        104          0          0          0       8556   usb_regs.o
        82          8          0          0          0       1358   usb_sil.o
        84          4          0          0          0        870   usbhid.o

    ----------------------------------------------------------------------
     21194       2296        768        444      13172     489815   Object Totals
         0          0         32          0          0          0   (incl. Generated)
        46          0          3         10          2          0   (incl. Padding)

    ----------------------------------------------------------------------

      Code (inc. data)   RO Data    RW Data    ZI Data      Debug   Library Member Name

        90          0          0          0          0          0   __dczerorl2.o
         8          0          0          0          0         68   __main.o
        52          8          0          0          0          0   __scatter.o
        28          0          0          0          0          0   __scatter_zi.o
        12          0          0          0          0         72   exit.o
         6          0          0          0          0        152   heapauxi.o
         0          0          0          0          0          0   indicate_semi.o
         2          0          0          0          0          0   libinit.o
         2          0          0          0          0          0   libinit2.o
         2          0          0          0          0          0   libshutdown.o
         2          0          0          0          0          0   libshutdown2.o
         8          4          0          0         96         68   libspace.o
       138          0          0          0          0         68   rt_memcpy_v6.o
       100          0          0          0          0         80   rt_memcpy_w.o
         0          0          0          0          0          0   rtentry.o
        12          0          0          0          0          0   rtentry2.o
         6          0          0          0          0          0   rtentry4.o
         2          0          0          0          0          0   rtexit.o
        10          0          0          0          0          0   rtexit2.o
        12          4          0          0          0         68   sys_exit.o
        74          0          0          0          0         80   sys_stackheap_outer.o
         2          0          0          0          0         68   use_no_semi.o

    ----------------------------------------------------------------------
       574         16          0          0         96        724   Library Totals
         6          0          0          0          0          0   (incl. Padding)

    ----------------------------------------------------------------------

      Code (inc. data)   RO Data    RW Data    ZI Data      Debug   Library Name

       568         16          0          0         96        724   c_w.l

    ----------------------------------------------------------------------
       574         16          0          0         96        724   Library Totals

    ----------------------------------------------------------------------

==============================================================================


      Code (inc. data)   RO Data    RW Data    ZI Data      Debug   

     21768       2312        768        444      13268     478007   Grand Totals
     21768       2312        768        152      13268     478007   ELF Image Totals (compressed)
     21768       2312        768        152          0          0   ROM Totals

==============================================================================

    Total RO  Size (Code + RO Data)                22536 (  22.01kB)
    Total RW  Size (RW Data + ZI Data)             13712 (  13.39kB)
    Total ROM Size (Code + RO Data + RW Data)      22688 (  22.16kB)

==============================================================================

