ARM Linker, 5.03 [Build 76] [MDK-ARM Lite]

==============================================================================

Section Cross References

    startup_stm32f10x_hd.o(STACK) refers (Special) to heapauxi.o(.text) for __use_two_region_memory
    startup_stm32f10x_hd.o(HEAP) refers (Special) to heapauxi.o(.text) for __use_two_region_memory
    startup_stm32f10x_hd.o(RESET) refers (Special) to heapauxi.o(.text) for __use_two_region_memory
    startup_stm32f10x_hd.o(RESET) refers to startup_stm32f10x_hd.o(STACK) for __initial_sp
    startup_stm32f10x_hd.o(RESET) refers to startup_stm32f10x_hd.o(.text) for Reset_Handler
    startup_stm32f10x_hd.o(RESET) refers to stm32f10x_it.o(.text) for NMI_Handler
    startup_stm32f10x_hd.o(RESET) refers to usart.o(.text) for USART1_IRQHandler
    startup_stm32f10x_hd.o(.text) refers (Special) to heapauxi.o(.text) for __use_two_region_memory
    startup_stm32f10x_hd.o(.text) refers to system_stm32f10x.o(.text) for SystemInit
    startup_stm32f10x_hd.o(.text) refers to __main.o(!!!main) for __main
    startup_stm32f10x_hd.o(.text) refers to startup_stm32f10x_hd.o(HEAP) for Heap_Mem
    startup_stm32f10x_hd.o(.text) refers to startup_stm32f10x_hd.o(STACK) for Stack_Mem
    stm32f10x_it.o(.text) refers to usb_istr.o(.text) for USB_Istr
    stm32f10x_it.o(.text) refers to stm32f10x_exti.o(.text) for EXTI_ClearITPendingBit
    stm32f10x_it.o(.text) refers to usb_pwr.o(.text) for Resume
    stm32f10x_it.o(.text) refers to stm32f10x_gpio.o(.text) for GPIO_ReadInputDataBit
    stm32f10x_it.o(.text) refers to usb_init.o(.data) for pInformation
    system_stm32f10x.o(.text) refers to system_stm32f10x.o(.data) for SystemCoreClock
    stm32f10x_gpio.o(.text) refers to stm32f10x_rcc.o(.text) for RCC_APB2PeriphResetCmd
    stm32f10x_usart.o(.text) refers to stm32f10x_rcc.o(.text) for RCC_APB2PeriphResetCmd
    stm32f10x_rcc.o(.text) refers to stm32f10x_rcc.o(.data) for APBAHBPrescTable
    delay.o(.text) refers to delay.o(.data) for CPU_CLK
    sys.o(.text) refers to _printf_pad.o(.text) for _printf_pre_padding
    sys.o(.text) refers to _printf_percent.o(.ARM.Collect$$_printf_percent$$00000000) for _printf_percent
    sys.o(.text) refers to _printf_x.o(.ARM.Collect$$_printf_percent$$0000000C) for _printf_x
    sys.o(.text) refers to _printf_hex_int.o(.text) for _printf_longlong_hex
    sys.o(.text) refers to stm32f10x_rcc.o(.text) for RCC_APB2PeriphClockCmd
    sys.o(.text) refers to stm32f10x_gpio.o(.text) for GPIO_Init
    sys.o(.text) refers to noretval__2sprintf.o(.text) for __2sprintf
    sys.o(.text) refers to misc.o(.text) for NVIC_PriorityGroupConfig
    sys.o(.text) refers to sys.o(.emb_text) for WFI_SET
    usart.o(.text) refers (Special) to use_no_semi_2.o(.text) for __use_no_semihosting
    usart.o(.text) refers to sys.o(.text) for MY_NVIC_Init
    usart.o(.text) refers to stm32f10x_rcc.o(.text) for RCC_APB2PeriphClockCmd
    usart.o(.text) refers to stm32f10x_usart.o(.text) for USART_DeInit
    usart.o(.text) refers to stm32f10x_gpio.o(.text) for GPIO_Init
    usart.o(.text) refers to usart.o(.data) for USART_RX_STA
    usart.o(.text) refers to usart.o(.bss) for USART_RX_BUF
    usart.o(.bss) refers (Special) to use_no_semi_2.o(.text) for __use_no_semihosting
    usart.o(.data) refers (Special) to use_no_semi_2.o(.text) for __use_no_semihosting
    main.o(.text) refers to flash_in_stm32.o(.text) for ReadFlashNBtye
    main.o(.text) refers to stm32f10x_flash.o(.text) for FLASH_ErasePage
    main.o(.text) refers to stm32f10x_rcc.o(.text) for RCC_APB2PeriphClockCmd
    main.o(.text) refers to stm32f10x_gpio.o(.text) for GPIO_Init
    main.o(.text) refers to delay.o(.text) for delay_us
    main.o(.text) refers to usb_pwr.o(.text) for PowerOff
    main.o(.text) refers to led.o(.text) for LED_Init
    main.o(.text) refers to key.o(.text) for key_Init
    main.o(.text) refers to core_cm3.o(.emb_text) for __set_MSP
    main.o(.text) refers to hw_config.o(.text) for Set_System
    main.o(.text) refers to usb_init.o(.text) for USB_Init
    main.o(.text) refers to main.o(.constdata) for .constdata
    main.o(.text) refers to main.o(.data) for JumpAddress
    led.o(.text) refers to stm32f10x_rcc.o(.text) for RCC_APB2PeriphClockCmd
    led.o(.text) refers to stm32f10x_gpio.o(.text) for GPIO_Init
    key.o(.text) refers to stm32f10x_rcc.o(.text) for RCC_APB2PeriphClockCmd
    key.o(.text) refers to stm32f10x_gpio.o(.text) for GPIO_Init
    key.o(.text) refers to delay.o(.text) for delay_us
    key.o(.text) refers to misc.o(.text) for NVIC_PriorityGroupConfig
    key.o(.text) refers to stm32f10x_exti.o(.text) for EXTI_ClearITPendingBit
    key.o(.text) refers to key.o(.data) for key_loo
    fontupd.o(.text) refers to fontupd.o(.constdata) for HzLib
    lcd_drive.o(.text) refers to stm32f10x_rcc.o(.text) for RCC_AHBPeriphClockCmd
    lcd_drive.o(.text) refers to stm32f10x_gpio.o(.text) for GPIO_Init
    lcd_drive.o(.text) refers to stm32f10x_fsmc.o(.text) for FSMC_NORSRAMInit
[...]
    ../clib/libinit.s                        0x00000000   Number         0  libinit.o ABSOLUTE
    ../clib/libinit.s                        0x00000000   Number         0  libinit2.o ABSOLUTE
    ../clib/libinit.s                        0x00000000   Number         0  libshutdown2.o ABSOLUTE
    ../clib/libinit.s                        0x00000000   Number         0  libshutdown.o ABSOLUTE
    ../clib/misc.s                           0x00000000   Number         0  printf_stubs.o ABSOLUTE
    ../clib/printf.c                         0x00000000   Number         0  __printf_nopercent.o ABSOLUTE
    ../clib/printf.c                         0x00000000   Number         0  __printf.o ABSOLUTE
    ../clib/printf.c                         0x00000000   Number         0  noretval__2sprintf.o ABSOLUTE
    ../clib/printf.c                         0x00000000   Number         0  noretval__2printf.o ABSOLUTE
    ../clib/printf.c                         0x00000000   Number         0  __2sprintf.o ABSOLUTE
    ../clib/printf.c                         0x00000000   Number         0  __printf_flags_wp.o ABSOLUTE
    ../clib/printf.c                         0x00000000   Number         0  __printf_ss_wp.o ABSOLUTE
    ../clib/printf.c                         0x00000000   Number         0  __2printf.o ABSOLUTE
    ../clib/printf.c                         0x00000000   Number         0  __printf_wp.o ABSOLUTE
    ../clib/printf.c                         0x00000000   Number         0  _printf_hex_int_ptr.o ABSOLUTE
    ../clib/printf.c                         0x00000000   Number         0  __printf_flags_ss.o ABSOLUTE
    ../clib/printf.c                         0x00000000   Number         0  _printf_char_file.o ABSOLUTE
    ../clib/printf.c                         0x00000000   Number         0  __printf_ss.o ABSOLUTE
    ../clib/printf.c                         0x00000000   Number         0  _sputc.o ABSOLUTE
    ../clib/printf.c                         0x00000000   Number         0  __printf_flags.o ABSOLUTE
    ../clib/printf.c                         0x00000000   Number         0  _printf_char_common.o ABSOLUTE
    ../clib/printf.c                         0x00000000   Number         0  _printf_hex_int_ll_ptr.o ABSOLUTE
    ../clib/printf.c                         0x00000000   Number         0  _printf_intcommon.o ABSOLUTE
    ../clib/printf.c                         0x00000000   Number         0  _printf_hex_ll_ptr.o ABSOLUTE
    ../clib/printf.c                         0x00000000   Number         0  _printf_hex_ptr.o ABSOLUTE
    ../clib/printf.c                         0x00000000   Number         0  _printf_hex_int_ll.o ABSOLUTE
    ../clib/printf.c                         0x00000000   Number         0  __printf_flags_ss_wp.o ABSOLUTE
    ../clib/printf.c                         0x00000000   Number         0  _printf_hex_int.o ABSOLUTE
    ../clib/printf.c                         0x00000000   Number         0  _printf_hex_ll.o ABSOLUTE
    ../clib/printf.c                         0x00000000   Number         0  _printf_pad.o ABSOLUTE
    ../clib/printf_percent.s                 0x00000000   Number         0  _printf_x.o ABSOLUTE
    ../clib/printf_percent.s                 0x00000000   Number         0  _printf_percent.o ABSOLUTE
    ../clib/printf_percent.s                 0x00000000   Number         0  _printf_percent_end.o ABSOLUTE
    ../clib/signal.c                         0x00000000   Number         0  defsig_other.o ABSOLUTE
    ../clib/signal.c                         0x00000000   Number         0  defsig_segv_inner.o ABSOLUTE
    ../clib/signal.c                         0x00000000   Number         0  defsig_rtred_inner.o ABSOLUTE
    ../clib/signal.c                         0x00000000   Number         0  defsig_cppl_inner.o ABSOLUTE
    ../clib/signal.c                         0x00000000   Number         0  defsig_pvfn_inner.o ABSOLUTE
    ../clib/signal.c                         0x00000000   Number         0  defsig_stak_inner.o ABSOLUTE
    ../clib/signal.c                         0x00000000   Number         0  defsig_fpe_inner.o ABSOLUTE
    ../clib/signal.c                         0x00000000   Number         0  defsig_abrt_inner.o ABSOLUTE
    ../clib/signal.c                         0x00000000   Number         0  defsig_general.o ABSOLUTE
    ../clib/signal.c                         0x00000000   Number         0  __raise.o ABSOLUTE
    ../clib/signal.c                         0x00000000   Number         0  defsig_rtmem_inner.o ABSOLUTE
    ../clib/signal.c                         0x00000000   Number         0  defsig_exit.o ABSOLUTE
    ../clib/signal.c                         0x00000000   Number         0  defsig_rtmem_formal.o ABSOLUTE
    ../clib/signal.c                         0x00000000   Number         0  defsig_rtmem_outer.o ABSOLUTE
    ../clib/signal.s                         0x00000000   Number         0  defsig.o ABSOLUTE
    ../clib/stdio.c                          0x00000000   Number         0  ferror.o ABSOLUTE
    ../clib/stdio.c                          0x00000000   Number         0  ferror_locked.o ABSOLUTE
    ../clib/stdlib.c                         0x00000000   Number         0  exit.o ABSOLUTE
    ../fplib/d2f.s                           0x00000000   Number         0  d2f.o ABSOLUTE
    ../fplib/daddsub.s                       0x00000000   Number         0  daddsub_clz.o ABSOLUTE
    ../fplib/dflt.s                          0x00000000   Number         0  dflt_clz.o ABSOLUTE
    ../fplib/dmul.s                          0x00000000   Number         0  dmul.o ABSOLUTE
    ../fplib/dnaninf.s                       0x00000000   Number         0  dnaninf.o ABSOLUTE
    ../fplib/dretinf.s                       0x00000000   Number         0  dretinf.o ABSOLUTE
    ../fplib/f2d.s                           0x00000000   Number         0  f2d.o ABSOLUTE
    ../fplib/fcmpi.s                         0x00000000   Number         0  fcmpi.o ABSOLUTE
    ../fplib/fleqf.s                         0x00000000   Number         0  fleqf.o ABSOLUTE
    ../fplib/fnaninf.s                       0x00000000   Number         0  fnaninf.o ABSOLUTE
    ../fplib/fpinit.s                        0x00000000   Number         0  fpinit.o ABSOLUTE
    ../fplib/fretinf.s                       0x00000000   Number         0  fretinf.o ABSOLUTE
    ../fplib/usenofp.s                       0x00000000   Number         0  usenofp.o ABSOLUTE
    ..\CMSIS\CM3\CORE\core_cm3.c             0x00000000   Number         0  core_cm3.o ABSOLUTE
    ..\CMSIS\CM3\STARTUP\startup_stm32f10x_hd.s 0x00000000   Number         0  startup_stm32f10x_hd.o ABSOLUTE
    ..\CMSIS\CM3\stm32f10x_it.c              0x00000000   Number         0  stm32f10x_it.o ABSOLUTE
    ..\CMSIS\CM3\system_stm32f10x.c          0x00000000   Number         0  system_stm32f10x.o ABSOLUTE
    ..\CMSIS\STM32LIB\src\misc.c             0x00000000   Number         0  misc.o ABSOLUTE
    ..\CMSIS\STM32LIB\src\stm32f10x_exti.c   0x00000000   Number         0  stm32f10x_exti.o ABSOLUTE
    ..\CMSIS\STM32LIB\src\stm32f10x_flash.c  0x00000000   Number         0  stm32f10x_flash.o ABSOLUTE
    ..\CMSIS\STM32LIB\src\stm32f10x_fsmc.c   0x00000000   Number         0  stm32f10x_fsmc.o ABSOLUTE
    ..\CMSIS\STM32LIB\src\stm32f10x_gpio.c   0x00000000   Number         0  stm32f10x_gpio.o ABSOLUTE
    ..\CMSIS\STM32LIB\src\stm32f10x_rcc.c    0x00000000   Number         0  stm32f10x_rcc.o ABSOLUTE
    ..\CMSIS\STM32LIB\src\stm32f10x_usart.c  0x00000000   Number         0  stm32f10x_usart.o ABSOLUTE
    ..\HARDWARE\KEY\key.c                    0x00000000   Number         0  key.o ABSOLUTE
    ..\HARDWARE\LED\led.c                    0x00000000   Number         0  led.o ABSOLUTE
    ..\HARDWARE\flash_in_stm32\flash_in_stm32.c 0x00000000   Number         0  flash_in_stm32.o ABSOLUTE
    ..\HARDWARE\tft\fontupd.c                0x00000000   Number         0  fontupd.o ABSOLUTE
    ..\HARDWARE\tft\lcd_drive.c              0x00000000   Number         0  lcd_drive.o ABSOLUTE
    ..\HARDWARE\tft\lcd_tft.c                0x00000000   Number         0  lcd_tft.o ABSOLUTE
    ..\SYSTEM\delay\delay.c                  0x00000000   Number         0  delay.o ABSOLUTE
    ..\SYSTEM\sys\sys.c                      0x00000000   Number         0  sys.o ABSOLUTE
    ..\SYSTEM\usart\usart.c                  0x00000000   Number         0  usart.o ABSOLUTE
    ..\USB\Mass_Storage\src\dfu_mal.c        0x00000000   Number         0  dfu_mal.o ABSOLUTE
    ..\USB\Mass_Storage\src\hw_config.c      0x00000000   Number         0  hw_config.o ABSOLUTE
    ..\USB\Mass_Storage\src\usb_desc.c       0x00000000   Number         0  usb_desc.o ABSOLUTE
    ..\USB\Mass_Storage\src\usb_istr.c       0x00000000   Number         0  usb_istr.o ABSOLUTE
    ..\USB\Mass_Storage\src\usb_prop.c       0x00000000   Number         0  usb_prop.o ABSOLUTE
    ..\USB\Mass_Storage\src\usb_pwr.c        0x00000000   Number         0  usb_pwr.o ABSOLUTE
    ..\USB\USBLIB\src\usb_core.c             0x00000000   Number         0  usb_core.o ABSOLUTE
    ..\USB\USBLIB\src\usb_init.c             0x00000000   Number         0  usb_init.o ABSOLUTE
    ..\USB\USBLIB\src\usb_int.c              0x00000000   Number         0  usb_int.o ABSOLUTE
    ..\USB\USBLIB\src\usb_mem.c              0x00000000   Number         0  usb_mem.o ABSOLUTE
    ..\USB\USBLIB\src\usb_regs.c             0x00000000   Number         0  usb_regs.o ABSOLUTE
    ..\USB\USBLIB\src\usb_sil.c              0x00000000   Number         0  usb_sil.o ABSOLUTE
    ..\\CMSIS\\CM3\\CORE\\core_cm3.c         0x00000000   Number         0  core_cm3.o ABSOLUTE
    ..\\SYSTEM\\sys\\sys.c                   0x00000000   Number         0  sys.o ABSOLUTE
    dc.s                                     0x00000000   Number         0  dc.o ABSOLUTE
    main.c                                   0x00000000   Number         0  main.o ABSOLUTE
    RESET                                    0x08000000   Section      304  startup_stm32f10x_hd.o(RESET)
    !!!main                                  0x08000130   Section        8  __main.o(!!!main)
    !!!scatter                               0x08000138   Section       52  __scatter.o(!!!scatter)
    !!dczerorl2                              0x0800016c   Section       90  __dczerorl2.o(!!dczerorl2)
    !!handler_zi                             0x080001c8   Section       28  __scatter_zi.o(!!handler_zi)
    .ARM.Collect$$_printf_percent$$00000000  0x080001e4   Section        0  _printf_percent.o(.ARM.Collect$$_printf_percent$$00000000)
    .ARM.Collect$$_printf_percent$$0000000C  0x080001e4   Section        6  _printf_x.o(.ARM.Collect$$_printf_percent$$0000000C)
    .ARM.Collect$$_printf_percent$$00000017  0x080001ea   Section        4  _printf_percent_end.o(.ARM.Collect$$_printf_percent$$00000017)
    .ARM.Collect$$libinit$$00000000          0x080001ee   Section        2  libinit.o(.ARM.Collect$$libinit$$00000000)
    .ARM.Collect$$libinit$$00000002          0x080001f0   Section        0  libinit2.o(.ARM.Collect$$libinit$$00000002)
    .ARM.Collect$$libinit$$00000008          0x080001f0   Section        0  libinit2.o(.ARM.Collect$$libinit$$00000008)
    .ARM.Collect$$libinit$$0000000A          0x080001f0   Section        0  libinit2.o(.ARM.Collect$$libinit$$0000000A)
    .ARM.Collect$$libinit$$0000000C          0x080001f0   Section        0  libinit2.o(.ARM.Collect$$libinit$$0000000C)
    .ARM.Collect$$libinit$$0000000F          0x080001f0   Section        0  libinit2.o(.ARM.Collect$$libinit$$0000000F)
    .ARM.Collect$$libinit$$00000011          0x080001f0   Section        0  libinit2.o(.ARM.Collect$$libinit$$00000011)
    .ARM.Collect$$libinit$$00000013          0x080001f0   Section        0  libinit2.o(.ARM.Collect$$libinit$$00000013)
    .ARM.Collect$$libinit$$00000015          0x080001f0   Section        0  libinit2.o(.ARM.Collect$$libinit$$00000015)
    .ARM.Collect$$libinit$$00000017          0x080001f0   Section        0  libinit2.o(.ARM.Collect$$libinit$$00000017)
    .ARM.Collect$$libinit$$00000019          0x080001f0   Section        0  libinit2.o(.ARM.Collect$$libinit$$00000019)
    .ARM.Collect$$libinit$$0000001B          0x080001f0   Section        0  libinit2.o(.ARM.Collect$$libinit$$0000001B)
    .ARM.Collect$$libinit$$0000001D          0x080001f0   Section        0  libinit2.o(.ARM.Collect$$libinit$$0000001D)
    .ARM.Collect$$libinit$$0000001F          0x080001f0   Section        0  libinit2.o(.ARM.Collect$$libinit$$0000001F)
    .ARM.Collect$$libinit$$00000021          0x080001f0   Section        0  libinit2.o(.ARM.Collect$$libinit$$00000021)
    .ARM.Collect$$libinit$$00000023          0x080001f0   Section        0  libinit2.o(.ARM.Collect$$libinit$$00000023)
    .ARM.Collect$$libinit$$0000002A          0x080001f0   Section        0  libinit2.o(.ARM.Collect$$libinit$$0000002A)
    .ARM.Collect$$libinit$$0000002C          0x080001f0   Section        0  libinit2.o(.ARM.Collect$$libinit$$0000002C)
    .ARM.Collect$$libinit$$0000002E          0x080001f0   Section        0  libinit2.o(.ARM.Collect$$libinit$$0000002E)
    .ARM.Collect$$libinit$$00000030          0x080001f0   Section        0  libinit2.o(.ARM.Collect$$libinit$$00000030)
    .ARM.Collect$$libinit$$00000031          0x080001f0   Section        2  libinit2.o(.ARM.Collect$$libinit$$00000031)
    .ARM.Collect$$libshutdown$$00000000      0x080001f2   Section        2  libshutdown.o(.ARM.Collect$$libshutdown$$00000000)
    .ARM.Collect$$libshutdown$$00000003      0x080001f4   Section        0  libshutdown2.o(.ARM.Collect$$libshutdown$$00000003)
    .ARM.Collect$$libshutdown$$00000006      0x080001f4   Section        0  libshutdown2.o(.ARM.Collect$$libshutdown$$00000006)
    .ARM.Collect$$libshutdown$$00000009      0x080001f4   Section        0  libshutdown2.o(.ARM.Collect$$libshutdown$$00000009)
    .ARM.Collect$$libshutdown$$0000000B      0x080001f4   Section        0  libshutdown2.o(.ARM.Collect$$libshutdown$$0000000B)
    .ARM.Collect$$libshutdown$$0000000E      0x080001f4   Section        0  libshutdown2.o(.ARM.Collect$$libshutdown$$0000000E)
    .ARM.Collect$$libshutdown$$0000000F      0x080001f4   Section        2  libshutdown2.o(.ARM.Collect$$libshutdown$$0000000F)
    .ARM.Collect$$rtentry$$00000000          0x080001f6   Section        0  rtentry.o(.ARM.Collect$$rtentry$$00000000)
    .ARM.Collect$$rtentry$$00000002          0x080001f6   Section        0  rtentry2.o(.ARM.Collect$$rtentry$$00000002)
    .ARM.Collect$$rtentry$$00000004          0x080001f6   Section        6  rtentry4.o(.ARM.Collect$$rtentry$$00000004)
    .ARM.Collect$$rtentry$$00000009          0x080001fc   Section        0  rtentry2.o(.ARM.Collect$$rtentry$$00000009)
    .ARM.Collect$$rtentry$$0000000A          0x080001fc   Section        4  rtentry2.o(.ARM.Collect$$rtentry$$0000000A)
    .ARM.Collect$$rtentry$$0000000C          0x08000200   Section        0  rtentry2.o(.ARM.Collect$$rtentry$$0000000C)
    .ARM.Collect$$rtentry$$0000000D          0x08000200   Section        8  rtentry2.o(.ARM.Collect$$rtentry$$0000000D)
    .ARM.Collect$$rtexit$$00000000           0x08000208   Section        2  rtexit.o(.ARM.Collect$$rtexit$$00000000)
    .ARM.Collect$$rtexit$$00000002           0x0800020a   Section        0  rtexit2.o(.ARM.Collect$$rtexit$$00000002)
    .ARM.Collect$$rtexit$$00000003           0x0800020a   Section        4  rtexit2.o(.ARM.Collect$$rtexit$$00000003)
    .ARM.Collect$$rtexit$$00000004           0x0800020e   Section        6  rtexit2.o(.ARM.Collect$$rtexit$$00000004)
    .emb_text                                0x08000214   Section       32  core_cm3.o(.emb_text)
    .emb_text                                0x08000234   Section        2  sys.o(.emb_text)
    .text                                    0x08000238   Section       64  startup_stm32f10x_hd.o(.text)
    .text                                    0x08000278   Section        0  stm32f10x_it.o(.text)
    .text                                    0x08000318   Section        0  system_stm32f10x.o(.text)
    SetSysClockTo72                          0x08000319   Thumb Code   212  system_stm32f10x.o(.text)
    SetSysClock                              0x080003ed   Thumb Code     8  system_stm32f10x.o(.text)
    .text                                    0x080004f4   Section        0  misc.o(.text)
    .text                                    0x080005d0   Section        0  stm32f10x_gpio.o(.text)
    .text                                    0x08000928   Section        0  stm32f10x_usart.o(.text)
    .text                                    0x08000d30   Section        0  stm32f10x_exti.o(.text)
    .text                                    0x08000e4c   Section        0  stm32f10x_flash.o(.text)
    .text                                    0x08001408   Section        0  stm32f10x_rcc.o(.text)
    .text                                    0x080017ac   Section        0  delay.o(.text)
    .text                                    0x080017f8   Section        0  sys.o(.text)
    .text                                    0x08001b40   Section        0  usart.o(.text)
    .text                                    0x08001cc8   Section        0  main.o(.text)
    GPIO_DeIntConfiguration                  0x08001d89   Thumb Code    74  main.o(.text)
    .text                                    0x08001f7c   Section        0  led.o(.text)
    .text                                    0x08002024   Section        0  key.o(.text)
    .text                                    0x0800227c   Section        0  flash_in_stm32.o(.text)
    .text                                    0x08002304   Section        0  usb_core.o(.text)
    DataStageOut                             0x080026e5   Thumb Code   196  usb_core.o(.text)
    DataStageIn                              0x080027a9   Thumb Code   166  usb_core.o(.text)
    NoData_Setup0                            0x0800284f   Thumb Code   288  usb_core.o(.text)
    Data_Setup0                              0x0800296f   Thumb Code   664  usb_core.o(.text)
    .text                                    0x08002dfc   Section        0  usb_init.o(.text)
    .text                                    0x08002e38   Section        0  usb_int.o(.text)
    .text                                    0x0800313c   Section        0  usb_mem.o(.text)
    .text                                    0x08003198   Section        0  usb_regs.o(.text)
    .text                                    0x08003934   Section        0  usb_sil.o(.text)
    .text                                    0x080039b4   Section        0  hw_config.o(.text)
    IntToUnicode                             0x08003ad7   Thumb Code    62  hw_config.o(.text)
    .text                                    0x08003b6c   Section        0  usb_istr.o(.text)
    .text                                    0x08003d28   Section        0  usb_prop.o(.text)
    .text                                    0x080043e4   Section        0  usb_pwr.o(.text)
    .text                                    0x0800461c   Section        0  dfu_mal.o(.text)
    .text                                    0x0800467c   Section        2  use_no_semi_2.o(.text)
    .text                                    0x08004680   Section        0  noretval__2sprintf.o(.text)
    .text                                    0x080046a8   Section        0  _printf_pad.o(.text)
    .text                                    0x080046fc   Section        0  _printf_hex_int.o(.text)
    .text                                    0x08004758   Section        0  __printf_flags_wp.o(.text)
    .text                                    0x08004894   Section        0  heapauxi.o(.text)
    .text                                    0x0800489a   Section        2  use_no_semi.o(.text)
    .text                                    0x0800489c   Section        0  _printf_intcommon.o(.text)
    .text                                    0x08004954   Section        0  _printf_char_common.o(.text)
    _printf_input_char                       0x08004955   Thumb Code    10  _printf_char_common.o(.text)
    .text                                    0x08004984   Section        0  _sputc.o(.text)
    .text                                    0x0800498e   Section       74  sys_stackheap_outer.o(.text)
    .text                                    0x080049d8   Section        0  exit.o(.text)
    .text                                    0x080049e4   Section        8  libspace.o(.text)
    i._is_digit                              0x080049ec   Section        0  __printf_wp.o(i._is_digit)
    .constdata                               0x080049fc   Section        4  main.o(.constdata)
    .constdata                               0x08004a00   Section       40  _printf_hex_int.o(.constdata)
    uc_hextab                                0x08004a00   Data          20  _printf_hex_int.o(.constdata)
    lc_hextab                                0x08004a14   Data          20  _printf_hex_int.o(.constdata)
    .constdata                               0x08004a28   Section       17  __printf_flags_wp.o(.constdata)
    maptable                                 0x08004a28   Data          17  __printf_flags_wp.o(.constdata)
    .data                                    0x20000000   Section       20  system_stm32f10x.o(.data)
    .data                                    0x20000014   Section       20  stm32f10x_rcc.o(.data)
    APBAHBPrescTable                         0x20000014   Data          16  stm32f10x_rcc.o(.data)
    ADCPrescTable                            0x20000024   Data           4  stm32f10x_rcc.o(.data)
    .data                                    0x20000028   Section        4  delay.o(.data)
    CPU_CLK                                  0x20000028   Data           4  delay.o(.data)
    .data                                    0x2000002c   Section        8  usart.o(.data)
    .data                                    0x20000034   Section       16  main.o(.data)
    .data                                    0x20000044   Section        1  key.o(.data)
    key_loo                                  0x20000044   Data           1  key.o(.data)
    .data                                    0x20000045   Section        1  flash_in_stm32.o(.data)
    .data                                    0x20000046   Section        4  usb_core.o(.data)
    .data                                    0x2000004c   Section       20  usb_init.o(.data)
    .data                                    0x20000060   Section        4  usb_int.o(.data)
    .data                                    0x20000064   Section       16  hw_config.o(.data)
    .data                                    0x20000074   Section      665  usb_desc.o(.data)
    .data                                    0x20000310   Section       70  usb_istr.o(.data)
    .data                                    0x20000358   Section      176  usb_prop.o(.data)
    .data                                    0x20000408   Section       14  usb_pwr.o(.data)
    .bss                                     0x20000418   Section       63  usart.o(.bss)
    .bss                                     0x20000458   Section       28  usb_init.o(.bss)
    .bss                                     0x20000474   Section       32  usb_pwr.o(.bss)
    .bss                                     0x20000494   Section     1024  dfu_mal.o(.bss)
    .bss                                     0x20000894   Section       96  libspace.o(.bss)
    HEAP                                     0x200008f8   Section      512  startup_stm32f10x_hd.o(HEAP)
    Heap_Mem                                 0x200008f8   Data         512  startup_stm32f10x_hd.o(HEAP)
    STACK                                    0x20000af8   Section     1024  startup_stm32f10x_hd.o(STACK)
    Stack_Mem                                0x20000af8   Data        1024  startup_stm32f10x_hd.o(STACK)
    __initial_sp                             0x20000ef8   Data           0  startup_stm32f10x_hd.o(STACK)

    Global Symbols

    Symbol Name                              Value     Ov Type        Size  Object(Section)

    BuildAttributes$$THM_ISAv4$P$D$K$B$S$PE$A:L22UL41UL21$X:L11$S22US41US21$IEEE1$IW$USESV6$~STKCKD$USESV7$~SHL$OSPACE$ROPI$EBA8$UX$STANDARDLIB$REQ8$PRES8$EABIv2 0x00000000   Number         0  anon$$obj.o ABSOLUTE
    __ARM_use_no_argv                        0x00000000   Number         0  main.o ABSOLUTE
    _printf_flags                            0x00000000   Number         0  printf_stubs.o ABSOLUTE
    _printf_return_value                     0x00000000   Number         0  printf_stubs.o ABSOLUTE
    _printf_sizespec                         0x00000000   Number         0  printf_stubs.o ABSOLUTE
    _printf_widthprec                        0x00000000   Number         0  printf_stubs.o ABSOLUTE
    __ARM_exceptions_init                     - Undefined Weak Reference
    __alloca_initialize                       - Undefined Weak Reference
    __cpp_initialize__aeabi_                  - Undefined Weak Reference
    __cxa_finalize                            - Undefined Weak Reference
    __rt_locale                               - Undefined Weak Reference
    __sigvec_lookup                           - Undefined Weak Reference
    _atexit_init                              - Undefined Weak Reference
    _call_atexit_fns                          - Undefined Weak Reference
    _clock_init                               - Undefined Weak Reference
    _fp_trap_init                             - Undefined Weak Reference
    _fp_trap_shutdown                         - Undefined Weak Reference
    _get_lc_collate                           - Undefined Weak Reference
    _get_lc_ctype                             - Undefined Weak Reference
    _get_lc_monetary                          - Undefined Weak Reference
    _get_lc_numeric                           - Undefined Weak Reference
    _get_lc_time                              - Undefined Weak Reference
    _getenv_init                              - Undefined Weak Reference
    _handle_redirection                       - Undefined Weak Reference
    _init_alloc                               - Undefined Weak Reference
    _init_user_alloc                          - Undefined Weak Reference
    _initio                                   - Undefined Weak Reference
    _mutex_acquire                            - Undefined Weak Reference
    _mutex_release                            - Undefined Weak Reference
    _printf_truncate_unsigned                 - Undefined Weak Reference
    _rand_init                                - Undefined Weak Reference
    _signal_finish                            - Undefined Weak Reference
    _signal_init                              - Undefined Weak Reference
    _terminate_alloc                          - Undefined Weak Reference
    _terminate_user_alloc                     - Undefined Weak Reference
    _terminateio                              - Undefined Weak Reference
    __Vectors_Size                           0x00000130   Number         0  startup_stm32f10x_hd.o ABSOLUTE
    __Vectors                                0x08000000   Data           4  startup_stm32f10x_hd.o(RESET)
    __Vectors_End                            0x08000130   Data           0  startup_stm32f10x_hd.o(RESET)
    __main                                   0x08000131   Thumb Code     8  __main.o(!!!main)
    __scatterload                            0x08000139   Thumb Code     0  __scatter.o(!!!scatter)
    __scatterload_rt2                        0x08000139   Thumb Code    44  __scatter.o(!!!scatter)
    __scatterload_rt2_thumb_only             0x08000139   Thumb Code     0  __scatter.o(!!!scatter)
    __scatterload_null                       0x08000147   Thumb Code     0  __scatter.o(!!!scatter)
    __decompress                             0x0800016d   Thumb Code    90  __dczerorl2.o(!!dczerorl2)
    __decompress1                            0x0800016d   Thumb Code     0  __dczerorl2.o(!!dczerorl2)
    __scatterload_zeroinit                   0x080001c9   Thumb Code    28  __scatter_zi.o(!!handler_zi)
    _printf_percent                          0x080001e5   Thumb Code     0  _printf_percent.o(.ARM.Collect$$_printf_percent$$00000000)
    _printf_x                                0x080001e5   Thumb Code     0  _printf_x.o(.ARM.Collect$$_printf_percent$$0000000C)
    _printf_percent_end                      0x080001eb   Thumb Code     0  _printf_percent_end.o(.ARM.Collect$$_printf_percent$$00000017)
    __rt_lib_init                            0x080001ef   Thumb Code     0  libinit.o(.ARM.Collect$$libinit$$00000000)
    __rt_lib_init_alloca_1                   0x080001f1   Thumb Code     0  libinit2.o(.ARM.Collect$$libinit$$0000002C)
    __rt_lib_init_argv_1                     0x080001f1   Thumb Code     0  libinit2.o(.ARM.Collect$$libinit$$0000002A)
    __rt_lib_init_atexit_1                   0x080001f1   Thumb Code     0  libinit2.o(.ARM.Collect$$libinit$$00000019)
    __rt_lib_init_clock_1                    0x080001f1   Thumb Code     0  libinit2.o(.ARM.Collect$$libinit$$0000001F)
    __rt_lib_init_cpp_1                      0x080001f1   Thumb Code     0  libinit2.o(.ARM.Collect$$libinit$$00000030)
    __rt_lib_init_exceptions_1               0x080001f1   Thumb Code     0  libinit2.o(.ARM.Collect$$libinit$$0000002E)
    __rt_lib_init_fp_1                       0x080001f1   Thumb Code     0  libinit2.o(.ARM.Collect$$libinit$$00000002)
    __rt_lib_init_fp_trap_1                  0x080001f1   Thumb Code     0  libinit2.o(.ARM.Collect$$libinit$$0000001D)
    __rt_lib_init_getenv_1                   0x080001f1   Thumb Code     0  libinit2.o(.ARM.Collect$$libinit$$00000021)
    __rt_lib_init_heap_1                     0x080001f1   Thumb Code     0  libinit2.o(.ARM.Collect$$libinit$$00000008)
    __rt_lib_init_lc_collate_1               0x080001f1   Thumb Code     0  libinit2.o(.ARM.Collect$$libinit$$0000000F)
    __rt_lib_init_lc_ctype_1                 0x080001f1   Thumb Code     0  libinit2.o(.ARM.Collect$$libinit$$00000011)
    __rt_lib_init_lc_monetary_1              0x080001f1   Thumb Code     0  libinit2.o(.ARM.Collect$$libinit$$00000013)
    __rt_lib_init_lc_numeric_1               0x080001f1   Thumb Code     0  libinit2.o(.ARM.Collect$$libinit$$00000015)
    __rt_lib_init_lc_time_1                  0x080001f1   Thumb Code     0  libinit2.o(.ARM.Collect$$libinit$$00000017)
    __rt_lib_init_rand_1                     0x080001f1   Thumb Code     0  libinit2.o(.ARM.Collect$$libinit$$0000000C)
    __rt_lib_init_return                     0x080001f1   Thumb Code     0  libinit2.o(.ARM.Collect$$libinit$$00000031)
    __rt_lib_init_signal_1                   0x080001f1   Thumb Code     0  libinit2.o(.ARM.Collect$$libinit$$0000001B)
    __rt_lib_init_stdio_1                    0x080001f1   Thumb Code     0  libinit2.o(.ARM.Collect$$libinit$$00000023)
    __rt_lib_init_user_alloc_1               0x080001f1   Thumb Code     0  libinit2.o(.ARM.Collect$$libinit$$0000000A)
    __rt_lib_shutdown                        0x080001f3   Thumb Code     0  libshutdown.o(.ARM.Collect$$libshutdown$$00000000)
    __rt_lib_shutdown_fp_trap_1              0x080001f5   Thumb Code     0  libshutdown2.o(.ARM.Collect$$libshutdown$$00000006)
    __rt_lib_shutdown_heap_1                 0x080001f5   Thumb Code     0  libshutdown2.o(.ARM.Collect$$libshutdown$$0000000E)
    __rt_lib_shutdown_return                 0x080001f5   Thumb Code     0  libshutdown2.o(.ARM.Collect$$libshutdown$$0000000F)
    __rt_lib_shutdown_signal_1               0x080001f5   Thumb Code     0  libshutdown2.o(.ARM.Collect$$libshutdown$$00000009)
    __rt_lib_shutdown_stdio_1                0x080001f5   Thumb Code     0  libshutdown2.o(.ARM.Collect$$libshutdown$$00000003)
    __rt_lib_shutdown_user_alloc_1           0x080001f5   Thumb Code     0  libshutdown2.o(.ARM.Collect$$libshutdown$$0000000B)
    __rt_entry                               0x080001f7   Thumb Code     0  rtentry.o(.ARM.Collect$$rtentry$$00000000)
    __rt_entry_presh_1                       0x080001f7   Thumb Code     0  rtentry2.o(.ARM.Collect$$rtentry$$00000002)
    __rt_entry_sh                            0x080001f7   Thumb Code     0  rtentry4.o(.ARM.Collect$$rtentry$$00000004)
    __rt_entry_li                            0x080001fd   Thumb Code     0  rtentry2.o(.ARM.Collect$$rtentry$$0000000A)
    __rt_entry_postsh_1                      0x080001fd   Thumb Code     0  rtentry2.o(.ARM.Collect$$rtentry$$00000009)
    __rt_entry_main                          0x08000201   Thumb Code     0  rtentry2.o(.ARM.Collect$$rtentry$$0000000D)
    __rt_entry_postli_1                      0x08000201   Thumb Code     0  rtentry2.o(.ARM.Collect$$rtentry$$0000000C)
    __rt_exit                                0x08000209   Thumb Code     0  rtexit.o(.ARM.Collect$$rtexit$$00000000)
    __rt_exit_ls                             0x0800020b   Thumb Code     0  rtexit2.o(.ARM.Collect$$rtexit$$00000003)
    __rt_exit_prels_1                        0x0800020b   Thumb Code     0  rtexit2.o(.ARM.Collect$$rtexit$$00000002)
    __rt_exit_exit                           0x0800020f   Thumb Code     0  rtexit2.o(.ARM.Collect$$rtexit$$00000004)
    __get_PSP                                0x08000215   Thumb Code     6  core_cm3.o(.emb_text)
    __set_PSP                                0x0800021b   Thumb Code     6  core_cm3.o(.emb_text)
    __get_MSP                                0x08000221   Thumb Code     6  core_cm3.o(.emb_text)
    __set_MSP                                0x08000227   Thumb Code     6  core_cm3.o(.emb_text)
    __REV16                                  0x0800022d   Thumb Code     4  core_cm3.o(.emb_text)
    __REVSH                                  0x08000231   Thumb Code     4  core_cm3.o(.emb_text)
    WFI_SET                                  0x08000235   Thumb Code     2  sys.o(.emb_text)
    Reset_Handler                            0x08000239   Thumb Code     8  startup_stm32f10x_hd.o(.text)
    ADC1_2_IRQHandler                        0x08000253   Thumb Code     0  startup_stm32f10x_hd.o(.text)
    ADC3_IRQHandler                          0x08000253   Thumb Code     0  startup_stm32f10x_hd.o(.text)
    CAN1_RX1_IRQHandler                      0x08000253   Thumb Code     0  startup_stm32f10x_hd.o(.text)
    CAN1_SCE_IRQHandler                      0x08000253   Thumb Code     0  startup_stm32f10x_hd.o(.text)
    DMA1_Channel1_IRQHandler                 0x08000253   Thumb Code     0  startup_stm32f10x_hd.o(.text)
    DMA1_Channel2_IRQHandler                 0x08000253   Thumb Code     0  startup_stm32f10x_hd.o(.text)
    DMA1_Channel3_IRQHandler                 0x08000253   Thumb Code     0  startup_stm32f10x_hd.o(.text)
    DMA1_Channel4_IRQHandler                 0x08000253   Thumb Code     0  startup_stm32f10x_hd.o(.text)
    DMA1_Channel5_IRQHandler                 0x08000253   Thumb Code     0  startup_stm32f10x_hd.o(.text)
    DMA1_Channel6_IRQHandler                 0x08000253   Thumb Code     0  startup_stm32f10x_hd.o(.text)
    DMA1_Channel7_IRQHandler                 0x08000253   Thumb Code     0  startup_stm32f10x_hd.o(.text)
    DMA2_Channel1_IRQHandler                 0x08000253   Thumb Code     0  startup_stm32f10x_hd.o(.text)
    DMA2_Channel2_IRQHandler                 0x08000253   Thumb Code     0  startup_stm32f10x_hd.o(.text)
    DMA2_Channel3_IRQHandler                 0x08000253   Thumb Code     0  startup_stm32f10x_hd.o(.text)
    DMA2_Channel4_5_IRQHandler               0x08000253   Thumb Code     0  startup_stm32f10x_hd.o(.text)
    EXTI15_10_IRQHandler                     0x08000253   Thumb Code     0  startup_stm32f10x_hd.o(.text)
    EXTI1_IRQHandler                         0x08000253   Thumb Code     0  startup_stm32f10x_hd.o(.text)
    EXTI3_IRQHandler                         0x08000253   Thumb Code     0  startup_stm32f10x_hd.o(.text)
    EXTI4_IRQHandler                         0x08000253   Thumb Code     0  startup_stm32f10x_hd.o(.text)
    EXTI9_5_IRQHandler                       0x08000253   Thumb Code     0  startup_stm32f10x_hd.o(.text)
    FLASH_IRQHandler                         0x08000253   Thumb Code     0  startup_stm32f10x_hd.o(.text)
    FSMC_IRQHandler                          0x08000253   Thumb Code     0  startup_stm32f10x_hd.o(.text)
    I2C1_ER_IRQHandler                       0x08000253   Thumb Code     0  startup_stm32f10x_hd.o(.text)
    I2C1_EV_IRQHandler                       0x08000253   Thumb Code     0  startup_stm32f10x_hd.o(.text)
    I2C2_ER_IRQHandler                       0x08000253   Thumb Code     0  startup_stm32f10x_hd.o(.text)
    I2C2_EV_IRQHandler                       0x08000253   Thumb Code     0  startup_stm32f10x_hd.o(.text)
    PVD_IRQHandler                           0x08000253   Thumb Code     0  startup_stm32f10x_hd.o(.text)
    RCC_IRQHandler                           0x08000253   Thumb Code     0  startup_stm32f10x_hd.o(.text)
    RTCAlarm_IRQHandler                      0x08000253   Thumb Code     0  startup_stm32f10x_hd.o(.text)
    RTC_IRQHandler                           0x08000253   Thumb Code     0  startup_stm32f10x_hd.o(.text)
    SDIO_IRQHandler                          0x08000253   Thumb Code     0  startup_stm32f10x_hd.o(.text)
    SPI1_IRQHandler                          0x08000253   Thumb Code     0  startup_stm32f10x_hd.o(.text)
    SPI2_IRQHandler                          0x08000253   Thumb Code     0  startup_stm32f10x_hd.o(.text)
    SPI3_IRQHandler                          0x08000253   Thumb Code     0  startup_stm32f10x_hd.o(.text)
    TAMPER_IRQHandler                        0x08000253   Thumb Code     0  startup_stm32f10x_hd.o(.text)
    TIM1_BRK_IRQHandler                      0x08000253   Thumb Code     0  startup_stm32f10x_hd.o(.text)
    TIM1_CC_IRQHandler                       0x08000253   Thumb Code     0  startup_stm32f10x_hd.o(.text)
    TIM1_TRG_COM_IRQHandler                  0x08000253   Thumb Code     0  startup_stm32f10x_hd.o(.text)
    TIM1_UP_IRQHandler                       0x08000253   Thumb Code     0  startup_stm32f10x_hd.o(.text)
    TIM2_IRQHandler                          0x08000253   Thumb Code     0  startup_stm32f10x_hd.o(.text)
    TIM3_IRQHandler                          0x08000253   Thumb Code     0  startup_stm32f10x_hd.o(.text)
    TIM4_IRQHandler                          0x08000253   Thumb Code     0  startup_stm32f10x_hd.o(.text)
    TIM5_IRQHandler                          0x08000253   Thumb Code     0  startup_stm32f10x_hd.o(.text)
    TIM6_IRQHandler                          0x08000253   Thumb Code     0  startup_stm32f10x_hd.o(.text)
    TIM7_IRQHandler                          0x08000253   Thumb Code     0  startup_stm32f10x_hd.o(.text)
    TIM8_BRK_IRQHandler                      0x08000253   Thumb Code     0  startup_stm32f10x_hd.o(.text)
    TIM8_CC_IRQHandler                       0x08000253   Thumb Code     0  startup_stm32f10x_hd.o(.text)
    TIM8_TRG_COM_IRQHandler                  0x08000253   Thumb Code     0  startup_stm32f10x_hd.o(.text)
    TIM8_UP_IRQHandler                       0x08000253   Thumb Code     0  startup_stm32f10x_hd.o(.text)
    UART4_IRQHandler                         0x08000253   Thumb Code     0  startup_stm32f10x_hd.o(.text)
    UART5_IRQHandler                         0x08000253   Thumb Code     0  startup_stm32f10x_hd.o(.text)
    USART2_IRQHandler                        0x08000253   Thumb Code     0  startup_stm32f10x_hd.o(.text)
    USART3_IRQHandler                        0x08000253   Thumb Code     0  startup_stm32f10x_hd.o(.text)
    USB_HP_CAN1_TX_IRQHandler                0x08000253   Thumb Code     0  startup_stm32f10x_hd.o(.text)
    WWDG_IRQHandler                          0x08000253   Thumb Code     0  startup_stm32f10x_hd.o(.text)
    __user_initial_stackheap                 0x08000255   Thumb Code     0  startup_stm32f10x_hd.o(.text)
    USB_LP_CAN1_RX0_IRQHandler               0x08000279   Thumb Code     8  stm32f10x_it.o(.text)
    USBWakeUp_IRQHandler                     0x08000281   Thumb Code    12  stm32f10x_it.o(.text)
    EXTI0_IRQHandler                         0x0800028d   Thumb Code    36  stm32f10x_it.o(.text)
    NMI_Handler                              0x080002b1   Thumb Code     2  stm32f10x_it.o(.text)
    HardFault_Handler                        0x080002b3   Thumb Code     2  stm32f10x_it.o(.text)
    MemManage_Handler                        0x080002b5   Thumb Code     2  stm32f10x_it.o(.text)
    BusFault_Handler                         0x080002b7   Thumb Code     2  stm32f10x_it.o(.text)
    UsageFault_Handler                       0x080002b9   Thumb Code     2  stm32f10x_it.o(.text)
    SVC_Handler                              0x080002bb   Thumb Code     2  stm32f10x_it.o(.text)
    DebugMon_Handler                         0x080002bd   Thumb Code     2  stm32f10x_it.o(.text)
    PendSV_Handler                           0x080002bf   Thumb Code     2  stm32f10x_it.o(.text)
    SysTick_Handler                          0x080002c1   Thumb Code     2  stm32f10x_it.o(.text)
    EXTI2_IRQHandler                         0x080002c3   Thumb Code    76  stm32f10x_it.o(.text)
    SystemInit                               0x080003f5   Thumb Code    78  system_stm32f10x.o(.text)
    SystemCoreClockUpdate                    0x08000443   Thumb Code   140  system_stm32f10x.o(.text)
    NVIC_PriorityGroupConfig                 0x080004f5   Thumb Code    10  misc.o(.text)
    NVIC_Init                                0x080004ff   Thumb Code   102  misc.o(.text)
    NVIC_SetVectorTable                      0x08000565   Thumb Code    14  misc.o(.text)
    NVIC_SystemLPConfig                      0x08000573   Thumb Code    34  misc.o(.text)
    SysTick_CLKSourceConfig                  0x08000595   Thumb Code    40  misc.o(.text)
    GPIO_DeInit                              0x080005d1   Thumb Code   172  stm32f10x_gpio.o(.text)
    GPIO_AFIODeInit                          0x0800067d   Thumb Code    20  stm32f10x_gpio.o(.text)
    GPIO_Init                                0x08000691   Thumb Code   274  stm32f10x_gpio.o(.text)
    GPIO_StructInit                          0x080007a3   Thumb Code    16  stm32f10x_gpio.o(.text)
    GPIO_ReadInputDataBit                    0x080007b3   Thumb Code    18  stm32f10x_gpio.o(.text)
    GPIO_ReadInputData                       0x080007c5   Thumb Code     8  stm32f10x_gpio.o(.text)
    GPIO_ReadOutputDataBit                   0x080007cd   Thumb Code    18  stm32f10x_gpio.o(.text)
    GPIO_ReadOutputData                      0x080007df   Thumb Code     8  stm32f10x_gpio.o(.text)
    GPIO_SetBits                             0x080007e7   Thumb Code     4  stm32f10x_gpio.o(.text)
    GPIO_ResetBits                           0x080007eb   Thumb Code     4  stm32f10x_gpio.o(.text)
    GPIO_WriteBit                            0x080007ef   Thumb Code    10  stm32f10x_gpio.o(.text)
    GPIO_Write                               0x080007f9   Thumb Code     4  stm32f10x_gpio.o(.text)
    GPIO_PinLockConfig                       0x080007fd   Thumb Code    18  stm32f10x_gpio.o(.text)
    GPIO_EventOutputConfig                   0x0800080f   Thumb Code    26  stm32f10x_gpio.o(.text)
    GPIO_EventOutputCmd                      0x08000829   Thumb Code     6  stm32f10x_gpio.o(.text)
    GPIO_PinRemapConfig                      0x0800082f   Thumb Code   138  stm32f10x_gpio.o(.text)
    GPIO_EXTILineConfig                      0x080008b9   Thumb Code    66  stm32f10x_gpio.o(.text)
    GPIO_ETH_MediaInterfaceConfig            0x080008fb   Thumb Code     6  stm32f10x_gpio.o(.text)
    USART_DeInit                             0x08000929   Thumb Code   134  stm32f10x_usart.o(.text)
    USART_Init                               0x080009af   Thumb Code   210  stm32f10x_usart.o(.text)
    USART_StructInit                         0x08000a81   Thumb Code    24  stm32f10x_usart.o(.text)
    USART_ClockInit                          0x08000a99   Thumb Code    34  stm32f10x_usart.o(.text)
    USART_ClockStructInit                    0x08000abb   Thumb Code    12  stm32f10x_usart.o(.text)
    USART_Cmd                                0x08000ac7   Thumb Code    24  stm32f10x_usart.o(.text)
    USART_ITConfig                           0x08000adf   Thumb Code    74  stm32f10x_usart.o(.text)
    USART_DMACmd                             0x08000b29   Thumb Code    18  stm32f10x_usart.o(.text)
    USART_SetAddress                         0x08000b3b   Thumb Code    18  stm32f10x_usart.o(.text)
    USART_WakeUpConfig                       0x08000b4d   Thumb Code    18  stm32f10x_usart.o(.text)
    USART_ReceiverWakeUpCmd                  0x08000b5f   Thumb Code    24  stm32f10x_usart.o(.text)
    USART_LINBreakDetectLengthConfig         0x08000b77   Thumb Code    18  stm32f10x_usart.o(.text)
    USART_LINCmd                             0x08000b89   Thumb Code    24  stm32f10x_usart.o(.text)
    USART_SendData                           0x08000ba1   Thumb Code     8  stm32f10x_usart.o(.text)
    USART_ReceiveData                        0x08000ba9   Thumb Code    10  stm32f10x_usart.o(.text)
    USART_SendBreak                          0x08000bb3   Thumb Code    10  stm32f10x_usart.o(.text)
    USART_SetGuardTime                       0x08000bbd   Thumb Code    16  stm32f10x_usart.o(.text)
    USART_SetPrescaler                       0x08000bcd   Thumb Code    16  stm32f10x_usart.o(.text)
    USART_SmartCardCmd                       0x08000bdd   Thumb Code    24  stm32f10x_usart.o(.text)
    USART_SmartCardNACKCmd                   0x08000bf5   Thumb Code    24  stm32f10x_usart.o(.text)
    USART_HalfDuplexCmd                      0x08000c0d   Thumb Code    24  stm32f10x_usart.o(.text)
    USART_OverSampling8Cmd                   0x08000c25   Thumb Code    22  stm32f10x_usart.o(.text)
    USART_OneBitMethodCmd                    0x08000c3b   Thumb Code    24  stm32f10x_usart.o(.text)
    USART_IrDAConfig                         0x08000c53   Thumb Code    18  stm32f10x_usart.o(.text)
    USART_IrDACmd                            0x08000c65   Thumb Code    24  stm32f10x_usart.o(.text)
    USART_GetFlagStatus                      0x08000c7d   Thumb Code    26  stm32f10x_usart.o(.text)
    USART_ClearFlag                          0x08000c97   Thumb Code    18  stm32f10x_usart.o(.text)
    USART_GetITStatus                        0x08000ca9   Thumb Code    84  stm32f10x_usart.o(.text)
    USART_ClearITPendingBit                  0x08000cfd   Thumb Code    52  stm32f10x_usart.o(.text)
    EXTI_DeInit                              0x08000d31   Thumb Code    28  stm32f10x_exti.o(.text)
    EXTI_Init                                0x08000d4d   Thumb Code   142  stm32f10x_exti.o(.text)
    EXTI_StructInit                          0x08000ddb   Thumb Code    16  stm32f10x_exti.o(.text)
    EXTI_GenerateSWInterrupt                 0x08000deb   Thumb Code    16  stm32f10x_exti.o(.text)
    EXTI_GetFlagStatus                       0x08000dfb   Thumb Code    22  stm32f10x_exti.o(.text)
    EXTI_ClearFlag                           0x08000e11   Thumb Code     8  stm32f10x_exti.o(.text)
    EXTI_GetITStatus                         0x08000e19   Thumb Code    34  stm32f10x_exti.o(.text)
    EXTI_ClearITPendingBit                   0x08000e3b   Thumb Code     8  stm32f10x_exti.o(.text)
    FLASH_SetLatency                         0x08000e4d   Thumb Code    18  stm32f10x_flash.o(.text)
    FLASH_HalfCycleAccessCmd                 0x08000e5f   Thumb Code    22  stm32f10x_flash.o(.text)
    FLASH_PrefetchBufferCmd                  0x08000e75   Thumb Code    22  stm32f10x_flash.o(.text)
    FLASH_Unlock                             0x08000e8b   Thumb Code    12  stm32f10x_flash.o(.text)
    FLASH_UnlockBank1                        0x08000e97   Thumb Code    12  stm32f10x_flash.o(.text)
    FLASH_Lock                               0x08000ea3   Thumb Code    14  stm32f10x_flash.o(.text)
    FLASH_LockBank1                          0x08000eb1   Thumb Code    14  stm32f10x_flash.o(.text)
    FLASH_GetBank1Status                     0x08000ebf   Thumb Code    48  stm32f10x_flash.o(.text)
    FLASH_WaitForLastOperation               0x08000eef   Thumb Code    38  stm32f10x_flash.o(.text)
    FLASH_ErasePage                          0x08000f15   Thumb Code    72  stm32f10x_flash.o(.text)
    FLASH_EraseAllPages                      0x08000f5d   Thumb Code    68  stm32f10x_flash.o(.text)
    FLASH_WaitForLastBank1Operation          0x08000fa1   Thumb Code    38  stm32f10x_flash.o(.text)
    FLASH_EraseAllBank1Pages                 0x08000fc7   Thumb Code    68  stm32f10x_flash.o(.text)
    FLASH_GetReadOutProtectionStatus         0x0800100b   Thumb Code    20  stm32f10x_flash.o(.text)
    FLASH_EraseOptionBytes                   0x0800101f   Thumb Code   150  stm32f10x_flash.o(.text)
    FLASH_ProgramWord                        0x080010b5   Thumb Code   102  stm32f10x_flash.o(.text)
    FLASH_ProgramHalfWord                    0x0800111b   Thumb Code    60  stm32f10x_flash.o(.text)
    FLASH_ProgramOptionByteData              0x08001157   Thumb Code    72  stm32f10x_flash.o(.text)
    FLASH_EnableWriteProtection              0x0800119f   Thumb Code   200  stm32f10x_flash.o(.text)
    FLASH_ReadOutProtection                  0x08001267   Thumb Code   156  stm32f10x_flash.o(.text)
    FLASH_UserOptionByteConfig               0x08001303   Thumb Code    88  stm32f10x_flash.o(.text)
    FLASH_GetUserOptionByte                  0x0800135b   Thumb Code     8  stm32f10x_flash.o(.text)
    FLASH_GetWriteProtectionOptionByte       0x08001363   Thumb Code     6  stm32f10x_flash.o(.text)
    FLASH_GetPrefetchBufferStatus            0x08001369   Thumb Code    20  stm32f10x_flash.o(.text)
    FLASH_ITConfig                           0x0800137d   Thumb Code    26  stm32f10x_flash.o(.text)
    FLASH_GetFlagStatus                      0x08001397   Thumb Code    42  stm32f10x_flash.o(.text)
    FLASH_ClearFlag                          0x080013c1   Thumb Code     6  stm32f10x_flash.o(.text)
    FLASH_GetStatus                          0x080013c7   Thumb Code    48  stm32f10x_flash.o(.text)
    RCC_DeInit                               0x08001409   Thumb Code    64  stm32f10x_rcc.o(.text)
    RCC_HSEConfig                            0x08001449   Thumb Code    70  stm32f10x_rcc.o(.text)
    RCC_GetFlagStatus                        0x0800148f   Thumb Code    56  stm32f10x_rcc.o(.text)
    RCC_WaitForHSEStartUp                    0x080014c7   Thumb Code    56  stm32f10x_rcc.o(.text)
    RCC_AdjustHSICalibrationValue            0x080014ff   Thumb Code    20  stm32f10x_rcc.o(.text)
    RCC_HSICmd                               0x08001513   Thumb Code     6  stm32f10x_rcc.o(.text)
    RCC_PLLConfig                            0x08001519   Thumb Code    24  stm32f10x_rcc.o(.text)
    RCC_PLLCmd                               0x08001531   Thumb Code     6  stm32f10x_rcc.o(.text)
    RCC_SYSCLKConfig                         0x08001537   Thumb Code    18  stm32f10x_rcc.o(.text)
    RCC_GetSYSCLKSource                      0x08001549   Thumb Code    10  stm32f10x_rcc.o(.text)
    RCC_HCLKConfig                           0x08001553   Thumb Code    18  stm32f10x_rcc.o(.text)
    RCC_PCLK1Config                          0x08001565   Thumb Code    18  stm32f10x_rcc.o(.text)
    RCC_PCLK2Config                          0x08001577   Thumb Code    20  stm32f10x_rcc.o(.text)
    RCC_ITConfig                             0x0800158b   Thumb Code    26  stm32f10x_rcc.o(.text)
    RCC_USBCLKConfig                         0x080015a5   Thumb Code     6  stm32f10x_rcc.o(.text)
    RCC_ADCCLKConfig                         0x080015ab   Thumb Code    18  stm32f10x_rcc.o(.text)
    RCC_LSEConfig                            0x080015bd   Thumb Code    44  stm32f10x_rcc.o(.text)
    RCC_LSICmd                               0x080015e9   Thumb Code     6  stm32f10x_rcc.o(.text)
    RCC_RTCCLKConfig                         0x080015ef   Thumb Code    12  stm32f10x_rcc.o(.text)
    RCC_RTCCLKCmd                            0x080015fb   Thumb Code     8  stm32f10x_rcc.o(.text)
    RCC_GetClocksFreq                        0x08001603   Thumb Code   192  stm32f10x_rcc.o(.text)
    RCC_AHBPeriphClockCmd                    0x080016c3   Thumb Code    26  stm32f10x_rcc.o(.text)
    RCC_APB2PeriphClockCmd                   0x080016dd   Thumb Code    26  stm32f10x_rcc.o(.text)
    RCC_APB1PeriphClockCmd                   0x080016f7   Thumb Code    26  stm32f10x_rcc.o(.text)
    RCC_APB2PeriphResetCmd                   0x08001711   Thumb Code    26  stm32f10x_rcc.o(.text)
    RCC_APB1PeriphResetCmd                   0x0800172b   Thumb Code    26  stm32f10x_rcc.o(.text)
    RCC_BackupResetCmd                       0x08001745   Thumb Code     8  stm32f10x_rcc.o(.text)
    RCC_ClockSecuritySystemCmd               0x0800174d   Thumb Code     6  stm32f10x_rcc.o(.text)
    RCC_MCOConfig                            0x08001753   Thumb Code     6  stm32f10x_rcc.o(.text)
    RCC_ClearFlag                            0x08001759   Thumb Code    14  stm32f10x_rcc.o(.text)
    RCC_GetITStatus                          0x08001767   Thumb Code    20  stm32f10x_rcc.o(.text)
    RCC_ClearITPendingBit                    0x0800177b   Thumb Code     6  stm32f10x_rcc.o(.text)
    delay_init                               0x080017ad   Thumb Code    42  delay.o(.text)
    delay_us                                 0x080017d7   Thumb Code    22  delay.o(.text)
    STM32_GPIOx_Init                         0x080017f9   Thumb Code    48  sys.o(.text)
    STM32_Flash_Capacity                     0x08001829   Thumb Code   154  sys.o(.text)
    STM32_CPUID                              0x080018c3   Thumb Code    20  sys.o(.text)
    MY_NVIC_SetVectorTable                   0x080018d7   Thumb Code    14  sys.o(.text)
    MY_NVIC_PriorityGroup_Config             0x080018e5   Thumb Code    12  sys.o(.text)
    MY_NVIC_Init                             0x080018f1   Thumb Code    42  sys.o(.text)
    MY_RCC_DeInit                            0x0800191b   Thumb Code    90  sys.o(.text)
    SYS_Standby                              0x08001975   Thumb Code    68  sys.o(.text)
    SYS_SoftReset                            0x080019b9   Thumb Code    10  sys.o(.text)
    STM_JTAG_Set                             0x080019c3   Thumb Code    36  sys.o(.text)
    STM_Clock_Init                           0x080019e7   Thumb Code   130  sys.o(.text)
    BCD_to_HEX                               0x08001a69   Thumb Code    26  sys.o(.text)
    HEX_to_BCD                               0x08001a83   Thumb Code    20  sys.o(.text)
    DX_to_HX                                 0x08001a97   Thumb Code    70  sys.o(.text)
    HX_to_DX                                 0x08001add   Thumb Code    48  sys.o(.text)
    _sys_exit                                0x08001b41   Thumb Code     6  usart.o(.text)
    fputc                                    0x08001b47   Thumb Code    22  usart.o(.text)
    USART1_Init                              0x08001b5d   Thumb Code   170  usart.o(.text)
    USART1_IRQHandler                        0x08001c07   Thumb Code   178  usart.o(.text)
    DFU_Mask_Read                            0x08001cc9   Thumb Code    18  main.o(.text)
    DFU_Mask_Write                           0x08001cdb   Thumb Code    48  main.o(.text)
    DFU_Button_Config1                       0x08001d0b   Thumb Code    36  main.o(.text)
    RCC_Configuration                        0x08001d2f   Thumb Code    90  main.o(.text)
    pull_down                                0x08001dd3   Thumb Code    74  main.o(.text)
    pull_up                                  0x08001e1d   Thumb Code    74  main.o(.text)
    usbDisable                               0x08001e67   Thumb Code    12  main.o(.text)
    main                                     0x08001e73   Thumb Code   198  main.o(.text)
    LED_Init                                 0x08001f7d   Thumb Code   160  led.o(.text)
    KEY_Init                                 0x08002025   Thumb Code    58  key.o(.text)
    KEY_Scan                                 0x0800205f   Thumb Code   166  key.o(.text)
    key_Init                                 0x08002105   Thumb Code   336  key.o(.text)
    ReadFlashNBtye                           0x0800227d   Thumb Code    26  flash_in_stm32.o(.text)
    WriteFlashNBtye                          0x08002297   Thumb Code   102  flash_in_stm32.o(.text)
    Standard_GetConfiguration                0x08002305   Thumb Code    34  usb_core.o(.text)
    Standard_SetConfiguration                0x08002327   Thumb Code    60  usb_core.o(.text)
    Standard_GetInterface                    0x08002363   Thumb Code    34  usb_core.o(.text)
    Standard_SetInterface                    0x08002385   Thumb Code    96  usb_core.o(.text)
    Standard_GetStatus                       0x080023e5   Thumb Code   230  usb_core.o(.text)
    Standard_ClearFeature                    0x080024cb   Thumb Code   308  usb_core.o(.text)
    Standard_SetEndPointFeature              0x080025ff   Thumb Code   168  usb_core.o(.text)
    Standard_SetDeviceFeature                0x080026a7   Thumb Code    30  usb_core.o(.text)
    Standard_GetDescriptorData               0x080026c5   Thumb Code    32  usb_core.o(.text)
    Post0_Process                            0x08002c07   Thumb Code    54  usb_core.o(.text)
    Setup0_Process                           0x08002c3d   Thumb Code   170  usb_core.o(.text)
    SetDeviceAddress                         0x08002ce7   Thumb Code    66  usb_core.o(.text)
    In0_Process                              0x08002d29   Thumb Code    98  usb_core.o(.text)
    Out0_Process                             0x08002d8b   Thumb Code    70  usb_core.o(.text)
    NOP_Process                              0x08002dd1   Thumb Code     2  usb_core.o(.text)
    USB_Init                                 0x08002dfd   Thumb Code    36  usb_init.o(.text)
    CTR_LP                                   0x08002e39   Thumb Code   588  usb_int.o(.text)
    CTR_HP                                   0x08003085   Thumb Code   156  usb_int.o(.text)
    UserToPMABufferCopy                      0x0800313d   Thumb Code    52  usb_mem.o(.text)
    PMAToUserBufferCopy                      0x08003171   Thumb Code    34  usb_mem.o(.text)
    SetCNTR                                  0x08003199   Thumb Code     6  usb_regs.o(.text)
    GetCNTR                                  0x0800319f   Thumb Code     8  usb_regs.o(.text)
    SetISTR                                  0x080031a7   Thumb Code     8  usb_regs.o(.text)
    GetISTR                                  0x080031af   Thumb Code    10  usb_regs.o(.text)
    GetFNR                                   0x080031b9   Thumb Code    10  usb_regs.o(.text)
    SetDADDR                                 0x080031c3   Thumb Code     8  usb_regs.o(.text)
    GetDADDR                                 0x080031cb   Thumb Code    10  usb_regs.o(.text)
    SetBTABLE                                0x080031d5   Thumb Code    14  usb_regs.o(.text)
    GetBTABLE                                0x080031e3   Thumb Code    10  usb_regs.o(.text)
    SetENDPOINT                              0x080031ed   Thumb Code    10  usb_regs.o(.text)
    GetENDPOINT                              0x080031f7   Thumb Code    14  usb_regs.o(.text)
    SetEPType                                0x08003205   Thumb Code    26  usb_regs.o(.text)
    GetEPType                                0x0800321f   Thumb Code    16  usb_regs.o(.text)
    SetEPTxStatus                            0x0800322f   Thumb Code    56  usb_regs.o(.text)
    SetEPRxStatus                            0x08003267   Thumb Code    56  usb_regs.o(.text)
    SetDouBleBuffEPStall                     0x0800329f   Thumb Code    50  usb_regs.o(.text)
    GetEPTxStatus                            0x080032d1   Thumb Code    16  usb_regs.o(.text)
    GetEPRxStatus                            0x080032e1   Thumb Code    16  usb_regs.o(.text)
    SetEPTxValid                             0x080032f1   Thumb Code    42  usb_regs.o(.text)
    SetEPRxValid                             0x0800331b   Thumb Code    42  usb_regs.o(.text)
    SetEP_KIND                               0x08003345   Thumb Code    34  usb_regs.o(.text)
    ClearEP_KIND                             0x08003367   Thumb Code    30  usb_regs.o(.text)
    Clear_Status_Out                         0x08003385   Thumb Code    30  usb_regs.o(.text)
    Set_Status_Out                           0x080033a3   Thumb Code    34  usb_regs.o(.text)
    SetEPDoubleBuff                          0x080033c5   Thumb Code    34  usb_regs.o(.text)
    ClearEPDoubleBuff                        0x080033e7   Thumb Code    30  usb_regs.o(.text)
    GetTxStallStatus                         0x08003405   Thumb Code    26  usb_regs.o(.text)
    GetRxStallStatus                         0x0800341f   Thumb Code    28  usb_regs.o(.text)
    ClearEP_CTR_RX                           0x0800343b   Thumb Code    28  usb_regs.o(.text)
    ClearEP_CTR_TX                           0x08003457   Thumb Code    24  usb_regs.o(.text)
    ToggleDTOG_RX                            0x0800346f   Thumb Code    30  usb_regs.o(.text)
    ToggleDTOG_TX                            0x0800348d   Thumb Code    30  usb_regs.o(.text)
    ClearDTOG_RX                             0x080034ab   Thumb Code    44  usb_regs.o(.text)
    ClearDTOG_TX                             0x080034d7   Thumb Code    44  usb_regs.o(.text)
    SetEPAddress                             0x08003503   Thumb Code    32  usb_regs.o(.text)
    GetEPAddress                             0x08003523   Thumb Code    16  usb_regs.o(.text)
    SetEPTxAddr                              0x08003533   Thumb Code    26  usb_regs.o(.text)
    SetEPRxAddr                              0x0800354d   Thumb Code    28  usb_regs.o(.text)
    GetEPTxAddr                              0x08003569   Thumb Code    32  usb_regs.o(.text)
    GetEPRxAddr                              0x08003589   Thumb Code    24  usb_regs.o(.text)
    SetEPTxCount                             0x080035a1   Thumb Code    20  usb_regs.o(.text)
    SetEPCountRxReg                          0x080035b5   Thumb Code    48  usb_regs.o(.text)
    SetEPRxCount                             0x080035e5   Thumb Code    68  usb_regs.o(.text)
    GetEPTxCount                             0x08003629   Thumb Code    26  usb_regs.o(.text)
    GetEPRxCount                             0x08003643   Thumb Code    26  usb_regs.o(.text)
    SetEPDblBuffAddr                         0x0800365d   Thumb Code    44  usb_regs.o(.text)
    SetEPDblBuf0Addr                         0x08003689   Thumb Code    24  usb_regs.o(.text)
    SetEPDblBuf1Addr                         0x080036a1   Thumb Code    26  usb_regs.o(.text)
    GetEPDblBuf0Addr                         0x080036bb   Thumb Code    22  usb_regs.o(.text)
    GetEPDblBuf1Addr                         0x080036d1   Thumb Code    24  usb_regs.o(.text)
    SetEPDblBuffCount                        0x080036e9   Thumb Code   186  usb_regs.o(.text)
    SetEPDblBuf0Count                        0x080037a3   Thumb Code    96  usb_regs.o(.text)
    SetEPDblBuf1Count                        0x08003803   Thumb Code    96  usb_regs.o(.text)
    GetEPDblBuf0Count                        0x08003863   Thumb Code    26  usb_regs.o(.text)
    GetEPDblBuf1Count                        0x0800387d   Thumb Code    26  usb_regs.o(.text)
    GetEPDblBufDir                           0x08003897   Thumb Code    62  usb_regs.o(.text)
    FreeUserBuffer                           0x080038d5   Thumb Code    68  usb_regs.o(.text)
    ToWord                                   0x08003919   Thumb Code     8  usb_regs.o(.text)
    ByteSwap                                 0x08003921   Thumb Code    12  usb_regs.o(.text)
    USB_SIL_Init                             0x08003935   Thumb Code    28  usb_sil.o(.text)
    USB_SIL_Write                            0x08003951   Thumb Code    46  usb_sil.o(.text)
    USB_SIL_Read                             0x0800397f   Thumb Code    46  usb_sil.o(.text)
    USB_Cable_Config                         0x080039b5   Thumb Code    18  hw_config.o(.text)
    Set_System                               0x080039c7   Thumb Code    48  hw_config.o(.text)
    Set_USBClock                             0x080039f7   Thumb Code    18  hw_config.o(.text)
    Enter_LowPowerMode                       0x08003a09   Thumb Code     8  hw_config.o(.text)
    Leave_LowPowerMode                       0x08003a11   Thumb Code    28  hw_config.o(.text)
    DFU_Button_Config                        0x08003a2d   Thumb Code    66  hw_config.o(.text)
    DFU_Button_Read                          0x08003a6f   Thumb Code    12  hw_config.o(.text)
    USB_Interrupts_Config                    0x08003a7b   Thumb Code    56  hw_config.o(.text)
    Reset_Device                             0x08003ab3   Thumb Code    36  hw_config.o(.text)
    Get_SerialNum                            0x08003b15   Thumb Code    42  hw_config.o(.text)
    USB_Istr                                 0x08003b6d   Thumb Code   410  usb_istr.o(.text)
    DFU_init                                 0x08003d29   Thumb Code    32  usb_prop.o(.text)
    DFU_Reset                                0x08003d49   Thumb Code   154  usb_prop.o(.text)
    DFU_SetConfiguration                     0x08003de3   Thumb Code    14  usb_prop.o(.text)
    DFU_SetDeviceAddress                     0x08003df1   Thumb Code     8  usb_prop.o(.text)
    DFU_Status_In                            0x08003df9   Thumb Code     2  usb_prop.o(.text)
    DFU_write_crc                            0x08003dfb   Thumb Code    74  usb_prop.o(.text)
    DFU_Status_Out                           0x08003e45   Thumb Code   272  usb_prop.o(.text)
    GETSTATUS                                0x08003f55   Thumb Code   202  usb_prop.o(.text)
    GETSTATE                                 0x0800401f   Thumb Code    20  usb_prop.o(.text)
    DNLOAD                                   0x08004033   Thumb Code    96  usb_prop.o(.text)
    UPLOAD                                   0x08004093   Thumb Code   324  usb_prop.o(.text)
    DFU_Data_Setup                           0x080041d7   Thumb Code   134  usb_prop.o(.text)
    DFU_NoData_Setup                         0x0800425d   Thumb Code   264  usb_prop.o(.text)
    DFU_GetDeviceDescriptor                  0x08004365   Thumb Code    14  usb_prop.o(.text)
    DFU_GetConfigDescriptor                  0x08004373   Thumb Code    14  usb_prop.o(.text)
    DFU_GetStringDescriptor                  0x08004381   Thumb Code    32  usb_prop.o(.text)
    DFU_Get_Interface_Setting                0x080043a1   Thumb Code    22  usb_prop.o(.text)
    PowerOn                                  0x080043e5   Thumb Code    54  usb_pwr.o(.text)
    PowerOff                                 0x0800441b   Thumb Code    28  usb_pwr.o(.text)
    Suspend                                  0x08004437   Thumb Code   234  usb_pwr.o(.text)
    Resume_Init                              0x08004521   Thumb Code    30  usb_pwr.o(.text)
    Resume                                   0x0800453f   Thumb Code   194  usb_pwr.o(.text)
    MAL_Init                                 0x0800461d   Thumb Code     4  dfu_mal.o(.text)
    MAL_Erase                                0x08004621   Thumb Code    14  dfu_mal.o(.text)
    MAL_Write                                0x0800462f   Thumb Code    66  dfu_mal.o(.text)
    MAL_Read                                 0x08004671   Thumb Code     2  dfu_mal.o(.text)
    MAL_GetStatus                            0x08004673   Thumb Code     6  dfu_mal.o(.text)
    __use_no_semihosting                     0x0800467d   Thumb Code     2  use_no_semi_2.o(.text)
    __2sprintf                               0x08004681   Thumb Code    34  noretval__2sprintf.o(.text)
    _printf_pre_padding                      0x080046a9   Thumb Code    46  _printf_pad.o(.text)
    _printf_post_padding                     0x080046d7   Thumb Code    36  _printf_pad.o(.text)
    _printf_int_hex                          0x080046fd   Thumb Code    88  _printf_hex_int.o(.text)
    _printf_longlong_hex                     0x080046fd   Thumb Code     0  _printf_hex_int.o(.text)
    __printf                                 0x08004759   Thumb Code   310  __printf_flags_wp.o(.text)
    __use_two_region_memory                  0x08004895   Thumb Code     2  heapauxi.o(.text)
    __rt_heap_escrow$2region                 0x08004897   Thumb Code     2  heapauxi.o(.text)
    __rt_heap_expand$2region                 0x08004899   Thumb Code     2  heapauxi.o(.text)
    __I$use$semihosting                      0x0800489b   Thumb Code     0  use_no_semi.o(.text)
    __use_no_semihosting_swi                 0x0800489b   Thumb Code     2  use_no_semi.o(.text)
    _printf_int_common                       0x0800489d   Thumb Code   184  _printf_intcommon.o(.text)
    _printf_char_common                      0x0800495f   Thumb Code    32  _printf_char_common.o(.text)
    _sputc                                   0x08004985   Thumb Code    10  _sputc.o(.text)
    __user_setup_stackheap                   0x0800498f   Thumb Code    74  sys_stackheap_outer.o(.text)
    exit                                     0x080049d9   Thumb Code    12  exit.o(.text)
    __user_libspace                          0x080049e5   Thumb Code     8  libspace.o(.text)
    __user_perproc_libspace                  0x080049e5   Thumb Code     0  libspace.o(.text)
    __user_perthread_libspace                0x080049e5   Thumb Code     0  libspace.o(.text)
    _is_digit                                0x080049ed   Thumb Code    14  __printf_wp.o(i._is_digit)
    Region$$Table$$Base                      0x08004a3c   Number         0  anon$$obj.o(Region$$Table)
    Region$$Table$$Limit                     0x08004a5c   Number         0  anon$$obj.o(Region$$Table)
    SystemCoreClock                          0x20000000   Data           4  system_stm32f10x.o(.data)
    AHBPrescTable                            0x20000004   Data          16  system_stm32f10x.o(.data)
    USART_RX_STA                             0x2000002c   Data           2  usart.o(.data)
    __stdout                                 0x20000030   Data           4  usart.o(.data)
    DeviceState                              0x20000034   Data           1  main.o(.data)
    DeviceStatus                             0x20000035   Data           6  main.o(.data)
    Jump_To_Application                      0x2000003c   Data           4  main.o(.data)
    JumpAddress                              0x20000040   Data           4  main.o(.data)
    FLASHStatus                              0x20000045   Data           1  flash_in_stm32.o(.data)
    Data_Mul_MaxPacketSize                   0x20000046   Data           1  usb_core.o(.data)
    StatusInfo                               0x20000048   Data           2  usb_core.o(.data)
    EPindex                                  0x2000004c   Data           1  usb_init.o(.data)
    pInformation                             0x20000050   Data           4  usb_init.o(.data)
    pProperty                                0x20000054   Data           4  usb_init.o(.data)
    SaveState                                0x20000058   Data           2  usb_init.o(.data)
    wInterrupt_Mask                          0x2000005a   Data           2  usb_init.o(.data)
    pUser_Standard_Requests                  0x2000005c   Data           4  usb_init.o(.data)
    SaveRState                               0x20000060   Data           2  usb_int.o(.data)
    SaveTState                               0x20000062   Data           2  usb_int.o(.data)
    HSEStartUpStatus                         0x20000064   Data           1  hw_config.o(.data)
    EXTI_InitStructure                       0x20000068   Data           8  hw_config.o(.data)
    NVIC_InitStructure                       0x20000070   Data           4  hw_config.o(.data)
    DFU_DeviceDescriptor                     0x20000074   Data          18  usb_desc.o(.data)
    DFU_ConfigDescriptor                     0x20000086   Data          45  usb_desc.o(.data)
    DFU_StringLangId                         0x200000b3   Data           4  usb_desc.o(.data)
    DFU_StringVendor                         0x200000b7   Data          38  usb_desc.o(.data)
    DFU_StringProduct                        0x200000dd   Data          20  usb_desc.o(.data)
    DFU_StringSerial                         0x200000f1   Data          26  usb_desc.o(.data)
    DFU_StringInterface0                     0x2000010b   Data          98  usb_desc.o(.data)
    DFU_StringInterface1                     0x2000016d   Data          98  usb_desc.o(.data)
    DFU_StringInterface2_1                   0x200001cf   Data         106  usb_desc.o(.data)
    DFU_StringInterface2_2                   0x20000239   Data         106  usb_desc.o(.data)
    DFU_StringInterface2_3                   0x200002a3   Data         106  usb_desc.o(.data)
    bIntPackSOF                              0x20000310   Data           1  usb_istr.o(.data)
    esof_counter                             0x20000314   Data           4  usb_istr.o(.data)
    wCNTR                                    0x20000318   Data           4  usb_istr.o(.data)
    pEpInt_IN                                0x2000031c   Data          28  usb_istr.o(.data)
    pEpInt_OUT                               0x20000338   Data          28  usb_istr.o(.data)
    wIstr                                    0x20000354   Data           2  usb_istr.o(.data)
    wBlockNum                                0x20000358   Data           4  usb_prop.o(.data)
    wlength                                  0x2000035c   Data           4  usb_prop.o(.data)
    Manifest_State                           0x20000360   Data           4  usb_prop.o(.data)
    Pointer                                  0x20000364   Data           4  usb_prop.o(.data)
    Device_Table                             0x20000368   Data           2  usb_prop.o(.data)
    Device_Property                          0x2000036c   Data          48  usb_prop.o(.data)
    User_Standard_Requests                   0x2000039c   Data          36  usb_prop.o(.data)
    Device_Descriptor                        0x200003c0   Data           8  usb_prop.o(.data)
    Config_Descriptor                        0x200003c8   Data           8  usb_prop.o(.data)
    DFU_String_Descriptor                    0x200003d0   Data          56  usb_prop.o(.data)
    bDeviceState                             0x20000408   Data           4  usb_pwr.o(.data)
    fSuspendEnabled                          0x2000040c   Data           1  usb_pwr.o(.data)
    remotewakeupon                           0x20000410   Data           4  usb_pwr.o(.data)
    ResumeS                                  0x20000414   Data           2  usb_pwr.o(.data)
    USART_RX_BUF                             0x20000418   Data          63  usart.o(.bss)
    Device_Info                              0x20000458   Data          28  usb_init.o(.bss)
    EP                                       0x20000474   Data          32  usb_pwr.o(.bss)
    MAL_Buffer                               0x20000494   Data        1024  dfu_mal.o(.bss)
    __libspace_start                         0x20000894   Data          96  libspace.o(.bss)
    __temporary_stack_top$libspace           0x200008f4   Data           0  libspace.o(.bss)



==============================================================================

Memory Map of the image

  Image Entry point : 0x08000131

  Load Region LR_IROM1 (Base: 0x08000000, Size: 0x00004e74, Max: 0x0000fc00, ABSOLUTE, COMPRESSED[0x00004bec])

    Execution Region ER_IROM1 (Base: 0x08000000, Size: 0x00004a5c, Max: 0x0000fc00, ABSOLUTE)

    Base Addr    Size         Type   Attr      Idx    E Section Name        Object

    0x08000000   0x00000130   Data   RO           19    RESET               startup_stm32f10x_hd.o
    0x08000130   0x00000008   Code   RO          768  * !!!main             c_w.l(__main.o)
    0x08000138   0x00000034   Code   RO          968    !!!scatter          c_w.l(__scatter.o)
    0x0800016c   0x0000005a   Code   RO          966    !!dczerorl2         c_w.l(__dczerorl2.o)
    0x080001c6   0x00000002   PAD
    0x080001c8   0x0000001c   Code   RO          970    !!handler_zi        c_w.l(__scatter_zi.o)
    0x080001e4   0x00000000   Code   RO          765    .ARM.Collect$$_printf_percent$$00000000  c_w.l(_printf_percent.o)
    0x080001e4   0x00000006   Code   RO          764    .ARM.Collect$$_printf_percent$$0000000C  c_w.l(_printf_x.o)
    0x080001ea   0x00000004   Code   RO          801    .ARM.Collect$$_printf_percent$$00000017  c_w.l(_printf_percent_end.o)
    0x080001ee   0x00000002   Code   RO          843    .ARM.Collect$$libinit$$00000000  c_w.l(libinit.o)
    0x080001f0   0x00000000   Code   RO          850    .ARM.Collect$$libinit$$00000002  c_w.l(libinit2.o)
    0x080001f0   0x00000000   Code   RO          853    .ARM.Collect$$libinit$$00000008  c_w.l(libinit2.o)
    0x080001f0   0x00000000   Code   RO          855    .ARM.Collect$$libinit$$0000000A  c_w.l(libinit2.o)
    0x080001f0   0x00000000   Code   RO          857    .ARM.Collect$$libinit$$0000000C  c_w.l(libinit2.o)
    0x080001f0   0x00000000   Code   RO          860    .ARM.Collect$$libinit$$0000000F  c_w.l(libinit2.o)
    0x080001f0   0x00000000   Code   RO          862    .ARM.Collect$$libinit$$00000011  c_w.l(libinit2.o)
    0x080001f0   0x00000000   Code   RO          864    .ARM.Collect$$libinit$$00000013  c_w.l(libinit2.o)
    0x080001f0   0x00000000   Code   RO          866    .ARM.Collect$$libinit$$00000015  c_w.l(libinit2.o)
    0x080001f0   0x00000000   Code   RO          868    .ARM.Collect$$libinit$$00000017  c_w.l(libinit2.o)
    0x080001f0   0x00000000   Code   RO          870    .ARM.Collect$$libinit$$00000019  c_w.l(libinit2.o)
    0x080001f0   0x00000000   Code   RO          872    .ARM.Collect$$libinit$$0000001B  c_w.l(libinit2.o)
    0x080001f0   0x00000000   Code   RO          874    .ARM.Collect$$libinit$$0000001D  c_w.l(libinit2.o)
    0x080001f0   0x00000000   Code   RO          876    .ARM.Collect$$libinit$$0000001F  c_w.l(libinit2.o)
    0x080001f0   0x00000000   Code   RO          878    .ARM.Collect$$libinit$$00000021  c_w.l(libinit2.o)
    0x080001f0   0x00000000   Code   RO          880    .ARM.Collect$$libinit$$00000023  c_w.l(libinit2.o)
    0x080001f0   0x00000000   Code   RO          884    .ARM.Collect$$libinit$$0000002A  c_w.l(libinit2.o)
    0x080001f0   0x00000000   Code   RO          886    .ARM.Collect$$libinit$$0000002C  c_w.l(libinit2.o)
    0x080001f0   0x00000000   Code   RO          888    .ARM.Collect$$libinit$$0000002E  c_w.l(libinit2.o)
    0x080001f0   0x00000000   Code   RO          890    .ARM.Collect$$libinit$$00000030  c_w.l(libinit2.o)
    0x080001f0   0x00000002   Code   RO          891    .ARM.Collect$$libinit$$00000031  c_w.l(libinit2.o)
    0x080001f2   0x00000002   Code   RO          909    .ARM.Collect$$libshutdown$$00000000  c_w.l(libshutdown.o)
    0x080001f4   0x00000000   Code   RO          920    .ARM.Collect$$libshutdown$$00000003  c_w.l(libshutdown2.o)
    0x080001f4   0x00000000   Code   RO          923    .ARM.Collect$$libshutdown$$00000006  c_w.l(libshutdown2.o)
    0x080001f4   0x00000000   Code   RO          926    .ARM.Collect$$libshutdown$$00000009  c_w.l(libshutdown2.o)
    0x080001f4   0x00000000   Code   RO          928    .ARM.Collect$$libshutdown$$0000000B  c_w.l(libshutdown2.o)
    0x080001f4   0x00000000   Code   RO          931    .ARM.Collect$$libshutdown$$0000000E  c_w.l(libshutdown2.o)
    0x080001f4   0x00000002   Code   RO          932    .ARM.Collect$$libshutdown$$0000000F  c_w.l(libshutdown2.o)
    0x080001f6   0x00000000   Code   RO          792    .ARM.Collect$$rtentry$$00000000  c_w.l(rtentry.o)
    0x080001f6   0x00000000   Code   RO          814    .ARM.Collect$$rtentry$$00000002  c_w.l(rtentry2.o)
    0x080001f6   0x00000006   Code   RO          826    .ARM.Collect$$rtentry$$00000004  c_w.l(rtentry4.o)
    0x080001fc   0x00000000   Code   RO          816    .ARM.Collect$$rtentry$$00000009  c_w.l(rtentry2.o)
    0x080001fc   0x00000004   Code   RO          817    .ARM.Collect$$rtentry$$0000000A  c_w.l(rtentry2.o)
    0x08000200   0x00000000   Code   RO          819    .ARM.Collect$$rtentry$$0000000C  c_w.l(rtentry2.o)
    0x08000200   0x00000008   Code   RO          820    .ARM.Collect$$rtentry$$0000000D  c_w.l(rtentry2.o)
    0x08000208   0x00000002   Code   RO          847    .ARM.Collect$$rtexit$$00000000  c_w.l(rtexit.o)
    0x0800020a   0x00000000   Code   RO          893    .ARM.Collect$$rtexit$$00000002  c_w.l(rtexit2.o)
    0x0800020a   0x00000004   Code   RO          894    .ARM.Collect$$rtexit$$00000003  c_w.l(rtexit2.o)
    0x0800020e   0x00000006   Code   RO          895    .ARM.Collect$$rtexit$$00000004  c_w.l(rtexit2.o)
    0x08000214   0x00000020   Code   RO            1    .emb_text           core_cm3.o
    0x08000234   0x00000002   Code   RO          331    .emb_text           sys.o
    0x08000236   0x00000002   PAD
    0x08000238   0x00000040   Code   RO           20    .text               startup_stm32f10x_hd.o
    0x08000278   0x000000a0   Code   RO           24    .text               stm32f10x_it.o
    0x08000318   0x000001dc   Code   RO          213    .text               system_stm32f10x.o
    0x080004f4   0x000000dc   Code   RO          231    .text               misc.o
    0x080005d0   0x00000358   Code   RO          243    .text               stm32f10x_gpio.o
    0x08000928   0x00000408   Code   RO          255    .text               stm32f10x_usart.o
    0x08000d30   0x0000011c   Code   RO          267    .text               stm32f10x_exti.o
    0x08000e4c   0x000005bc   Code   RO          279    .text               stm32f10x_flash.o
    0x08001408   0x000003a4   Code   RO          291    .text               stm32f10x_rcc.o
    0x080017ac   0x0000004c   Code   RO          317    .text               delay.o
    0x080017f8   0x00000348   Code   RO          332    .text               sys.o
    0x08001b40   0x00000188   Code   RO          347    .text               usart.o
    0x08001cc8   0x000002b4   Code   RO          370    .text               main.o
    0x08001f7c   0x000000a8   Code   RO          405    .text               led.o
    0x08002024   0x00000258   Code   RO          417    .text               key.o
    0x0800227c   0x00000088   Code   RO          483    .text               flash_in_stm32.o
    0x08002304   0x00000af8   Code   RO          498    .text               usb_core.o
    0x08002dfc   0x0000003c   Code   RO          513    .text               usb_init.o
    0x08002e38   0x00000304   Code   RO          536    .text               usb_int.o
    0x0800313c   0x0000005c   Code   RO          560    .text               usb_mem.o
    0x08003198   0x0000079c   Code   RO          572    .text               usb_regs.o
    0x08003934   0x00000080   Code   RO          584    .text               usb_sil.o
    0x080039b4   0x000001b8   Code   RO          596    .text               hw_config.o
    0x08003b6c   0x000001bc   Code   RO          627    .text               usb_istr.o
    0x08003d28   0x000006bc   Code   RO          645    .text               usb_prop.o
    0x080043e4   0x00000238   Code   RO          669    .text               usb_pwr.o
    0x0800461c   0x00000060   Code   RO          688    .text               dfu_mal.o
    0x0800467c   0x00000002   Code   RO          709    .text               c_w.l(use_no_semi_2.o)
    0x0800467e   0x00000002   PAD
    0x08004680   0x00000028   Code   RO          717    .text               c_w.l(noretval__2sprintf.o)
    0x080046a8   0x00000052   Code   RO          721    .text               c_w.l(_printf_pad.o)
    0x080046fa   0x00000002   PAD
    0x080046fc   0x0000005c   Code   RO          726    .text               c_w.l(_printf_hex_int.o)
    0x08004758   0x0000013c   Code   RO          756    .text               c_w.l(__printf_flags_wp.o)
    0x08004894   0x00000006   Code   RO          766    .text               c_w.l(heapauxi.o)
    0x0800489a   0x00000002   Code   RO          790    .text               c_w.l(use_no_semi.o)
    0x0800489c   0x000000b8   Code   RO          793    .text               c_w.l(_printf_intcommon.o)
    0x08004954   0x00000030   Code   RO          795    .text               c_w.l(_printf_char_common.o)
    0x08004984   0x0000000a   Code   RO          797    .text               c_w.l(_sputc.o)
    0x0800498e   0x0000004a   Code   RO          834    .text               c_w.l(sys_stackheap_outer.o)
    0x080049d8   0x0000000c   Code   RO          836    .text               c_w.l(exit.o)
    0x080049e4   0x00000008   Code   RO          844    .text               c_w.l(libspace.o)
    0x080049ec   0x0000000e   Code   RO          754    i._is_digit         c_w.l(__printf_wp.o)
    0x080049fa   0x00000002   PAD
    0x080049fc   0x00000004   Data   RO          372    .constdata          main.o
    0x08004a00   0x00000028   Data   RO          727    .constdata          c_w.l(_printf_hex_int.o)
    0x08004a28   0x00000011   Data   RO          757    .constdata          c_w.l(__printf_flags_wp.o)
    0x08004a39   0x00000003   PAD
    0x08004a3c   0x00000020   Data   RO          964    Region$$Table       anon$$obj.o


    Execution Region RW_IRAM1 (Base: 0x20000000, Size: 0x00000ef8, Max: 0x00005000, ABSOLUTE, COMPRESSED[0x00000190])

    Base Addr    Size         Type   Attr      Idx    E Section Name        Object

    0x20000000   0x00000014   Data   RW          214    .data               system_stm32f10x.o
    0x20000014   0x00000014   Data   RW          292    .data               stm32f10x_rcc.o
    0x20000028   0x00000004   Data   RW          318    .data               delay.o
    0x2000002c   0x00000008   Data   RW          349    .data               usart.o
    0x20000034   0x00000010   Data   RW          373    .data               main.o
    0x20000044   0x00000001   Data   RW          418    .data               key.o
    0x20000045   0x00000001   Data   RW          484    .data               flash_in_stm32.o
    0x20000046   0x00000004   Data   RW          499    .data               usb_core.o
    0x2000004a   0x00000002   PAD
    0x2000004c   0x00000014   Data   RW          515    .data               usb_init.o
    0x20000060   0x00000004   Data   RW          537    .data               usb_int.o
    0x20000064   0x00000010   Data   RW          597    .data               hw_config.o
    0x20000074   0x00000299   Data   RW          615    .data               usb_desc.o
    0x2000030d   0x00000003   PAD
    0x20000310   0x00000046   Data   RW          628    .data               usb_istr.o
    0x20000356   0x00000002   PAD
    0x20000358   0x000000b0   Data   RW          646    .data               usb_prop.o
    0x20000408   0x0000000e   Data   RW          671    .data               usb_pwr.o
    0x20000416   0x00000002   PAD
    0x20000418   0x0000003f   Zero   RW          348    .bss                usart.o
    0x20000457   0x00000001   PAD
    0x20000458   0x0000001c   Zero   RW          514    .bss                usb_init.o
    0x20000474   0x00000020   Zero   RW          670    .bss                usb_pwr.o
    0x20000494   0x00000400   Zero   RW          689    .bss                dfu_mal.o
    0x20000894   0x00000060   Zero   RW          845    .bss                c_w.l(libspace.o)
    0x200008f4   0x00000004   PAD
    0x200008f8   0x00000200   Zero   RW           18    HEAP                startup_stm32f10x_hd.o
    0x20000af8   0x00000400   Zero   RW           17    STACK               startup_stm32f10x_hd.o


==============================================================================

Image component sizes


      Code (inc. data)   RO Data    RW Data    ZI Data      Debug   Object Name

        32          0          0          0          0       4756   core_cm3.o
        76         12          0          4          0        870   delay.o
        96          4          0          0       1024       2107   dfu_mal.o
       136          8          0          1          0       1471   flash_in_stm32.o
       440         46          0         16          0      18120   hw_config.o
       600         40          0          1          0       1221   key.o
       168          8          0          0          0        519   led.o
       692         68          4         16          0      18099   main.o
       220         20          0          0          0       1733   misc.o
        64         26        304          0       1536        784   startup_stm32f10x_hd.o
       284         10          0          0          0       2167   stm32f10x_exti.o
      1468         34          0          0          0       7962   stm32f10x_flash.o
       856         40          0          0          0       5573   stm32f10x_gpio.o
       160         10          0          0          0     249804   stm32f10x_it.o
       932         44          0         20          0       8712   stm32f10x_rcc.o
      1032         22          0          0          0       8304   stm32f10x_usart.o
       842         52          0          0          0       3909   sys.o
       476         38          0         20          0       1719   system_stm32f10x.o
       392         16          0          8         63       2964   usart.o
      2808        104          0          4          0       7911   usb_core.o
         0          0          0        665          0       1236   usb_desc.o
        60         24          0         20         28       3890   usb_init.o
       772         28          0          4          0       1719   usb_int.o
       444         34          0         70          0       1551   usb_istr.o
        92          6          0          0          0       1278   usb_mem.o
      1724        106          0        176          0       8957   usb_prop.o
       568         36          0         14         32       2843   usb_pwr.o
      1948         16          0          0          0      11437   usb_regs.o
       128          8          0          0          0       1298   usb_sil.o

    ----------------------------------------------------------------------
     17512        860        340       1048       2684     382914   Object Totals
         0          0         32          0          0          0   (incl. Generated)
         2          0          0          9          1          0   (incl. Padding)

    ----------------------------------------------------------------------

      Code (inc. data)   RO Data    RW Data    ZI Data      Debug   Library Member Name

        90          0          0          0          0          0   __dczerorl2.o
         8          0          0          0          0         68   __main.o
       316          6         17          0          0         92   __printf_flags_wp.o
        14          0          0          0          0         68   __printf_wp.o
        52          8          0          0          0          0   __scatter.o
        28          0          0          0          0          0   __scatter_zi.o
        48          6          0          0          0         96   _printf_char_common.o
        92          4         40          0          0         88   _printf_hex_int.o
       184          0          0          0          0         88   _printf_intcommon.o
        82          0          0          0          0        108   _printf_pad.o
         0          0          0          0          0          0   _printf_percent.o
         4          0          0          0          0          0   _printf_percent_end.o
         6          0          0          0          0          0   _printf_x.o
        10          0          0          0          0         68   _sputc.o
        12          0          0          0          0         72   exit.o
         6          0          0          0          0        152   heapauxi.o
         2          0          0          0          0          0   libinit.o
         2          0          0          0          0          0   libinit2.o
         2          0          0          0          0          0   libshutdown.o
         2          0          0          0          0          0   libshutdown2.o
         8          4          0          0         96         68   libspace.o
        40          6          0          0          0         84   noretval__2sprintf.o
         0          0          0          0          0          0   rtentry.o
        12          0          0          0          0          0   rtentry2.o
         6          0          0          0          0          0   rtentry4.o
         2          0          0          0          0          0   rtexit.o
        10          0          0          0          0          0   rtexit2.o
        74          0          0          0          0         80   sys_stackheap_outer.o
         2          0          0          0          0         68   use_no_semi.o
         2          0          0          0          0         68   use_no_semi_2.o

    ----------------------------------------------------------------------
      1124         34         60          0        100       1268   Library Totals
         8          0          3          0          4          0   (incl. Padding)

    ----------------------------------------------------------------------

      Code (inc. data)   RO Data    RW Data    ZI Data      Debug   Library Name

      1116         34         57          0         96       1268   c_w.l

    ----------------------------------------------------------------------
      1124         34         60          0        100       1268   Library Totals

    ----------------------------------------------------------------------

==============================================================================


      Code (inc. data)   RO Data    RW Data    ZI Data      Debug   

     18636        894        400       1048       2784     380646   Grand Totals
     18636        894        400        400       2784     380646   ELF Image Totals (compressed)
     18636        894        400        400          0          0   ROM Totals

==============================================================================

    Total RO  Size (Code + RO Data)                19036 (  18.59kB)
    Total RW  Size (RW Data + ZI Data)              3832 (   3.74kB)
    Total ROM Size (Code + RO Data + RW Data)      19436 (  18.98kB)

==============================================================================

