<html>
<body>
<pre>
<h1>µVision Build Log</h1>
<h2>Project:</h2>
E:\Ò£¿ØÆ÷\fly_controller\2IAP\IAP_USB_Bootloader_V1.0\USER\IAP_USB.uvproj
Project File Date:  10/28/2015

<h2>Output:</h2>
Build target 'IAP_USB'
compiling stm32f10x_it.c...
compiling main.c...
main.c(149): warning:  #177-D: variable "i" was declared but never referenced
main.c(176): warning:  #177-D: variable "RCC_Clocks" was declared but never referenced
main.c(106): warning:  #177-D: function "GPIO_DeIntConfiguration" was declared but never referenced
compiling led.c...
compiling hw_config.c...
linking...
Program Size: Code=18636 RO-data=400 RW-data=1048 ZI-data=2784  
FromELF: creating hex file...
"..\OBJ\IAP_USB.axf" - 0 Errors, 3 Warning(s).
Load "..\\OBJ\\IAP_USB.axf" 
Set JLink Project File to "E:\Ò£¿ØÆ÷\fly_controller\2IAP\IAP_USB_Bootloader_V1.0\USER\JLinkSettings.ini"
* JLink Info: Device "STM32F103CB" selected (128 KB flash, 20 KB RAM).
 
JLink info:
------------
DLL: V4.68a, compiled Apr 12 2013 13:26:50
Firmware: J-Link V9 compiled Jun 23 2015 10:00:59
Hardware: V9.20
Feature(s) : GDB, RDI, FlashBP, FlashDL, JFlash 
 
* JLink Info: Found SWD-DP with ID 0x1BA01477
* JLink Info: Found SWD-DP with ID 0x1BA01477
* JLink Info: TPIU fitted.
* JLink Info: FPUnit: 6 code (BP) slots and 2 literal slots
* JLink Info: Found Cortex-M3 r1p1, Little endian.
ROMTableAddr = 0xE00FF003
 
Target info:
------------
Device: STM32F103CB
VTarget = 3.275V
State of Pins: 
TCK: 0, TDI: 1, TDO: 0, TMS: 1, TRES: 1, TRST: 1
Hardware-Breakpoints: 6
Software-Breakpoints: 8192
Watchpoints:          4
JTAG speed: 2000 kHz
 
Erase Done.
Programming Done.
Verify OK.
Application running ...
